******************************************************************************
            TI ARM Clang Linker PC v3.2.2                      
******************************************************************************
>> Linked Fri Nov 29 11:54:39 2024

OUTPUT FILE NAME:   <icss_emac_layer2_am263x-cc_r5fss0-0_freertos_ti-arm-clang.out>
ENTRY POINT SYMBOL: "_vectors"  address: 00000000


MEMORY CONFIGURATION

         name            origin    length      used     unused   attr    fill
----------------------  --------  ---------  --------  --------  ----  --------
  R5F_VECS              00000000   00000040  00000040  00000000  RWIX
  R5F_TCMA              00000040   00007fc0  00000000  00007fc0  RWIX
  R5F_TCMB              00080000   00008000  00000000  00008000  RWIX
  MAILBOX_HSM           44000000   000003ce  00000000  000003ce  RWIX
  MAILBOX_R5F           44000400   000003ce  00000000  000003ce  RWIX
  FLASH                 60100000   00080000  00000000  00080000  RWIX
  ICSS_PKT_BUF_MEM      70000000   00010000  00010000  00000000  RWIX
  OCRAM                 70040000   00140000  00045d50  000fa2b0  RWIX
  USER_SHM_MEM          701d0000   00004000  00000000  00004000  RWIX
  LOG_SHM_MEM           701d4000   00004000  00000000  00004000  RWIX
  RTOS_NORTOS_IPC_SHM_M 72000000   00003e80  00000000  00003e80  RWIX


SEGMENT ALLOCATION MAP

run origin  load origin   length   init length attrs members
----------  ----------- ---------- ----------- ----- -------
00000000    00000000    00000040   00000040    r-x
  00000000    00000000    00000040   00000040    r-x .vectors
70040000    70040000    0002e600   00000000    rw-
  70040000    70040000    00016600   00000000    rw- .bss
  70056600    70056600    00008000   00000000    rw- .sysmem
  7005e600    7005e600    00010000   00000000    rw- .stack
7006e600    7006e600    00015b60   00015b60    r-x
  7006e600    7006e600    0000fb50   0000fb50    r-x .text
  7007e150    7007e150    00005120   00005120    r-- .rodata
  70083270    70083270    00000788   00000788    r-x .text.hwi
  700839f8    700839f8    00000430   00000430    r-x .text.cache
  70083e28    70083e28    00000208   00000208    r-x .text.mpu
  70084030    70084030    00000128   00000128    r-x .text.boot
  70084158    70084158    00000008   00000008    r-x .text:abort
70084160    70084160    000007f0   000007f0    rw-
  70084160    70084160    000007f0   000007f0    rw- .data
70084950    70084950    00001400   00000000    r--
  70084950    70084950    00000100   00000000    r-- .irqstack
  70084a50    70084a50    00000100   00000000    r-- .fiqstack
  70084b50    70084b50    00001000   00000000    r-- .svcstack
  70085b50    70085b50    00000100   00000000    r-- .abortstack
  70085c50    70085c50    00000100   00000000    r-- .undefinedstack


SECTION ALLOCATION MAP

 output                                  attributes/
section   page    origin      length       input sections
--------  ----  ----------  ----------   ----------------
.vectors   0    00000000    00000040     
                  00000000    00000040     freertos.am263x.r5f.ti-arm-clang.release.lib : HwiP_armv7r_vectors_freertos_asm.obj (.vectors)

.bss       0    70040000    00016600     UNINITIALIZED
                  70040000    0000a410     ti_drivers_config.o (.bss.gIcssEmacObjects)
                  7004a410    00000010     (.common:virtToPhymap)
                  7004a420    00004000     (.common:gMainTaskStack)
                  7004e420    00004000     (.common:gtaskUartMenuStack)
                  70052420    00001008     (.common:gHwiCtrl)
                  70053428    00001000     freertos.am263x.r5f.ti-arm-clang.release.lib : port.obj (.bss.uxIdleTaskStack)
                  70054428    000007ac     ti_drivers_config.o (.bss.gPruIcssObjects)
                  70054bd4    00000008     (.common:gEthPhyHandle)
                  70054bdc    00000004     freertos.am263x.r5f.ti-arm-clang.release.lib : HwiP_armv7r_handlers_freertos.obj (.bss.gdummy)
                  70054be0    000005ee     (.common:tempRxFrame)
                  700551ce    00000002     --HOLE--
                  700551d0    00000400                                                  : port.obj (.bss.uxTimerTaskStack)
                  700555d0    00000368     ti_drivers_config.o (.bss.gUartObjects)
                  70055938    00000280     freertos.am263x.r5f.ti-arm-clang.release.lib : tasks.obj (.bss.pxReadyTasksLists)
                  70055bb8    00000214     ti_drivers_config.o (.bss.gI2cObjects)
                  70055dcc    000001ac     (.common:gEepromObject_CAT24M)
                  70055f78    00000100     freertos.am263x.r5f.ti-arm-clang.release.lib : timers.obj (.bss.prvCheckForValidListAndQueue.ucStaticTimerQueueStorage)
                  70056078    00000100     (.common:xQueueRegistry)
                  70056178    000000a0     (.common:gTaskP_ctrl)
                  70056218    000000a0     (.common:taskUartMenuObject)
                  700562b8    00000098                                                  : DebugP_freertos.obj (.bss.gDebugLogLockObj)
                  70056350    0000008c                                                  : port.obj (.bss.xIdleTaskTCB)
                  700563dc    0000008c                                                  : port.obj (.bss.xTimerTaskTCB)
                  70056468    0000008c     (.common:gMainTaskObj)
                  700564f4    00000050                                                  : timers.obj (.bss.prvCheckForValidListAndQueue.xStaticTimerQueue)
                  70056544    00000050     (.common:gRovDummyQueue)
                  70056594    00000004                                                  : HwiP_armv7r_vim.obj (.bss.gdummy)
                  70056598    00000038     (.common:gClockCtrl)
                  700565d0    00000008     (.common:gEthPhyParams)
                  700565d8    00000006     (.common:ICSS_EMAC_testLclMac0)
                  700565de    00000002     --HOLE--
                  700565e0    00000004     libc.a : memory.c.obj (.bss.sys_free)
                  700565e4    00000004     (.common:gEepromHandle)
                  700565e8    00000004     (.common:gI2cHandle)
                  700565ec    00000004     (.common:gMainTask)
                  700565f0    00000004     (.common:gRxFrameCount)
                  700565f4    00000004     (.common:gUartHandle)
                  700565f8    00000004     (.common:icssemacHandle2)
                  700565fc    00000004     (.common:pruicssHandle)

.sysmem    0    70056600    00008000     UNINITIALIZED
                  70056600    00000010     libc.a : memory.c.obj (.sysmem)
                  70056610    00007ff0     --HOLE--

.stack     0    7005e600    00010000     UNINITIALIZED
                  7005e600    00000004     freertos.am263x.r5f.ti-arm-clang.release.lib : boot_armv7r_asm.obj (.stack)
                  7005e604    0000fffc     --HOLE--

.text      0    7006e600    0000fb50     
                  7006e600    0000138c     libc.a : _scanfi.c.obj (.text.__TI_scanfi)
                  7006f98c    0000064e     board.am263x.r5f.ti-arm-clang.release.lib : ethphy_dp83869.obj (.text.ETHPHY_DP83869_command)
                  7006ffda    00000002     freertos.am263x.r5f.ti-arm-clang.release.lib : AddrTranslateP_null.obj (.text.AddrTranslateP_getLocalAddr)
                  7006ffdc    00000598                                                  : printf.obj (.text._vsnprintf)
                  70070574    00000540     icss_emac.am263x.r5f.ti-arm-clang.release.lib : icss_emac.obj (.text.ICSS_EMAC_ioctl)
                  70070ab4    00000522     board.am263x.r5f.ti-arm-clang.release.lib : ethphy_dp83826e.obj (.text.ETHPHY_DP83826E_command)
                  70070fd6    00000002     ti_board_config.o (.text.Board_init)
                  70070fd8    000004cc     libc.a : strtod.c.obj (.text.strtod)
                  700714a4    00000480     icss_emac.am263x.r5f.ti-arm-clang.release.lib : icss_emac.obj (.text.ICSS_EMAC_txPacketEnqueue)
                  70071924    0000044c                                                   : icss_emac_local.obj (.text.ICSS_EMAC_switchConfig)
                  70071d70    00000422                                                   : icss_emac.obj (.text.ICSS_EMAC_open)
                  70072192    00000002     drivers.am263x.r5f.ti-arm-clang.release.lib : uart_dma_edma.obj (.text.UART_edmaDoNothing)
                  70072194    00000400                                                 : soc_rcm.obj (.text.SOC_rcmEnablePeripheralClock)
                  70072594    00000330     icss_emac.am263x.r5f.ti-arm-clang.release.lib : icss_emac.obj (.text.ICSS_EMAC_rxPktGet)
                  700728c4    0000032a     drivers.am263x.r5f.ti-arm-clang.release.lib : i2c_v1_lld.obj (.text.I2C_lld_primeTransferPoll)
                  70072bee    00000002                                                 : uart_v0.obj (.text.UART_lld_errorCallback)
                  70072bf0    000002fc                                                 : uart_v0.obj (.text.UART_open)
                  70072eec    00000004     freertos.am263x.r5f.ti-arm-clang.release.lib : ClockP_freertos.obj (.text.ClockP_getTicks)
                  70072ef0    000002d8                                                  : printf.obj (.text._etoa)
                  700731c8    000002bc                                                  : printf.obj (.text._ftoa)
                  70073484    00000294     icss_emac.am263x.r5f.ti-arm-clang.release.lib : icss_emac_local.obj (.text.ICSS_EMAC_osInit)
                  70073718    0000028e     test_emac.o (.text.printStatistics)
                  700739a6    00000002     freertos.am263x.r5f.ti-arm-clang.release.lib : printf.obj (.text._out_null)
                  700739a8    0000026c     libc.a : strtoll.c.obj (.text.strtoll)
                  70073c14    00000260     icss_emac.am263x.r5f.ti-arm-clang.release.lib : icss_emac_local.obj (.text.ICSS_EMAC_macConfig)
                  70073e74    0000023c     drivers.am263x.r5f.ti-arm-clang.release.lib : uart_v0_lld.obj (.text.UART_configInstance)
                  700740b0    00000238     libc.a : strtoull.c.obj (.text.strtoull)
                  700742e8    00000214     drivers.am263x.r5f.ti-arm-clang.release.lib : i2c_v1.obj (.text.I2C_open)
                  700744fc    00000210     icss_emac.am263x.r5f.ti-arm-clang.release.lib : icss_emac_local.obj (.text.ICSS_EMAC_calcPort2BufferOffset)
                  7007470c    00000200     drivers.am263x.r5f.ti-arm-clang.release.lib : edma.obj (.text.EDMA_freeChannelRegion)
                  7007490c    00000200     freertos.am263x.r5f.ti-arm-clang.release.lib : timers.obj (.text.prvTimerTask)
                  70074b0c    000001f8     libc.a : strtol.c.obj (.text.strtol)
                  70074d04    000001ec     drivers.am263x.r5f.ti-arm-clang.release.lib : soc_rcm.obj (.text.SOC_rcmSetPeripheralClock)
                  70074ef0    000001d8     icss_emac.am263x.r5f.ti-arm-clang.release.lib : icss_emac_local.obj (.text.ICSS_EMAC_pruicssMiiRtCfgInit)
                  700750c8    000001d8     libc.a : strtoul.c.obj (.text.strtoul)
                  700752a0    000001d0     libclang_rt.builtins.a : udivsi3.S.obj (.text.__udivsi3)
                  70075470    000001b0     libc.a : memory.c.obj (.text.free)
                  70075620    000001aa     drivers.am263x.r5f.ti-arm-clang.release.lib : i2c_v1_lld.obj (.text.I2C_lld_controllerIsr)
                  700757ca    00000002     freertos.am263x.r5f.ti-arm-clang.release.lib : port.obj (.text.vPortConfigTimerForRunTimeStats)
                  700757cc    000001a4                                                  : queue.obj (.text.xQueueSemaphoreTake)
                  70075970    000001a2     icss_emac.am263x.r5f.ti-arm-clang.release.lib : icss_emac.obj (.text.ICSS_EMAC_linkISR)
                  70075b12    00000002     freertos.am263x.r5f.ti-arm-clang.release.lib : port.obj (.text.vPortValidateInterruptPriority)
                  70075b14    00000198     drivers.am263x.r5f.ti-arm-clang.release.lib : uart_dma_edma.obj (.text.UART_lld_dmaInit)
                  70075cac    00000190     icss_emac.am263x.r5f.ti-arm-clang.release.lib : icss_emac_learning.obj (.text.ICSS_EMAC_updateHashTable)
                  70075e3c    00000184     freertos.am263x.r5f.ti-arm-clang.release.lib : queue.obj (.text.xQueueGenericSend)
                  70075fc0    0000017a     icss_emac.am263x.r5f.ti-arm-clang.release.lib : icss_emac_local.obj (.text.ICSS_EMAC_portInit)
                  7007613a    00000002     --HOLE-- [fill = 0]
                  7007613c    00000174     freertos.am263x.r5f.ti-arm-clang.release.lib : TaskP_freertos.obj (.text.TaskP_construct)
                  700762b0    00000170     drivers.am263x.r5f.ti-arm-clang.release.lib : i2c_v1.obj (.text.I2C_transfer)
                  70076420    0000016e                                                 : pruicss_m_v0.obj (.text.PRUICSS_intcInit)
                  7007658e    00000002     --HOLE-- [fill = 0]
                  70076590    0000016c                                                 : i2c_v1_lld.obj (.text.I2C_lld_targetIsr)
                  700766fc    00000154                                                 : uart_v0_lld.obj (.text.UART_lld_controllerIsr)
                  70076850    00000154     freertos.am263x.r5f.ti-arm-clang.release.lib : queue.obj (.text.xQueueReceive)
                  700769a4    00000004                                                  : ClockP_freertos_r5.obj (.text.ClockP_getTimerCount)
                  700769a8    00000150     libc.a : s_scalbn.c.obj (.text.scalbn)
                  70076af8    0000014c     drivers.am263x.r5f.ti-arm-clang.release.lib : uart_dma_edma.obj (.text.UART_lld_dmaDeInit)
                  70076c44    00000140                                                 : soc.obj (.text.SOC_virtToPhy)
                  70076d84    00000138                                                 : uart_v0.obj (.text.UART_close)
                  70076ebc    00000134     icss_emac.am263x.r5f.ti-arm-clang.release.lib : icss_emac_local.obj (.text.ICSS_EMAC_hostConfig)
                  70076ff0    00000130     freertos.am263x.r5f.ti-arm-clang.release.lib : ClockP_freertos_r5.obj (.text.ClockP_init)
                  70077120    0000012e     icss_emac.am263x.r5f.ti-arm-clang.release.lib : icss_emac.obj (.text.ICSS_EMAC_rxPktInfo2)
                  7007724e    00000128     drivers.am263x.r5f.ti-arm-clang.release.lib : uart_v0_lld.obj (.text.UART_lld_write)
                  70077376    00000002     --HOLE-- [fill = 0]
                  70077378    00000124                                                 : edma.obj (.text.Alloc_resource)
                  7007749c    00000122                                                 : uart_v0_lld.obj (.text.UART_lld_read)
                  700775be    00000002     --HOLE-- [fill = 0]
                  700775c0    00000120     freertos.am263x.r5f.ti-arm-clang.release.lib : TimerP_rti.obj (.text.TimerP_setup)
                  700776e0    0000011c     drivers.am263x.r5f.ti-arm-clang.release.lib : soc_rcm.obj (.text.SOC_rcmGetPeripheralClockFrequency)
                  700777fc    00000118     libclang_rt.builtins.a : udivmoddi4.S.obj (.text)
                  70077914    00000116     freertos.am263x.r5f.ti-arm-clang.release.lib : printf.obj (.text._ntoa_format)
                  70077a2a    00000108     icss_emac.am263x.r5f.ti-arm-clang.release.lib : icss_emac_learning.obj (.text.ICSS_EMAC_removeMAC)
                  70077b32    00000106                                                   : icss_emac_local.obj (.text.ICSS_EMAC_calcPort1BufferOffset)
                  70077c38    00000104     test_emac.o (.text.ICSS_EMAC_testBoardInit)
                  70077d3c    000000fc     test_emac.o (.text.taskUartMenu)
                  70077e38    000000f8     board.am263x.r5f.ti-arm-clang.release.lib : eeprom_cat24m.obj (.text.EEPROM_CAT24M_write)
                  70077f30    000000f4     freertos.am263x.r5f.ti-arm-clang.release.lib : queue.obj (.text.xQueueGenericSendFromISR)
                  70078024    000000ec     drivers.am263x.r5f.ti-arm-clang.release.lib : uart_dma_edma.obj (.text.UART_lld_dmaWrite)
                  70078110    000000ec                                                 : uart_v0.obj (.text.UART_write)
                  700781fc    000000e8     freertos.am263x.r5f.ti-arm-clang.release.lib : tasks.obj (.text.vTaskSwitchContext)
                  700782e4    000000e4     icss_emac.am263x.r5f.ti-arm-clang.release.lib : icss_emac_local.obj (.text.ICSS_EMAC_multicastFilterConfig)
                  700783c8    000000e4                                                   : icss_emac.obj (.text.ICSS_EMAC_updatePhyStatus)
                  700784ac    000000e4     drivers.am263x.r5f.ti-arm-clang.release.lib : uart_v0.obj (.text.UART_read)
                  70078590    000000e2     test_emac.o (.text.ICSS_EMAC_PRUFirmwareLoad)
                  70078672    00000002     --HOLE-- [fill = 0]
                  70078674    000000e0     freertos.am263x.r5f.ti-arm-clang.release.lib : queue.obj (.text.xQueueGiveFromISR)
                  70078754    000000e0                                                  : tasks.obj (.text.xTaskIncrementTick)
                  70078834    000000da     icss_emac.am263x.r5f.ti-arm-clang.release.lib : icss_emac_learning.obj (.text.ICSS_EMAC_checkDuplicateMAC)
                  7007890e    00000002     --HOLE-- [fill = 0]
                  70078910    000000d8     freertos.am263x.r5f.ti-arm-clang.release.lib : queue.obj (.text.xQueueGenericCreateStatic)
                  700789e8    000000d6     test_emac.o (.text.icss_example)
                  70078abe    00000002     --HOLE-- [fill = 0]
                  70078ac0    000000d4     libc.a : sscanf.c.obj (.text._chkmbc)
                  70078b94    000000ca     icss_emac.am263x.r5f.ti-arm-clang.release.lib : icss_emac.obj (.text.ICSS_EMAC_osRxTaskFnc)
                  70078c5e    00000002     --HOLE-- [fill = 0]
                  70078c60    000000c8     drivers.am263x.r5f.ti-arm-clang.release.lib : i2c_v1_lld.obj (.text.I2C_lld_mem_write)
                  70078d28    000000c8                                                 : uart_v0_lld.obj (.text.UART_lld_initDma)
                  70078df0    000000c4                                                 : edma.obj (.text.EDMA_unregisterIntr)
                  70078eb4    000000c4                                                 : i2c_v1_lld.obj (.text.I2C_lld_mem_readIntr)
                  70078f78    000000c4                                                 : i2c_v1_lld.obj (.text.I2C_lld_mem_writeIntr)
                  7007903c    000000c4                                                 : i2c_v1_lld.obj (.text.I2C_lld_primeTransferIntr)
                  70079100    000000c4     test_emac.o (.text.ICSS_EMAC_ConfigInit)
                  700791c4    000000c4     freertos.am263x.r5f.ti-arm-clang.release.lib : queue.obj (.text.xQueueReceiveFromISR)
                  70079288    000000c4                                                  : tasks.obj (.text.xTaskResumeAll)
                  7007934c    000000c0     drivers.am263x.r5f.ti-arm-clang.release.lib : i2c_v1_lld.obj (.text.I2C_lld_mem_read)
                  7007940c    000000c0     freertos.am263x.r5f.ti-arm-clang.release.lib : tasks.obj (.text.prvInitialiseNewTask)
                  700794cc    000000c0                                                  : tasks.obj (.text.xTaskCreateStatic)
                  7007958c    000000bc     drivers.am263x.r5f.ti-arm-clang.release.lib : edma.obj (.text.EDMA_registerIntr)
                  70079648    000000bc     freertos.am263x.r5f.ti-arm-clang.release.lib : tasks.obj (.text.prvAddNewTaskToReadyList)
                  70079704    000000ba     icss_emac.am263x.r5f.ti-arm-clang.release.lib : icss_emac_learning.obj (.text.ICSS_EMAC_ageingRoutine)
                  700797be    00000002     --HOLE-- [fill = 0]
                  700797c0    000000b8     drivers.am263x.r5f.ti-arm-clang.release.lib : uart_v0_lld.obj (.text.UART_lld_init)
                  70079878    000000b8     freertos.am263x.r5f.ti-arm-clang.release.lib : timers.obj (.text.prvSampleTimeNow)
                  70079930    000000b0                                                  : DebugP_uartScanf.obj (.text.DebugP_readLine)
                  700799e0    000000b0                                                  : TaskP_freertos.obj (.text.TaskP_loadUpdateAll)
                  70079a90    000000ac     drivers.am263x.r5f.ti-arm-clang.release.lib : soc_rcm.obj (.text.SOC_rcmGetCoreHSDivOut)
                  70079b3c    000000ac                                                 : uart_v0_lld.obj (.text.UART_divisorLatchWrite)
                  70079be8    000000ac     freertos.am263x.r5f.ti-arm-clang.release.lib : printf.obj (.text._ntoa_long_long)
                  70079c94    000000a8                                                  : tasks.obj (.text.vTaskPriorityDisinheritAfterTimeout)
                  70079d3c    000000a4     drivers.am263x.r5f.ti-arm-clang.release.lib : i2c_v1.obj (.text.I2C_close)
                  70079de0    000000a4                                                 : i2c_v1.obj (.text.I2C_primeTransfer)
                  70079e84    000000a4     freertos.am263x.r5f.ti-arm-clang.release.lib : tasks.obj (.text.xTaskPriorityDisinherit)
                  70079f28    000000a0     icss_emac.am263x.r5f.ti-arm-clang.release.lib : icss_emac.obj (.text.ICSS_EMAC_txPacket)
                  70079fc8    0000009e     drivers.am263x.r5f.ti-arm-clang.release.lib : uart_v0_lld.obj (.text.UART_lld_readIntr)
                  7007a066    00000002     --HOLE-- [fill = 0]
                  7007a068    0000009c     icss_emac.am263x.r5f.ti-arm-clang.release.lib : icss_emac_local.obj (.text.ICSS_EMAC_vlanFilterConfig)
                  7007a104    00000098     drivers.am263x.r5f.ti-arm-clang.release.lib : edma.obj (.text.EDMA_freeDmaChannel)
                  7007a19c    00000098                                                 : edma.obj (.text.EDMA_freeParam)
                  7007a234    00000098                                                 : edma.obj (.text.EDMA_freeTcc)
                  7007a2cc    00000098     icss_emac.am263x.r5f.ti-arm-clang.release.lib : icss_emac_stormControl.obj (.text.ICSS_EMAC_resetStormPreventionCounter)
                  7007a364    00000096                                                   : icss_emac_learning.obj (.text.ICSS_EMAC_findMAC)
                  7007a3fa    00000094     drivers.am263x.r5f.ti-arm-clang.release.lib : edma.obj (.text.EDMA_configureChannelRegion)
                  7007a48e    00000002     --HOLE-- [fill = 0]
                  7007a490    00000094                                                 : i2c_v1_lld.obj (.text.I2C_lld_init)
                  7007a524    00000094     freertos.am263x.r5f.ti-arm-clang.release.lib : tasks.obj (.text.eTaskGetState)
                  7007a5b8    00000094                                                  : tasks.obj (.text.vTaskDelete)
                  7007a64c    00000090     icss_emac.am263x.r5f.ti-arm-clang.release.lib : icss_emac_local.obj (.text.ICSS_EMAC_initLinkState)
                  7007a6dc    00000090                                                   : icss_emac_local.obj (.text.ICSS_EMAC_macInit)
                  7007a76c    00000090     freertos.am263x.r5f.ti-arm-clang.release.lib : tasks.obj (.text.vTaskStartScheduler)
                  7007a7fc    0000008c     ti_board_open_close.o (.text.Board_ethPhyOpen)
                  7007a888    0000008c     drivers.am263x.r5f.ti-arm-clang.release.lib : uart_dma_edma.obj (.text.UART_lld_dmaRead)
                  7007a914    0000008c     freertos.am263x.r5f.ti-arm-clang.release.lib : printf.obj (.text._ntoa_long)
                  7007a9a0    0000008c                                                  : tasks.obj (.text.xTaskCheckForTimeOut)
                  7007aa2c    00000088     drivers.am263x.r5f.ti-arm-clang.release.lib : uart_v0.obj (.text.UART_init)
                  7007aab4    00000088                                                 : uart_v0_lld.obj (.text.UART_procLineStatusErr)
                  7007ab3c    00000088     freertos.am263x.r5f.ti-arm-clang.release.lib : port.obj (.text.pxPortInitialiseStack)
                  7007abc4    00000086     icss_emac.am263x.r5f.ti-arm-clang.release.lib : icss_emac_local.obj (.text.ICSS_EMAC_switchInit)
                  7007ac4a    00000086                                                   : icss_emac_statistics.obj (.text.ICSS_EMAC_updateRxStats)
                  7007acd0    00000082                                                   : icss_emac_local.obj (.text.ICSS_EMAC_validateFeatureSet)
                  7007ad52    00000002     --HOLE-- [fill = 0]
                  7007ad54    00000080     drivers.am263x.r5f.ti-arm-clang.release.lib : uart_v0.obj (.text.UART_flushTxFifo)
                  7007add4    00000080     main.o (.text.main)
                  7007ae54    00000080     freertos.am263x.r5f.ti-arm-clang.release.lib : tasks.obj (.text.xTaskPriorityInherit)
                  7007aed4    0000007e     test_emac.o (.text.print_cpu_load)
                  7007af52    0000007c     freertos.am263x.r5f.ti-arm-clang.release.lib : queue.obj (.text.prvCopyDataToQueue)
                  7007afce    0000007c     test_emac.o (.text.transmit_nPacket)
                  7007b04a    00000002     --HOLE-- [fill = 0]
                  7007b04c    0000007c     freertos.am263x.r5f.ti-arm-clang.release.lib : tasks.obj (.text.vTaskGetInfo)
                  7007b0c8    0000007c                                                  : tasks.obj (.text.xTaskRemoveFromEventList)
                  7007b144    0000007a     icss_emac.am263x.r5f.ti-arm-clang.release.lib : icss_emac_local.obj (.text.ICSS_EMAC_calcPort0BufferOffset)
                  7007b1be    00000078                                                   : icss_emac_stormControl.obj (.text.ICSS_EMAC_checkStormPreventionType)
                  7007b236    00000076                                                   : icss_emac.obj (.text.ICSS_EMAC_txInterruptHandler)
                  7007b2ac    00000076     freertos.am263x.r5f.ti-arm-clang.release.lib : printf.obj (.text._out_rev)
                  7007b322    00000076     test_emac.o (.text.printHelpMenu)
                  7007b398    00000074     board.am263x.r5f.ti-arm-clang.release.lib : eeprom_cat24m.obj (.text.EEPROM_CAT24M_read)
                  7007b40c    00000074     freertos.am263x.r5f.ti-arm-clang.release.lib : queue.obj (.text.xQueueGenericReset)
                  7007b480    00000070     test_emac.o (.text.printFrame)
                  7007b4f0    00000070     freertos.am263x.r5f.ti-arm-clang.release.lib : timers.obj (.text.xTimerCreateTimerTask)
                  7007b560    0000006e     drivers.am263x.r5f.ti-arm-clang.release.lib : edma.obj (.text.EDMA_disableTransferRegion)
                  7007b5ce    0000006e                                                 : edma.obj (.text.EDMA_enableTransferRegion)
                  7007b63c    0000006e                                                 : i2c_v1_lld.obj (.text.I2C_lld_targetTransferIntr)
                  7007b6aa    0000006e                                                 : uart_v0_lld.obj (.text.UART_lld_readDma)
                  7007b718    0000006e                                                 : uart_v0_lld.obj (.text.UART_lld_writeIntr)
                  7007b786    0000006c                                                 : uart_v0_lld.obj (.text.UART_lld_writeDma)
                  7007b7f2    00000002     --HOLE-- [fill = 0]
                  7007b7f4    0000006c     libc.a : atoi.c.obj (.text.atoi)
                  7007b860    0000006c     freertos.am263x.r5f.ti-arm-clang.release.lib : timers.obj (.text.xTimerGenericCommand)
                  7007b8cc    0000006a     icss_emac.am263x.r5f.ti-arm-clang.release.lib : icss_emac_learning.obj (.text.ICSS_EMAC_incrementCounter)
                  7007b936    0000006a                                                   : icss_emac_stormControl.obj (.text.ICSS_EMAC_initStormPreventionTable)
                  7007b9a0    00000068     freertos.am263x.r5f.ti-arm-clang.release.lib : SemaphoreP_freertos.obj (.text.SemaphoreP_constructBinary)
                  7007ba08    00000068                                                  : DebugP_freertos.obj (.text._DebugP_logZone)
                  7007ba70    00000068                                                  : queue.obj (.text.prvUnlockQueue)
                  7007bad8    00000062     drivers.am263x.r5f.ti-arm-clang.release.lib : mdio_v0.obj (.text.MDIO_phyExtRegRead)
                  7007bb3a    00000060     icss_emac.am263x.r5f.ti-arm-clang.release.lib : icss_emac_stormControl.obj (.text.ICSS_EMAC_disableStormPrevention)
                  7007bb9a    00000060                                                   : icss_emac_stormControl.obj (.text.ICSS_EMAC_enableStormPrevention)
                  7007bbfa    00000060                                                   : icss_emac.obj (.text.ICSS_EMAC_rxInterruptHandler)
                  7007bc5a    00000002     --HOLE-- [fill = 0]
                  7007bc5c    00000060     freertos.am263x.r5f.ti-arm-clang.release.lib : tasks.obj (.text.prvAddCurrentTaskToDelayedList)
                  7007bcbc    0000005c     drivers.am263x.r5f.ti-arm-clang.release.lib : mdio_v0.obj (.text.MDIO_phyExtRegWrite)
                  7007bd18    0000005c                                                 : soc.obj (.text.SOC_controlModuleLockMMR)
                  7007bd74    0000005c                                                 : soc.obj (.text.SOC_controlModuleUnlockMMR)
                  7007bdd0    0000005c     freertos.am263x.r5f.ti-arm-clang.release.lib : PmuP_armv7r.obj (.text.pmu)
                  7007be2c    0000005c                                                  : timers.obj (.text.prvCheckForValidListAndQueue)
                  7007be88    00000058     ti_board_open_close.o (.text.Board_eepromOpen)
                  7007bee0    00000058     icss_emac.am263x.r5f.ti-arm-clang.release.lib : icss_emac_local.obj (.text.ICSS_EMAC_memInit)
                  7007bf38    00000058                                                   : icss_emac_statistics.obj (.text.ICSS_EMAC_purgeStats)
                  7007bf90    00000058     freertos.am263x.r5f.ti-arm-clang.release.lib : DebugP_log.obj (.text._DebugP_assert)
                  7007bfe8    00000058     libc.a : autoinit.c.obj (.text:__TI_auto_init_nobinit_nopinit)
                  7007c040    00000056     drivers.am263x.r5f.ti-arm-clang.release.lib : uart_v0_lld.obj (.text.UART_readCancelNoCB)
                  7007c096    00000056                                                 : uart_v0_lld.obj (.text.UART_writeCancelNoCB)
                  7007c0ec    00000054     icss_emac.am263x.r5f.ti-arm-clang.release.lib : icss_emac_local.obj (.text.ICSS_EMAC_hostMemInit)
                  7007c140    00000054     freertos.am263x.r5f.ti-arm-clang.release.lib : SemaphoreP_freertos.obj (.text.SemaphoreP_pend)
                  7007c194    00000052     drivers.am263x.r5f.ti-arm-clang.release.lib : uart_v0_lld.obj (.text.UART_intrDisable)
                  7007c1e6    00000002     --HOLE-- [fill = 0]
                  7007c1e8    00000050                                                 : edma.obj (.text.EDMA_allocDmaChannel)
                  7007c238    00000050                                                 : edma.obj (.text.EDMA_allocParam)
                  7007c288    00000050                                                 : edma.obj (.text.EDMA_allocTcc)
                  7007c2d8    00000050     freertos.am263x.r5f.ti-arm-clang.release.lib : TaskP_freertos.obj (.text.TaskP_destruct)
                  7007c328    00000050     test_emac.o (.text.clearStatistics)
                  7007c378    0000004e     drivers.am263x.r5f.ti-arm-clang.release.lib : edma.obj (.text.EDMA_disableChInShadowRegRegion)
                  7007c3c6    0000004e     icss_emac.am263x.r5f.ti-arm-clang.release.lib : icss_emac_local.obj (.text.ICSS_EMAC_pruicssCfgInit)
                  7007c414    0000004c     ti_drivers_open_close.o (.text.Drivers_i2cOpen)
                  7007c460    0000004c     ti_drivers_open_close.o (.text.Drivers_uartOpen)
                  7007c4ac    0000004c     test_emac.o (.text.Icss_socgetMACAddress)
                  7007c4f8    0000004c     drivers.am263x.r5f.ti-arm-clang.release.lib : uart_v0_lld.obj (.text.UART_lld_flushTxFifo)
                  7007c544    0000004c     freertos.am263x.r5f.ti-arm-clang.release.lib : tasks.obj (.text.prvIdleTask)
                  7007c590    0000004c                                                  : tasks.obj (.text.vTaskDelay)
                  7007c5dc    0000004c                                                  : tasks.obj (.text.vTaskPlaceOnEventListRestricted)
                  7007c628    0000004a     icss_emac.am263x.r5f.ti-arm-clang.release.lib : icss_emac_statistics.obj (.text.ICSS_EMAC_updateTxStats)
                  7007c672    0000004a     freertos.am263x.r5f.ti-arm-clang.release.lib : SemaphoreP_freertos.obj (.text.SemaphoreP_post)
                  7007c6bc    00000048     drivers.am263x.r5f.ti-arm-clang.release.lib : mdio_v0.obj (.text.MDIO_phyRegRead)
                  7007c704    00000048     freertos.am263x.r5f.ti-arm-clang.release.lib : queue.obj (.text.xQueueGiveMutexRecursive)
                  7007c74c    00000046                                                  : queue.obj (.text.vQueueWaitForMessageRestricted)
                  7007c792    00000044     drivers.am263x.r5f.ti-arm-clang.release.lib : i2c_v1.obj (.text.I2C_LLD_transferCompleteCallback)
                  7007c7d6    00000044                                                 : pruicss_m_v0.obj (.text.PRUICSS_setIcssCfgMiiMode)
                  7007c81a    00000002     --HOLE-- [fill = 0]
                  7007c81c    00000044     freertos.am263x.r5f.ti-arm-clang.release.lib : SemaphoreP_freertos.obj (.text.SemaphoreP_constructMutex)
                  7007c860    00000044     drivers.am263x.r5f.ti-arm-clang.release.lib : uart_v0.obj (.text.UART_Params_init)
                  7007c8a4    00000044                                                 : uart_v0_lld.obj (.text.UART_lld_deInitDma)
                  7007c8e8    00000044     freertos.am263x.r5f.ti-arm-clang.release.lib : tasks.obj (.text.prvDeleteTCB)
                  7007c92c    00000044                                                  : queue.obj (.text.xQueueTakeMutexRecursive)
                  7007c970    00000042     drivers.am263x.r5f.ti-arm-clang.release.lib : pruicss_m_v0.obj (.text.PRUICSS_getMemInfo)
                  7007c9b2    00000042     test_emac.o (.text.recieve_packet)
                  7007c9f4    00000040     freertos.am263x.r5f.ti-arm-clang.release.lib : ClockP_freertos.obj (.text.ClockP_getTimeUsec)
                  7007ca34    00000040     ti_dpl_config.o (.text.Dpl_init)
                  7007ca74    00000040     drivers.am263x.r5f.ti-arm-clang.release.lib : edma.obj (.text.EDMA_mapChToEvtQ)
                  7007cab4    00000040     icss_emac.am263x.r5f.ti-arm-clang.release.lib : icss_emac_statistics.obj (.text.ICSS_EMAC_readStats)
                  7007caf4    00000040     drivers.am263x.r5f.ti-arm-clang.release.lib : pinmux.obj (.text.Pinmux_config)
                  7007cb34    00000040                                                 : uart_v0_lld.obj (.text.UART_lld_deInit)
                  7007cb74    00000040     libc.a : memory.c.obj (.text.free_list_insert)
                  7007cbb4    00000040     freertos.am263x.r5f.ti-arm-clang.release.lib : tasks.obj (.text.vTaskPlaceOnEventList)
                  7007cbf4    0000003e     drivers.am263x.r5f.ti-arm-clang.release.lib : i2c_v1_lld.obj (.text.I2C_lld_transferInit)
                  7007cc32    0000003e                                                 : mdio_v0.obj (.text.MDIO_phyRegWrite)
                  7007cc70    0000003e                                                 : pruicss_m_v0.obj (.text.PRUICSS_setIcssCfgTxFifo)
                  7007ccae    00000002     --HOLE-- [fill = 0]
                  7007ccb0    0000003c                                                 : edma.obj (.text.EDMA_getBaseAddr)
                  7007ccec    0000003c     icss_emac.am263x.r5f.ti-arm-clang.release.lib : icss_emac_learning.obj (.text.ICSS_EMAC_initLearningTable)
                  7007cd28    0000003c     drivers.am263x.r5f.ti-arm-clang.release.lib : soc_rcm.obj (.text.SOC_rcmADPLLJGetFOut)
                  7007cd64    0000003c                                                 : uart_v0_lld.obj (.text.UART_readData)
                  7007cda0    0000003c     freertos.am263x.r5f.ti-arm-clang.release.lib : timers.obj (.text.prvInsertTimerInActiveList)
                  7007cddc    0000003a     board.am263x.r5f.ti-arm-clang.release.lib : eeprom.obj (.text.EEPROM_open)
                  7007ce16    0000003a                                               : ethphy.obj (.text.ETHPHY_open)
                  7007ce50    0000003a     icss_emac.am263x.r5f.ti-arm-clang.release.lib : icss_emac_local.obj (.text.ICSS_EMAC_hostInit)
                  7007ce8a    00000002     --HOLE-- [fill = 0]
                  7007ce8c    00000038     freertos.am263x.r5f.ti-arm-clang.release.lib : DebugP_uartLogWriter.obj (.text.DebugP_uartLogWriterPutChar)
                  7007cec4    00000038     icss_emac.am263x.r5f.ti-arm-clang.release.lib : icss_emac.obj (.text.ICSS_EMAC_init)
                  7007cefc    00000038     freertos.am263x.r5f.ti-arm-clang.release.lib : TaskP_freertos.obj (.text.TaskP_loadGetTotalCpuLoad)
                  7007cf34    00000038                                                  : TaskP_freertos.obj (.text.vApplicationLoadHook)
                  7007cf6c    00000038                                                  : queue.obj (.text.vQueueDelete)
                  7007cfa4    00000036     drivers.am263x.r5f.ti-arm-clang.release.lib : edma.obj (.text.EDMA_clrMissEvtRegion)
                  7007cfda    00000036     board.am263x.r5f.ti-arm-clang.release.lib : eeprom_cat24m.obj (.text.EEPROM_CAT24M_open)
                  7007d010    00000036     icss_emac.am263x.r5f.ti-arm-clang.release.lib : icss_emac_local.obj (.text.ICSS_EMAC_promiscuousModeDeinit)
                  7007d046    00000036                                                   : icss_emac_local.obj (.text.ICSS_EMAC_promiscuousModeInit)
                  7007d07c    00000036     ti_power_clock_config.o (.text.Module_clockSetFrequency)
                  7007d0b2    00000036     ti_drivers_config.o (.text.System_init)
                  7007d0e8    00000034     freertos.am263x.r5f.ti-arm-clang.release.lib : ClockP_freertos.obj (.text.ClockP_usleep)
                  7007d11c    00000034     drivers.am263x.r5f.ti-arm-clang.release.lib : i2c_v1.obj (.text.I2C_init)
                  7007d150    00000034     icss_emac.am263x.r5f.ti-arm-clang.release.lib : icss_emac.obj (.text.ICSS_EMAC_osLinkTaskFnc)
                  7007d184    00000034     drivers.am263x.r5f.ti-arm-clang.release.lib : pruicss_m_v0.obj (.text.PRUICSS_writeMemory)
                  7007d1b8    00000034     freertos.am263x.r5f.ti-arm-clang.release.lib : TaskP_freertos.obj (.text.TaskP_loadResetAll)
                  7007d1ec    00000034     libc.a : memory.c.obj (.text.free_list_remove)
                  7007d220    00000032     drivers.am263x.r5f.ti-arm-clang.release.lib : edma.obj (.text.EDMA_unmapChToEvtQ)
                  7007d252    00000032                                                 : i2c_v1_lld.obj (.text.I2C_lld_transferIntr)
                  7007d284    00000030     freertos.am263x.r5f.ti-arm-clang.release.lib : DebugP_uartScanf.obj (.text.DebugP_scanf)
                  7007d2b4    00000030     drivers.am263x.r5f.ti-arm-clang.release.lib : i2c_v1_lld.obj (.text.I2CControllerInitExpClk)
                  7007d2e4    00000030                                                 : pruicss_m_v0.obj (.text.PRUICSS_setGpMuxSelect)
                  7007d314    00000030                                                 : pruicss_m_v0.obj (.text.PRUICSS_setGpiMode)
                  7007d344    00000030                                                 : soc_rcm.obj (.text.SOC_rcmGetModuleClkDivVal)
                  7007d374    00000030                                                 : uart_v0.obj (.text.UART_lld_writeCompleteCallback)
                  7007d3a4    00000030     freertos.am263x.r5f.ti-arm-clang.release.lib : PmuP_armv7r_asm.obj (.text.pmu)
                  7007d3d4    00000030                                                  : tasks.obj (.text.xTaskGetIdleTaskHandle)
                  7007d404    0000002e     drivers.am263x.r5f.ti-arm-clang.release.lib : edma.obj (.text.EDMA_enableChInShadowRegRegion)
                  7007d432    0000002e                                                 : i2c_v1_lld.obj (.text.I2C_lld_deInit)
                  7007d460    0000002e     icss_emac.am263x.r5f.ti-arm-clang.release.lib : icss_emac_local.obj (.text.ICSS_EMAC_mdioIntrEnableSwitch)
                  7007d48e    0000002e     ti_power_clock_config.o (.text.Module_clockEnable)
                  7007d4bc    0000002e     drivers.am263x.r5f.ti-arm-clang.release.lib : pruicss_m_v0.obj (.text.PRUICSS_disableCore)
                  7007d4ea    0000002e                                                 : pruicss_m_v0.obj (.text.PRUICSS_enableCore)
                  7007d518    0000002e                                                 : uart_v0.obj (.text.UART_lld_readCompleteCallback)
                  7007d546    0000002e     freertos.am263x.r5f.ti-arm-clang.release.lib : list.obj (.text.vListInsert)
                  7007d574    0000002c                                                  : ClockP_freertos.obj (.text.ClockP_timerTickIsr)
                  7007d5a0    0000002c     drivers.am263x.r5f.ti-arm-clang.release.lib : i2c_v1.obj (.text.I2C_getHandle)
                  7007d5cc    0000002c                                                 : pruicss_m_v0.obj (.text.PRUICSS_open)
                  7007d5f8    0000002c                                                 : soc_rcm.obj (.text.SOC_rcmGetR5Clock)
                  7007d624    0000002c                                                 : uart_v0.obj (.text.UART_getHandle)
                  7007d650    0000002c     libc.a : sscanf.c.obj (.text.vsscanf)
                  7007d67c    0000002a     icss_emac.am263x.r5f.ti-arm-clang.release.lib : icss_emac.obj (.text.ICSS_EMAC_osTxTaskFnc)
                  7007d6a6    00000028     drivers.am263x.r5f.ti-arm-clang.release.lib : i2c_v1.obj (.text.I2C_LLD_targetTransferCompleteCallback)
                  7007d6ce    00000028     icss_emac.am263x.r5f.ti-arm-clang.release.lib : icss_emac_stormControl.obj (.text.ICSS_EMAC_setCreditValue)
                  7007d6f6    00000002     --HOLE-- [fill = 0]
                  7007d6f8    00000028     drivers.am263x.r5f.ti-arm-clang.release.lib : soc.obj (.text.SOC_moduleSetClockFrequency)
                  7007d720    00000028                                                 : uart_dma_edma.obj (.text.UART_lld_dmaDisableChannel)
                  7007d748    00000028     freertos.am263x.r5f.ti-arm-clang.release.lib : port.obj (.text.vApplicationStackOverflowHook)
                  7007d770    00000028                                                  : queue.obj (.text.vQueueUnregisterQueue)
                  7007d798    00000026     drivers.am263x.r5f.ti-arm-clang.release.lib : edma.obj (.text.EDMA_setPaRAM)
                  7007d7be    00000026                                                 : i2c_v1_lld.obj (.text.I2C_lld_transferPoll)
                  7007d7e4    00000024     freertos.am263x.r5f.ti-arm-clang.release.lib : ClockP_freertos.obj (.text.ClockP_sleep)
                  7007d808    00000024     icss_emac.am263x.r5f.ti-arm-clang.release.lib : icss_emac_learning.obj (.text.ICSS_EMAC_purgeTable)
                  7007d82c    00000024     freertos.am263x.r5f.ti-arm-clang.release.lib : TimerP_rti.obj (.text.TimerP_Params_init)
                  7007d850    00000024     drivers.am263x.r5f.ti-arm-clang.release.lib : uart_v0_lld.obj (.text.UART_IsHWFlowCtrlValid)
                  7007d874    00000024                                                 : uart_v0_lld.obj (.text.UART_IsRxTrigLvlValid)
                  7007d898    00000024                                                 : uart_v0_lld.obj (.text.UART_IsTxTrigLvlValid)
                  7007d8bc    00000024     libclang_rt.builtins.a : aeabi_uldivmod.S.obj (.text.__aeabi_uldivmod)
                  7007d8e0    00000024     freertos.am263x.r5f.ti-arm-clang.release.lib : printf.obj (.text._atoi)
                  7007d904    00000024                                                  : queue.obj (.text.prvCopyDataFromQueue)
                  7007d928    00000024                                                  : tasks.obj (.text.prvResetNextTaskUnblockTime)
                  7007d94c    00000024                                                  : list.obj (.text.uxListRemove)
                  7007d970    00000024                                                  : port.obj (.text.vPortTimerTickHandler)
                  7007d994    00000024                                                  : queue.obj (.text.vQueueAddToRegistry)
                  7007d9b8    00000024                                                  : tasks.obj (.text.vTaskExitCritical)
                  7007d9dc    00000022     drivers.am263x.r5f.ti-arm-clang.release.lib : edma.obj (.text.EDMA_linkChannel)
                  7007d9fe    00000002     --HOLE-- [fill = 0]
                  7007da00    00000020     freertos.am263x.r5f.ti-arm-clang.release.lib : DebugP_log.obj (.text.DebugP_logZoneEnable)
                  7007da20    00000020     drivers.am263x.r5f.ti-arm-clang.release.lib : i2c_v1_lld.obj (.text.I2C_lld_Message_init)
                  7007da40    00000020                                                 : uart_dma_edma.obj (.text.UART_edmaIsrRx)
                  7007da60    00000020                                                 : uart_dma_edma.obj (.text.UART_edmaIsrTx)
                  7007da80    00000020                                                 : uart_v0_lld.obj (.text.UART_getChar)
                  7007daa0    00000020     freertos.am263x.r5f.ti-arm-clang.release.lib : queue.obj (.text.prvInitialiseNewQueue)
                  7007dac0    0000001e     board.am263x.r5f.ti-arm-clang.release.lib : eeprom_cat24m.obj (.text.EEPROM_CAT24M_close)
                  7007dade    0000001e                                               : eeprom.obj (.text.EEPROM_read)
                  7007dafc    0000001e                                               : ethphy.obj (.text.ETHPHY_command)
                  7007db1a    0000001e     drivers.am263x.r5f.ti-arm-clang.release.lib : pruicss_m_v0.obj (.text.PRUICSS_setIepClkSrc)
                  7007db38    0000001e                                                 : uart_v0_lld.obj (.text.UART_spaceAvail)
                  7007db56    0000001e     freertos.am263x.r5f.ti-arm-clang.release.lib : queue.obj (.text.xQueueCreateMutexStatic)
                  7007db74    0000001c     drivers.am263x.r5f.ti-arm-clang.release.lib : i2c_v1.obj (.text.I2C_hwiFxn)
                  7007db90    0000001c                                                 : soc_rcm.obj (.text.SOC_rcmIsR5FInLockStepMode)
                  7007dbac    0000001c     libc.a : sscanf.c.obj (.text._inpchar)
                  7007dbc8    0000001c     freertos.am263x.r5f.ti-arm-clang.release.lib : queue.obj (.text.prvInitialiseMutex)
                  7007dbe4    0000001c                                                  : port.obj (.text.vApplicationGetIdleTaskMemory)
                  7007dc00    0000001c                                                  : port.obj (.text.vApplicationGetTimerTaskMemory)
                  7007dc1c    0000001c                                                  : printf.obj (.text.vprintf_)
                  7007dc38    0000001c                                                  : tasks.obj (.text.xTaskGetSchedulerState)
                  7007dc54    0000001c     libc.a : memcpy32.S.obj (.text:TI_memcpy_small)
                  7007dc70    0000001a     freertos.am263x.r5f.ti-arm-clang.release.lib : CpuId_armv7r.obj (.text.CSL_armR5GetCpuID)
                  7007dc8a    0000001a     drivers.am263x.r5f.ti-arm-clang.release.lib : edma.obj (.text.EDMA_readEventStatusRegion)
                  7007dca4    0000001a                                                 : uart_v0_lld.obj (.text.UART_enhanFuncEnable)
                  7007dcbe    0000001a     freertos.am263x.r5f.ti-arm-clang.release.lib : list.obj (.text.vListInsertEnd)
                  7007dcd8    0000001a                                                  : heap_3.obj (.text.vPortFree)
                  7007dcf2    00000018     icss_emac.am263x.r5f.ti-arm-clang.release.lib : icss_emac_local.obj (.text.ICSS_EMAC_mdioIntrEnable)
                  7007dd0a    00000002     --HOLE-- [fill = 0]
                  7007dd0c    00000018     freertos.am263x.r5f.ti-arm-clang.release.lib : TaskP_freertos.obj (.text.TaskP_Params_init)
                  7007dd24    00000018                                                  : TimerP_rti.obj (.text.TimerP_getCount)
                  7007dd3c    00000018                                                  : boot_armv7r.obj (.text._system_pre_init)
                  7007dd54    00000018                                                  : queue.obj (.text.prvIsQueueEmpty)
                  7007dd6c    00000018                                                  : tasks.obj (.text.pvTaskIncrementMutexHeldCount)
                  7007dd84    00000018                                                  : tasks.obj (.text.vTaskEnterCritical)
                  7007dd9c    00000018                                                  : port.obj (.text.xPortStartScheduler)
                  7007ddb4    00000018                                                  : tasks.obj (.text.xTaskGetTickCount)
                  7007ddcc    00000018     libc.a : memset32.S.obj (.text:TI_memset_small)
                  7007dde4    00000016     drivers.am263x.r5f.ti-arm-clang.release.lib : i2c_v1_lld.obj (.text.I2C_lld_Transaction_init)
                  7007ddfa    00000016                                                 : uart_v0_lld.obj (.text.UART_IsTxRxFifoEmpty)
                  7007de10    00000016                                                 : uart_v0_lld.obj (.text.UART_checkCharsAvailInFifo)
                  7007de26    00000016                                                 : uart_v0_lld.obj (.text.UART_getIntrIdentityStatus)
                  7007de3c    00000016                                                 : uart_v0_lld.obj (.text.UART_getRxError)
                  7007de52    00000016     freertos.am263x.r5f.ti-arm-clang.release.lib : list.obj (.text.vListInitialise)
                  7007de68    00000014                                                  : ClockP_freertos.obj (.text.ClockP_usecToTicks)
                  7007de7c    00000014     drivers.am263x.r5f.ti-arm-clang.release.lib : edma.obj (.text.EDMA_getRegionId)
                  7007de90    00000014     board.am263x.r5f.ti-arm-clang.release.lib : ethphy_dp83826e.obj (.text.ETHPHY_DP83826E_open)
                  7007dea4    00000014                                               : ethphy_dp83869.obj (.text.ETHPHY_DP83869_open)
                  7007deb8    00000014     drivers.am263x.r5f.ti-arm-clang.release.lib : uart_v0.obj (.text.UART_Transaction_init)
                  7007decc    00000014                                                 : uart_v0_lld.obj (.text.UART_enhanFuncBitValRestore)
                  7007dee0    00000012     ti_board_open_close.o (.text.Board_driversOpen)
                  7007def2    00000012     drivers.am263x.r5f.ti-arm-clang.release.lib : mdio_v0.obj (.text.MDIO_phyLinkStatus)
                  7007df04    00000012                                                 : uart_v0_lld.obj (.text.UART_hardwareFlowCtrlOptSet)
                  7007df16    00000012                                                 : uart_v0_lld.obj (.text.UART_operatingModeSelect)
                  7007df28    00000012                                                 : uart_v0_lld.obj (.text.UART_readLineStatus)
                  7007df3a    00000012     main.o (.text.freertos_main)
                  7007df4c    00000010     freertos.am263x.r5f.ti-arm-clang.release.lib : ClockP_freertos.obj (.text.ClockP_ticksToUsec)
                  7007df5c    00000010     drivers.am263x.r5f.ti-arm-clang.release.lib : mdio_v0.obj (.text.MDIO_initClock)
                  7007df6c    00000010                                                 : uart_v0_lld.obj (.text.UART_intr2Disable)
                  7007df7c    00000010     libclang_rt.builtins.a : aeabi_memset.S.obj (.text.__aeabi_memset)
                  7007df8c    00000010     libc.a : sscanf.c.obj (.text._uninpchar)
                  7007df9c    00000010     freertos.am263x.r5f.ti-arm-clang.release.lib : port.obj (.text.vPortYeildFromISR)
                  7007dfac    00000010                                                  : tasks.obj (.text.vTaskInternalSetTimeOutState)
                  7007dfbc    00000010                                                  : tasks.obj (.text.vTaskSuspendAll)
                  7007dfcc    0000000e     ti_drivers_open_close.o (.text.Drivers_open)
                  7007dfda    0000000e     drivers.am263x.r5f.ti-arm-clang.release.lib : edma.obj (.text.EDMA_ccPaRAMEntry_init)
                  7007dfe8    0000000e     board.am263x.r5f.ti-arm-clang.release.lib : eeprom.obj (.text.EEPROM_close)
                  7007dff6    0000000e                                               : ethphy.obj (.text.ETHPHY_close)
                  7007e004    0000000e     drivers.am263x.r5f.ti-arm-clang.release.lib : i2c_v1.obj (.text.I2C_transferCallback)
                  7007e012    0000000e     icss_emac.am263x.r5f.ti-arm-clang.release.lib : icss_emac.obj (.text.ICSS_EMAC_Params_init)
                  7007e020    0000000e     ti_pinmux_config.o (.text.Pinmux_init)
                  7007e02e    0000000e     ti_power_clock_config.o (.text.PowerClock_init)
                  7007e03c    0000000c     freertos.am263x.r5f.ti-arm-clang.release.lib : DebugP_uartLogWriter.obj (.text.DebugP_uartSetDrvIndex)
                  7007e048    0000000c     drivers.am263x.r5f.ti-arm-clang.release.lib : i2c_v1.obj (.text.I2C_Transaction_init)
                  7007e054    0000000c                                                 : soc.obj (.text.SOC_getSelfCpuClk)
                  7007e060    0000000c     libc.a : aeabi_portable.c.obj (.text.__aeabi_errno_addr)
                  7007e06c    0000000c     libclang_rt.builtins.a : aeabi_memset.S.obj (.text.__aeabi_memclr)
                  7007e078    0000000c     freertos.am263x.r5f.ti-arm-clang.release.lib : tasks.obj (.text.vTaskMissedYield)
                  7007e084    0000000c                                                  : tasks.obj (.text.xTaskGetCurrentTaskHandle)
                  7007e090    0000000c                                                  : CpuId_armv7r_asm.obj (.text)
                  7007e09c    0000000a                                                  : TimerP_rti.obj (.text.TimerP_getReloadCount)
                  7007e0a6    0000000a                                                  : TimerP_rti.obj (.text.TimerP_start)
                  7007e0b0    0000000a     drivers.am263x.r5f.ti-arm-clang.release.lib : uart_v0_lld.obj (.text.UART_lld_Transaction_deInit)
                  7007e0ba    0000000a     freertos.am263x.r5f.ti-arm-clang.release.lib : port.obj (.text.vApplicationIdleHook)
                  7007e0c4    00000008     icss_emac.am263x.r5f.ti-arm-clang.release.lib : icss_emac_learning.obj (.text.ICSS_EMAC_changePortState)
                  7007e0cc    00000008     freertos.am263x.r5f.ti-arm-clang.release.lib : TimerP_rti.obj (.text.TimerP_clearOverflowInt)
                  7007e0d4    00000008                                                  : printf.obj (.text._out_char)
                  7007e0dc    00000008                                                  : port.obj (.text.uiPortGetRunTimeCounterValue)
                  7007e0e4    00000006     drivers.am263x.r5f.ti-arm-clang.release.lib : edma.obj (.text.EDMA_isInterruptEnabled)
                  7007e0ea    00000006     board.am263x.r5f.ti-arm-clang.release.lib : ethphy.obj (.text.ETHPHY_Params_init)
                  7007e0f0    00000006     drivers.am263x.r5f.ti-arm-clang.release.lib : pruicss_m_v0.obj (.text.PRUICSS_getVersion)
                  7007e0f6    00000006                                                 : soc.obj (.text.SOC_moduleClockEnable)
                  7007e0fc    00000006                                                 : soc_rcm.obj (.text.SOC_rcmGetCR5SysclkInFrequency)
                  7007e102    00000006     freertos.am263x.r5f.ti-arm-clang.release.lib : SemaphoreP_freertos.obj (.text.SemaphoreP_destruct)
                  7007e108    00000006                                                  : port.obj (.text.prvTaskExitError)
                  7007e10e    00000006                                                  : list.obj (.text.vListInitialiseItem)
                  7007e114    00000004                                                  : ClockP_freertos_r5.obj (.text.ClockP_timerClearOverflowInt)
                  7007e118    00000004     drivers.am263x.r5f.ti-arm-clang.release.lib : pruicss_m_v0.obj (.text.PRUICSS_init)
                  7007e11c    00000004     freertos.am263x.r5f.ti-arm-clang.release.lib : TaskP_freertos.obj (.text.TaskP_yield)
                  7007e120    00000004     libclang_rt.builtins.a : aeabi_div0.c.obj (.text.__aeabi_idiv0)
                  7007e124    00000004                            : aeabi_memcpy.S.obj (.text.__aeabi_memcpy)
                  7007e128    00000004     libc.a : _lock.c.obj (.text._nop)
                  7007e12c    00000004     ti_dpl_config.o (.text.putchar_)
                  7007e130    00000004     libclang_rt.builtins.a : aeabi_div0.c.obj (.text.__aeabi_ldiv0)
                  7007e134    00000008                            : aeabi_memcpy.S.obj (.tramp.__aeabi_memcpy8.1)
                  7007e13c    00000008     freertos.am263x.r5f.ti-arm-clang.release.lib : HwiP_armv7r_asm.obj (.tramp.HwiP_enable.1)
                  7007e144    00000008                                                  : PmuP_armv7r_asm.obj (.tramp.PmuP_enableCounters.1)
                  7007e14c    00000004     --HOLE-- [fill = 0]

.rodata    0    7007e150    00005120     
                  7007e150    000014dc     test_emac.o (.rodata.PRU0_b00)
                  7007f62c    000014b4     test_emac.o (.rodata.PRU1_b00)
                  70080ae0    0000016c     test_emac.o (.rodata..L__const.ICSS_EMAC_ConfigInit.pruss_intc_initdata)
                  70080c4c    00000139     icss_emac.am263x.r5f.ti-arm-clang.release.lib : icss_emac.obj (.rodata.str1.17740216742519356431)
                  70080d85    0000000b     freertos.am263x.r5f.ti-arm-clang.release.lib : tasks.obj (.rodata.str1.11911177040503379741)
                  70080d90    00000101     libc.a : aeabi_ctype.S.obj (.rodata:__aeabi_ctype_table_)
                  70080e91    0000009b     icss_emac.am263x.r5f.ti-arm-clang.release.lib : icss_emac.obj (.rodata.str1.146715191561366062441)
                  70080f2c    00000084     ti_dpl_config.o (.rodata.cfg)
                  70080fb0    00000082     freertos.am263x.r5f.ti-arm-clang.release.lib : tasks.obj (.rodata.str1.35094467418371808881)
                  70081032    00000006     libc.a : _scanfi.c.obj (.rodata._sproc_int.barr)
                  70081038    00000080            : strtod.c.obj (.rodata.digits)
                  700810b8    00000077     icss_emac.am263x.r5f.ti-arm-clang.release.lib : icss_emac.obj (.rodata.str1.141410063085531448931)
                  7008112f    0000006b     freertos.am263x.r5f.ti-arm-clang.release.lib : queue.obj (.rodata.str1.141940174562607130321)
                  7008119a    00000065                                                  : queue.obj (.rodata.str1.111608391506778058741)
                  700811ff    00000062                                                  : queue.obj (.rodata.str1.97075527348778053441)
                  70081261    0000005f                                                  : queue.obj (.rodata.str1.114907725057876044971)
                  700812c0    0000005d                                                  : queue.obj (.rodata.str1.183044189028674907331)
                  7008131d    0000005c                                                  : ClockP_freertos_r5.obj (.rodata.str1.40321079418843659821)
                  70081379    00000059                                                  : queue.obj (.rodata.str1.182701567456599862741)
                  700813d2    00000002     --HOLE-- [fill = 0]
                  700813d4    00000058     drivers.am263x.r5f.ti-arm-clang.release.lib : pruicss_m_v0_cfg.obj (.rodata.gPruIcssHwAttrs_ICSSM0)
                  7008142c    00000004     freertos.am263x.r5f.ti-arm-clang.release.lib : CacheP_armv7r.obj (.rodata.gCacheL1dCacheLineSize)
                  70081430    00000050                                                  : printf.obj (.rodata._ftoa.pow10)
                  70081480    0000004f                                                  : tasks.obj (.rodata.str1.21285386633116864331)
                  700814cf    0000004a                                                  : queue.obj (.rodata.str1.147229376489009400541)
                  70081519    0000004a                                                  : queue.obj (.rodata.str1.64809264458032822611)
                  70081563    00000049                                                  : TaskP_freertos.obj (.rodata.str1.63952001930204192471)
                  700815ac    00000048     drivers.am263x.r5f.ti-arm-clang.release.lib : soc_rcm.obj (.rodata.gADPLLJConfigTbl)
                  700815f4    00000004     freertos.am263x.r5f.ti-arm-clang.release.lib : CacheP_armv7r.obj (.rodata.gCacheL1pCacheLineSize)
                  700815f8    00000048     libc.a : strtod.c.obj (.rodata.powerof10)
                  70081640    00000042     freertos.am263x.r5f.ti-arm-clang.release.lib : TaskP_freertos.obj (.rodata.str1.118038048322696227751)
                  70081682    00000040     test_emac.o (.rodata.str1.121833858210711137111)
                  700816c2    0000003f     freertos.am263x.r5f.ti-arm-clang.release.lib : port.obj (.rodata.str1.46439670207802211051)
                  70081701    0000003e                                                  : tasks.obj (.rodata.str1.136965813453778504241)
                  7008173f    0000003d     icss_emac.am263x.r5f.ti-arm-clang.release.lib : icss_emac.obj (.rodata.str1.105761251382021832261)
                  7008177c    0000003d                                                   : icss_emac.obj (.rodata.str1.10646545862568590051)
                  700817b9    0000003d     freertos.am263x.r5f.ti-arm-clang.release.lib : TimerP_rti.obj (.rodata.str1.173554094149329783161)
                  700817f6    0000003d     icss_emac.am263x.r5f.ti-arm-clang.release.lib : icss_emac.obj (.rodata.str1.86597716709204681411)
                  70081833    0000003c                                                   : icss_emac.obj (.rodata.str1.158552782457669602101)
                  7008186f    0000003b                                                   : icss_emac.obj (.rodata.str1.176519675794460550661)
                  700818aa    00000039     freertos.am263x.r5f.ti-arm-clang.release.lib : queue.obj (.rodata.str1.155751931963463417611)
                  700818e3    00000038     test_emac.o (.rodata.str1.44286314708515201341)
                  7008191b    00000037     freertos.am263x.r5f.ti-arm-clang.release.lib : SemaphoreP_freertos.obj (.rodata.str1.101306302737560956511)
                  70081952    00000037     ti_board_open_close.o (.rodata.str1.158514076447486314621)
                  70081989    00000037     ti_board_open_close.o (.rodata.str1.37579006416461608171)
                  700819c0    00000035     ti_drivers_open_close.o (.rodata.str1.180798386837276072261)
                  700819f5    00000034     ti_drivers_open_close.o (.rodata.str1.93079820704098108021)
                  70081a29    00000033     test_emac.o (.rodata.str1.159677573501995254861)
                  70081a5c    00000031     test_emac.o (.rodata.str1.104976268168055306231)
                  70081a8d    00000031     freertos.am263x.r5f.ti-arm-clang.release.lib : timers.obj (.rodata.str1.118691063449689221261)
                  70081abe    0000002e                                                  : queue.obj (.rodata.str1.169224295655360559331)
                  70081aec    0000002e     test_emac.o (.rodata.str1.47822869453286165221)
                  70081b1a    0000002e     freertos.am263x.r5f.ti-arm-clang.release.lib : tasks.obj (.rodata.str1.48156116803641952041)
                  70081b48    0000002d                                                  : TaskP_freertos.obj (.rodata.str1.152913673889732191091)
                  70081b75    00000003     test_emac.o (.rodata.str1.149705125651978321541)
                  70081b78    0000002c     drivers.am263x.r5f.ti-arm-clang.release.lib : i2c_v1.obj (.rodata.I2C_defaultTransaction)
                  70081ba4    0000002a     freertos.am263x.r5f.ti-arm-clang.release.lib : queue.obj (.rodata.str1.117220106563095428321)
                  70081bce    0000002a                                                  : queue.obj (.rodata.str1.131109953815054904231)
                  70081bf8    0000002a                                                  : TaskP_freertos.obj (.rodata.str1.137963562709358036271)
                  70081c22    0000002a                                                  : DebugP_log.obj (.rodata.str1.83863751503234361091)
                  70081c4c    00000029                                                  : tasks.obj (.rodata.str1.163419493628046240901)
                  70081c75    00000028                                                  : queue.obj (.rodata.str1.66838038054841833861)
                  70081c9d    00000027                                                  : tasks.obj (.rodata.str1.154345579020199312091)
                  70081cc4    00000027                                                  : ClockP_freertos_r5.obj (.rodata.str1.174039377942727712421)
                  70081ceb    00000027                                                  : queue.obj (.rodata.str1.96981306251351186341)
                  70081d12    00000027     test_emac.o (.rodata.str1.99719924835642867341)
                  70081d39    00000026     test_emac.o (.rodata.str1.165914610270918147761)
                  70081d5f    00000026     test_emac.o (.rodata.str1.170533437571209986561)
                  70081d85    00000026     freertos.am263x.r5f.ti-arm-clang.release.lib : tasks.obj (.rodata.str1.84784629205457660741)
                  70081dab    00000025     test_emac.o (.rodata.str1.123873931603672085421)
                  70081dd0    00000025     freertos.am263x.r5f.ti-arm-clang.release.lib : queue.obj (.rodata.str1.157319839281776338901)
                  70081df5    00000025                                                  : tasks.obj (.rodata.str1.164771349851604497811)
                  70081e1a    00000025     icss_emac.am263x.r5f.ti-arm-clang.release.lib : icss_emac.obj (.rodata.str1.167796427357156062861)
                  70081e3f    00000024     freertos.am263x.r5f.ti-arm-clang.release.lib : tasks.obj (.rodata.str1.69153417865725730841)
                  70081e63    00000024     icss_emac.am263x.r5f.ti-arm-clang.release.lib : icss_emac.obj (.rodata.str1.74432381017745070171)
                  70081e87    00000024     main.o (.rodata.str1.97993385775340092391)
                  70081eab    00000024     icss_emac.am263x.r5f.ti-arm-clang.release.lib : icss_emac.obj (.rodata.str1.99569034231568724161)
                  70081ecf    00000023     drivers.am263x.r5f.ti-arm-clang.release.lib : soc_rcm.obj (.rodata.str1.148337355877052044771)
                  70081ef2    00000023     freertos.am263x.r5f.ti-arm-clang.release.lib : ClockP_freertos_r5.obj (.rodata.str1.150638469851462986011)
                  70081f15    00000022                                                  : TimerP_rti.obj (.rodata.str1.183751250849585402871)
                  70081f37    00000022                                                  : tasks.obj (.rodata.str1.2290074252429086771)
                  70081f59    00000022                                                  : tasks.obj (.rodata.str1.36029711656696298901)
                  70081f7b    00000022     drivers.am263x.r5f.ti-arm-clang.release.lib : edma.obj (.rodata.str1.71946734960229262581)
                  70081f9d    00000021     test_emac.o (.rodata.str1.147710343082777658361)
                  70081fbe    00000021     freertos.am263x.r5f.ti-arm-clang.release.lib : ClockP_freertos_r5.obj (.rodata.str1.159651826034932727571)
                  70081fdf    00000021                                                  : SemaphoreP_freertos.obj (.rodata.str1.58153449447620416071)
                  70082000    00000021                                                  : tasks.obj (.rodata.str1.79598815126972579641)
                  70082021    00000021                                                  : tasks.obj (.rodata.str1.98910482011056687671)
                  70082042    00000002     --HOLE-- [fill = 0]
                  70082044    00000020     drivers.am263x.r5f.ti-arm-clang.release.lib : uart_v0_lld.obj (.rodata.cst32)
                  70082064    00000020     test_emac.o (.rodata.str1.105523290593627678171)
                  70082084    00000020     test_emac.o (.rodata.str1.106261522082381313991)
                  700820a4    00000020     test_emac.o (.rodata.str1.108877629698960038661)
                  700820c4    00000020     test_emac.o (.rodata.str1.110049804218626632061)
                  700820e4    00000020     test_emac.o (.rodata.str1.112119408199906628731)
                  70082104    00000020     test_emac.o (.rodata.str1.122068297208539681641)
                  70082124    00000020     test_emac.o (.rodata.str1.124620526862968479931)
                  70082144    00000020     test_emac.o (.rodata.str1.124669041482638030871)
                  70082164    00000020     test_emac.o (.rodata.str1.127556901570092260591)
                  70082184    00000020     test_emac.o (.rodata.str1.135717360627393522071)
                  700821a4    00000020     test_emac.o (.rodata.str1.135786514805589093631)
                  700821c4    00000020     icss_emac.am263x.r5f.ti-arm-clang.release.lib : icss_emac.obj (.rodata.str1.137702060568361428771)
                  700821e4    00000020     test_emac.o (.rodata.str1.138180578502537742331)
                  70082204    00000020     test_emac.o (.rodata.str1.139548235207472731321)
                  70082224    00000020     test_emac.o (.rodata.str1.149002186287730411661)
                  70082244    00000020     test_emac.o (.rodata.str1.154849430754958364431)
                  70082264    00000020     test_emac.o (.rodata.str1.160694633818292498891)
                  70082284    00000020     drivers.am263x.r5f.ti-arm-clang.release.lib : uart_v0.obj (.rodata.str1.169394063705023262141)
                  700822a4    00000020     freertos.am263x.r5f.ti-arm-clang.release.lib : tasks.obj (.rodata.str1.173256952803158338481)
                  700822c4    00000020     test_emac.o (.rodata.str1.17491104055537406711)
                  700822e4    00000020     test_emac.o (.rodata.str1.182823164303586754531)
                  70082304    00000020     test_emac.o (.rodata.str1.2992762879975423981)
                  70082324    00000020     test_emac.o (.rodata.str1.30676587357576705961)
                  70082344    00000020     test_emac.o (.rodata.str1.32058048552060319671)
                  70082364    00000020     test_emac.o (.rodata.str1.32208373998840048891)
                  70082384    00000020     test_emac.o (.rodata.str1.33116729064614551141)
                  700823a4    00000020     icss_emac.am263x.r5f.ti-arm-clang.release.lib : icss_emac.obj (.rodata.str1.42627797190172812751)
                  700823c4    00000020     test_emac.o (.rodata.str1.43450404585329304581)
                  700823e4    00000020     test_emac.o (.rodata.str1.53936920391030628261)
                  70082404    00000020     test_emac.o (.rodata.str1.57403391991864502281)
                  70082424    00000020     test_emac.o (.rodata.str1.6185394995828231901)
                  70082444    00000020     test_emac.o (.rodata.str1.63345624846719421731)
                  70082464    00000020     test_emac.o (.rodata.str1.63669932277515572101)
                  70082484    00000020     test_emac.o (.rodata.str1.65550703814433841681)
                  700824a4    00000020     test_emac.o (.rodata.str1.66029562393872710201)
                  700824c4    00000020     test_emac.o (.rodata.str1.7468288060852450481)
                  700824e4    00000020     test_emac.o (.rodata.str1.75826967857227765111)
                  70082504    00000020     test_emac.o (.rodata.str1.76682487406204836101)
                  70082524    00000020     test_emac.o (.rodata.str1.88591624556109462441)
                  70082544    0000001f     freertos.am263x.r5f.ti-arm-clang.release.lib : ClockP_freertos_r5.obj (.rodata.str1.11445913706811365071)
                  70082563    0000001f     test_emac.o (.rodata.str1.21650898843836389201)
                  70082582    0000001e     icss_emac.am263x.r5f.ti-arm-clang.release.lib : icss_emac.obj (.rodata.str1.110788517153459238671)
                  700825a0    0000001e     freertos.am263x.r5f.ti-arm-clang.release.lib : port.obj (.rodata.str1.172055408752354613651)
                  700825be    0000001e     icss_emac.am263x.r5f.ti-arm-clang.release.lib : icss_emac.obj (.rodata.str1.32841296196276371691)
                  700825dc    0000001e     test_emac.o (.rodata.str1.87584310380312420721)
                  700825fa    0000001e     freertos.am263x.r5f.ti-arm-clang.release.lib : tasks.obj (.rodata.str1.96991310378637518431)
                  70082618    0000001d                                                  : TimerP_rti.obj (.rodata.str1.10649339995674681421)
                  70082635    0000001d     test_emac.o (.rodata.str1.12778452217729270361)
                  70082652    0000001d     freertos.am263x.r5f.ti-arm-clang.release.lib : TimerP_rti.obj (.rodata.str1.130346261167603257201)
                  7008266f    0000001d     icss_emac.am263x.r5f.ti-arm-clang.release.lib : icss_emac.obj (.rodata.str1.144336260592237104571)
                  7008268c    0000001d     drivers.am263x.r5f.ti-arm-clang.release.lib : uart_v0.obj (.rodata.str1.151873246111077803171)
                  700826a9    0000001c     test_emac.o (.rodata.str1.168344615428271352731)
                  700826c5    0000001c     freertos.am263x.r5f.ti-arm-clang.release.lib : TaskP_freertos.obj (.rodata.str1.20488114849095230911)
                  700826e1    0000001c                                                  : ClockP_freertos_r5.obj (.rodata.str1.44807435292555296461)
                  700826fd    0000001b                                                  : tasks.obj (.rodata.str1.115604734719323499911)
                  70082718    0000001b                                                  : timers.obj (.rodata.str1.118410620769520892031)
                  70082733    0000001b     test_emac.o (.rodata.str1.176449722242566387001)
                  7008274e    0000001b     drivers.am263x.r5f.ti-arm-clang.release.lib : edma.obj (.rodata.str1.27426942506473672571)
                  70082769    0000001b     freertos.am263x.r5f.ti-arm-clang.release.lib : SemaphoreP_freertos.obj (.rodata.str1.54880761511891225261)
                  70082784    0000001a                                                  : SemaphoreP_freertos.obj (.rodata.str1.113239132686834773161)
                  7008279e    0000001a     test_emac.o (.rodata.str1.131007731452498571711)
                  700827b8    0000001a     freertos.am263x.r5f.ti-arm-clang.release.lib : tasks.obj (.rodata.str1.139630980779555117321)
                  700827d2    0000001a                                                  : queue.obj (.rodata.str1.151229474153774359471)
                  700827ec    0000001a     drivers.am263x.r5f.ti-arm-clang.release.lib : soc_rcm.obj (.rodata.str1.166209547165797590351)
                  70082806    0000001a                                                 : i2c_v1.obj (.rodata.str1.180116306573902233401)
                  70082820    0000001a     test_emac.o (.rodata.str1.58963196748846470621)
                  7008283a    0000001a     freertos.am263x.r5f.ti-arm-clang.release.lib : tasks.obj (.rodata.str1.61687165741830068811)
                  70082854    00000019                                                  : queue.obj (.rodata.str1.124526672332049379801)
                  7008286d    00000019     test_emac.o (.rodata.str1.150639879279584110291)
                  70082886    00000019     freertos.am263x.r5f.ti-arm-clang.release.lib : TimerP_rti.obj (.rodata.str1.163340783655579610271)
                  7008289f    00000019                                                  : timers.obj (.rodata.str1.171292879472474763341)
                  700828b8    00000019                                                  : tasks.obj (.rodata.str1.21405417678311569961)
                  700828d1    00000019                                                  : queue.obj (.rodata.str1.81406749385322794401)
                  700828ea    00000019                                                  : queue.obj (.rodata.str1.89804141231073983161)
                  70082903    00000019                                                  : TaskP_freertos.obj (.rodata.str1.9739094191316291871)
                  7008291c    00000018     icss_emac.am263x.r5f.ti-arm-clang.release.lib : icss_emac.obj (.rodata..Lswitch.table.ICSS_EMAC_open)
                  70082934    00000004     freertos.am263x.r5f.ti-arm-clang.release.lib : printf.obj (.rodata.str1.127360175834607756121)
                  70082938    00000018     drivers.am263x.r5f.ti-arm-clang.release.lib : i2c_v1_lld.obj (.rodata.I2C_lld_defaultMessage)
                  70082950    00000018                                                 : soc_rcm.obj (.rodata.gControlssPllClkSrcValMap)
                  70082968    00000018                                                 : soc_rcm.obj (.rodata.gCptsClkSrcValMap)
                  70082980    00000018                                                 : soc_rcm.obj (.rodata.gI2cClkSrcValMap)
[...]
70079705  ICSS_EMAC_ageingRoutine              
700797c1  UART_lld_init                        
70079931  DebugP_readLine                      
700799e1  TaskP_loadUpdateAll                  
70079c95  vTaskPriorityDisinheritAfterTimeout  
70079d3d  I2C_close                            
70079e85  xTaskPriorityDisinherit              
70079f29  ICSS_EMAC_txPacket                   
70079fc9  UART_lld_readIntr                    
7007a069  ICSS_EMAC_vlanFilterConfig           
7007a105  EDMA_freeDmaChannel                  
7007a19d  EDMA_freeParam                       
7007a235  EDMA_freeTcc                         
7007a2cd  ICSS_EMAC_resetStormPreventionCounter
7007a365  ICSS_EMAC_findMAC                    
7007a3fb  EDMA_configureChannelRegion          
7007a491  I2C_lld_init                         
7007a525  eTaskGetState                        
7007a5b9  vTaskDelete                          
7007a64d  ICSS_EMAC_initLinkState              
7007a6dd  ICSS_EMAC_macInit                    
7007a76d  vTaskStartScheduler                  
7007a7fd  Board_ethPhyOpen                     
7007a889  UART_lld_dmaRead                     
7007a9a1  xTaskCheckForTimeOut                 
7007aa2d  UART_init                            
7007aab5  UART_procLineStatusErr               
7007ab3d  pxPortInitialiseStack                
7007abc5  ICSS_EMAC_switchInit                 
7007ac4b  ICSS_EMAC_updateRxStats              
7007acd1  ICSS_EMAC_validateFeatureSet         
7007ad55  UART_flushTxFifo                     
7007add5  main                                 
7007ae55  xTaskPriorityInherit                 
7007aed5  print_cpu_load                       
7007afcf  transmit_nPacket                     
7007b04d  vTaskGetInfo                         
7007b0c9  xTaskRemoveFromEventList             
7007b145  ICSS_EMAC_calcPort0BufferOffset      
7007b1bf  ICSS_EMAC_checkStormPreventionType   
7007b237  ICSS_EMAC_txInterruptHandler         
7007b323  printHelpMenu                        
7007b399  EEPROM_CAT24M_read                   
7007b40d  xQueueGenericReset                   
7007b481  printFrame                           
7007b4f1  xTimerCreateTimerTask                
7007b561  EDMA_disableTransferRegion           
7007b5cf  EDMA_enableTransferRegion            
7007b63d  I2C_lld_targetTransferIntr           
7007b6ab  UART_lld_readDma                     
7007b719  UART_lld_writeIntr                   
7007b787  UART_lld_writeDma                    
7007b7f4  atoi                                 
7007b861  xTimerGenericCommand                 
7007b8cd  ICSS_EMAC_incrementCounter           
7007b937  ICSS_EMAC_initStormPreventionTable   
7007b9a1  SemaphoreP_constructBinary           
7007ba09  _DebugP_logZone                      
7007bad9  MDIO_phyExtRegRead                   
7007bb3b  ICSS_EMAC_disableStormPrevention     
7007bb9b  ICSS_EMAC_enableStormPrevention      
7007bbfb  ICSS_EMAC_rxInterruptHandler         
7007bcbd  MDIO_phyExtRegWrite                  
7007bd19  SOC_controlModuleLockMMR             
7007bd75  SOC_controlModuleUnlockMMR           
7007bdd1  CycleCounterP_init                   
7007bde1  CycleCounterP_reset                  
7007be05  CycleCounterP_nsToTicks              
7007be89  Board_eepromOpen                     
7007bee1  ICSS_EMAC_memInit                    
7007bf39  ICSS_EMAC_purgeStats                 
7007bf91  _DebugP_assert                       
7007bfe8  __TI_auto_init_nobinit_nopinit       
7007c041  UART_readCancelNoCB                  
7007c097  UART_writeCancelNoCB                 
7007c0ed  ICSS_EMAC_hostMemInit                
7007c141  SemaphoreP_pend                      
7007c195  UART_intrDisable                     
7007c1e9  EDMA_allocDmaChannel                 
7007c239  EDMA_allocParam                      
7007c289  EDMA_allocTcc                        
7007c2d9  TaskP_destruct                       
7007c329  clearStatistics                      
7007c379  EDMA_disableChInShadowRegRegion      
7007c415  Drivers_i2cOpen                      
7007c461  Drivers_uartOpen                     
7007c4ad  Icss_socgetMACAddress                
7007c4f9  UART_lld_flushTxFifo                 
7007c591  vTaskDelay                           
7007c5dd  vTaskPlaceOnEventListRestricted      
7007c629  ICSS_EMAC_updateTxStats              
7007c673  SemaphoreP_post                      
7007c6bd  MDIO_phyRegRead                      
7007c705  xQueueGiveMutexRecursive             
7007c74d  vQueueWaitForMessageRestricted       
7007c7d7  PRUICSS_setIcssCfgMiiMode            
7007c81d  SemaphoreP_constructMutex            
7007c861  UART_Params_init                     
7007c8a5  UART_lld_deInitDma                   
7007c92d  xQueueTakeMutexRecursive             
7007c9b3  recieve_packet                       
7007c9f5  ClockP_getTimeUsec                   
7007ca35  Dpl_init                             
7007ca75  EDMA_mapChToEvtQ                     
7007cab5  ICSS_EMAC_readStats                  
7007caf5  Pinmux_config                        
7007cb35  UART_lld_deInit                      
7007cbb5  vTaskPlaceOnEventList                
7007cc33  MDIO_phyRegWrite                     
7007cc71  PRUICSS_setIcssCfgTxFifo             
7007ccb1  EDMA_getBaseAddr                     
7007cced  ICSS_EMAC_initLearningTable          
7007cddd  EEPROM_open                          
7007ce17  ETHPHY_open                          
7007ce51  ICSS_EMAC_hostInit                   
7007ce8d  DebugP_uartLogWriterPutChar          
7007cec5  ICSS_EMAC_init                       
7007cefd  TaskP_loadGetTotalCpuLoad            
7007cf35  vApplicationLoadHook                 
7007cf6d  vQueueDelete                         
7007cfa5  EDMA_clrMissEvtRegion                
7007cfdb  EEPROM_CAT24M_open                   
7007d011  ICSS_EMAC_promiscuousModeDeinit      
7007d047  ICSS_EMAC_promiscuousModeInit        
7007d07d  Module_clockSetFrequency             
7007d0b3  System_init                          
7007d0e9  ClockP_usleep                        
7007d11d  I2C_init                             
7007d151  ICSS_EMAC_osLinkTaskFnc              
7007d185  PRUICSS_writeMemory                  
7007d1b9  TaskP_loadResetAll                   
7007d221  EDMA_unmapChToEvtQ                   
7007d253  I2C_lld_transferIntr                 
7007d285  DebugP_scanf                         
7007d2e5  PRUICSS_setGpMuxSelect               
7007d315  PRUICSS_setGpiMode                   
7007d3a4  CycleCounterP_getCount32             
7007d3ac  PmuP_setup                           
7007d3b4  PmuP_enableCounters                  
7007d3bc  PmuP_disableCounters                 
7007d3c4  PmuP_getOverflowStatus               
7007d3cc  PmuP_clearOverflowStatus             
7007d3d5  xTaskGetIdleTaskHandle               
7007d405  EDMA_enableChInShadowRegRegion       
7007d433  I2C_lld_deInit                       
7007d461  ICSS_EMAC_mdioIntrEnableSwitch       
7007d48f  Module_clockEnable                   
7007d4bd  PRUICSS_disableCore                  
7007d4eb  PRUICSS_enableCore                   
7007d547  vListInsert                          
7007d575  ClockP_timerTickIsr                  
7007d5a1  I2C_getHandle                        
7007d5cd  PRUICSS_open                         
7007d5f9  SOC_rcmGetR5Clock                    
7007d625  UART_getHandle                       
7007d650  vsscanf                              
7007d67d  ICSS_EMAC_osTxTaskFnc                
7007d6cf  ICSS_EMAC_setCreditValue             
7007d6f9  SOC_moduleSetClockFrequency          
7007d721  UART_lld_dmaDisableChannel           
7007d749  vApplicationStackOverflowHook        
7007d771  vQueueUnregisterQueue                
7007d799  EDMA_setPaRAM                        
7007d7bf  I2C_lld_transferPoll                 
7007d7e5  ClockP_sleep                         
7007d809  ICSS_EMAC_purgeTable                 
7007d82d  TimerP_Params_init                   
7007d8bc  __aeabi_uldivmod                     
7007d94d  uxListRemove                         
7007d971  vPortTimerTickHandler                
7007d995  vQueueAddToRegistry                  
7007d9b9  vTaskExitCritical                    
7007d9dd  EDMA_linkChannel                     
7007da01  DebugP_logZoneEnable                 
7007da21  I2C_lld_Message_init                 
7007da81  UART_getChar                         
7007dac1  EEPROM_CAT24M_close                  
7007dadf  EEPROM_read                          
7007dafd  ETHPHY_command                       
7007db1b  PRUICSS_setIepClkSrc                 
7007db39  UART_spaceAvail                      
7007db57  xQueueCreateMutexStatic              
7007db91  SOC_rcmIsR5FInLockStepMode           
7007dbe5  vApplicationGetIdleTaskMemory        
7007dc01  vApplicationGetTimerTaskMemory       
7007dc1d  vprintf_                             
7007dc39  xTaskGetSchedulerState               
7007dc54  TI_memcpy_small                      
7007dc71  CSL_armR5GetCpuID                    
7007dc8b  EDMA_readEventStatusRegion           
7007dcbf  vListInsertEnd                       
7007dcd9  vPortFree                            
7007dcf3  ICSS_EMAC_mdioIntrEnable             
7007dd0d  TaskP_Params_init                    
7007dd25  TimerP_getCount                      
7007dd3d  _system_pre_init                     
7007dd6d  pvTaskIncrementMutexHeldCount        
7007dd85  vTaskEnterCritical                   
7007dd9d  xPortStartScheduler                  
7007ddb5  xTaskGetTickCount                    
7007ddcc  TI_memset_small                      
7007dde5  I2C_lld_Transaction_init             
7007ddfb  UART_IsTxRxFifoEmpty                 
7007de11  UART_checkCharsAvailInFifo           
7007de27  UART_getIntrIdentityStatus           
7007de53  vListInitialise                      
7007de69  ClockP_usecToTicks                   
7007de7d  EDMA_getRegionId                     
7007de91  ETHPHY_DP83826E_open                 
7007dea5  ETHPHY_DP83869_open                  
7007deb9  UART_Transaction_init                
7007dee1  Board_driversOpen                    
7007def3  MDIO_phyLinkStatus                   
7007df17  UART_operatingModeSelect             
7007df29  UART_readLineStatus                  
7007df3b  freertos_main                        
7007df4d  ClockP_ticksToUsec                   
7007df5d  MDIO_initClock                       
7007df6d  UART_intr2Disable                    
7007df7c  __aeabi_memset                       
7007df7c  __aeabi_memset4                      
7007df7c  __aeabi_memset8                      
7007df9d  vPortYeildFromISR                    
7007dfad  vTaskInternalSetTimeOutState         
7007dfbd  vTaskSuspendAll                      
7007dfcd  Drivers_open                         
7007dfdb  EDMA_ccPaRAMEntry_init               
7007dfe9  EEPROM_close                         
7007dff7  ETHPHY_close                         
7007e013  ICSS_EMAC_Params_init                
7007e021  Pinmux_init                          
7007e02f  PowerClock_init                      
7007e03d  DebugP_uartSetDrvIndex               
7007e049  I2C_Transaction_init                 
7007e055  SOC_getSelfCpuClk                    
7007e060  __aeabi_errno_addr                   
7007e06c  __aeabi_memclr                       
7007e06c  __aeabi_memclr4                      
7007e06c  __aeabi_memclr8                      
7007e079  vTaskMissedYield                     
7007e085  xTaskGetCurrentTaskHandle            
7007e090  CSL_armR5ReadMpidrReg                
7007e09d  TimerP_getReloadCount                
7007e0a7  TimerP_start                         
7007e0b1  UART_lld_Transaction_deInit          
7007e0bb  vApplicationIdleHook                 
7007e0c5  ICSS_EMAC_changePortState            
7007e0cd  TimerP_clearOverflowInt              
7007e0dd  uiPortGetRunTimeCounterValue         
7007e0e5  EDMA_isInterruptEnabled              
7007e0eb  ETHPHY_Params_init                   
7007e0f1  PRUICSS_getVersion                   
7007e0f7  SOC_moduleClockEnable                
7007e103  SemaphoreP_destruct                  
7007e10f  vListInitialiseItem                  
7007e115  ClockP_timerClearOverflowInt         
7007e119  PRUICSS_init                         
7007e11d  TaskP_yield                          
7007e120  __aeabi_idiv0                        
7007e124  __aeabi_memcpy                       
7007e124  __aeabi_memcpy4                      
7007e124  __aeabi_memcpy8                      
7007e128  _nop                                 
7007e12d  putchar_                             
7007e130  __aeabi_ldiv0                        
7007e150  PRU0_b00                             
7007f62c  PRU1_b00                             
70080d90  __aeabi_ctype_table_                 
70080d90  __aeabi_ctype_table_C                
70080f2c  gCacheConfig                         
70080f34  gMpuConfig                           
70080f40  gMpuRegionConfig                     
700813d4  gPruIcssHwAttrs_ICSSM0               
7008142c  gCacheL1dCacheLineSize               
700815ac  gADPLLJConfigTbl                     
700815f4  gCacheL1pCacheLineSize               
70081b78  I2C_defaultTransaction               
70082938  I2C_lld_defaultMessage               
700829b0  gPeripheralClkSrcInfoMap             
70083264  uxTopUsedPriority                    
70083271  HwiP_enableInt                       
70083299  HwiP_disableInt                      
700832c9  HwiP_restoreInt                      
700832d5  HwiP_clearInt                        
700832f5  HwiP_post                            
7008331d  HwiP_Params_init                     
70083331  HwiP_construct                       
70083459  HwiP_destruct                        
700834d1  HwiP_init                            
70083591  HwiP_inISR                           
700835a4  vPortRestoreTaskContext              
700835dc  HwiP_svc_handler                     
7008364c  HwiP_irq_handler                     
70083791  HwiP_irq_handler_c                   
70083821  HwiP_fiq_handler                     
700838a1  HwiP_reserved_handler                
700838c7  HwiP_undefined_handler               
700838ed  HwiP_prefetch_abort_handler          
70083913  HwiP_data_abort_handler_c            
70083938  HwiP_disable                         
70083948  HwiP_disableFIQ                      
70083958  HwiP_enable                          
70083968  HwiP_enableFIQ                       
70083978  HwiP_restore                         
70083980  HwiP_enableVIC                       
70083990  HwiP_disableVIC                      
700839a0  HwiP_getCPSR                         
700839a8  HwiP_data_abort_handler              
700839f8  CacheP_disableL1d                    
70083a20  CacheP_disableL1p                    
70083a38  CacheP_enableL1d                     
70083a50  CacheP_enableL1p                     
70083a68  CacheP_invL1d                        
70083aa0  CacheP_invL1p                        
70083adc  CacheP_invL1dAll                     
70083ae4  CacheP_invL1pAll                     
70083aec  CacheP_wb                            
70083b28  CacheP_wbInv                         
70083b64  CacheP_wbAll                         
70083c0c  CacheP_wbInvAll                      
70083c24  CacheP_wbInvAllAsm                   
70083cc4  CacheP_getEnabled                    
70083cfc  CacheP_getCacheLevelInfo             
70083d08  CacheP_configForceWrThru             
70083d28  CacheP_setDLFO                       
70083d39  CacheP_init                          
70083d91  CacheP_disable                       
70083dcb  CacheP_enable                        
70083deb  CacheP_inv                           
70083e29  MpuP_RegionAttrs_init                
70083e37  MpuP_setRegion                       
70083edb  MpuP_isEnable                        
70083edf  MpuP_disable                         
70083f11  MpuP_enable                          
70083f49  MpuP_init                            
70083fa8  MpuP_disableAsm                      
70083fc0  MpuP_disableBRAsm                    
70083fd0  MpuP_enableAsm                       
70083fe8  MpuP_enableBRAsm                     
70083ff8  MpuP_isEnableAsm                     
7008400c  MpuP_setRegionAsm                    
70084030  _c_int00_sbl                         
70084054  _c_int00                             
7008412d  _DebugP_assertNoLog                  
70084147  __mpu_init                           
70084158  C$$EXIT                              
70084158  abort                                
70084160  gEdmaConfig                          
70084160  gPruicssPinMuxCfg                    
70084160  gUartDmaHandle                       
70084288  icss_emacFwDynamicCfg                
70084340  icss_emacFwStaticCfg                 
70084594  TestFrame                            
700845f8  protocol_impl                        
7008465c  gUartParams                          
700846b4  pxCurrentTCB                         
700846b8  FreeRTOS_errno                       
70084760  icss_emacFwMulticastFilterCfg        
700847b8  gSocModulesClockFrequency            
700847dc  gClockConfig                         
700847f4  gEthPhyConfig                        
70084824  icss_emacFwVlanFilterCfg             
7008483c  ulCriticalNesting                    
70084840  ulPortYieldRequired                  
70084844  ulPortInterruptNesting               
70084848  ulPortSchedularRunning               
7008484c  gEepromFxns_CAT24M                   
7008485c  gEthPhyAttrs                         
7008486c  gEepromAttrs_CAT24M                  
70084878  gEepromConfig                        
70084884  gEthPhyFxns_DP83826E                 
70084890  gEthPhyFxns_DP83869                  
7008489c  gI2cParams                           
700848a8  gSocModules                          
700848bc  gEepromParams                        
700848c4  gI2cConfig                           
700848cc  gIcssEmacConfig                      
700848d4  gPruIcssConfig                       
700848e4  gUartConfig                          
700848ec  __aeabi_errno                        
70084906  numImplementedProtocols              
70084908  _lock                                
7008490c  _unlock                              
70084910  gDebugLogZone                        
70084914  gDebugP_uartDrvIndex                 
70084918  gEdmaConfigNum                       
7008491c  gEepromConfigNum                     
70084920  gEthPhyConfigNum                     
70084924  gHwiConfig                           
70084928  gI2cConfigNum                        
7008492c  gIcssEmacConfigNum                   
70084930  gPruIcssConfigNum                    
70084934  gUartConfigNum                       
70084938  gUartDmaChConfig                     
70084944  ulPortTaskHasFPUContext              
70084949  isMapAvailable                       
70084950  __IRQ_STACK_START                    
70084a50  __FIQ_STACK_START                    
70084a50  __IRQ_STACK_END                      
70084b50  __FIQ_STACK_END                      
70084b50  __SVC_STACK_START                    
70085b50  __ABORT_STACK_START                  
70085b50  __SVC_STACK_END                      
70085c50  __ABORT_STACK_END                    
70085c50  __UNDEFINED_STACK_START              
70085d50  __UNDEFINED_STACK_END                
ffffffff  __TI_pprof_out_hndl                  
ffffffff  __TI_prof_data_size                  
ffffffff  __TI_prof_data_start                 
ffffffff  __binit__                            
ffffffff  binit                                
UNDEFED   __TI_CINIT_Base                      
UNDEFED   __TI_CINIT_Limit                     
UNDEFED   __TI_Handler_Table_Base              
UNDEFED   __TI_Handler_Table_Limit             
UNDEFED   _system_post_cinit                   

[551 symbols]
