<?xml version="1.0" encoding="ISO-8859-1" ?>
<link_info>
   <banner>TI ARM Clang Linker PC v3.2.2.LTS</banner>
   <copyright>Copyright (c) 1996-2018 Texas Instruments Incorporated</copyright>
   <link_time>0x67495e27</link_time>
   <link_errors>0x0</link_errors>
   <output_file>C:\Users\A0503581\workspace_v12\icss_emac_layer2_am263x-cc_r5fss0-0_freertos_ti-arm-clang\Release\icss_emac_layer2_am263x-cc_r5fss0-0_freertos_ti-arm-clang.out</output_file>
   <entry_point>
      <name>_vectors</name>
      <address>0x0</address>
   </entry_point>
   <input_file_list>
      <input_file id="fl-1">
         <path>C:\Users\A0503581\workspace_v12\icss_emac_layer2_am263x-cc_r5fss0-0_freertos_ti-arm-clang\Release\.\syscfg\</path>
         <kind>object</kind>
         <file>ti_dpl_config.o</file>
         <name>ti_dpl_config.o</name>
      </input_file>
      <input_file id="fl-2">
         <path>C:\Users\A0503581\workspace_v12\icss_emac_layer2_am263x-cc_r5fss0-0_freertos_ti-arm-clang\Release\.\syscfg\</path>
         <kind>object</kind>
         <file>ti_drivers_config.o</file>
         <name>ti_drivers_config.o</name>
      </input_file>
      <input_file id="fl-3">
         <path>C:\Users\A0503581\workspace_v12\icss_emac_layer2_am263x-cc_r5fss0-0_freertos_ti-arm-clang\Release\.\syscfg\</path>
         <kind>object</kind>
         <file>ti_drivers_open_close.o</file>
         <name>ti_drivers_open_close.o</name>
      </input_file>
      <input_file id="fl-4">
         <path>C:\Users\A0503581\workspace_v12\icss_emac_layer2_am263x-cc_r5fss0-0_freertos_ti-arm-clang\Release\.\syscfg\</path>
         <kind>object</kind>
         <file>ti_pinmux_config.o</file>
         <name>ti_pinmux_config.o</name>
      </input_file>
      <input_file id="fl-5">
         <path>C:\Users\A0503581\workspace_v12\icss_emac_layer2_am263x-cc_r5fss0-0_freertos_ti-arm-clang\Release\.\syscfg\</path>
         <kind>object</kind>
         <file>ti_power_clock_config.o</file>
         <name>ti_power_clock_config.o</name>
      </input_file>
      <input_file id="fl-6">
         <path>C:\Users\A0503581\workspace_v12\icss_emac_layer2_am263x-cc_r5fss0-0_freertos_ti-arm-clang\Release\.\syscfg\</path>
         <kind>object</kind>
         <file>ti_board_config.o</file>
         <name>ti_board_config.o</name>
      </input_file>
      <input_file id="fl-7">
         <path>C:\Users\A0503581\workspace_v12\icss_emac_layer2_am263x-cc_r5fss0-0_freertos_ti-arm-clang\Release\.\syscfg\</path>
         <kind>object</kind>
         <file>ti_board_open_close.o</file>
         <name>ti_board_open_close.o</name>
      </input_file>
      <input_file id="fl-8">
         <path>C:\Users\A0503581\workspace_v12\icss_emac_layer2_am263x-cc_r5fss0-0_freertos_ti-arm-clang\Release\.\syscfg\</path>
         <kind>object</kind>
         <file>ti_enet_config.o</file>
         <name>ti_enet_config.o</name>
      </input_file>
      <input_file id="fl-9">
         <path>C:\Users\A0503581\workspace_v12\icss_emac_layer2_am263x-cc_r5fss0-0_freertos_ti-arm-clang\Release\.\syscfg\</path>
         <kind>object</kind>
         <file>ti_enet_open_close.o</file>
         <name>ti_enet_open_close.o</name>
      </input_file>
      <input_file id="fl-a">
         <path>C:\Users\A0503581\workspace_v12\icss_emac_layer2_am263x-cc_r5fss0-0_freertos_ti-arm-clang\Release\.\syscfg\</path>
         <kind>object</kind>
         <file>ti_enet_soc.o</file>
         <name>ti_enet_soc.o</name>
      </input_file>
      <input_file id="fl-b">
         <path>C:\Users\A0503581\workspace_v12\icss_emac_layer2_am263x-cc_r5fss0-0_freertos_ti-arm-clang\Release\.\syscfg\</path>
         <kind>object</kind>
         <file>ti_enet_lwipif.o</file>
         <name>ti_enet_lwipif.o</name>
      </input_file>
      <input_file id="fl-c">
         <path>C:\Users\A0503581\workspace_v12\icss_emac_layer2_am263x-cc_r5fss0-0_freertos_ti-arm-clang\Release\.\</path>
         <kind>object</kind>
         <file>main.o</file>
         <name>main.o</name>
      </input_file>
      <input_file id="fl-d">
         <path>C:\Users\A0503581\workspace_v12\icss_emac_layer2_am263x-cc_r5fss0-0_freertos_ti-arm-clang\Release\.\</path>
         <kind>object</kind>
         <file>test_emac.o</file>
         <name>test_emac.o</name>
      </input_file>
      <input_file id="fl-1d">
         <path>C:\Users\A0503581\workspace_v12\icss_emac_layer2_am263x-cc_r5fss0-0_freertos_ti-arm-clang\Release\</path>
         <kind>object</kind>
         <file>&lt;internal&gt;</file>
         <name>&lt;internal&gt;</name>
      </input_file>
      <input_file id="fl-1e">
         <path>C:\ti\mcu_plus_sdk_am263x_09_02_00_56\source\kernel\freertos\lib\</path>
         <kind>archive</kind>
         <file>freertos.am263x.r5f.ti-arm-clang.release.lib</file>
         <name>DebugP_uartLogWriter.obj</name>
      </input_file>
      <input_file id="fl-1f">
         <path>C:\ti\mcu_plus_sdk_am263x_09_02_00_56\source\kernel\freertos\lib\</path>
         <kind>archive</kind>
         <file>freertos.am263x.r5f.ti-arm-clang.release.lib</file>
         <name>DebugP_uartScanf.obj</name>
      </input_file>
      <input_file id="fl-20">
         <path>C:\ti\mcu_plus_sdk_am263x_09_02_00_56\source\kernel\freertos\lib\</path>
         <kind>archive</kind>
         <file>freertos.am263x.r5f.ti-arm-clang.release.lib</file>
         <name>DebugP_log.obj</name>
      </input_file>
      <input_file id="fl-21">
         <path>C:\ti\mcu_plus_sdk_am263x_09_02_00_56\source\kernel\freertos\lib\</path>
         <kind>archive</kind>
         <file>freertos.am263x.r5f.ti-arm-clang.release.lib</file>
         <name>HwiP_armv7r_vim.obj</name>
      </input_file>
      <input_file id="fl-22">
         <path>C:\ti\mcu_plus_sdk_am263x_09_02_00_56\source\kernel\freertos\lib\</path>
         <kind>archive</kind>
         <file>freertos.am263x.r5f.ti-arm-clang.release.lib</file>
         <name>MpuP_armv7r.obj</name>
      </input_file>
      <input_file id="fl-23">
         <path>C:\ti\mcu_plus_sdk_am263x_09_02_00_56\source\kernel\freertos\lib\</path>
         <kind>archive</kind>
         <file>freertos.am263x.r5f.ti-arm-clang.release.lib</file>
         <name>CacheP_armv7r.obj</name>
      </input_file>
      <input_file id="fl-24">
         <path>C:\ti\mcu_plus_sdk_am263x_09_02_00_56\source\kernel\freertos\lib\</path>
         <kind>archive</kind>
         <file>freertos.am263x.r5f.ti-arm-clang.release.lib</file>
         <name>PmuP_armv7r.obj</name>
      </input_file>
      <input_file id="fl-25">
         <path>C:\ti\mcu_plus_sdk_am263x_09_02_00_56\source\kernel\freertos\lib\</path>
         <kind>archive</kind>
         <file>freertos.am263x.r5f.ti-arm-clang.release.lib</file>
         <name>ClockP_freertos.obj</name>
      </input_file>
      <input_file id="fl-26">
         <path>C:\ti\mcu_plus_sdk_am263x_09_02_00_56\source\kernel\freertos\lib\</path>
         <kind>archive</kind>
         <file>freertos.am263x.r5f.ti-arm-clang.release.lib</file>
         <name>ClockP_freertos_r5.obj</name>
      </input_file>
      <input_file id="fl-27">
         <path>C:\ti\mcu_plus_sdk_am263x_09_02_00_56\source\kernel\freertos\lib\</path>
         <kind>archive</kind>
         <file>freertos.am263x.r5f.ti-arm-clang.release.lib</file>
         <name>HwiP_armv7r_handlers_freertos.obj</name>
      </input_file>
      <input_file id="fl-28">
         <path>C:\ti\mcu_plus_sdk_am263x_09_02_00_56\source\kernel\freertos\lib\</path>
         <kind>archive</kind>
         <file>freertos.am263x.r5f.ti-arm-clang.release.lib</file>
         <name>DebugP_freertos.obj</name>
      </input_file>
      <input_file id="fl-29">
         <path>C:\ti\mcu_plus_sdk_am263x_09_02_00_56\source\kernel\freertos\lib\</path>
         <kind>archive</kind>
         <file>freertos.am263x.r5f.ti-arm-clang.release.lib</file>
         <name>TaskP_freertos.obj</name>
      </input_file>
      <input_file id="fl-2a">
         <path>C:\ti\mcu_plus_sdk_am263x_09_02_00_56\source\kernel\freertos\lib\</path>
         <kind>archive</kind>
         <file>freertos.am263x.r5f.ti-arm-clang.release.lib</file>
         <name>tasks.obj</name>
      </input_file>
      <input_file id="fl-2b">
         <path>C:\ti\mcu_plus_sdk_am263x_09_02_00_56\source\kernel\freertos\lib\</path>
         <kind>archive</kind>
         <file>freertos.am263x.r5f.ti-arm-clang.release.lib</file>
         <name>timers.obj</name>
      </input_file>
      <input_file id="fl-2c">
         <path>C:\ti\mcu_plus_sdk_am263x_09_02_00_56\source\kernel\freertos\lib\</path>
         <kind>archive</kind>
         <file>freertos.am263x.r5f.ti-arm-clang.release.lib</file>
         <name>queue.obj</name>
      </input_file>
      <input_file id="fl-2d">
         <path>C:\ti\mcu_plus_sdk_am263x_09_02_00_56\source\kernel\freertos\lib\</path>
         <kind>archive</kind>
         <file>freertos.am263x.r5f.ti-arm-clang.release.lib</file>
         <name>list.obj</name>
      </input_file>
      <input_file id="fl-2e">
         <path>C:\ti\mcu_plus_sdk_am263x_09_02_00_56\source\kernel\freertos\lib\</path>
         <kind>archive</kind>
         <file>freertos.am263x.r5f.ti-arm-clang.release.lib</file>
         <name>heap_3.obj</name>
      </input_file>
      <input_file id="fl-2f">
         <path>C:\ti\mcu_plus_sdk_am263x_09_02_00_56\source\kernel\freertos\lib\</path>
         <kind>archive</kind>
         <file>freertos.am263x.r5f.ti-arm-clang.release.lib</file>
         <name>port.obj</name>
      </input_file>
      <input_file id="fl-30">
         <path>C:\ti\mcu_plus_sdk_am263x_09_02_00_56\source\kernel\freertos\lib\</path>
         <kind>archive</kind>
         <file>freertos.am263x.r5f.ti-arm-clang.release.lib</file>
         <name>HwiP_armv7r_asm.obj</name>
      </input_file>
      <input_file id="fl-31">
         <path>C:\ti\mcu_plus_sdk_am263x_09_02_00_56\source\kernel\freertos\lib\</path>
         <kind>archive</kind>
         <file>freertos.am263x.r5f.ti-arm-clang.release.lib</file>
         <name>MpuP_armv7r_asm.obj</name>
      </input_file>
      <input_file id="fl-32">
         <path>C:\ti\mcu_plus_sdk_am263x_09_02_00_56\source\kernel\freertos\lib\</path>
         <kind>archive</kind>
         <file>freertos.am263x.r5f.ti-arm-clang.release.lib</file>
         <name>CacheP_armv7r_asm.obj</name>
      </input_file>
      <input_file id="fl-33">
         <path>C:\ti\mcu_plus_sdk_am263x_09_02_00_56\source\kernel\freertos\lib\</path>
         <kind>archive</kind>
         <file>freertos.am263x.r5f.ti-arm-clang.release.lib</file>
         <name>PmuP_armv7r_asm.obj</name>
      </input_file>
      <input_file id="fl-34">
         <path>C:\ti\mcu_plus_sdk_am263x_09_02_00_56\source\kernel\freertos\lib\</path>
         <kind>archive</kind>
         <file>freertos.am263x.r5f.ti-arm-clang.release.lib</file>
         <name>HwiP_armv7r_vectors_freertos_asm.obj</name>
      </input_file>
      <input_file id="fl-35">
         <path>C:\ti\mcu_plus_sdk_am263x_09_02_00_56\source\kernel\freertos\lib\</path>
         <kind>archive</kind>
         <file>freertos.am263x.r5f.ti-arm-clang.release.lib</file>
         <name>HwiP_armv7r_handlers_freertos_asm.obj</name>
      </input_file>
      <input_file id="fl-36">
         <path>C:\ti\mcu_plus_sdk_am263x_09_02_00_56\source\kernel\freertos\lib\</path>
         <kind>archive</kind>
         <file>freertos.am263x.r5f.ti-arm-clang.release.lib</file>
         <name>portASM.obj</name>
      </input_file>
      <input_file id="fl-37">
         <path>C:\ti\mcu_plus_sdk_am263x_09_02_00_56\source\kernel\freertos\lib\</path>
         <kind>archive</kind>
         <file>freertos.am263x.r5f.ti-arm-clang.release.lib</file>
         <name>TimerP_rti.obj</name>
      </input_file>
      <input_file id="fl-38">
         <path>C:\ti\mcu_plus_sdk_am263x_09_02_00_56\source\kernel\freertos\lib\</path>
         <kind>archive</kind>
         <file>freertos.am263x.r5f.ti-arm-clang.release.lib</file>
         <name>printf.obj</name>
      </input_file>
      <input_file id="fl-39">
         <path>C:\ti\mcu_plus_sdk_am263x_09_02_00_56\source\kernel\freertos\lib\</path>
         <kind>archive</kind>
         <file>freertos.am263x.r5f.ti-arm-clang.release.lib</file>
         <name>SemaphoreP_freertos.obj</name>
      </input_file>
      <input_file id="fl-3a">
         <path>C:\ti\mcu_plus_sdk_am263x_09_02_00_56\source\kernel\freertos\lib\</path>
         <kind>archive</kind>
         <file>freertos.am263x.r5f.ti-arm-clang.release.lib</file>
         <name>boot_armv7r_asm.obj</name>
      </input_file>
      <input_file id="fl-3b">
         <path>C:\ti\mcu_plus_sdk_am263x_09_02_00_56\source\kernel\freertos\lib\</path>
         <kind>archive</kind>
         <file>freertos.am263x.r5f.ti-arm-clang.release.lib</file>
         <name>boot_armv7r.obj</name>
      </input_file>
      <input_file id="fl-3c">
         <path>C:\ti\mcu_plus_sdk_am263x_09_02_00_56\source\drivers\lib\</path>
         <kind>archive</kind>
         <file>drivers.am263x.r5f.ti-arm-clang.release.lib</file>
         <name>i2c_v1.obj</name>
      </input_file>
      <input_file id="fl-3d">
         <path>C:\ti\mcu_plus_sdk_am263x_09_02_00_56\source\drivers\lib\</path>
         <kind>archive</kind>
         <file>drivers.am263x.r5f.ti-arm-clang.release.lib</file>
         <name>i2c_v1_lld.obj</name>
      </input_file>
      <input_file id="fl-3e">
         <path>C:\ti\mcu_plus_sdk_am263x_09_02_00_56\source\drivers\lib\</path>
         <kind>archive</kind>
         <file>drivers.am263x.r5f.ti-arm-clang.release.lib</file>
         <name>pinmux.obj</name>
      </input_file>
      <input_file id="fl-3f">
         <path>C:\ti\mcu_plus_sdk_am263x_09_02_00_56\source\drivers\lib\</path>
         <kind>archive</kind>
         <file>drivers.am263x.r5f.ti-arm-clang.release.lib</file>
         <name>pruicss_m_v0.obj</name>
      </input_file>
      <input_file id="fl-40">
         <path>C:\ti\mcu_plus_sdk_am263x_09_02_00_56\source\drivers\lib\</path>
         <kind>archive</kind>
         <file>drivers.am263x.r5f.ti-arm-clang.release.lib</file>
         <name>pruicss_m_v0_cfg.obj</name>
      </input_file>
      <input_file id="fl-41">
         <path>C:\ti\mcu_plus_sdk_am263x_09_02_00_56\source\drivers\lib\</path>
         <kind>archive</kind>
         <file>drivers.am263x.r5f.ti-arm-clang.release.lib</file>
         <name>soc.obj</name>
      </input_file>
      <input_file id="fl-42">
         <path>C:\ti\mcu_plus_sdk_am263x_09_02_00_56\source\drivers\lib\</path>
         <kind>archive</kind>
         <file>drivers.am263x.r5f.ti-arm-clang.release.lib</file>
         <name>soc_rcm.obj</name>
      </input_file>
      <input_file id="fl-43">
         <path>C:\ti\mcu_plus_sdk_am263x_09_02_00_56\source\drivers\lib\</path>
         <kind>archive</kind>
         <file>drivers.am263x.r5f.ti-arm-clang.release.lib</file>
         <name>uart_v0.obj</name>
      </input_file>
      <input_file id="fl-44">
         <path>C:\ti\mcu_plus_sdk_am263x_09_02_00_56\source\drivers\lib\</path>
         <kind>archive</kind>
         <file>drivers.am263x.r5f.ti-arm-clang.release.lib</file>
         <name>uart_v0_lld.obj</name>
      </input_file>
      <input_file id="fl-45">
         <path>C:\ti\mcu_plus_sdk_am263x_09_02_00_56\source\drivers\lib\</path>
         <kind>archive</kind>
         <file>drivers.am263x.r5f.ti-arm-clang.release.lib</file>
         <name>uart_dma_edma.obj</name>
      </input_file>
      <input_file id="fl-46">
         <path>C:\ti\mcu_plus_sdk_am263x_09_02_00_56\source\drivers\lib\</path>
         <kind>archive</kind>
         <file>drivers.am263x.r5f.ti-arm-clang.release.lib</file>
         <name>edma.obj</name>
      </input_file>
      <input_file id="fl-47">
         <path>C:\ti\mcu_plus_sdk_am263x_09_02_00_56\source\board\lib\</path>
         <kind>archive</kind>
         <file>board.am263x.r5f.ti-arm-clang.release.lib</file>
         <name>eeprom.obj</name>
      </input_file>
      <input_file id="fl-48">
         <path>C:\ti\mcu_plus_sdk_am263x_09_02_00_56\source\board\lib\</path>
         <kind>archive</kind>
         <file>board.am263x.r5f.ti-arm-clang.release.lib</file>
         <name>eeprom_cat24m.obj</name>
      </input_file>
      <input_file id="fl-49">
         <path>C:\ti\mcu_plus_sdk_am263x_09_02_00_56\source\board\lib\</path>
         <kind>archive</kind>
         <file>board.am263x.r5f.ti-arm-clang.release.lib</file>
         <name>ethphy.obj</name>
      </input_file>
      <input_file id="fl-4a">
         <path>C:\ti\mcu_plus_sdk_am263x_09_02_00_56\source\board\lib\</path>
         <kind>archive</kind>
         <file>board.am263x.r5f.ti-arm-clang.release.lib</file>
         <name>ethphy_dp83869.obj</name>
      </input_file>
      <input_file id="fl-4b">
         <path>C:\ti\mcu_plus_sdk_am263x_09_02_00_56\source\board\lib\</path>
         <kind>archive</kind>
         <file>board.am263x.r5f.ti-arm-clang.release.lib</file>
         <name>ethphy_dp83826e.obj</name>
      </input_file>
      <input_file id="fl-4c">
         <path>C:\ti\mcu_plus_sdk_am263x_09_02_00_56\source\networking\icss_emac\lib\</path>
         <kind>archive</kind>
         <file>icss_emac.am263x.r5f.ti-arm-clang.release.lib</file>
         <name>icss_emac.obj</name>
      </input_file>
      <input_file id="fl-4d">
         <path>C:\ti\mcu_plus_sdk_am263x_09_02_00_56\source\networking\icss_emac\lib\</path>
         <kind>archive</kind>
         <file>icss_emac.am263x.r5f.ti-arm-clang.release.lib</file>
         <name>icss_emac_learning.obj</name>
      </input_file>
      <input_file id="fl-4e">
         <path>C:\ti\mcu_plus_sdk_am263x_09_02_00_56\source\networking\icss_emac\lib\</path>
         <kind>archive</kind>
         <file>icss_emac.am263x.r5f.ti-arm-clang.release.lib</file>
         <name>icss_emac_local.obj</name>
      </input_file>
      <input_file id="fl-4f">
         <path>C:\ti\mcu_plus_sdk_am263x_09_02_00_56\source\networking\icss_emac\lib\</path>
         <kind>archive</kind>
         <file>icss_emac.am263x.r5f.ti-arm-clang.release.lib</file>
         <name>icss_emac_statistics.obj</name>
      </input_file>
      <input_file id="fl-50">
         <path>C:\ti\mcu_plus_sdk_am263x_09_02_00_56\source\networking\icss_emac\lib\</path>
         <kind>archive</kind>
         <file>icss_emac.am263x.r5f.ti-arm-clang.release.lib</file>
         <name>icss_emac_stormControl.obj</name>
      </input_file>
      <input_file id="fl-5f">
         <path>C:\ti\ccs1280\ccs\tools\compiler\ti-cgt-armllvm_3.2.2.LTS\lib\armv7r-ti-none-eabihf\c\</path>
         <kind>archive</kind>
         <file>libc.a</file>
         <name>sprintf.c.obj</name>
      </input_file>
      <input_file id="fl-60">
         <path>C:\ti\ccs1280\ccs\tools\compiler\ti-cgt-armllvm_3.2.2.LTS\lib\armv7r-ti-none-eabihf\c\</path>
         <kind>archive</kind>
         <file>libc.a</file>
         <name>sscanf.c.obj</name>
      </input_file>
      <input_file id="fl-61">
         <path>C:\ti\ccs1280\ccs\tools\compiler\ti-cgt-armllvm_3.2.2.LTS\lib\armv7r-ti-none-eabihf\c\</path>
         <kind>archive</kind>
         <file>libc.a</file>
         <name>aeabi_ctype.S.obj</name>
      </input_file>
      <input_file id="fl-62">
         <path>C:\ti\ccs1280\ccs\tools\compiler\ti-cgt-armllvm_3.2.2.LTS\lib\armv7r-ti-none-eabihf\c\</path>
         <kind>archive</kind>
         <file>libc.a</file>
         <name>exit.c.obj</name>
      </input_file>
      <input_file id="fl-63">
         <path>C:\ti\ccs1280\ccs\tools\compiler\ti-cgt-armllvm_3.2.2.LTS\lib\armv7r-ti-none-eabihf\c\</path>
         <kind>archive</kind>
         <file>libc.a</file>
         <name>_lock.c.obj</name>
      </input_file>
      <input_file id="fl-64">
         <path>C:\ti\ccs1280\ccs\tools\compiler\ti-cgt-armllvm_3.2.2.LTS\lib\armv7r-ti-none-eabihf\c\</path>
         <kind>archive</kind>
         <file>libc.a</file>
         <name>memory.c.obj</name>
      </input_file>
      <input_file id="fl-65">
         <path>C:\ti\ccs1280\ccs\tools\compiler\ti-cgt-armllvm_3.2.2.LTS\lib\armv7r-ti-none-eabihf\c\</path>
         <kind>archive</kind>
         <file>libc.a</file>
         <name>autoinit.c.obj</name>
      </input_file>
      <input_file id="fl-66">
         <path>C:\ti\ccs1280\ccs\tools\compiler\ti-cgt-armllvm_3.2.2.LTS\lib\armv7r-ti-none-eabihf\c\</path>
         <kind>archive</kind>
         <file>libc.a</file>
         <name>cpy_tbl.c.obj</name>
      </input_file>
      <input_file id="fl-67">
         <path>C:\ti\ccs1280\ccs\tools\compiler\ti-cgt-armllvm_3.2.2.LTS\lib\armv7r-ti-none-eabihf\c\</path>
         <kind>archive</kind>
         <file>libc.a</file>
         <name>_printfi.c.obj</name>
      </input_file>
      <input_file id="fl-68">
         <path>C:\ti\ccs1280\ccs\tools\compiler\ti-cgt-armllvm_3.2.2.LTS\lib\armv7r-ti-none-eabihf\c\</path>
         <kind>archive</kind>
         <file>libc.a</file>
         <name>_scanfi.c.obj</name>
      </input_file>
      <input_file id="fl-69">
         <path>C:\ti\ccs1280\ccs\tools\compiler\ti-cgt-armllvm_3.2.2.LTS\lib\armv7r-ti-none-eabihf\c\</path>
         <kind>archive</kind>
         <file>libc.a</file>
         <name>s_frexp.c.obj</name>
      </input_file>
      <input_file id="fl-6a">
         <path>C:\ti\ccs1280\ccs\tools\compiler\ti-cgt-armllvm_3.2.2.LTS\lib\armv7r-ti-none-eabihf\c\</path>
         <kind>archive</kind>
         <file>libc.a</file>
         <name>s_scalbn.c.obj</name>
      </input_file>
      <input_file id="fl-6b">
         <path>C:\ti\ccs1280\ccs\tools\compiler\ti-cgt-armllvm_3.2.2.LTS\lib\armv7r-ti-none-eabihf\c\</path>
         <kind>archive</kind>
         <file>libc.a</file>
         <name>aeabi_portable.c.obj</name>
      </input_file>
      <input_file id="fl-6c">
         <path>C:\ti\ccs1280\ccs\tools\compiler\ti-cgt-armllvm_3.2.2.LTS\lib\armv7r-ti-none-eabihf\c\</path>
         <kind>archive</kind>
         <file>libc.a</file>
         <name>_ltoa.c.obj</name>
      </input_file>
      <input_file id="fl-6d">
         <path>C:\ti\ccs1280\ccs\tools\compiler\ti-cgt-armllvm_3.2.2.LTS\lib\armv7r-ti-none-eabihf\c\</path>
         <kind>archive</kind>
         <file>libc.a</file>
         <name>assert.c.obj</name>
      </input_file>
      <input_file id="fl-6e">
         <path>C:\ti\ccs1280\ccs\tools\compiler\ti-cgt-armllvm_3.2.2.LTS\lib\armv7r-ti-none-eabihf\c\</path>
         <kind>archive</kind>
         <file>libc.a</file>
         <name>atoi.c.obj</name>
      </input_file>
      <input_file id="fl-6f">
         <path>C:\ti\ccs1280\ccs\tools\compiler\ti-cgt-armllvm_3.2.2.LTS\lib\armv7r-ti-none-eabihf\c\</path>
         <kind>archive</kind>
         <file>libc.a</file>
         <name>defs.c.obj</name>
      </input_file>
      <input_file id="fl-70">
         <path>C:\ti\ccs1280\ccs\tools\compiler\ti-cgt-armllvm_3.2.2.LTS\lib\armv7r-ti-none-eabihf\c\</path>
         <kind>archive</kind>
         <file>libc.a</file>
         <name>memccpy.c.obj</name>
      </input_file>
      <input_file id="fl-71">
         <path>C:\ti\ccs1280\ccs\tools\compiler\ti-cgt-armllvm_3.2.2.LTS\lib\armv7r-ti-none-eabihf\c\</path>
         <kind>archive</kind>
         <file>libc.a</file>
         <name>strtod.c.obj</name>
      </input_file>
      <input_file id="fl-72">
         <path>C:\ti\ccs1280\ccs\tools\compiler\ti-cgt-armllvm_3.2.2.LTS\lib\armv7r-ti-none-eabihf\c\</path>
         <kind>archive</kind>
         <file>libc.a</file>
         <name>strtol.c.obj</name>
      </input_file>
      <input_file id="fl-73">
         <path>C:\ti\ccs1280\ccs\tools\compiler\ti-cgt-armllvm_3.2.2.LTS\lib\armv7r-ti-none-eabihf\c\</path>
         <kind>archive</kind>
         <file>libc.a</file>
         <name>strtoll.c.obj</name>
      </input_file>
      <input_file id="fl-74">
         <path>C:\ti\ccs1280\ccs\tools\compiler\ti-cgt-armllvm_3.2.2.LTS\lib\armv7r-ti-none-eabihf\c\</path>
         <kind>archive</kind>
         <file>libc.a</file>
         <name>strtoul.c.obj</name>
      </input_file>
      <input_file id="fl-75">
         <path>C:\ti\ccs1280\ccs\tools\compiler\ti-cgt-armllvm_3.2.2.LTS\lib\armv7r-ti-none-eabihf\c\</path>
         <kind>archive</kind>
         <file>libc.a</file>
         <name>strtoull.c.obj</name>
      </input_file>
      <input_file id="fl-76">
         <path>C:\ti\ccs1280\ccs\tools\compiler\ti-cgt-armllvm_3.2.2.LTS\lib\armv7r-ti-none-eabihf\c\</path>
         <kind>archive</kind>
         <file>libc.a</file>
         <name>wcslen.c.obj</name>
      </input_file>
      <input_file id="fl-77">
         <path>C:\ti\ccs1280\ccs\tools\compiler\ti-cgt-armllvm_3.2.2.LTS\lib\armv7r-ti-none-eabihf\c\</path>
         <kind>archive</kind>
         <file>libc.a</file>
         <name>fflush.c.obj</name>
      </input_file>
      <input_file id="fl-78">
         <path>C:\ti\ccs1280\ccs\tools\compiler\ti-cgt-armllvm_3.2.2.LTS\lib\armv7r-ti-none-eabihf\c\</path>
         <kind>archive</kind>
         <file>libc.a</file>
         <name>fputs.c.obj</name>
      </input_file>
      <input_file id="fl-79">
         <path>C:\ti\ccs1280\ccs\tools\compiler\ti-cgt-armllvm_3.2.2.LTS\lib\armv7r-ti-none-eabihf\c\</path>
         <kind>archive</kind>
         <file>libc.a</file>
         <name>_io_perm.c.obj</name>
      </input_file>
      <input_file id="fl-7a">
         <path>C:\ti\ccs1280\ccs\tools\compiler\ti-cgt-armllvm_3.2.2.LTS\lib\armv7r-ti-none-eabihf\c\</path>
         <kind>archive</kind>
         <file>libc.a</file>
         <name>setvbuf.c.obj</name>
      </input_file>
      <input_file id="fl-7b">
         <path>C:\ti\ccs1280\ccs\tools\compiler\ti-cgt-armllvm_3.2.2.LTS\lib\armv7r-ti-none-eabihf\c\</path>
         <kind>archive</kind>
         <file>libc.a</file>
         <name>fopen.c.obj</name>
      </input_file>
      <input_file id="fl-7c">
         <path>C:\ti\ccs1280\ccs\tools\compiler\ti-cgt-armllvm_3.2.2.LTS\lib\armv7r-ti-none-eabihf\c\</path>
         <kind>archive</kind>
         <file>libc.a</file>
         <name>fseek.c.obj</name>
      </input_file>
      <input_file id="fl-7d">
         <path>C:\ti\ccs1280\ccs\tools\compiler\ti-cgt-armllvm_3.2.2.LTS\lib\armv7r-ti-none-eabihf\c\</path>
         <kind>archive</kind>
         <file>libc.a</file>
         <name>fclose.c.obj</name>
      </input_file>
      <input_file id="fl-8c">
         <path>C:\ti\ccs1280\ccs\tools\compiler\ti-cgt-armllvm_3.2.2.LTS\lib\armv7r-ti-none-eabihf\c\</path>
         <kind>archive</kind>
         <file>libsysbm.a</file>
         <name>write.c.obj</name>
      </input_file>
      <input_file id="fl-8d">
         <path>C:\ti\ccs1280\ccs\tools\compiler\ti-cgt-armllvm_3.2.2.LTS\lib\armv7r-ti-none-eabihf\c\</path>
         <kind>archive</kind>
         <file>libsysbm.a</file>
         <name>host_device.c.obj</name>
      </input_file>
      <input_file id="fl-8e">
         <path>C:\ti\ccs1280\ccs\tools\compiler\ti-cgt-armllvm_3.2.2.LTS\lib\armv7r-ti-none-eabihf\c\</path>
         <kind>archive</kind>
         <file>libsysbm.a</file>
         <name>remove.c.obj</name>
      </input_file>
      <input_file id="fl-8f">
         <path>C:\ti\ccs1280\ccs\tools\compiler\ti-cgt-armllvm_3.2.2.LTS\lib\armv7r-ti-none-eabihf\c\</path>
         <kind>archive</kind>
         <file>libsysbm.a</file>
         <name>open.c.obj</name>
      </input_file>
      <input_file id="fl-90">
         <path>C:\ti\ccs1280\ccs\tools\compiler\ti-cgt-armllvm_3.2.2.LTS\lib\armv7r-ti-none-eabihf\c\</path>
         <kind>archive</kind>
         <file>libsysbm.a</file>
         <name>lseek.c.obj</name>
      </input_file>
      <input_file id="fl-91">
         <path>C:\ti\ccs1280\ccs\tools\compiler\ti-cgt-armllvm_3.2.2.LTS\lib\armv7r-ti-none-eabihf\c\</path>
         <kind>archive</kind>
         <file>libsysbm.a</file>
         <name>close.c.obj</name>
      </input_file>
      <input_file id="fl-92">
         <path>C:\ti\ccs1280\ccs\tools\compiler\ti-cgt-armllvm_3.2.2.LTS\lib\armv7r-ti-none-eabihf\c\</path>
         <kind>archive</kind>
         <file>libsysbm.a</file>
         <name>unlink.c.obj</name>
      </input_file>
      <input_file id="fl-93">
         <path>C:\ti\ccs1280\ccs\tools\compiler\ti-cgt-armllvm_3.2.2.LTS\lib\armv7r-ti-none-eabihf\c\</path>
         <kind>archive</kind>
         <file>libsysbm.a</file>
         <name>hostclose.c.obj</name>
      </input_file>
      <input_file id="fl-94">
         <path>C:\ti\ccs1280\ccs\tools\compiler\ti-cgt-armllvm_3.2.2.LTS\lib\armv7r-ti-none-eabihf\c\</path>
         <kind>archive</kind>
         <file>libsysbm.a</file>
         <name>hostlseek.c.obj</name>
      </input_file>
      <input_file id="fl-95">
         <path>C:\ti\ccs1280\ccs\tools\compiler\ti-cgt-armllvm_3.2.2.LTS\lib\armv7r-ti-none-eabihf\c\</path>
         <kind>archive</kind>
         <file>libsysbm.a</file>
         <name>hostopen.c.obj</name>
      </input_file>
      <input_file id="fl-96">
         <path>C:\ti\ccs1280\ccs\tools\compiler\ti-cgt-armllvm_3.2.2.LTS\lib\armv7r-ti-none-eabihf\c\</path>
         <kind>archive</kind>
         <file>libsysbm.a</file>
         <name>hostread.c.obj</name>
      </input_file>
      <input_file id="fl-97">
         <path>C:\ti\ccs1280\ccs\tools\compiler\ti-cgt-armllvm_3.2.2.LTS\lib\armv7r-ti-none-eabihf\c\</path>
         <kind>archive</kind>
         <file>libsysbm.a</file>
         <name>hostrename.c.obj</name>
      </input_file>
      <input_file id="fl-98">
         <path>C:\ti\ccs1280\ccs\tools\compiler\ti-cgt-armllvm_3.2.2.LTS\lib\armv7r-ti-none-eabihf\c\</path>
         <kind>archive</kind>
         <file>libsysbm.a</file>
         <name>hostunlink.c.obj</name>
      </input_file>
      <input_file id="fl-99">
         <path>C:\ti\ccs1280\ccs\tools\compiler\ti-cgt-armllvm_3.2.2.LTS\lib\armv7r-ti-none-eabihf\c\</path>
         <kind>archive</kind>
         <file>libsysbm.a</file>
         <name>hostwrite.c.obj</name>
      </input_file>
      <input_file id="fl-9a">
         <path>C:\ti\ccs1280\ccs\tools\compiler\ti-cgt-armllvm_3.2.2.LTS\lib\armv7r-ti-none-eabihf\c\</path>
         <kind>archive</kind>
         <file>libsysbm.a</file>
         <name>trgmsg.c.obj</name>
      </input_file>
      <input_file id="fl-f2">
         <path>C:\ti\ccs1280\ccs\tools\compiler\ti-cgt-armllvm_3.2.2.LTS\lib\armv7r-ti-none-eabihf\c\</path>
         <kind>archive</kind>
         <file>libc.a</file>
         <name>getdevice.c.obj</name>
      </input_file>
      <input_file id="fl-f3">
         <path>C:\ti\ccs1280\ccs\tools\compiler\ti-cgt-armllvm_3.2.2.LTS\lib\armv7r-ti-none-eabihf\c\</path>
         <kind>archive</kind>
         <file>libc.a</file>
         <name>strcmp32.S.obj</name>
      </input_file>
      <input_file id="fl-f4">
         <path>C:\ti\ccs1280\ccs\tools\compiler\ti-cgt-armllvm_3.2.2.LTS\lib\clang\15.0.7\lib\armv7r-ti-none-eabihf\</path>
         <kind>archive</kind>
         <file>libclang_rt.builtins.a</file>
         <name>divsi3.S.obj</name>
      </input_file>
      <input_file id="fl-f5">
         <path>C:\ti\ccs1280\ccs\tools\compiler\ti-cgt-armllvm_3.2.2.LTS\lib\clang\15.0.7\lib\armv7r-ti-none-eabihf\</path>
         <kind>archive</kind>
         <file>libclang_rt.builtins.a</file>
         <name>udivsi3.S.obj</name>
      </input_file>
      <input_file id="fl-f6">
         <path>C:\ti\ccs1280\ccs\tools\compiler\ti-cgt-armllvm_3.2.2.LTS\lib\clang\15.0.7\lib\armv7r-ti-none-eabihf\</path>
         <kind>archive</kind>
         <file>libclang_rt.builtins.a</file>
         <name>aeabi_div0.c.obj</name>
      </input_file>
      <input_file id="fl-f7">
         <path>C:\ti\ccs1280\ccs\tools\compiler\ti-cgt-armllvm_3.2.2.LTS\lib\clang\15.0.7\lib\armv7r-ti-none-eabihf\</path>
         <kind>archive</kind>
         <file>libclang_rt.builtins.a</file>
         <name>aeabi_memcpy.S.obj</name>
      </input_file>
      <input_file id="fl-f8">
         <path>C:\ti\ccs1280\ccs\tools\compiler\ti-cgt-armllvm_3.2.2.LTS\lib\clang\15.0.7\lib\armv7r-ti-none-eabihf\</path>
         <kind>archive</kind>
         <file>libclang_rt.builtins.a</file>
         <name>aeabi_memset.S.obj</name>
      </input_file>
      <input_file id="fl-f9">
         <path>C:\ti\ccs1280\ccs\tools\compiler\ti-cgt-armllvm_3.2.2.LTS\lib\clang\15.0.7\lib\armv7r-ti-none-eabihf\</path>
         <kind>archive</kind>
         <file>libclang_rt.builtins.a</file>
         <name>aeabi_uldivmod.S.obj</name>
      </input_file>
      <input_file id="fl-fa">
         <path>C:\ti\ccs1280\ccs\tools\compiler\ti-cgt-armllvm_3.2.2.LTS\lib\clang\15.0.7\lib\armv7r-ti-none-eabihf\</path>
         <kind>archive</kind>
         <file>libclang_rt.builtins.a</file>
         <name>udivmoddi4.S.obj</name>
      </input_file>
      <input_file id="fl-fb">
         <path>C:\ti\ccs1280\ccs\tools\compiler\ti-cgt-armllvm_3.2.2.LTS\lib\armv7r-ti-none-eabihf\c\</path>
         <kind>archive</kind>
         <file>libc.a</file>
         <name>memcpy32.S.obj</name>
      </input_file>
      <input_file id="fl-fc">
         <path>C:\ti\ccs1280\ccs\tools\compiler\ti-cgt-armllvm_3.2.2.LTS\lib\armv7r-ti-none-eabihf\c\</path>
         <kind>archive</kind>
         <file>libc.a</file>
         <name>memset32.S.obj</name>
      </input_file>
      <input_file id="fl-fd">
         <path>C:\ti\mcu_plus_sdk_am263x_09_02_00_56\source\kernel\freertos\lib\</path>
         <kind>archive</kind>
         <file>freertos.am263x.r5f.ti-arm-clang.release.lib</file>
         <name>AddrTranslateP_null.obj</name>
      </input_file>
      <input_file id="fl-fe">
         <path>C:\ti\mcu_plus_sdk_am263x_09_02_00_56\source\kernel\freertos\lib\</path>
         <kind>archive</kind>
         <file>freertos.am263x.r5f.ti-arm-clang.release.lib</file>
         <name>CpuId_armv7r.obj</name>
      </input_file>
      <input_file id="fl-ff">
         <path>C:\ti\mcu_plus_sdk_am263x_09_02_00_56\source\kernel\freertos\lib\</path>
         <kind>archive</kind>
         <file>freertos.am263x.r5f.ti-arm-clang.release.lib</file>
         <name>CpuId_armv7r_asm.obj</name>
      </input_file>
      <input_file id="fl-100">
         <path>C:\ti\mcu_plus_sdk_am263x_09_02_00_56\source\drivers\lib\</path>
         <kind>archive</kind>
         <file>drivers.am263x.r5f.ti-arm-clang.release.lib</file>
         <name>mdio_v0.obj</name>
      </input_file>
   </input_file_list>
   <object_component_list>
      <object_component id="oc-2d">
         <name>.vectors</name>
         <load_address>0x0</load_address>
         <readonly>true</readonly>
         <executable>true</executable>
         <run_address>0x0</run_address>
         <size>0x40</size>
         <alignment>0x4</alignment>
         <input_file_ref idref="fl-34"/>
      </object_component>
      <object_component id="oc-7a">
         <name>.text.hwi</name>
         <load_address>0x70083270</load_address>
         <readonly>true</readonly>
         <executable>true</executable>
         <run_address>0x70083270</run_address>
         <size>0x332</size>
         <alignment>0x4</alignment>
         <input_file_ref idref="fl-21"/>
      </object_component>
      <object_component id="oc-5b">
         <name>.text.hwi</name>
         <load_address>0x700835a4</load_address>
         <readonly>true</readonly>
         <executable>true</executable>
         <run_address>0x700835a4</run_address>
         <size>0x1ec</size>
         <alignment>0x4</alignment>
         <input_file_ref idref="fl-36"/>
      </object_component>
      <object_component id="oc-57">
         <name>.text.hwi</name>
         <load_address>0x70083790</load_address>
         <readonly>true</readonly>
         <executable>true</executable>
         <run_address>0x70083790</run_address>
         <size>0x1a8</size>
         <alignment>0x4</alignment>
         <input_file_ref idref="fl-27"/>
      </object_component>
      <object_component id="oc-80">
         <name>.text.hwi</name>
         <load_address>0x70083938</load_address>
         <readonly>true</readonly>
         <executable>true</executable>
         <run_address>0x70083938</run_address>
         <size>0x70</size>
         <alignment>0x4</alignment>
         <input_file_ref idref="fl-30"/>
      </object_component>
      <object_component id="oc-5f">
         <name>.text.hwi</name>
         <load_address>0x700839a8</load_address>
         <readonly>true</readonly>
         <executable>true</executable>
         <run_address>0x700839a8</run_address>
         <size>0x48</size>
         <alignment>0x4</alignment>
         <input_file_ref idref="fl-35"/>
      </object_component>
      <object_component id="oc-5e7">
         <name>.tramp.HwiP_enableFIQ.1</name>
         <load_address>0x700839f0</load_address>
         <readonly>true</readonly>
         <executable>true</executable>
         <run_address>0x700839f0</run_address>
         <size>0x8</size>
         <alignment>0x4</alignment>
         <input_file_ref idref="fl-30"/>
      </object_component>
      <object_component id="oc-f0">
         <name>.text.cache</name>
         <load_address>0x700839f8</load_address>
         <readonly>true</readonly>
         <executable>true</executable>
         <run_address>0x700839f8</run_address>
         <size>0x340</size>
         <alignment>0x4</alignment>
         <input_file_ref idref="fl-32"/>
      </object_component>
      <object_component id="oc-9b">
         <name>.text.cache</name>
         <load_address>0x70083d38</load_address>
         <readonly>true</readonly>
         <executable>true</executable>
         <run_address>0x70083d38</run_address>
         <size>0xd8</size>
         <alignment>0x4</alignment>
         <input_file_ref idref="fl-23"/>
      </object_component>
      <object_component id="oc-5ea">
         <name>.tramp.CacheP_invL1d.1</name>
         <load_address>0x70083e10</load_address>
         <readonly>true</readonly>
         <executable>true</executable>
         <run_address>0x70083e10</run_address>
         <size>0x8</size>
         <alignment>0x4</alignment>
         <input_file_ref idref="fl-32"/>
      </object_component>
      <object_component id="oc-5e9">
         <name>.tramp.CacheP_enableL1p.1</name>
         <load_address>0x70083e18</load_address>
         <readonly>true</readonly>
         <executable>true</executable>
         <run_address>0x70083e18</run_address>
         <size>0x8</size>
         <alignment>0x4</alignment>
         <input_file_ref idref="fl-32"/>
      </object_component>
      <object_component id="oc-5e8">
         <name>.tramp.HwiP_restore.1</name>
         <load_address>0x70083e20</load_address>
         <readonly>true</readonly>
         <executable>true</executable>
         <run_address>0x70083e20</run_address>
         <size>0x8</size>
         <alignment>0x4</alignment>
         <input_file_ref idref="fl-30"/>
      </object_component>
      <object_component id="oc-97">
         <name>.text.mpu</name>
         <load_address>0x70083e28</load_address>
         <readonly>true</readonly>
         <executable>true</executable>
         <run_address>0x70083e28</run_address>
         <size>0x180</size>
         <alignment>0x4</alignment>
         <input_file_ref idref="fl-22"/>
      </object_component>
      <object_component id="oc-ec">
         <name>.text.mpu</name>
         <load_address>0x70083fa8</load_address>
         <readonly>true</readonly>
         <executable>true</executable>
         <run_address>0x70083fa8</run_address>
         <size>0x78</size>
         <alignment>0x4</alignment>
         <input_file_ref idref="fl-31"/>
      </object_component>
      <object_component id="oc-5ec">
         <name>.tramp.HwiP_restore.2</name>
         <load_address>0x70084020</load_address>
         <readonly>true</readonly>
         <executable>true</executable>
         <run_address>0x70084020</run_address>
         <size>0x8</size>
         <alignment>0x4</alignment>
         <input_file_ref idref="fl-30"/>
      </object_component>
      <object_component id="oc-5eb">
         <name>.tramp.MpuP_isEnableAsm.1</name>
         <load_address>0x70084028</load_address>
         <readonly>true</readonly>
         <executable>true</executable>
         <run_address>0x70084028</run_address>
         <size>0x8</size>
         <alignment>0x4</alignment>
         <input_file_ref idref="fl-31"/>
      </object_component>
      <object_component id="oc-53">
         <name>.text.boot</name>
         <load_address>0x70084030</load_address>
         <readonly>true</readonly>
         <executable>true</executable>
         <run_address>0x70084030</run_address>
         <size>0xfc</size>
         <alignment>0x4</alignment>
         <input_file_ref idref="fl-3a"/>
      </object_component>
      <object_component id="oc-d0">
         <name>.text.boot</name>
         <load_address>0x7008412c</load_address>
         <readonly>true</readonly>
         <executable>true</executable>
         <run_address>0x7008412c</run_address>
         <size>0x1a</size>
         <alignment>0x2</alignment>
         <input_file_ref idref="fl-20"/>
      </object_component>
      <object_component id="oc-69">
         <name>.text.boot</name>
         <load_address>0x70084146</load_address>
         <readonly>true</readonly>
         <executable>true</executable>
         <run_address>0x70084146</run_address>
         <size>0xe</size>
         <alignment>0x2</alignment>
         <input_file_ref idref="fl-1"/>
      </object_component>
      <object_component id="oc-d3">
         <name>.text:abort</name>
         <load_address>0x70084158</load_address>
         <readonly>true</readonly>
         <executable>true</executable>
         <run_address>0x70084158</run_address>
         <size>0x8</size>
         <alignment>0x4</alignment>
         <input_file_ref idref="fl-62"/>
      </object_component>
      <object_component id="oc-438">
         <name>.text.__TI_scanfi</name>
         <load_address>0x7006e600</load_address>
         <readonly>true</readonly>
         <executable>true</executable>
         <run_address>0x7006e600</run_address>
         <size>0x138c</size>
         <alignment>0x4</alignment>
         <input_file_ref idref="fl-68"/>
      </object_component>
      <object_component id="oc-526">
         <name>.text.ETHPHY_DP83869_command</name>
         <load_address>0x7006f98c</load_address>
         <readonly>true</readonly>
         <executable>true</executable>
         <run_address>0x7006f98c</run_address>
         <size>0x64e</size>
         <alignment>0x4</alignment>
         <input_file_ref idref="fl-4a"/>
      </object_component>
      <object_component id="oc-1b1">
         <name>.text.AddrTranslateP_getLocalAddr</name>
         <load_address>0x7006ffda</load_address>
         <readonly>true</readonly>
         <executable>true</executable>
         <run_address>0x7006ffda</run_address>
         <size>0x2</size>
         <alignment>0x2</alignment>
         <input_file_ref idref="fl-fd"/>
      </object_component>
      <object_component id="oc-2c9">
         <name>.text._vsnprintf</name>
         <load_address>0x7006ffdc</load_address>
         <readonly>true</readonly>
         <executable>true</executable>
         <run_address>0x7006ffdc</run_address>
         <size>0x598</size>
         <alignment>0x4</alignment>
         <input_file_ref idref="fl-38"/>
      </object_component>
      <object_component id="oc-350">
         <name>.text.ICSS_EMAC_ioctl</name>
         <load_address>0x70070574</load_address>
         <readonly>true</readonly>
         <executable>true</executable>
         <run_address>0x70070574</run_address>
         <size>0x540</size>
         <alignment>0x4</alignment>
         <input_file_ref idref="fl-4c"/>
      </object_component>
      <object_component id="oc-52e">
         <name>.text.ETHPHY_DP83826E_command</name>
         <load_address>0x70070ab4</load_address>
         <readonly>true</readonly>
         <executable>true</executable>
         <run_address>0x70070ab4</run_address>
         <size>0x522</size>
         <alignment>0x4</alignment>
         <input_file_ref idref="fl-4b"/>
      </object_component>
      <object_component id="oc-bb">
         <name>.text.Board_init</name>
         <load_address>0x70070fd6</load_address>
         <readonly>true</readonly>
         <executable>true</executable>
         <run_address>0x70070fd6</run_address>
         <size>0x2</size>
         <alignment>0x2</alignment>
         <input_file_ref idref="fl-6"/>
      </object_component>
      <object_component id="oc-4d0">
         <name>.text.strtod</name>
         <load_address>0x70070fd8</load_address>
         <readonly>true</readonly>
         <executable>true</executable>
         <run_address>0x70070fd8</run_address>
         <size>0x4cc</size>
         <alignment>0x8</alignment>
         <input_file_ref idref="fl-71"/>
      </object_component>
      <object_component id="oc-45b">
         <name>.text.ICSS_EMAC_txPacketEnqueue</name>
         <load_address>0x700714a4</load_address>
         <readonly>true</readonly>
         <executable>true</executable>
         <run_address>0x700714a4</run_address>
         <size>0x480</size>
         <alignment>0x2</alignment>
         <input_file_ref idref="fl-4c"/>
      </object_component>
      <object_component id="oc-433">
         <name>.text.ICSS_EMAC_switchConfig</name>
         <load_address>0x70071924</load_address>
         <readonly>true</readonly>
         <executable>true</executable>
         <run_address>0x70071924</run_address>
         <size>0x44c</size>
         <alignment>0x2</alignment>
         <input_file_ref idref="fl-4e"/>
      </object_component>
      <object_component id="oc-27f">
         <name>.text.ICSS_EMAC_open</name>
         <load_address>0x70071d70</load_address>
         <readonly>true</readonly>
         <executable>true</executable>
         <run_address>0x70071d70</run_address>
         <size>0x422</size>
         <alignment>0x4</alignment>
         <input_file_ref idref="fl-4c"/>
      </object_component>
      <object_component id="oc-50e">
         <name>.text.UART_edmaDoNothing</name>
         <load_address>0x70072192</load_address>
         <readonly>true</readonly>
         <executable>true</executable>
         <run_address>0x70072192</run_address>
         <size>0x2</size>
         <alignment>0x2</alignment>
         <input_file_ref idref="fl-45"/>
      </object_component>
      <object_component id="oc-2f4">
         <name>.text.SOC_rcmEnablePeripheralClock</name>
         <load_address>0x70072194</load_address>
         <readonly>true</readonly>
         <executable>true</executable>
         <run_address>0x70072194</run_address>
         <size>0x400</size>
         <alignment>0x4</alignment>
         <input_file_ref idref="fl-42"/>
      </object_component>
      <object_component id="oc-31a">
         <name>.text.ICSS_EMAC_rxPktGet</name>
         <load_address>0x70072594</load_address>
         <readonly>true</readonly>
         <executable>true</executable>
         <run_address>0x70072594</run_address>
         <size>0x330</size>
         <alignment>0x2</alignment>
         <input_file_ref idref="fl-4c"/>
      </object_component>
      <object_component id="oc-561">
         <name>.text.I2C_lld_primeTransferPoll</name>
         <load_address>0x700728c4</load_address>
         <readonly>true</readonly>
         <executable>true</executable>
         <run_address>0x700728c4</run_address>
         <size>0x32a</size>
         <alignment>0x2</alignment>
         <input_file_ref idref="fl-3d"/>
      </object_component>
      <object_component id="oc-3f8">
         <name>.text.UART_lld_errorCallback</name>
         <load_address>0x70072bee</load_address>
         <readonly>true</readonly>
         <executable>true</executable>
         <run_address>0x70072bee</run_address>
         <size>0x2</size>
         <alignment>0x2</alignment>
         <input_file_ref idref="fl-43"/>
      </object_component>
      <object_component id="oc-303">
         <name>.text.UART_open</name>
         <load_address>0x70072bf0</load_address>
         <readonly>true</readonly>
         <executable>true</executable>
         <run_address>0x70072bf0</run_address>
         <size>0x2fc</size>
         <alignment>0x4</alignment>
         <input_file_ref idref="fl-43"/>
      </object_component>
      <object_component id="oc-3e2">
         <name>.text.ClockP_getTicks</name>
         <load_address>0x70072eec</load_address>
         <readonly>true</readonly>
         <executable>true</executable>
         <run_address>0x70072eec</run_address>
         <size>0x4</size>
         <alignment>0x2</alignment>
         <input_file_ref idref="fl-25"/>
      </object_component>
      <object_component id="oc-3a6">
         <name>.text._etoa</name>
         <load_address>0x70072ef0</load_address>
         <readonly>true</readonly>
         <executable>true</executable>
         <run_address>0x70072ef0</run_address>
         <size>0x2d8</size>
         <alignment>0x8</alignment>
         <input_file_ref idref="fl-38"/>
      </object_component>
      <object_component id="oc-3a5">
         <name>.text._ftoa</name>
         <load_address>0x700731c8</load_address>
         <readonly>true</readonly>
         <executable>true</executable>
         <run_address>0x700731c8</run_address>
         <size>0x2bc</size>
         <alignment>0x8</alignment>
         <input_file_ref idref="fl-38"/>
      </object_component>
      <object_component id="oc-339">
         <name>.text.ICSS_EMAC_osInit</name>
         <load_address>0x70073484</load_address>
         <readonly>true</readonly>
         <executable>true</executable>
         <run_address>0x70073484</run_address>
         <size>0x294</size>
         <alignment>0x2</alignment>
         <input_file_ref idref="fl-4e"/>
      </object_component>
      <object_component id="oc-29d">
         <name>.text.printStatistics</name>
         <load_address>0x70073718</load_address>
         <readonly>true</readonly>
         <executable>true</executable>
         <run_address>0x70073718</run_address>
         <size>0x28e</size>
         <alignment>0x2</alignment>
         <input_file_ref idref="fl-d"/>
      </object_component>
      <object_component id="oc-3a9">
         <name>.text._out_null</name>
         <load_address>0x700739a6</load_address>
         <readonly>true</readonly>
         <executable>true</executable>
         <run_address>0x700739a6</run_address>
         <size>0x2</size>
         <alignment>0x2</alignment>
         <input_file_ref idref="fl-38"/>
      </object_component>
      <object_component id="oc-4dc">
         <name>.text.strtoll</name>
         <load_address>0x700739a8</load_address>
         <readonly>true</readonly>
         <executable>true</executable>
         <run_address>0x700739a8</run_address>
         <size>0x26c</size>
         <alignment>0x4</alignment>
         <input_file_ref idref="fl-73"/>
      </object_component>
      <object_component id="oc-421">
         <name>.text.ICSS_EMAC_macConfig</name>
         <load_address>0x70073c14</load_address>
         <readonly>true</readonly>
         <executable>true</executable>
         <run_address>0x70073c14</run_address>
         <size>0x260</size>
         <alignment>0x2</alignment>
         <input_file_ref idref="fl-4e"/>
      </object_component>
      <object_component id="oc-48c">
         <name>.text.UART_configInstance</name>
         <load_address>0x70073e74</load_address>
         <readonly>true</readonly>
         <executable>true</executable>
         <run_address>0x70073e74</run_address>
         <size>0x23c</size>
         <alignment>0x2</alignment>
         <input_file_ref idref="fl-44"/>
      </object_component>
      <object_component id="oc-4d8">
         <name>.text.strtoull</name>
         <load_address>0x700740b0</load_address>
         <readonly>true</readonly>
         <executable>true</executable>
         <run_address>0x700740b0</run_address>
         <size>0x238</size>
         <alignment>0x4</alignment>
         <input_file_ref idref="fl-75"/>
      </object_component>
      <object_component id="oc-2fd">
         <name>.text.I2C_open</name>
         <load_address>0x700742e8</load_address>
         <readonly>true</readonly>
         <executable>true</executable>
         <run_address>0x700742e8</run_address>
         <size>0x214</size>
         <alignment>0x4</alignment>
         <input_file_ref idref="fl-3c"/>
      </object_component>
      <object_component id="oc-44e">
         <name>.text.ICSS_EMAC_calcPort2BufferOffset</name>
         <load_address>0x700744fc</load_address>
         <readonly>true</readonly>
         <executable>true</executable>
         <run_address>0x700744fc</run_address>
         <size>0x210</size>
         <alignment>0x2</alignment>
         <input_file_ref idref="fl-4e"/>
      </object_component>
      <object_component id="oc-513">
         <name>.text.EDMA_freeChannelRegion</name>
         <load_address>0x7007470c</load_address>
         <readonly>true</readonly>
         <executable>true</executable>
         <run_address>0x7007470c</run_address>
         <size>0x200</size>
         <alignment>0x4</alignment>
         <input_file_ref idref="fl-46"/>
      </object_component>
      <object_component id="oc-211">
         <name>.text.prvTimerTask</name>
         <load_address>0x7007490c</load_address>
         <readonly>true</readonly>
         <executable>true</executable>
         <run_address>0x7007490c</run_address>
         <size>0x200</size>
         <alignment>0x4</alignment>
         <input_file_ref idref="fl-2b"/>
      </object_component>
      <object_component id="oc-4d4">
         <name>.text.strtol</name>
         <load_address>0x70074b0c</load_address>
         <readonly>true</readonly>
         <executable>true</executable>
         <run_address>0x70074b0c</run_address>
         <size>0x1f8</size>
         <alignment>0x4</alignment>
         <input_file_ref idref="fl-72"/>
      </object_component>
      <object_component id="oc-2f5">
         <name>.text.SOC_rcmSetPeripheralClock</name>
         <load_address>0x70074d04</load_address>
         <readonly>true</readonly>
         <executable>true</executable>
         <run_address>0x70074d04</run_address>
         <size>0x1ec</size>
         <alignment>0x4</alignment>
         <input_file_ref idref="fl-42"/>
      </object_component>
      <object_component id="oc-41e">
         <name>.text.ICSS_EMAC_pruicssMiiRtCfgInit</name>
         <load_address>0x70074ef0</load_address>
         <readonly>true</readonly>
         <executable>true</executable>
         <run_address>0x70074ef0</run_address>
         <size>0x1d8</size>
         <alignment>0x2</alignment>
         <input_file_ref idref="fl-4e"/>
      </object_component>
      <object_component id="oc-4cb">
         <name>.text.strtoul</name>
         <load_address>0x700750c8</load_address>
         <readonly>true</readonly>
         <executable>true</executable>
         <run_address>0x700750c8</run_address>
         <size>0x1d8</size>
         <alignment>0x4</alignment>
         <input_file_ref idref="fl-74"/>
      </object_component>
      <object_component id="oc-538">
         <name>.text.__udivsi3</name>
         <load_address>0x700752a0</load_address>
         <readonly>true</readonly>
         <executable>true</executable>
         <run_address>0x700752a0</run_address>
         <size>0x1d0</size>
         <alignment>0x4</alignment>
         <input_file_ref idref="fl-f5"/>
      </object_component>
      <object_component id="oc-386">
         <name>.text.free</name>
         <load_address>0x70075470</load_address>
         <readonly>true</readonly>
         <executable>true</executable>
         <run_address>0x70075470</run_address>
         <size>0x1b0</size>
         <alignment>0x4</alignment>
         <input_file_ref idref="fl-64"/>
      </object_component>
      <object_component id="oc-486">
         <name>.text.I2C_lld_controllerIsr</name>
         <load_address>0x70075620</load_address>
         <readonly>true</readonly>
         <executable>true</executable>
         <run_address>0x70075620</run_address>
         <size>0x1aa</size>
         <alignment>0x4</alignment>
         <input_file_ref idref="fl-3d"/>
      </object_component>
      <object_component id="oc-15a">
         <name>.text.vPortConfigTimerForRunTimeStats</name>
         <load_address>0x700757ca</load_address>
         <readonly>true</readonly>
         <executable>true</executable>
         <run_address>0x700757ca</run_address>
         <size>0x2</size>
         <alignment>0x2</alignment>
         <input_file_ref idref="fl-2f"/>
      </object_component>
      <object_component id="oc-2c8">
         <name>.text.xQueueSemaphoreTake</name>
         <load_address>0x700757cc</load_address>
         <readonly>true</readonly>
         <executable>true</executable>
         <run_address>0x700757cc</run_address>
         <size>0x1a4</size>
         <alignment>0x4</alignment>
         <input_file_ref idref="fl-2c"/>
      </object_component>
      <object_component id="oc-428">
         <name>.text.ICSS_EMAC_linkISR</name>
         <load_address>0x70075970</load_address>
         <readonly>true</readonly>
         <executable>true</executable>
         <run_address>0x70075970</run_address>
         <size>0x1a2</size>
         <alignment>0x2</alignment>
         <input_file_ref idref="fl-4c"/>
      </object_component>
      <object_component id="oc-38c">
         <name>.text.vPortValidateInterruptPriority</name>
         <load_address>0x70075b12</load_address>
         <readonly>true</readonly>
         <executable>true</executable>
         <run_address>0x70075b12</run_address>
         <size>0x2</size>
         <alignment>0x2</alignment>
         <input_file_ref idref="fl-2f"/>
      </object_component>
      <object_component id="oc-48d">
         <name>.text.UART_lld_dmaInit</name>
         <load_address>0x70075b14</load_address>
         <readonly>true</readonly>
         <executable>true</executable>
         <run_address>0x70075b14</run_address>
         <size>0x198</size>
         <alignment>0x4</alignment>
         <input_file_ref idref="fl-45"/>
      </object_component>
      <object_component id="oc-40e">
         <name>.text.ICSS_EMAC_updateHashTable</name>
         <load_address>0x70075cac</load_address>
         <readonly>true</readonly>
         <executable>true</executable>
         <run_address>0x70075cac</run_address>
         <size>0x190</size>
         <alignment>0x2</alignment>
         <input_file_ref idref="fl-4d"/>
      </object_component>
      <object_component id="oc-2cf">
         <name>.text.xQueueGenericSend</name>
         <load_address>0x70075e3c</load_address>
         <readonly>true</readonly>
         <executable>true</executable>
         <run_address>0x70075e3c</run_address>
         <size>0x184</size>
         <alignment>0x4</alignment>
         <input_file_ref idref="fl-2c"/>
      </object_component>
      <object_component id="oc-4bc">
         <name>.text.ICSS_EMAC_portInit</name>
         <load_address>0x70075fc0</load_address>
         <readonly>true</readonly>
         <executable>true</executable>
         <run_address>0x70075fc0</run_address>
         <size>0x17a</size>
         <alignment>0x2</alignment>
         <input_file_ref idref="fl-4e"/>
      </object_component>
      <object_component id="oc-1dd">
         <name>.text.TaskP_construct</name>
         <load_address>0x7007613c</load_address>
         <readonly>true</readonly>
         <executable>true</executable>
         <run_address>0x7007613c</run_address>
         <size>0x174</size>
         <alignment>0x4</alignment>
         <input_file_ref idref="fl-29"/>
      </object_component>
      <object_component id="oc-581">
         <name>.text.I2C_transfer</name>
         <load_address>0x700762b0</load_address>
         <readonly>true</readonly>
         <executable>true</executable>
         <run_address>0x700762b0</run_address>
         <size>0x170</size>
         <alignment>0x2</alignment>
         <input_file_ref idref="fl-3c"/>
      </object_component>
      <object_component id="oc-41d">
         <name>.text.PRUICSS_intcInit</name>
         <load_address>0x70076420</load_address>
         <readonly>true</readonly>
         <executable>true</executable>
         <run_address>0x70076420</run_address>
         <size>0x16e</size>
         <alignment>0x2</alignment>
         <input_file_ref idref="fl-3f"/>
      </object_component>
      <object_component id="oc-487">
         <name>.text.I2C_lld_targetIsr</name>
         <load_address>0x70076590</load_address>
         <readonly>true</readonly>
         <executable>true</executable>
         <run_address>0x70076590</run_address>
         <size>0x16c</size>
         <alignment>0x4</alignment>
         <input_file_ref idref="fl-3d"/>
      </object_component>
      <object_component id="oc-3fc">
         <name>.text.UART_lld_controllerIsr</name>
         <load_address>0x700766fc</load_address>
         <readonly>true</readonly>
         <executable>true</executable>
         <run_address>0x700766fc</run_address>
         <size>0x154</size>
         <alignment>0x2</alignment>
         <input_file_ref idref="fl-44"/>
      </object_component>
      <object_component id="oc-2db">
         <name>.text.xQueueReceive</name>
         <load_address>0x70076850</load_address>
         <readonly>true</readonly>
         <executable>true</executable>
         <run_address>0x70076850</run_address>
         <size>0x154</size>
         <alignment>0x4</alignment>
         <input_file_ref idref="fl-2c"/>
      </object_component>
      <object_component id="oc-1f6">
         <name>.text.ClockP_getTimerCount</name>
         <load_address>0x700769a4</load_address>
         <readonly>true</readonly>
         <executable>true</executable>
         <run_address>0x700769a4</run_address>
         <size>0x4</size>
         <alignment>0x2</alignment>
         <input_file_ref idref="fl-26"/>
      </object_component>
      <object_component id="oc-545">
         <name>.text.scalbn</name>
         <load_address>0x700769a8</load_address>
         <readonly>true</readonly>
         <executable>true</executable>
         <run_address>0x700769a8</run_address>
         <size>0x150</size>
         <alignment>0x8</alignment>
         <input_file_ref idref="fl-6a"/>
      </object_component>
      <object_component id="oc-4a0">
         <name>.text.UART_lld_dmaDeInit</name>
         <load_address>0x70076af8</load_address>
         <readonly>true</readonly>
         <executable>true</executable>
         <run_address>0x70076af8</run_address>
         <size>0x14c</size>
         <alignment>0x2</alignment>
         <input_file_ref idref="fl-45"/>
      </object_component>
      <object_component id="oc-589">
         <name>.text.SOC_virtToPhy</name>
         <load_address>0x70076c44</load_address>
         <readonly>true</readonly>
         <executable>true</executable>
         <run_address>0x70076c44</run_address>
         <size>0x140</size>
         <alignment>0x4</alignment>
         <input_file_ref idref="fl-41"/>
      </object_component>
      <object_component id="oc-306">
         <name>.text.UART_close</name>
         <load_address>0x70076d84</load_address>
         <readonly>true</readonly>
         <executable>true</executable>
         <run_address>0x70076d84</run_address>
         <size>0x138</size>
         <alignment>0x4</alignment>
         <input_file_ref idref="fl-43"/>
      </object_component>
      <object_component id="oc-41b">
         <name>.text.ICSS_EMAC_hostConfig</name>
         <load_address>0x70076ebc</load_address>
         <readonly>true</readonly>
         <executable>true</executable>
         <run_address>0x70076ebc</run_address>
         <size>0x134</size>
         <alignment>0x2</alignment>
         <input_file_ref idref="fl-4e"/>
      </object_component>
      <object_component id="oc-182">
         <name>.text.ClockP_init</name>
         <load_address>0x70076ff0</load_address>
         <readonly>true</readonly>
         <executable>true</executable>
         <run_address>0x70076ff0</run_address>
         <size>0x130</size>
         <alignment>0x4</alignment>
         <input_file_ref idref="fl-26"/>
      </object_component>
      <object_component id="oc-4bb">
         <name>.text.ICSS_EMAC_rxPktInfo2</name>
         <load_address>0x70077120</load_address>
         <readonly>true</readonly>
         <executable>true</executable>
         <run_address>0x70077120</run_address>
         <size>0x12e</size>
         <alignment>0x2</alignment>
         <input_file_ref idref="fl-4c"/>
      </object_component>
      <object_component id="oc-4c4">
         <name>.text.UART_lld_write</name>
         <load_address>0x7007724e</load_address>
         <readonly>true</readonly>
         <executable>true</executable>
         <run_address>0x7007724e</run_address>
         <size>0x128</size>
         <alignment>0x2</alignment>
         <input_file_ref idref="fl-44"/>
      </object_component>
      <object_component id="oc-567">
         <name>.text.Alloc_resource</name>
         <load_address>0x70077378</load_address>
         <readonly>true</readonly>
         <executable>true</executable>
         <run_address>0x70077378</run_address>
         <size>0x124</size>
         <alignment>0x4</alignment>
         <input_file_ref idref="fl-46"/>
      </object_component>
      <object_component id="oc-4bf">
         <name>.text.UART_lld_read</name>
         <load_address>0x7007749c</load_address>
         <readonly>true</readonly>
         <executable>true</executable>
         <run_address>0x7007749c</run_address>
         <size>0x122</size>
         <alignment>0x2</alignment>
         <input_file_ref idref="fl-44"/>
      </object_component>
      <object_component id="oc-22c">
         <name>.text.TimerP_setup</name>
         <load_address>0x700775c0</load_address>
         <readonly>true</readonly>
         <executable>true</executable>
         <run_address>0x700775c0</run_address>
         <size>0x120</size>
         <alignment>0x4</alignment>
         <input_file_ref idref="fl-37"/>
      </object_component>
      <object_component id="oc-3ce">
         <name>.text.SOC_rcmGetPeripheralClockFrequency</name>
         <load_address>0x700776e0</load_address>
         <readonly>true</readonly>
         <executable>true</executable>
         <run_address>0x700776e0</run_address>
         <size>0x11c</size>
         <alignment>0x4</alignment>
         <input_file_ref idref="fl-42"/>
      </object_component>
      <object_component id="oc-1fa">
         <name>.text</name>
         <load_address>0x700777fc</load_address>
         <readonly>true</readonly>
         <executable>true</executable>
         <run_address>0x700777fc</run_address>
         <size>0x118</size>
         <alignment>0x4</alignment>
         <input_file_ref idref="fl-fa"/>
      </object_component>
      <object_component id="oc-471">
         <name>.text._ntoa_format</name>
         <load_address>0x70077914</load_address>
         <readonly>true</readonly>
         <executable>true</executable>
         <run_address>0x70077914</run_address>
         <size>0x116</size>
         <alignment>0x2</alignment>
         <input_file_ref idref="fl-38"/>
      </object_component>
      <object_component id="oc-450">
         <name>.text.ICSS_EMAC_removeMAC</name>
         <load_address>0x70077a2a</load_address>
         <readonly>true</readonly>
         <executable>true</executable>
         <run_address>0x70077a2a</run_address>
         <size>0x108</size>
         <alignment>0x2</alignment>
         <input_file_ref idref="fl-4d"/>
      </object_component>
      <object_component id="oc-44b">
         <name>.text.ICSS_EMAC_calcPort1BufferOffset</name>
         <load_address>0x70077b32</load_address>
         <readonly>true</readonly>
         <executable>true</executable>
         <run_address>0x70077b32</run_address>
         <size>0x106</size>
         <alignment>0x2</alignment>
         <input_file_ref idref="fl-4e"/>
      </object_component>
      <object_component id="oc-1cc">
         <name>.text.ICSS_EMAC_testBoardInit</name>
         <load_address>0x70077c38</load_address>
         <readonly>true</readonly>
         <executable>true</executable>
         <run_address>0x70077c38</run_address>
         <size>0x104</size>
         <alignment>0x2</alignment>
         <input_file_ref idref="fl-d"/>
      </object_component>
      <object_component id="oc-1db">
         <name>.text.taskUartMenu</name>
         <load_address>0x70077d3c</load_address>
         <readonly>true</readonly>
         <executable>true</executable>
         <run_address>0x70077d3c</run_address>
         <size>0xfc</size>
         <alignment>0x4</alignment>
         <input_file_ref idref="fl-d"/>
      </object_component>
      <object_component id="oc-520">
         <name>.text.EEPROM_CAT24M_write</name>
         <load_address>0x70077e38</load_address>
         <readonly>true</readonly>
         <executable>true</executable>
         <run_address>0x70077e38</run_address>
         <size>0xf8</size>
         <alignment>0x2</alignment>
         <input_file_ref idref="fl-48"/>
      </object_component>
      <object_component id="oc-3bf">
         <name>.text.xQueueGenericSendFromISR</name>
         <load_address>0x70077f30</load_address>
         <readonly>true</readonly>
         <executable>true</executable>
         <run_address>0x70077f30</run_address>
         <size>0xf4</size>
         <alignment>0x4</alignment>
         <input_file_ref idref="fl-2c"/>
      </object_component>
      <object_component id="oc-534">
         <name>.text.UART_lld_dmaWrite</name>
         <load_address>0x70078024</load_address>
         <readonly>true</readonly>
         <executable>true</executable>
         <run_address>0x70078024</run_address>
         <size>0xec</size>
         <alignment>0x4</alignment>
         <input_file_ref idref="fl-45"/>
      </object_component>
      <object_component id="oc-437">
         <name>.text.UART_write</name>
         <load_address>0x70078110</load_address>
         <readonly>true</readonly>
         <executable>true</executable>
         <run_address>0x70078110</run_address>
         <size>0xec</size>
         <alignment>0x4</alignment>
         <input_file_ref idref="fl-43"/>
      </object_component>
      <object_component id="oc-8f">
         <name>.text.vTaskSwitchContext</name>
         <load_address>0x700781fc</load_address>
         <readonly>true</readonly>
         <executable>true</executable>
         <run_address>0x700781fc</run_address>
         <size>0xe8</size>
         <alignment>0x4</alignment>
         <input_file_ref idref="fl-2a"/>
      </object_component>
      <object_component id="oc-454">
         <name>.text.ICSS_EMAC_multicastFilterConfig</name>
         <load_address>0x700782e4</load_address>
         <readonly>true</readonly>
         <executable>true</executable>
         <run_address>0x700782e4</run_address>
         <size>0xe4</size>
         <alignment>0x4</alignment>
         <input_file_ref idref="fl-4e"/>
      </object_component>
      <object_component id="oc-4ba">
         <name>.text.ICSS_EMAC_updatePhyStatus</name>
         <load_address>0x700783c8</load_address>
         <readonly>true</readonly>
         <executable>true</executable>
         <run_address>0x700783c8</run_address>
         <size>0xe4</size>
         <alignment>0x2</alignment>
         <input_file_ref idref="fl-4c"/>
      </object_component>
      <object_component id="oc-436">
         <name>.text.UART_read</name>
         <load_address>0x700784ac</load_address>
         <readonly>true</readonly>
         <executable>true</executable>
         <run_address>0x700784ac</run_address>
         <size>0xe4</size>
         <alignment>0x4</alignment>
         <input_file_ref idref="fl-43"/>
      </object_component>
      <object_component id="oc-1d2">
         <name>.text.ICSS_EMAC_PRUFirmwareLoad</name>
         <load_address>0x70078590</load_address>
         <readonly>true</readonly>
         <executable>true</executable>
         <run_address>0x70078590</run_address>
         <size>0xe2</size>
         <alignment>0x2</alignment>
         <input_file_ref idref="fl-d"/>
      </object_component>
      <object_component id="oc-2cd">
         <name>.text.xQueueGiveFromISR</name>
         <load_address>0x70078674</load_address>
         <readonly>true</readonly>
         <executable>true</executable>
         <run_address>0x70078674</run_address>
         <size>0xe0</size>
         <alignment>0x4</alignment>
         <input_file_ref idref="fl-2c"/>
      </object_component>
      <object_component id="oc-383">
         <name>.text.xTaskIncrementTick</name>
         <load_address>0x70078754</load_address>
         <readonly>true</readonly>
         <executable>true</executable>
         <run_address>0x70078754</run_address>
         <size>0xe0</size>
         <alignment>0x4</alignment>
         <input_file_ref idref="fl-2a"/>
      </object_component>
      <object_component id="oc-4aa">
         <name>.text.ICSS_EMAC_checkDuplicateMAC</name>
         <load_address>0x70078834</load_address>
         <readonly>true</readonly>
         <executable>true</executable>
         <run_address>0x70078834</run_address>
         <size>0xda</size>
         <alignment>0x2</alignment>
         <input_file_ref idref="fl-4d"/>
      </object_component>
      <object_component id="oc-2d0">
         <name>.text.xQueueGenericCreateStatic</name>
         <load_address>0x70078910</load_address>
         <readonly>true</readonly>
         <executable>true</executable>
         <run_address>0x70078910</run_address>
         <size>0xd8</size>
         <alignment>0x4</alignment>
         <input_file_ref idref="fl-2c"/>
      </object_component>
      <object_component id="oc-133">
         <name>.text.icss_example</name>
         <load_address>0x700789e8</load_address>
         <readonly>true</readonly>
         <executable>true</executable>
         <run_address>0x700789e8</run_address>
         <size>0xd6</size>
         <alignment>0x2</alignment>
         <input_file_ref idref="fl-d"/>
      </object_component>
      <object_component id="oc-43e">
         <name>.text._chkmbc</name>
         <load_address>0x70078ac0</load_address>
         <readonly>true</readonly>
         <executable>true</executable>
         <run_address>0x70078ac0</run_address>
         <size>0xd4</size>
         <alignment>0x4</alignment>
         <input_file_ref idref="fl-60"/>
      </object_component>
      <object_component id="oc-42e">
         <name>.text.ICSS_EMAC_osRxTaskFnc</name>
         <load_address>0x70078b94</load_address>
         <readonly>true</readonly>
         <executable>true</executable>
         <run_address>0x70078b94</run_address>
         <size>0xca</size>
         <alignment>0x2</alignment>
         <input_file_ref idref="fl-4c"/>
      </object_component>
      <object_component id="oc-59a">
         <name>.text.I2C_lld_mem_write</name>
         <load_address>0x70078c60</load_address>
         <readonly>true</readonly>
         <executable>true</executable>
         <run_address>0x70078c60</run_address>
         <size>0xc8</size>
         <alignment>0x4</alignment>
         <input_file_ref idref="fl-3d"/>
      </object_component>
      <object_component id="oc-3ed">
         <name>.text.UART_lld_initDma</name>
         <load_address>0x70078d28</load_address>
         <readonly>true</readonly>
         <executable>true</executable>
         <run_address>0x70078d28</run_address>
         <size>0xc8</size>
         <alignment>0x4</alignment>
         <input_file_ref idref="fl-44"/>
      </object_component>
      <object_component id="oc-512">
         <name>.text.EDMA_unregisterIntr</name>
         <load_address>0x70078df0</load_address>
         <readonly>true</readonly>
         <executable>true</executable>
         <run_address>0x70078df0</run_address>
         <size>0xc4</size>
         <alignment>0x4</alignment>
         <input_file_ref idref="fl-46"/>
      </object_component>
      <object_component id="oc-59b">
         <name>.text.I2C_lld_mem_readIntr</name>
         <load_address>0x70078eb4</load_address>
         <readonly>true</readonly>
         <executable>true</executable>
         <run_address>0x70078eb4</run_address>
         <size>0xc4</size>
         <alignment>0x4</alignment>
         <input_file_ref idref="fl-3d"/>
      </object_component>
      <object_component id="oc-599">
         <name>.text.I2C_lld_mem_writeIntr</name>
         <load_address>0x70078f78</load_address>
         <readonly>true</readonly>
         <executable>true</executable>
         <run_address>0x70078f78</run_address>
         <size>0xc4</size>
         <alignment>0x4</alignment>
         <input_file_ref idref="fl-3d"/>
      </object_component>
      <object_component id="oc-4f7">
         <name>.text.I2C_lld_primeTransferIntr</name>
         <load_address>0x7007903c</load_address>
         <readonly>true</readonly>
         <executable>true</executable>
         <run_address>0x7007903c</run_address>
         <size>0xc4</size>
         <alignment>0x2</alignment>
         <input_file_ref idref="fl-3d"/>
      </object_component>
      <object_component id="oc-1d1">
         <name>.text.ICSS_EMAC_ConfigInit</name>
         <load_address>0x70079100</load_address>
         <readonly>true</readonly>
         <executable>true</executable>
         <run_address>0x70079100</run_address>
         <size>0xc4</size>
         <alignment>0x2</alignment>
         <input_file_ref idref="fl-d"/>
      </object_component>
      <object_component id="oc-2c5">
         <name>.text.xQueueReceiveFromISR</name>
         <load_address>0x700791c4</load_address>
         <readonly>true</readonly>
         <executable>true</executable>
         <run_address>0x700791c4</run_address>
         <size>0xc4</size>
         <alignment>0x4</alignment>
         <input_file_ref idref="fl-2c"/>
      </object_component>
      <object_component id="oc-2a6">
         <name>.text.xTaskResumeAll</name>
         <load_address>0x70079288</load_address>
         <readonly>true</readonly>
         <executable>true</executable>
         <run_address>0x70079288</run_address>
         <size>0xc4</size>
         <alignment>0x4</alignment>
         <input_file_ref idref="fl-2a"/>
      </object_component>
      <object_component id="oc-59c">
         <name>.text.I2C_lld_mem_read</name>
         <load_address>0x7007934c</load_address>
         <readonly>true</readonly>
         <executable>true</executable>
         <run_address>0x7007934c</run_address>
         <size>0xc0</size>
         <alignment>0x4</alignment>
         <input_file_ref idref="fl-3d"/>
      </object_component>
      <object_component id="oc-13a">
         <name>.text.prvInitialiseNewTask</name>
         <load_address>0x7007940c</load_address>
         <readonly>true</readonly>
         <executable>true</executable>
         <run_address>0x7007940c</run_address>
         <size>0xc0</size>
         <alignment>0x4</alignment>
         <input_file_ref idref="fl-2a"/>
      </object_component>
      <object_component id="oc-c4">
         <name>.text.xTaskCreateStatic</name>
         <load_address>0x700794cc</load_address>
         <readonly>true</readonly>
         <executable>true</executable>
         <run_address>0x700794cc</run_address>
         <size>0xc0</size>
         <alignment>0x4</alignment>
         <input_file_ref idref="fl-2a"/>
      </object_component>
      <object_component id="oc-50b">
         <name>.text.EDMA_registerIntr</name>
         <load_address>0x7007958c</load_address>
         <readonly>true</readonly>
         <executable>true</executable>
[...]
         <name>ETHPHY_close</name>
         <value>0x7007dff7</value>
         <object_component_ref idref="oc-311"/>
      </symbol>
      <symbol id="sm-8a7">
         <name>ETHPHY_command</name>
         <value>0x7007dafd</value>
         <object_component_ref idref="oc-265"/>
      </symbol>
      <symbol id="sm-8a8">
         <name>ETHPHY_Params_init</name>
         <value>0x7007e0eb</value>
         <object_component_ref idref="oc-30d"/>
      </symbol>
      <symbol id="sm-8ba">
         <name>ETHPHY_DP83869_open</name>
         <value>0x7007dea5</value>
         <object_component_ref idref="oc-521"/>
      </symbol>
      <symbol id="sm-8bb">
         <name>ETHPHY_DP83869_command</name>
         <value>0x7006f98d</value>
         <object_component_ref idref="oc-526"/>
      </symbol>
      <symbol id="sm-8bc">
         <name>gEthPhyFxns_DP83869</name>
         <value>0x70084890</value>
         <object_component_ref idref="oc-4a6"/>
      </symbol>
      <symbol id="sm-8d1">
         <name>ETHPHY_DP83826E_open</name>
         <value>0x7007de91</value>
         <object_component_ref idref="oc-529"/>
      </symbol>
      <symbol id="sm-8d2">
         <name>ETHPHY_DP83826E_command</name>
         <value>0x70070ab5</value>
         <object_component_ref idref="oc-52e"/>
      </symbol>
      <symbol id="sm-8d3">
         <name>gEthPhyFxns_DP83826E</name>
         <value>0x70084884</value>
         <object_component_ref idref="oc-4a8"/>
      </symbol>
      <symbol id="sm-928">
         <name>ICSS_EMAC_init</name>
         <value>0x7007cec5</value>
         <object_component_ref idref="oc-123"/>
      </symbol>
      <symbol id="sm-929">
         <name>ICSS_EMAC_Params_init</name>
         <value>0x7007e013</value>
         <object_component_ref idref="oc-279"/>
      </symbol>
      <symbol id="sm-92a">
         <name>ICSS_EMAC_open</name>
         <value>0x70071d71</value>
         <object_component_ref idref="oc-27f"/>
      </symbol>
      <symbol id="sm-92b">
         <name>ICSS_EMAC_ioctl</name>
         <value>0x70070575</value>
         <object_component_ref idref="oc-350"/>
      </symbol>
      <symbol id="sm-92c">
         <name>ICSS_EMAC_rxPktGet</name>
         <value>0x70072595</value>
         <object_component_ref idref="oc-31a"/>
      </symbol>
      <symbol id="sm-92d">
         <name>ICSS_EMAC_rxPktInfo2</name>
         <value>0x70077121</value>
         <object_component_ref idref="oc-4bb"/>
      </symbol>
      <symbol id="sm-92e">
         <name>ICSS_EMAC_txPacket</name>
         <value>0x70079f29</value>
         <object_component_ref idref="oc-37c"/>
      </symbol>
      <symbol id="sm-92f">
         <name>ICSS_EMAC_txPacketEnqueue</name>
         <value>0x700714a5</value>
         <object_component_ref idref="oc-45b"/>
      </symbol>
      <symbol id="sm-930">
         <name>ICSS_EMAC_osRxTaskFnc</name>
         <value>0x70078b95</value>
         <object_component_ref idref="oc-42e"/>
      </symbol>
      <symbol id="sm-931">
         <name>ICSS_EMAC_osLinkTaskFnc</name>
         <value>0x7007d151</value>
         <object_component_ref idref="oc-42c"/>
      </symbol>
      <symbol id="sm-932">
         <name>ICSS_EMAC_updatePhyStatus</name>
         <value>0x700783c9</value>
         <object_component_ref idref="oc-4ba"/>
      </symbol>
      <symbol id="sm-933">
         <name>ICSS_EMAC_osTxTaskFnc</name>
         <value>0x7007d67d</value>
         <object_component_ref idref="oc-431"/>
      </symbol>
      <symbol id="sm-934">
         <name>ICSS_EMAC_rxInterruptHandler</name>
         <value>0x7007bbfb</value>
         <object_component_ref idref="oc-429"/>
      </symbol>
      <symbol id="sm-935">
         <name>ICSS_EMAC_txInterruptHandler</name>
         <value>0x7007b237</value>
         <object_component_ref idref="oc-42f"/>
      </symbol>
      <symbol id="sm-936">
         <name>ICSS_EMAC_linkISR</name>
         <value>0x70075971</value>
         <object_component_ref idref="oc-428"/>
      </symbol>
      <symbol id="sm-951">
         <name>ICSS_EMAC_updateHashTable</name>
         <value>0x70075cad</value>
         <object_component_ref idref="oc-40e"/>
      </symbol>
      <symbol id="sm-952">
         <name>ICSS_EMAC_purgeTable</name>
         <value>0x7007d809</value>
         <object_component_ref idref="oc-456"/>
      </symbol>
      <symbol id="sm-953">
         <name>ICSS_EMAC_ageingRoutine</name>
         <value>0x70079705</value>
         <object_component_ref idref="oc-457"/>
      </symbol>
      <symbol id="sm-954">
         <name>ICSS_EMAC_findMAC</name>
         <value>0x7007a365</value>
         <object_component_ref idref="oc-44f"/>
      </symbol>
      <symbol id="sm-955">
         <name>ICSS_EMAC_removeMAC</name>
         <value>0x70077a2b</value>
         <object_component_ref idref="oc-450"/>
      </symbol>
      <symbol id="sm-956">
         <name>ICSS_EMAC_incrementCounter</name>
         <value>0x7007b8cd</value>
         <object_component_ref idref="oc-451"/>
      </symbol>
      <symbol id="sm-957">
         <name>ICSS_EMAC_initLearningTable</name>
         <value>0x7007cced</value>
         <object_component_ref idref="oc-452"/>
      </symbol>
      <symbol id="sm-958">
         <name>ICSS_EMAC_changePortState</name>
         <value>0x7007e0c5</value>
         <object_component_ref idref="oc-453"/>
      </symbol>
      <symbol id="sm-99c">
         <name>ICSS_EMAC_memInit</name>
         <value>0x7007bee1</value>
         <object_component_ref idref="oc-432"/>
      </symbol>
      <symbol id="sm-99d">
         <name>ICSS_EMAC_calcPort0BufferOffset</name>
         <value>0x7007b145</value>
         <object_component_ref idref="oc-4b1"/>
      </symbol>
      <symbol id="sm-99e">
         <name>ICSS_EMAC_calcPort1BufferOffset</name>
         <value>0x70077b33</value>
         <object_component_ref idref="oc-44b"/>
      </symbol>
      <symbol id="sm-99f">
         <name>ICSS_EMAC_calcPort2BufferOffset</name>
         <value>0x700744fd</value>
         <object_component_ref idref="oc-44e"/>
      </symbol>
      <symbol id="sm-9a0">
         <name>ICSS_EMAC_portInit</name>
         <value>0x70075fc1</value>
         <object_component_ref idref="oc-4bc"/>
      </symbol>
      <symbol id="sm-9a1">
         <name>ICSS_EMAC_switchConfig</name>
         <value>0x70071925</value>
         <object_component_ref idref="oc-433"/>
      </symbol>
      <symbol id="sm-9a2">
         <name>ICSS_EMAC_switchInit</name>
         <value>0x7007abc5</value>
         <object_component_ref idref="oc-33a"/>
      </symbol>
      <symbol id="sm-9a3">
         <name>ICSS_EMAC_mdioIntrEnableSwitch</name>
         <value>0x7007d461</value>
         <object_component_ref idref="oc-33b"/>
      </symbol>
      <symbol id="sm-9a4">
         <name>ICSS_EMAC_hostMemInit</name>
         <value>0x7007c0ed</value>
         <object_component_ref idref="oc-41a"/>
      </symbol>
      <symbol id="sm-9a5">
         <name>ICSS_EMAC_hostConfig</name>
         <value>0x70076ebd</value>
         <object_component_ref idref="oc-41b"/>
      </symbol>
      <symbol id="sm-9a6">
         <name>ICSS_EMAC_hostInit</name>
         <value>0x7007ce51</value>
         <object_component_ref idref="oc-330"/>
      </symbol>
      <symbol id="sm-9a7">
         <name>ICSS_EMAC_macConfig</name>
         <value>0x70073c15</value>
         <object_component_ref idref="oc-421"/>
      </symbol>
      <symbol id="sm-9a8">
         <name>ICSS_EMAC_macInit</name>
         <value>0x7007a6dd</value>
         <object_component_ref idref="oc-336"/>
      </symbol>
      <symbol id="sm-9a9">
         <name>ICSS_EMAC_mdioIntrEnable</name>
         <value>0x7007dcf3</value>
         <object_component_ref idref="oc-337"/>
      </symbol>
      <symbol id="sm-9aa">
         <name>ICSS_EMAC_initLinkState</name>
         <value>0x7007a64d</value>
         <object_component_ref idref="oc-338"/>
      </symbol>
      <symbol id="sm-9ab">
         <name>ICSS_EMAC_osInit</name>
         <value>0x70073485</value>
         <object_component_ref idref="oc-339"/>
      </symbol>
      <symbol id="sm-9ac">
         <name>ICSS_EMAC_validateFeatureSet</name>
         <value>0x7007acd1</value>
         <object_component_ref idref="oc-441"/>
      </symbol>
      <symbol id="sm-9ad">
         <name>ICSS_EMAC_promiscuousModeInit</name>
         <value>0x7007d047</value>
         <object_component_ref idref="oc-44a"/>
      </symbol>
      <symbol id="sm-9ae">
         <name>ICSS_EMAC_promiscuousModeDeinit</name>
         <value>0x7007d011</value>
         <object_component_ref idref="oc-44c"/>
      </symbol>
      <symbol id="sm-9af">
         <name>ICSS_EMAC_multicastFilterConfig</name>
         <value>0x700782e5</value>
         <object_component_ref idref="oc-454"/>
      </symbol>
      <symbol id="sm-9b0">
         <name>ICSS_EMAC_vlanFilterConfig</name>
         <value>0x7007a069</value>
         <object_component_ref idref="oc-455"/>
      </symbol>
      <symbol id="sm-9c0">
         <name>ICSS_EMAC_readStats</name>
         <value>0x7007cab5</value>
         <object_component_ref idref="oc-449"/>
      </symbol>
      <symbol id="sm-9c1">
         <name>ICSS_EMAC_purgeStats</name>
         <value>0x7007bf39</value>
         <object_component_ref idref="oc-44d"/>
      </symbol>
      <symbol id="sm-9c2">
         <name>ICSS_EMAC_updateRxStats</name>
         <value>0x7007ac4b</value>
         <object_component_ref idref="oc-414"/>
      </symbol>
      <symbol id="sm-9c3">
         <name>numImplementedProtocols</name>
         <value>0x70084906</value>
         <object_component_ref idref="oc-4ad"/>
      </symbol>
      <symbol id="sm-9c4">
         <name>protocol_impl</name>
         <value>0x700845f8</value>
         <object_component_ref idref="oc-4ae"/>
      </symbol>
      <symbol id="sm-9c5">
         <name>ICSS_EMAC_updateTxStats</name>
         <value>0x7007c629</value>
         <object_component_ref idref="oc-4ea"/>
      </symbol>
      <symbol id="sm-9d9">
         <name>ICSS_EMAC_initStormPreventionTable</name>
         <value>0x7007b937</value>
         <object_component_ref idref="oc-459"/>
      </symbol>
      <symbol id="sm-9da">
         <name>ICSS_EMAC_enableStormPrevention</name>
         <value>0x7007bb9b</value>
         <object_component_ref idref="oc-442"/>
      </symbol>
      <symbol id="sm-9db">
         <name>ICSS_EMAC_resetStormPreventionCounter</name>
         <value>0x7007a2cd</value>
         <object_component_ref idref="oc-45a"/>
      </symbol>
      <symbol id="sm-9dc">
         <name>ICSS_EMAC_setCreditValue</name>
         <value>0x7007d6cf</value>
         <object_component_ref idref="oc-448"/>
      </symbol>
      <symbol id="sm-9dd">
         <name>ICSS_EMAC_checkStormPreventionType</name>
         <value>0x7007b1bf</value>
         <object_component_ref idref="oc-4e7"/>
      </symbol>
      <symbol id="sm-9de">
         <name>ICSS_EMAC_disableStormPrevention</name>
         <value>0x7007bb3b</value>
         <object_component_ref idref="oc-458"/>
      </symbol>
      <symbol id="sm-9f4">
         <name>vsscanf</name>
         <value>0x7007d650</value>
         <object_component_ref idref="oc-346"/>
      </symbol>
      <symbol id="sm-9f5">
         <name>__aeabi_ctype_table_</name>
         <value>0x70080d90</value>
         <object_component_ref idref="oc-4cf"/>
      </symbol>
      <symbol id="sm-9f6">
         <name>__aeabi_ctype_table_C</name>
         <value>0x70080d90</value>
         <object_component_ref idref="oc-4cf"/>
      </symbol>
      <symbol id="sm-a00">
         <name>abort</name>
         <value>0x70084158</value>
         <object_component_ref idref="oc-d3"/>
      </symbol>
      <symbol id="sm-a01">
         <name>C$$EXIT</name>
         <value>0x70084158</value>
         <object_component_ref idref="oc-d3"/>
      </symbol>
      <symbol id="sm-a0a">
         <name>_nop</name>
         <value>0x7007e128</value>
         <object_component_ref idref="oc-219"/>
      </symbol>
      <symbol id="sm-a0b">
         <name>_lock</name>
         <value>0x70084908</value>
         <object_component_ref idref="oc-163"/>
      </symbol>
      <symbol id="sm-a0c">
         <name>_unlock</name>
         <value>0x7008490c</value>
         <object_component_ref idref="oc-166"/>
      </symbol>
      <symbol id="sm-a21">
         <name>free</name>
         <value>0x70075470</value>
         <object_component_ref idref="oc-386"/>
      </symbol>
      <symbol id="sm-a22">
         <name>_sys_memory</name>
         <value>0x70056600</value>
         <object_component_ref idref="oc-4c"/>
      </symbol>
      <symbol id="sm-a2d">
         <name>__TI_auto_init_nobinit_nopinit</name>
         <value>0x7007bfe8</value>
         <object_component_ref idref="oc-a9"/>
      </symbol>
      <symbol id="sm-a4b">
         <name>__TI_scanfi</name>
         <value>0x7006e600</value>
         <object_component_ref idref="oc-438"/>
      </symbol>
      <symbol id="sm-a56">
         <name>scalbn</name>
         <value>0x700769a8</value>
         <object_component_ref idref="oc-545"/>
      </symbol>
      <symbol id="sm-a57">
         <name>ldexp</name>
         <value>0x700769a8</value>
         <object_component_ref idref="oc-545"/>
      </symbol>
      <symbol id="sm-a58">
         <name>scalbnl</name>
         <value>0x700769a8</value>
         <object_component_ref idref="oc-545"/>
      </symbol>
      <symbol id="sm-a59">
         <name>ldexpl</name>
         <value>0x700769a8</value>
         <object_component_ref idref="oc-545"/>
      </symbol>
      <symbol id="sm-a64">
         <name>__aeabi_errno_addr</name>
         <value>0x7007e060</value>
         <object_component_ref idref="oc-53c"/>
      </symbol>
      <symbol id="sm-a65">
         <name>__aeabi_errno</name>
         <value>0x700848ec</value>
         <object_component_ref idref="oc-590"/>
      </symbol>
      <symbol id="sm-a71">
         <name>atoi</name>
         <value>0x7007b7f4</value>
         <object_component_ref idref="oc-4c7"/>
      </symbol>
      <symbol id="sm-a82">
         <name>strtod</name>
         <value>0x70070fd8</value>
         <object_component_ref idref="oc-4d0"/>
      </symbol>
      <symbol id="sm-a83">
         <name>strtold</name>
         <value>0x70070fd8</value>
         <object_component_ref idref="oc-4d0"/>
      </symbol>
      <symbol id="sm-a8e">
         <name>strtol</name>
         <value>0x70074b0c</value>
         <object_component_ref idref="oc-4d4"/>
      </symbol>
      <symbol id="sm-a99">
         <name>strtoll</name>
         <value>0x700739a8</value>
         <object_component_ref idref="oc-4dc"/>
      </symbol>
      <symbol id="sm-aa4">
         <name>strtoul</name>
         <value>0x700750c8</value>
         <object_component_ref idref="oc-4cb"/>
      </symbol>
      <symbol id="sm-aaf">
         <name>strtoull</name>
         <value>0x700740b0</value>
         <object_component_ref idref="oc-4d8"/>
      </symbol>
      <symbol id="sm-acd">
         <name>__aeabi_uidiv</name>
         <value>0x700752a0</value>
         <object_component_ref idref="oc-538"/>
      </symbol>
      <symbol id="sm-ace">
         <name>__udivsi3</name>
         <value>0x700752a0</value>
         <object_component_ref idref="oc-538"/>
      </symbol>
      <symbol id="sm-ada">
         <name>__aeabi_idiv0</name>
         <value>0x7007e120</value>
         <object_component_ref idref="oc-58e"/>
      </symbol>
      <symbol id="sm-adb">
         <name>__aeabi_ldiv0</name>
         <value>0x7007e130</value>
         <object_component_ref idref="oc-2be"/>
      </symbol>
      <symbol id="sm-ae1">
         <name>__aeabi_memcpy</name>
         <value>0x7007e124</value>
         <object_component_ref idref="oc-173"/>
      </symbol>
      <symbol id="sm-ae2">
         <name>__aeabi_memcpy4</name>
         <value>0x7007e124</value>
         <object_component_ref idref="oc-173"/>
      </symbol>
      <symbol id="sm-ae3">
         <name>__aeabi_memcpy8</name>
         <value>0x7007e124</value>
         <object_component_ref idref="oc-173"/>
      </symbol>
      <symbol id="sm-aef">
         <name>__aeabi_memset</name>
         <value>0x7007df7c</value>
         <object_component_ref idref="oc-1f0"/>
      </symbol>
      <symbol id="sm-af0">
         <name>__aeabi_memset4</name>
         <value>0x7007df7c</value>
         <object_component_ref idref="oc-1f0"/>
      </symbol>
      <symbol id="sm-af1">
         <name>__aeabi_memset8</name>
         <value>0x7007df7c</value>
         <object_component_ref idref="oc-1f0"/>
      </symbol>
      <symbol id="sm-af2">
         <name>__aeabi_memclr</name>
         <value>0x7007e06c</value>
         <object_component_ref idref="oc-a1"/>
      </symbol>
      <symbol id="sm-af3">
         <name>__aeabi_memclr4</name>
         <value>0x7007e06c</value>
         <object_component_ref idref="oc-a1"/>
      </symbol>
      <symbol id="sm-af4">
         <name>__aeabi_memclr8</name>
         <value>0x7007e06c</value>
         <object_component_ref idref="oc-a1"/>
      </symbol>
      <symbol id="sm-afa">
         <name>__aeabi_uldivmod</name>
         <value>0x7007d8bc</value>
         <object_component_ref idref="oc-146"/>
      </symbol>
      <symbol id="sm-b00">
         <name>__udivmoddi4</name>
         <value>0x700777fc</value>
         <object_component_ref idref="oc-1fa"/>
      </symbol>
      <symbol id="sm-b08">
         <name>TI_memcpy_small</name>
         <value>0x7007dc54</value>
         <object_component_ref idref="oc-2e2"/>
      </symbol>
      <symbol id="sm-b10">
         <name>TI_memset_small</name>
         <value>0x7007ddcc</value>
         <object_component_ref idref="oc-16d"/>
      </symbol>
      <symbol id="sm-b19">
         <name>AddrTranslateP_getLocalAddr</name>
         <value>0x7006ffdb</value>
         <object_component_ref idref="oc-1b1"/>
      </symbol>
      <symbol id="sm-b23">
         <name>CSL_armR5GetCpuID</name>
         <value>0x7007dc71</value>
         <object_component_ref idref="oc-59d"/>
      </symbol>
      <symbol id="sm-b29">
         <name>CSL_armR5ReadMpidrReg</name>
         <value>0x7007e090</value>
         <object_component_ref idref="oc-5a6"/>
      </symbol>
      <symbol id="sm-b3e">
         <name>MDIO_initClock</name>
         <value>0x7007df5d</value>
         <object_component_ref idref="oc-582"/>
      </symbol>
      <symbol id="sm-b3f">
         <name>MDIO_phyRegRead</name>
         <value>0x7007c6bd</value>
         <object_component_ref idref="oc-584"/>
      </symbol>
      <symbol id="sm-b40">
         <name>MDIO_phyRegWrite</name>
         <value>0x7007cc33</value>
         <object_component_ref idref="oc-586"/>
      </symbol>
      <symbol id="sm-b41">
         <name>MDIO_phyExtRegRead</name>
         <value>0x7007bad9</value>
         <object_component_ref idref="oc-583"/>
      </symbol>
      <symbol id="sm-b42">
         <name>MDIO_phyExtRegWrite</name>
         <value>0x7007bcbd</value>
         <object_component_ref idref="oc-585"/>
      </symbol>
      <symbol id="sm-b43">
         <name>MDIO_phyLinkStatus</name>
         <value>0x7007def3</value>
         <object_component_ref idref="oc-422"/>
      </symbol>
      <symbol id="sm-b44">
         <name>_system_post_cinit</name>
         <value>0x0</value>
      </symbol>
      <symbol id="sm-b45">
         <name>__TI_Handler_Table_Limit</name>
         <value>0x0</value>
      </symbol>
      <symbol id="sm-b46">
         <name>__TI_Handler_Table_Base</name>
         <value>0x0</value>
      </symbol>
      <symbol id="sm-b47">
         <name>__TI_CINIT_Base</name>
         <value>0x0</value>
      </symbol>
      <symbol id="sm-b48">
         <name>__TI_CINIT_Limit</name>
         <value>0x0</value>
      </symbol>
   </symbol_table>
   <title>Link successful</title>
</link_info>
