******************************************************************************
            TI ARM Clang Linker PC v3.2.2                      
******************************************************************************
>> Linked Fri Aug 30 14:20:58 2024

OUTPUT FILE NAME:   <icss_emac_layer2_am263x-cc_r5fss0-0_freertos_ti-arm-clang.out>
ENTRY POINT SYMBOL: "_vectors"  address: 00000000


MEMORY CONFIGURATION

         name            origin    length      used     unused   attr    fill
----------------------  --------  ---------  --------  --------  ----  --------
  R5F_VECS              00000000   00000040  00000040  00000000  RWIX
  R5F_TCMA              00000040   00007fc0  00000000  00007fc0  RWIX
  R5F_TCMB              00080000   00008000  00000000  00008000  RWIX
  MAILBOX_HSM           44000000   000003ce  00000000  000003ce  RWIX
  MAILBOX_R5F           44000400   000003ce  00000000  000003ce  RWIX
  FLASH                 60100000   00080000  00000000  00080000  RWIX
  ICSS_PKT_BUF_MEM      70000000   00010000  00010000  00000000  RWIX
  OCRAM                 70040000   00140000  000532d8  000ecd28  RWIX
  USER_SHM_MEM          701d0000   00004000  00000000  00004000  RWIX
  LOG_SHM_MEM           701d4000   00004000  00000000  00004000  RWIX
  RTOS_NORTOS_IPC_SHM_M 72000000   00003e80  00000000  00003e80  RWIX


SEGMENT ALLOCATION MAP

run origin  load origin   length   init length attrs members
----------  ----------- ---------- ----------- ----- -------
00000000    00000000    00000040   00000040    r-x
  00000000    00000000    00000040   00000040    r-x .vectors
70040000    70040000    0002e6a0   00000000    rw-
  70040000    70040000    000166a0   00000000    rw- .bss
  700566a0    700566a0    00008000   00000000    rw- .sysmem
  7005e6a0    7005e6a0    00010000   00000000    rw- .stack
7006e6a0    7006e6a0    00022fc8   00022fc8    r-x
  7006e6a0    7006e6a0    0001c990   0001c990    r-x .text
  7008b030    7008b030    00005170   00005170    r-- .rodata
  700901a0    700901a0    00000c20   00000c20    r-x .text.hwi
  70090dc0    70090dc0    000004a0   000004a0    r-x .text.cache
  70091260    70091260    000002c0   000002c0    r-x .text.mpu
  70091520    70091520    00000140   00000140    r-x .text.boot
  70091660    70091660    00000008   00000008    r-x .text:abort
70091668    70091668    00000870   00000870    rw-
  70091668    70091668    00000870   00000870    rw- .data
70091ed8    70091ed8    00001400   00000000    r--
  70091ed8    70091ed8    00000100   00000000    r-- .irqstack
  70091fd8    70091fd8    00000100   00000000    r-- .fiqstack
  700920d8    700920d8    00001000   00000000    r-- .svcstack
  700930d8    700930d8    00000100   00000000    r-- .abortstack
  700931d8    700931d8    00000100   00000000    r-- .undefinedstack


SECTION ALLOCATION MAP

 output                                  attributes/
section   page    origin      length       input sections
--------  ----  ----------  ----------   ----------------
.vectors   0    00000000    00000040     
                  00000000    00000040     freertos.am263x.r5f.ti-arm-clang.debug.lib : HwiP_armv7r_vectors_freertos_asm.obj (.vectors)

.bss       0    70040000    000166a0     UNINITIALIZED
                  70040000    0000a410     ti_drivers_config.o (.bss.gIcssEmacObjects)
                  7004a410    00000010     (.common:virtToPhymap)
                  7004a420    00004000     (.common:gMainTaskStack)
                  7004e420    00004000     (.common:gtaskUartMenuStack)
                  70052420    00001008     (.common:gHwiCtrl)
                  70053428    00001000     freertos.am263x.r5f.ti-arm-clang.debug.lib : port.obj (.bss.uxIdleTaskStack)
                  70054428    000007ac     ti_drivers_config.o (.bss.gPruIcssObjects)
                  70054bd4    00000008     (.common:gEthPhyHandle)
                  70054bdc    00000004     freertos.am263x.r5f.ti-arm-clang.debug.lib : HwiP_armv7r_handlers_freertos.obj (.bss.gdummy)
                  70054be0    000005ee     (.common:tempRxFrame)
                  700551ce    00000002     --HOLE--
                  700551d0    00000400                                                : port.obj (.bss.uxTimerTaskStack)
                  700555d0    00000368     ti_drivers_config.o (.bss.gUartObjects)
                  70055938    00000280     freertos.am263x.r5f.ti-arm-clang.debug.lib : tasks.obj (.bss.pxReadyTasksLists)
                  70055bb8    00000214     ti_drivers_config.o (.bss.gI2cObjects)
                  70055dcc    000001ac     (.common:gEepromObject_CAT24M)
                  70055f78    00000100     freertos.am263x.r5f.ti-arm-clang.debug.lib : timers.obj (.bss.prvCheckForValidListAndQueue.ucStaticTimerQueueStorage)
                  70056078    00000100     (.common:xQueueRegistry)
                  70056178    000000a0     (.common:gTaskP_ctrl)
                  70056218    000000a0     (.common:taskUartMenuObject)
                  700562b8    00000098                                                : DebugP_freertos.obj (.bss.gDebugLogLockObj)
                  70056350    0000008c                                                : port.obj (.bss.xIdleTaskTCB)
                  700563dc    0000008c                                                : port.obj (.bss.xTimerTaskTCB)
                  70056468    0000008c     (.common:gMainTaskObj)
                  700564f4    00000050                                                : timers.obj (.bss.prvCheckForValidListAndQueue.xStaticTimerQueue)
                  70056544    00000050     (.common:gRovDummyQueue)
                  70056594    00000004                                                : HwiP_armv7r_vim.obj (.bss.gdummy)
                  70056598    00000038     (.common:gClockCtrl)
                  700565d0    00000014                                                : timers.obj (.bss.xActiveTimerList1)
                  700565e4    00000014                                                : timers.obj (.bss.xActiveTimerList2)
                  700565f8    00000014                                                : tasks.obj (.bss.xDelayedTaskList1)
                  7005660c    00000014                                                : tasks.obj (.bss.xDelayedTaskList2)
                  70056620    00000014                                                : tasks.obj (.bss.xPendingReadyList)
                  70056634    00000014                                                : tasks.obj (.bss.xSuspendedTaskList)
                  70056648    00000014                                                : tasks.obj (.bss.xTasksWaitingTermination)
                  7005665c    00000008     (.common:gEthPhyParams)
                  70056664    00000006     (.common:ICSS_EMAC_testLclMac0)
                  7005666a    00000002     --HOLE--
                  7005666c    00000004                                                : timers.obj (.bss.pxCurrentTimerList)
                  70056670    00000004                                                : tasks.obj (.bss.pxDelayedTaskList)
                  70056674    00000004                                                : tasks.obj (.bss.pxOverflowDelayedTaskList)
                  70056678    00000004                                                : timers.obj (.bss.pxOverflowTimerList)
                  7005667c    00000004     libc.a : memory.c.obj (.bss.sys_free)
                  70056680    00000004     (.common:gEepromHandle)
                  70056684    00000004     (.common:gI2cHandle)
                  70056688    00000004     (.common:gMainTask)
                  7005668c    00000004     (.common:gRxFrameCount)
                  70056690    00000004     (.common:gUartHandle)
                  70056694    00000004     (.common:icssemacHandle2)
                  70056698    00000004     (.common:pruicssHandle)
                  7005669c    00000004     --HOLE--

.sysmem    0    700566a0    00008000     UNINITIALIZED
                  700566a0    00000010     libc.a : memory.c.obj (.sysmem)
                  700566b0    00007ff0     --HOLE--

.stack     0    7005e6a0    00010000     UNINITIALIZED
                  7005e6a0    00000004     freertos.am263x.r5f.ti-arm-clang.debug.lib : boot_armv7r_asm.obj (.stack)
                  7005e6a4    0000fffc     --HOLE--

.text      0    7006e6a0    0001c990     
                  7006e6a0    0000138c     libc.a : _scanfi.c.obj (.text.__TI_scanfi)
                  7006fa2c    00000004     libclang_rt.builtins.a : aeabi_memcpy.S.obj (.text.__aeabi_memcpy)
                  7006fa30    00000a34     freertos.am263x.r5f.ti-arm-clang.debug.lib : printf.obj (.text._vsnprintf)
                  70070464    0000000c     libc.a : aeabi_portable.c.obj (.text.__aeabi_errno_addr)
                  70070470    000009f4     icss_emac.am263x.r5f.ti-arm-clang.debug.lib : icss_emac.obj (.text.ICSS_EMAC_txPacketEnqueue)
                  70070e64    0000000c     libclang_rt.builtins.a : aeabi_memset.S.obj (.text.__aeabi_memclr)
                  70070e70    000008e4     icss_emac.am263x.r5f.ti-arm-clang.debug.lib : icss_emac_local.obj (.text.ICSS_EMAC_switchConfig)
                  70071754    0000000c     freertos.am263x.r5f.ti-arm-clang.debug.lib : CpuId_armv7r_asm.obj (.text)
                  70071760    000006fa     icss_emac.am263x.r5f.ti-arm-clang.debug.lib : icss_emac.obj (.text.ICSS_EMAC_ioctl)
                  70071e5a    00000002     --HOLE-- [fill = 0]
                  70071e5c    00000004     libc.a : _lock.c.obj (.text._nop)
                  70071e60    000005f8     drivers.am263x.r5f.ti-arm-clang.debug.lib : i2c_v1_lld.obj (.text.I2C_lld_primeTransferPoll)
                  70072458    00000008     --HOLE-- [fill = 0]
                  70072460    000005e6     icss_emac.am263x.r5f.ti-arm-clang.debug.lib : icss_emac.obj (.text.ICSS_EMAC_rxPktGet)
                  70072a46    0000000a     --HOLE-- [fill = 0]
                  70072a50    000005c4                                                 : icss_emac.obj (.text.ICSS_EMAC_open)
                  70073014    0000000c     --HOLE-- [fill = 0]
                  70073020    0000056e     drivers.am263x.r5f.ti-arm-clang.debug.lib : soc_rcm.obj (.text.SOC_rcmGetClkSrcAndDivReg)
                  7007358e    00000002     --HOLE-- [fill = 0]
                  70073590    00000546                                               : soc_rcm.obj (.text.SOC_rcmEnablePeripheralClock)
                  70073ad6    0000000a     --HOLE-- [fill = 0]
                  70073ae0    0000051e     freertos.am263x.r5f.ti-arm-clang.debug.lib : printf.obj (.text._ftoa)
                  70073ffe    00000002     --HOLE-- [fill = 0]
                  70074000    000004cc     libc.a : strtod.c.obj (.text.strtod)
                  700744cc    00000004     --HOLE-- [fill = 0]
                  700744d0    00000478     freertos.am263x.r5f.ti-arm-clang.debug.lib : printf.obj (.text._etoa)
                  70074948    00000008     --HOLE-- [fill = 0]
                  70074950    00000440     icss_emac.am263x.r5f.ti-arm-clang.debug.lib : icss_emac_local.obj (.text.ICSS_EMAC_macConfig)
                  70074d90    0000042c     drivers.am263x.r5f.ti-arm-clang.debug.lib : uart_v0.obj (.text.UART_open)
                  700751bc    00000004     --HOLE-- [fill = 0]
                  700751c0    000003d4     icss_emac.am263x.r5f.ti-arm-clang.debug.lib : icss_emac_local.obj (.text.ICSS_EMAC_calcPort2BufferOffset)
                  70075594    0000000c     --HOLE-- [fill = 0]
                  700755a0    0000036a                                                 : icss_emac_local.obj (.text.ICSS_EMAC_pruicssMiiRtCfgInit)
                  7007590a    00000006     --HOLE-- [fill = 0]
                  70075910    00000368                                                 : icss_emac.obj (.text.ICSS_EMAC_pollLink)
                  70075c78    00000008     --HOLE-- [fill = 0]
                  70075c80    0000035a     drivers.am263x.r5f.ti-arm-clang.debug.lib : i2c_v1.obj (.text.I2C_open)
                  70075fda    00000006     --HOLE-- [fill = 0]
                  70075fe0    000002f8     icss_emac.am263x.r5f.ti-arm-clang.debug.lib : icss_emac_local.obj (.text.ICSS_EMAC_osInit)
                  700762d8    00000008     --HOLE-- [fill = 0]
                  700762e0    000002f2     drivers.am263x.r5f.ti-arm-clang.debug.lib : soc.obj (.text.SOC_virtToPhy)
                  700765d2    0000000e     --HOLE-- [fill = 0]
                  700765e0    000002c6     board.am263x.r5f.ti-arm-clang.debug.lib : ethphy_dp83826e.obj (.text.ETHPHY_DP83826E_configureLedSource)
                  700768a6    0000000a     --HOLE-- [fill = 0]
                  700768b0    000002ba     drivers.am263x.r5f.ti-arm-clang.debug.lib : i2c_v1_lld.obj (.text.I2C_lld_controllerIsr)
                  70076b6a    00000006     --HOLE-- [fill = 0]
                  70076b70    000002b6     test_icss.o (.text.printStatistics)
                  70076e26    0000000a     --HOLE-- [fill = 0]
                  70076e30    000002a4     icss_emac.am263x.r5f.ti-arm-clang.debug.lib : icss_emac.obj (.text.ICSS_EMAC_rxPktInfo2)
                  700770d4    0000000c     --HOLE-- [fill = 0]
                  700770e0    0000028c     drivers.am263x.r5f.ti-arm-clang.debug.lib : i2c_v1_lld.obj (.text.I2C_lld_targetIsr)
                  7007736c    00000004     --HOLE-- [fill = 0]
                  70077370    00000288     icss_emac.am263x.r5f.ti-arm-clang.debug.lib : icss_emac_local.obj (.text.ICSS_EMAC_hostConfig)
                  700775f8    00000008     --HOLE-- [fill = 0]
                  70077600    0000027e     drivers.am263x.r5f.ti-arm-clang.debug.lib : uart_dma_edma.obj (.text.UART_edmaChInit)
                  7007787e    00000002     --HOLE-- [fill = 0]
                  70077880    0000026c     libc.a : strtoll.c.obj (.text.strtoll)
                  70077aec    00000004     --HOLE-- [fill = 0]
                  70077af0    0000025e     drivers.am263x.r5f.ti-arm-clang.debug.lib : pruicss_m_v0.obj (.text.PRUICSS_intcInit)
                  70077d4e    00000002     --HOLE-- [fill = 0]
                  70077d50    00000250                                               : edma.obj (.text.Alloc_resource)
                  70077fa0    0000024e     icss_emac.am263x.r5f.ti-arm-clang.debug.lib : icss_emac_local.obj (.text.ICSS_EMAC_calcPort1BufferOffset)
                  700781ee    00000002     --HOLE-- [fill = 0]
                  700781f0    00000242     drivers.am263x.r5f.ti-arm-clang.debug.lib : uart_v0_lld.obj (.text.UART_fifoConfig)
                  70078432    0000000e     --HOLE-- [fill = 0]
                  70078440    0000023e     freertos.am263x.r5f.ti-arm-clang.debug.lib : printf.obj (.text._ntoa_format)
                  7007867e    00000002     --HOLE-- [fill = 0]
                  70078680    00000238     libc.a : strtoull.c.obj (.text.strtoull)
                  700788b8    00000008     --HOLE-- [fill = 0]
                  700788c0    00000236     freertos.am263x.r5f.ti-arm-clang.debug.lib : queue.obj (.text.xQueueSemaphoreTake)
                  70078af6    0000000a     --HOLE-- [fill = 0]
                  70078b00    00000226     drivers.am263x.r5f.ti-arm-clang.debug.lib : uart_dma_edma.obj (.text.UART_lld_dmaDeInit)
                  70078d26    0000000a     --HOLE-- [fill = 0]
                  70078d30    00000220     freertos.am263x.r5f.ti-arm-clang.debug.lib : queue.obj (.text.xQueueGenericSend)
                  70078f50    00000218     icss_emac.am263x.r5f.ti-arm-clang.debug.lib : icss_emac_learning.obj (.text.ICSS_EMAC_updateHashTable)
                  70079168    00000008     --HOLE-- [fill = 0]
                  70079170    00000210                                                 : icss_emac_local.obj (.text.ICSS_EMAC_portInit)
                  70079380    000001f8     libc.a : strtol.c.obj (.text.strtol)
                  70079578    00000008     --HOLE-- [fill = 0]
                  70079580    000001f6     icss_emac.am263x.r5f.ti-arm-clang.debug.lib : icss_emac.obj (.text.ICSS_EMAC_updatePhyStatus)
                  70079776    0000000a     --HOLE-- [fill = 0]
                  70079780    000001da     board.am263x.r5f.ti-arm-clang.debug.lib : ethphy_dp83869.obj (.text.ETHPHY_DP83869_setSpeedDuplex)
                  7007995a    00000002     --HOLE-- [fill = 0]
                  7007995c    000001d8     libc.a : strtoul.c.obj (.text.strtoul)
                  70079b34    0000000c     --HOLE-- [fill = 0]
                  70079b40    000001d8     freertos.am263x.r5f.ti-arm-clang.debug.lib : queue.obj (.text.xQueueReceive)
                  70079d18    00000008     --HOLE-- [fill = 0]
                  70079d20    000001d6                                                : TimerP_rti.obj (.text.TimerP_setup)
                  70079ef6    00000002     --HOLE-- [fill = 0]
                  70079ef8    000001d0     libclang_rt.builtins.a : udivsi3.S.obj (.text.__udivsi3)
                  7007a0c8    00000008     --HOLE-- [fill = 0]
                  7007a0d0    000001ba     icss_emac.am263x.r5f.ti-arm-clang.debug.lib : icss_emac_local.obj (.text.ICSS_EMAC_validateFeatureSet)
                  7007a28a    00000006     --HOLE-- [fill = 0]
                  7007a290    000001b6     freertos.am263x.r5f.ti-arm-clang.debug.lib : timers.obj (.text.prvProcessReceivedCommands)
                  7007a446    0000000a     --HOLE-- [fill = 0]
                  7007a450    000001b2     drivers.am263x.r5f.ti-arm-clang.debug.lib : i2c_v1.obj (.text.I2C_transfer)
                  7007a602    0000000e     --HOLE-- [fill = 0]
                  7007a610    000001b2                                               : uart_v0.obj (.text.UART_close)
                  7007a7c2    00000002     --HOLE-- [fill = 0]
                  7007a7c4    000001b0     libc.a : memory.c.obj (.text.free)
                  7007a974    0000000c     --HOLE-- [fill = 0]
                  7007a980    000001ac     freertos.am263x.r5f.ti-arm-clang.debug.lib : TaskP_freertos.obj (.text.TaskP_construct)
                  7007ab2c    00000004     --HOLE-- [fill = 0]
                  7007ab30    000001a8     drivers.am263x.r5f.ti-arm-clang.debug.lib : uart_v0_lld.obj (.text.UART_lld_controllerIsr)
                  7007acd8    00000008     --HOLE-- [fill = 0]
                  7007ace0    000001a6     icss_emac.am263x.r5f.ti-arm-clang.debug.lib : icss_emac.obj (.text.ICSS_EMAC_portFlush)
                  7007ae86    0000000a     --HOLE-- [fill = 0]
                  7007ae90    000001a6     freertos.am263x.r5f.ti-arm-clang.debug.lib : tasks.obj (.text.xTaskIncrementTick)
                  7007b036    0000000a     --HOLE-- [fill = 0]
                  7007b040    000001a2     drivers.am263x.r5f.ti-arm-clang.debug.lib : uart_v0.obj (.text.UART_write)
                  7007b1e2    0000000e     --HOLE-- [fill = 0]
                  7007b1f0    0000019a                                               : uart_v0.obj (.text.UART_read)
                  7007b38a    00000006     --HOLE-- [fill = 0]
                  7007b390    00000192     icss_emac.am263x.r5f.ti-arm-clang.debug.lib : icss_emac_learning.obj (.text.ICSS_EMAC_removeMAC)
                  7007b522    0000000e     --HOLE-- [fill = 0]
                  7007b530    0000018e     freertos.am263x.r5f.ti-arm-clang.debug.lib : ClockP_freertos_r5.obj (.text.ClockP_init)
                  7007b6be    00000002     --HOLE-- [fill = 0]
                  7007b6c0    00000184                                                : tasks.obj (.text.vTaskSwitchContext)
                  7007b844    0000000c     --HOLE-- [fill = 0]
                  7007b850    00000182                                                : queue.obj (.text.xQueueGenericSendFromISR)
                  7007b9d2    0000000e     --HOLE-- [fill = 0]
                  7007b9e0    00000180     icss_emac.am263x.r5f.ti-arm-clang.debug.lib : icss_emac.obj (.text.ICSS_EMAC_pollPkt)
                  7007bb60    0000017a                                                 : icss_emac.obj (.text.ICSS_EMAC_txPacket)
                  7007bcda    00000006     --HOLE-- [fill = 0]
                  7007bce0    00000178     freertos.am263x.r5f.ti-arm-clang.debug.lib : tasks.obj (.text.xTaskResumeAll)
                  7007be58    00000008     --HOLE-- [fill = 0]
                  7007be60    00000172     board.am263x.r5f.ti-arm-clang.debug.lib : eeprom_cat24m.obj (.text.EEPROM_CAT24M_write)
                  7007bfd2    0000000e     --HOLE-- [fill = 0]
                  7007bfe0    0000016a     test_icss.o (.text.taskUartMenu)
                  7007c14a    00000006     --HOLE-- [fill = 0]
                  7007c150    00000166     drivers.am263x.r5f.ti-arm-clang.debug.lib : i2c_v1_lld.obj (.text.I2C_lld_primeTransferIntr)
                  7007c2b6    0000000a     --HOLE-- [fill = 0]
                  7007c2c0    00000166                                               : uart_dma_edma.obj (.text.UART_lld_dmaWrite)
                  7007c426    0000000a     --HOLE-- [fill = 0]
                  7007c430    00000160                                               : i2c_v1_lld.obj (.text.I2C_lld_init)
                  7007c590    0000015e     board.am263x.r5f.ti-arm-clang.debug.lib : ethphy_dp83869.obj (.text.ETHPHY_DP83869_command)
                  7007c6ee    00000002     --HOLE-- [fill = 0]
                  7007c6f0    0000015a     drivers.am263x.r5f.ti-arm-clang.debug.lib : edma.obj (.text.EDMA_unregisterIntr)
                  7007c84a    00000006     --HOLE-- [fill = 0]
                  7007c850    00000158                                               : soc.obj (.text.SOC_controlModuleUnlockMMR)
                  7007c9a8    00000008     --HOLE-- [fill = 0]
                  7007c9b0    00000158     freertos.am263x.r5f.ti-arm-clang.debug.lib : queue.obj (.text.xQueueGiveFromISR)
                  7007cb08    00000008     --HOLE-- [fill = 0]
                  7007cb10    00000156     icss_emac.am263x.r5f.ti-arm-clang.debug.lib : icss_emac_local.obj (.text.ICSS_EMAC_initLinkState)
                  7007cc66    0000000a     --HOLE-- [fill = 0]
                  7007cc70    00000152     drivers.am263x.r5f.ti-arm-clang.debug.lib : uart_v0_lld.obj (.text.UART_lld_initDma)
                  7007cdc2    00000006     --HOLE-- [fill = 0]
                  7007cdc8    00000150     libc.a : s_scalbn.c.obj (.text.scalbn)
                  7007cf18    00000008     --HOLE-- [fill = 0]
                  7007cf20    0000014e     test_icss.o (.text.ICSS_EMAC_PRUFirmwareLoad)
                  7007d06e    00000002     --HOLE-- [fill = 0]
                  7007d070    0000014c     board.am263x.r5f.ti-arm-clang.debug.lib : ethphy_dp83826e.obj (.text.ETHPHY_DP83826E_command)
                  7007d1bc    00000004     --HOLE-- [fill = 0]
                  7007d1c0    0000014c     freertos.am263x.r5f.ti-arm-clang.debug.lib : tasks.obj (.text.vTaskPriorityDisinheritAfterTimeout)
                  7007d30c    00000004     --HOLE-- [fill = 0]
                  7007d310    0000014a     drivers.am263x.r5f.ti-arm-clang.debug.lib : soc_rcm.obj (.text.SOC_rcmGetPeripheralClockFrequency)
                  7007d45a    00000006     --HOLE-- [fill = 0]
                  7007d460    0000014a     freertos.am263x.r5f.ti-arm-clang.debug.lib : tasks.obj (.text.prvInitialiseNewTask)
                  7007d5aa    00000006     --HOLE-- [fill = 0]
                  7007d5b0    0000014a                                                : queue.obj (.text.xQueueGenericCreateStatic)
                  7007d6fa    00000006     --HOLE-- [fill = 0]
                  7007d700    00000142     test_icss.o (.text.ICSS_EMAC_testBoardInit)
                  7007d842    0000000e     --HOLE-- [fill = 0]
                  7007d850    00000140     board.am263x.r5f.ti-arm-clang.debug.lib : ethphy_dp83826e.obj (.text.ETHPHY_DP83826E_setSpeedDuplex)
                  7007d990    00000140     drivers.am263x.r5f.ti-arm-clang.debug.lib : i2c_v1.obj (.text.I2C_primeTransfer)
                  7007dad0    0000013e                                               : i2c_v1.obj (.text.I2C_mem_primeTransfer)
                  7007dc0e    00000002     --HOLE-- [fill = 0]
                  7007dc10    0000013e                                               : uart_v0_lld.obj (.text.UART_procLineStatusErr)
                  7007dd4e    00000002     --HOLE-- [fill = 0]
                  7007dd50    0000013a                                               : edma.obj (.text.EDMA_isDmaChannelAllocated)
                  7007de8a    00000006     --HOLE-- [fill = 0]
                  7007de90    0000013a                                               : i2c_v1_lld.obj (.text.I2C_lld_mem_write)
                  7007dfca    00000006     --HOLE-- [fill = 0]
                  7007dfd0    0000013a                                               : i2c_v1_lld.obj (.text.I2C_lld_mem_writeIntr)
                  7007e10a    00000006     --HOLE-- [fill = 0]
                  7007e110    00000138     icss_emac.am263x.r5f.ti-arm-clang.debug.lib : icss_emac_learning.obj (.text.ICSS_EMAC_checkDuplicateMAC)
                  7007e248    00000008     --HOLE-- [fill = 0]
                  7007e250    00000138     freertos.am263x.r5f.ti-arm-clang.debug.lib : printf.obj (.text._ntoa_long_long)
                  7007e388    00000008     --HOLE-- [fill = 0]
                  7007e390    00000134     drivers.am263x.r5f.ti-arm-clang.debug.lib : uart_v0_lld.obj (.text.UART_writePolling)
                  7007e4c4    0000000c     --HOLE-- [fill = 0]
                  7007e4d0    00000134     freertos.am263x.r5f.ti-arm-clang.debug.lib : queue.obj (.text.xQueueReceiveFromISR)
                  7007e604    0000000c     --HOLE-- [fill = 0]
                  7007e610    00000130     drivers.am263x.r5f.ti-arm-clang.debug.lib : i2c_v1_lld.obj (.text.I2C_lld_mem_readIntr)
                  7007e740    0000012e                                               : edma.obj (.text.EDMA_registerIntr)
                  7007e86e    00000002     --HOLE-- [fill = 0]
                  7007e870    0000012c                                               : i2c_v1_lld.obj (.text.I2C_lld_mem_read)
                  7007e99c    00000004     --HOLE-- [fill = 0]
                  7007e9a0    0000012c                                               : uart_v0_lld.obj (.text.UART_lld_init)
                  7007eacc    00000004     --HOLE-- [fill = 0]
                  7007ead0    00000128     freertos.am263x.r5f.ti-arm-clang.debug.lib : port.obj (.text.pxPortInitialiseStack)
                  7007ebf8    00000008     --HOLE-- [fill = 0]
                  7007ec00    00000126     drivers.am263x.r5f.ti-arm-clang.debug.lib : soc.obj (.text.SOC_controlModuleLockMMR)
                  7007ed26    0000000a     --HOLE-- [fill = 0]
                  7007ed30    00000122     icss_emac.am263x.r5f.ti-arm-clang.debug.lib : icss_emac_local.obj (.text.ICSS_EMAC_multicastFilterConfig)
                  7007ee52    0000000e     --HOLE-- [fill = 0]
                  7007ee60    0000011c     freertos.am263x.r5f.ti-arm-clang.debug.lib : DebugP_uartScanf.obj (.text.DebugP_readLine)
                  7007ef7c    00000004     --HOLE-- [fill = 0]
                  7007ef80    0000011a                                                : tasks.obj (.text.eTaskGetState)
                  7007f09a    00000006     --HOLE-- [fill = 0]
                  7007f0a0    00000118                                                : TaskP_freertos.obj (.text.TaskP_loadUpdateAll)
                  7007f1b8    00000118     libclang_rt.builtins.a : udivmoddi4.S.obj (.text)
                  7007f2d0    00000116     drivers.am263x.r5f.ti-arm-clang.debug.lib : edma.obj (.text.EDMA_isTccAllocated)
                  7007f3e6    0000000a     --HOLE-- [fill = 0]
                  7007f3f0    00000116                                               : uart_v0_lld.obj (.text.UART_divisorLatchWrite)
                  7007f506    0000000a     --HOLE-- [fill = 0]
                  7007f510    00000114     freertos.am263x.r5f.ti-arm-clang.debug.lib : printf.obj (.text._ntoa_long)
                  7007f624    0000000c     --HOLE-- [fill = 0]
                  7007f630    00000110     board.am263x.r5f.ti-arm-clang.debug.lib : ethphy_dp83869.obj (.text.ETHPHY_DP83869_setRxHalfFullThresholdRgmii)
                  7007f740    0000010e     drivers.am263x.r5f.ti-arm-clang.debug.lib : soc_rcm.obj (.text.SOC_rcmADPLLJGetFOut)
                  7007f84e    00000002     --HOLE-- [fill = 0]
                  7007f850    0000010e     freertos.am263x.r5f.ti-arm-clang.debug.lib : tasks.obj (.text.prvAddNewTaskToReadyList)
                  7007f95e    00000002     --HOLE-- [fill = 0]
                  7007f960    0000010e                                                : tasks.obj (.text.xTaskPriorityInherit)
                  7007fa6e    00000002     --HOLE-- [fill = 0]
                  7007fa70    0000010c     board.am263x.r5f.ti-arm-clang.debug.lib : ethphy_dp83869.obj (.text.ETHPHY_DP83869_setTxHalfFullThresholdRgmii)
                  7007fb7c    00000004     --HOLE-- [fill = 0]
                  7007fb80    0000010a     drivers.am263x.r5f.ti-arm-clang.debug.lib : pruicss_m_v0.obj (.text.PRUICSS_intcSetCmr)
                  7007fc8a    00000006     --HOLE-- [fill = 0]
                  7007fc90    0000010a     freertos.am263x.r5f.ti-arm-clang.debug.lib : tasks.obj (.text.vTaskDelete)
                  7007fd9a    00000006     --HOLE-- [fill = 0]
                  7007fda0    00000106     drivers.am263x.r5f.ti-arm-clang.debug.lib : i2c_v1.obj (.text.I2C_close)
                  7007fea6    0000000a     --HOLE-- [fill = 0]
                  7007feb0    00000104                                               : uart_v0_lld.obj (.text.UART_configInstance)
                  7007ffb4    0000000c     --HOLE-- [fill = 0]
                  7007ffc0    00000100     freertos.am263x.r5f.ti-arm-clang.debug.lib : tasks.obj (.text.xTaskPriorityDisinherit)
                  700800c0    000000fc     board.am263x.r5f.ti-arm-clang.debug.lib : ethphy_dp83869.obj (.text.ETHPHY_DP83869_configureLedSource)
                  700801bc    00000004     --HOLE-- [fill = 0]
                  700801c0    000000fa     icss_emac.am263x.r5f.ti-arm-clang.debug.lib : icss_emac_local.obj (.text.ICSS_EMAC_macInit)
                  700802ba    00000006     --HOLE-- [fill = 0]
                  700802c0    000000f8     test_icss.o (.text.icss_example)
                  700803b8    00000008     --HOLE-- [fill = 0]
                  700803c0    000000f0     board.am263x.r5f.ti-arm-clang.debug.lib : ethphy_dp83869.obj (.text.ETHPHY_DP83869_getSpeedDuplex)
                  700804b0    000000f0     icss_emac.am263x.r5f.ti-arm-clang.debug.lib : icss_emac_learning.obj (.text.ICSS_EMAC_ageingRoutine)
                  700805a0    000000ee                                                 : icss_emac_learning.obj (.text.ICSS_EMAC_findMAC)
                  7008068e    00000002     --HOLE-- [fill = 0]
                  70080690    000000ee     freertos.am263x.r5f.ti-arm-clang.debug.lib : tasks.obj (.text.vTaskStartScheduler)
                  7008077e    00000002     --HOLE-- [fill = 0]
                  70080780    000000ee                                                : tasks.obj (.text.xTaskCreateStatic)
                  7008086e    00000002     --HOLE-- [fill = 0]
                  70080870    000000ec     icss_emac.am263x.r5f.ti-arm-clang.debug.lib : icss_emac_stormControl.obj (.text.ICSS_EMAC_checkStormPreventionType)
                  7008095c    00000004     --HOLE-- [fill = 0]
                  70080960    000000ea     drivers.am263x.r5f.ti-arm-clang.debug.lib : i2c_v1_lld.obj (.text.I2C_lld_targetTransferIntr)
                  70080a4a    00000006     --HOLE-- [fill = 0]
                  70080a50    000000ea     icss_emac.am263x.r5f.ti-arm-clang.debug.lib : icss_emac_local.obj (.text.ICSS_EMAC_multicastFilterUpdateMacId)
                  70080b3a    00000006     --HOLE-- [fill = 0]
                  70080b40    000000ea                                                 : icss_emac_local.obj (.text.ICSS_EMAC_vlanFilterFeatureCtrl)
                  70080c2a    00000006     --HOLE-- [fill = 0]
                  70080c30    000000ea     drivers.am263x.r5f.ti-arm-clang.debug.lib : mdio_v0.obj (.text.MDIO_phyRegRead)
                  70080d1a    00000006     --HOLE-- [fill = 0]
                  70080d20    000000e6                                               : soc_rcm.obj (.text.SOC_rcmGetCoreFout)
                  70080e06    0000000a     --HOLE-- [fill = 0]
                  70080e10    000000e6                                               : soc_rcm.obj (.text.SOC_rcmGetPerFout)
                  70080ef6    0000000a     --HOLE-- [fill = 0]
                  70080f00    000000e4                                               : edma.obj (.text.EDMA_freeChannelRegion)
                  70080fe4    0000000c     --HOLE-- [fill = 0]
                  70080ff0    000000e2                                               : edma.obj (.text.EDMA_freeParam)
                  700810d2    0000000e     --HOLE-- [fill = 0]
                  700810e0    000000e2     freertos.am263x.r5f.ti-arm-clang.debug.lib : tasks.obj (.text.vTaskGetInfo)
                  700811c2    0000000e     --HOLE-- [fill = 0]
                  700811d0    000000e0     drivers.am263x.r5f.ti-arm-clang.debug.lib : edma.obj (.text.EDMA_freeDmaChannel)
                  700812b0    000000e0                                               : edma.obj (.text.EDMA_freeTcc)
                  70081390    000000e0     freertos.am263x.r5f.ti-arm-clang.debug.lib : tasks.obj (.text.xTaskCheckForTimeOut)
                  70081470    000000de     drivers.am263x.r5f.ti-arm-clang.debug.lib : uart_v0_lld.obj (.text.UART_intrEnable)
                  7008154e    00000002     --HOLE-- [fill = 0]
                  70081550    000000de     freertos.am263x.r5f.ti-arm-clang.debug.lib : timers.obj (.text.prvSwitchTimerLists)
                  7008162e    00000002     --HOLE-- [fill = 0]
                  70081630    000000da     icss_emac.am263x.r5f.ti-arm-clang.debug.lib : icss_emac_stormControl.obj (.text.ICSS_EMAC_resetStormPreventionCounter)
                  7008170a    00000006     --HOLE-- [fill = 0]
                  70081710    000000da     drivers.am263x.r5f.ti-arm-clang.debug.lib : uart_v0_lld.obj (.text.UART_intrDisable)
                  700817ea    00000006     --HOLE-- [fill = 0]
                  700817f0    000000d8     freertos.am263x.r5f.ti-arm-clang.debug.lib : tasks.obj (.text.xTaskRemoveFromEventList)
                  700818c8    00000008     --HOLE-- [fill = 0]
                  700818d0    000000d6     drivers.am263x.r5f.ti-arm-clang.debug.lib : soc_rcm.obj (.text.SOC_rcmSetPeripheralClock)
                  700819a6    00000002     --HOLE-- [fill = 0]
                  700819a8    000000d4     libc.a : sscanf.c.obj (.text._chkmbc)
                  70081a7c    00000004     --HOLE-- [fill = 0]
                  70081a80    000000d4     freertos.am263x.r5f.ti-arm-clang.debug.lib : tasks.obj (.text.prvAddCurrentTaskToDelayedList)
                  70081b54    0000000c     --HOLE-- [fill = 0]
                  70081b60    000000d2     drivers.am263x.r5f.ti-arm-clang.debug.lib : uart_v0_lld.obj (.text.UART_lld_read)
                  70081c32    0000000e     --HOLE-- [fill = 0]
                  70081c40    000000d2                                               : uart_v0_lld.obj (.text.UART_lld_write)
                  70081d12    0000000e     --HOLE-- [fill = 0]
                  70081d20    000000d0     icss_emac.am263x.r5f.ti-arm-clang.debug.lib : icss_emac_local.obj (.text.ICSS_EMAC_switchInit)
                  70081df0    000000d0     drivers.am263x.r5f.ti-arm-clang.debug.lib : uart_dma_edma.obj (.text.UART_lld_dmaRead)
                  70081ec0    000000ce                                               : edma.obj (.text.EDMA_disableChInShadowRegRegion)
                  70081f8e    00000002     --HOLE-- [fill = 0]
                  70081f90    000000ce     test_icss.o (.text.ICSS_EMAC_ConfigInit)
                  7008205e    00000002     --HOLE-- [fill = 0]
                  70082060    000000ce     icss_emac.am263x.r5f.ti-arm-clang.debug.lib : icss_emac_statistics.obj (.text.ICSS_EMAC_updateRxStats)
                  7008212e    00000002     --HOLE-- [fill = 0]
                  70082130    000000cc     drivers.am263x.r5f.ti-arm-clang.debug.lib : edma.obj (.text.EDMA_enableChInShadowRegRegion)
                  700821fc    00000004     --HOLE-- [fill = 0]
                  70082200    000000cc     freertos.am263x.r5f.ti-arm-clang.debug.lib : queue.obj (.text.prvCopyDataToQueue)
                  700822cc    00000004     --HOLE-- [fill = 0]
                  700822d0    000000c8     drivers.am263x.r5f.ti-arm-clang.debug.lib : uart_v0_lld.obj (.text.UART_lld_readDma)
                  70082398    00000008     --HOLE-- [fill = 0]
                  700823a0    000000c8                                               : uart_v0_lld.obj (.text.UART_lld_readIntr)
                  70082468    00000008     --HOLE-- [fill = 0]
                  70082470    000000c8                                               : uart_v0_lld.obj (.text.UART_lld_writeDma)
                  70082538    00000008     --HOLE-- [fill = 0]
                  70082540    000000c6                                               : uart_v0_lld.obj (.text.UART_lld_writeIntr)
                  70082606    0000000a     --HOLE-- [fill = 0]
                  70082610    000000c4                                               : edma.obj (.text.EDMA_mapChToEvtQ)
                  700826d4    0000000c     --HOLE-- [fill = 0]
                  700826e0    000000c4     board.am263x.r5f.ti-arm-clang.debug.lib : eeprom_cat24m.obj (.text.EEPROM_CAT24M_read)
                  700827a4    0000000c     --HOLE-- [fill = 0]
                  700827b0    000000c4     drivers.am263x.r5f.ti-arm-clang.debug.lib : uart_v0.obj (.text.UART_flushTxFifo)
                  70082874    0000000c     --HOLE-- [fill = 0]
                  70082880    000000c0                                               : edma.obj (.text.EDMA_configureChannelRegion)
                  70082940    000000c0                                               : soc_rcm.obj (.text.SOC_rcmGetPerHSDivOut)
                  70082a00    000000c0     freertos.am263x.r5f.ti-arm-clang.debug.lib : printf.obj (.text._out_rev)
                  70082ac0    000000be     drivers.am263x.r5f.ti-arm-clang.debug.lib : mdio_v0.obj (.text.MDIO_phyRegWrite)
                  70082b7e    00000002     --HOLE-- [fill = 0]
                  70082b80    000000be                                               : uart_v0_lld.obj (.text.UART_readPolling)
                  70082c3e    00000002     --HOLE-- [fill = 0]
                  70082c40    000000ba     ti_board_open_close.o (.text.Board_ethPhyOpen)
                  70082cfa    00000006     --HOLE-- [fill = 0]
                  70082d00    000000ba     icss_emac.am263x.r5f.ti-arm-clang.debug.lib : icss_emac_local.obj (.text.ICSS_EMAC_calcPort0BufferOffset)
                  70082dba    00000006     --HOLE-- [fill = 0]
                  70082dc0    000000ba     freertos.am263x.r5f.ti-arm-clang.debug.lib : timers.obj (.text.xTimerGenericCommand)
                  70082e7a    00000006     --HOLE-- [fill = 0]
                  70082e80    000000b6     drivers.am263x.r5f.ti-arm-clang.debug.lib : uart_v0_lld.obj (.text.UART_fifoWrite)
                  70082f36    0000000a     --HOLE-- [fill = 0]
                  70082f40    000000b6     test_icss.o (.text.print_cpu_load)
                  70082ff6    0000000a     --HOLE-- [fill = 0]
                  70083000    000000b0     icss_emac.am263x.r5f.ti-arm-clang.debug.lib : icss_emac_stormControl.obj (.text.ICSS_EMAC_disableStormPrevention)
                  700830b0    000000b0                                                 : icss_emac_stormControl.obj (.text.ICSS_EMAC_enableStormPrevention)
                  70083160    000000b0                                                 : icss_emac_learning.obj (.text.ICSS_EMAC_incrementCounter)
                  70083210    000000b0     drivers.am263x.r5f.ti-arm-clang.debug.lib : uart_v0.obj (.text.UART_init)
                  700832c0    000000b0     freertos.am263x.r5f.ti-arm-clang.debug.lib : queue.obj (.text.xQueueGenericReset)
                  70083370    000000ae                                                : queue.obj (.text.prvUnlockQueue)
                  7008341e    00000002     --HOLE-- [fill = 0]
                  70083420    000000ac                                                : SemaphoreP_freertos.obj (.text.SemaphoreP_constructBinary)
                  700834cc    00000004     --HOLE-- [fill = 0]
                  700834d0    000000aa     ti_drivers_open_close.o (.text.Drivers_i2cOpen)
                  7008357a    00000006     --HOLE-- [fill = 0]
                  70083580    000000a8     ti_board_open_close.o (.text.Board_eepromOpen)
                  70083628    00000008     --HOLE-- [fill = 0]
                  70083630    000000a8     ti_drivers_open_close.o (.text.Drivers_uartOpen)
                  700836d8    00000008     --HOLE-- [fill = 0]
                  700836e0    000000a8     freertos.am263x.r5f.ti-arm-clang.debug.lib : PmuP_armv7r.obj (.text.pmu)
                  70083788    00000008     --HOLE-- [fill = 0]
                  70083790    000000a6     icss_emac.am263x.r5f.ti-arm-clang.debug.lib : icss_emac_statistics.obj (.text.ICSS_EMAC_purgeStats)
                  70083836    0000000a     --HOLE-- [fill = 0]
                  70083840    000000a6                                                 : icss_emac_local.obj (.text.ICSS_EMAC_vlanFilterUpdateVID)
                  700838e6    0000000a     --HOLE-- [fill = 0]
                  700838f0    000000a4     board.am263x.r5f.ti-arm-clang.debug.lib : ethphy_dp83826e.obj (.text.ETHPHY_DP83826E_getSpeedDuplex)
                  70083994    0000000c     --HOLE-- [fill = 0]
                  700839a0    000000a2     drivers.am263x.r5f.ti-arm-clang.debug.lib : pruicss_m_v0.obj (.text.PRUICSS_getMemInfo)
                  70083a42    0000000e     --HOLE-- [fill = 0]
                  70083a50    000000a2     freertos.am263x.r5f.ti-arm-clang.debug.lib : timers.obj (.text.prvCheckForValidListAndQueue)
                  70083af2    0000000e     --HOLE-- [fill = 0]
                  70083b00    000000a0     drivers.am263x.r5f.ti-arm-clang.debug.lib : soc_rcm.obj (.text.SOC_rcmGetCoreHSDivOut)
                  70083ba0    0000009e     freertos.am263x.r5f.ti-arm-clang.debug.lib : timers.obj (.text.xTimerCreateTimerTask)
                  70083c3e    00000002     --HOLE-- [fill = 0]
                  70083c40    00000098                                                : timers.obj (.text.prvProcessExpiredTimer)
                  70083cd8    00000008     --HOLE-- [fill = 0]
                  70083ce0    00000096     icss_emac.am263x.r5f.ti-arm-clang.debug.lib : icss_emac.obj (.text.ICSS_EMAC_handleSpecialUnicastMACAddress)
                  70083d76    0000000a     --HOLE-- [fill = 0]
                  70083d80    00000096     drivers.am263x.r5f.ti-arm-clang.debug.lib : uart_v0_lld.obj (.text.UART_subConfigTCRTLRModeEn)
                  70083e16    0000000a     --HOLE-- [fill = 0]
                  70083e20    00000096     test_icss.o (.text.printFrame)
                  70083eb6    0000000a     --HOLE-- [fill = 0]
                  70083ec0    00000094     board.am263x.r5f.ti-arm-clang.debug.lib : ethphy_dp83826e.obj (.text.ETHPHY_DP83826E_enableFastLinkDownDetection)
                  70083f54    0000000c     --HOLE-- [fill = 0]
                  70083f60    00000094     icss_emac.am263x.r5f.ti-arm-clang.debug.lib : icss_emac_statistics.obj (.text.ICSS_EMAC_readStats)
                  70083ff4    0000000c     --HOLE-- [fill = 0]
                  70084000    00000092     drivers.am263x.r5f.ti-arm-clang.debug.lib : edma.obj (.text.EDMA_unmapChToEvtQ)
                  70084092    0000000e     --HOLE-- [fill = 0]
                  700840a0    00000092                                               : i2c_v1_lld.obj (.text.I2CControllerInitExpClk)
                  70084132    0000000e     --HOLE-- [fill = 0]
                  70084140    00000092                                               : mdio_v0.obj (.text.MDIO_phyExtRegWrite)
                  700841d2    0000000e     --HOLE-- [fill = 0]
                  700841e0    00000092     freertos.am263x.r5f.ti-arm-clang.debug.lib : DebugP_freertos.obj (.text._DebugP_logZone)
                  70084272    0000000e     --HOLE-- [fill = 0]
                  70084280    00000092     test_icss.o (.text.transmit_nPacket)
                  70084312    0000000e     --HOLE-- [fill = 0]
                  70084320    00000090     board.am263x.r5f.ti-arm-clang.debug.lib : ethphy_dp83869.obj (.text.ETHPHY_DP83869_enableFastLinkDownDetection)
                  700843b0    0000008e                                             : ethphy_dp83826e.obj (.text.ETHPHY_DP83826E_configureLedBlinkRate)
                  7008443e    00000002     --HOLE-- [fill = 0]
                  70084440    0000008e     freertos.am263x.r5f.ti-arm-clang.debug.lib : tasks.obj (.text.prvInitialiseTaskLists)
                  700844ce    00000002     --HOLE-- [fill = 0]
                  700844d0    0000008c     drivers.am263x.r5f.ti-arm-clang.debug.lib : edma.obj (.text.EDMA_disableTransferRegion)
                  7008455c    00000004     --HOLE-- [fill = 0]
                  70084560    0000008c                                               : edma.obj (.text.EDMA_enableTransferRegion)
                  700845ec    00000004     --HOLE-- [fill = 0]
                  700845f0    0000008c     board.am263x.r5f.ti-arm-clang.debug.lib : ethphy_dp83869.obj (.text.ETHPHY_DP83869_configureLedBlinkRate)
                  7008467c    00000004     --HOLE-- [fill = 0]
                  70084680    0000008c     drivers.am263x.r5f.ti-arm-clang.debug.lib : uart_v0_lld.obj (.text.UART_readCancelNoCB)
                  7008470c    00000004     --HOLE-- [fill = 0]
                  70084710    0000008c                                               : uart_v0_lld.obj (.text.UART_writeCancelNoCB)
                  7008479c    00000004     --HOLE-- [fill = 0]
                  700847a0    0000008c     main.o (.text.main)
                  7008482c    00000004     --HOLE-- [fill = 0]
                  70084830    0000008a     icss_emac.am263x.r5f.ti-arm-clang.debug.lib : icss_emac.obj (.text.ICSS_EMAC_txInterruptHandler)
                  700848ba    00000006     --HOLE-- [fill = 0]
                  700848c0    0000008a     drivers.am263x.r5f.ti-arm-clang.debug.lib : mdio_v0.obj (.text.MDIO_phyExtRegRead)
                  7008494a    00000006     --HOLE-- [fill = 0]
                  70084950    00000088     icss_emac.am263x.r5f.ti-arm-clang.debug.lib : icss_emac_stormControl.obj (.text.ICSS_EMAC_initStormPreventionTable)
                  700849d8    00000008     --HOLE-- [fill = 0]
                  700849e0    00000086     drivers.am263x.r5f.ti-arm-clang.debug.lib : uart_v0_lld.obj (.text.UART_lld_flushTxFifo)
                  70084a66    0000000a     --HOLE-- [fill = 0]
                  70084a70    00000086                                               : uart_v0_lld.obj (.text.UART_tcrTlrBitValRestore)
                  70084af6    0000000a     --HOLE-- [fill = 0]
                  70084b00    00000086     freertos.am263x.r5f.ti-arm-clang.debug.lib : timers.obj (.text.prvInsertTimerInActiveList)
                  70084b86    0000000a     --HOLE-- [fill = 0]
                  70084b90    00000086                                                : timers.obj (.text.prvProcessTimerOrBlockTask)
                  70084c16    0000000a     --HOLE-- [fill = 0]
                  70084c20    00000082     drivers.am263x.r5f.ti-arm-clang.debug.lib : edma.obj (.text.EDMA_allocDmaChannel)
                  70084ca2    0000000e     --HOLE-- [fill = 0]
                  70084cb0    00000082                                               : edma.obj (.text.EDMA_allocParam)
                  70084d32    0000000e     --HOLE-- [fill = 0]
                  70084d40    00000082                                               : edma.obj (.text.EDMA_allocTcc)
                  70084dc2    0000000e     --HOLE-- [fill = 0]
                  70084dd0    00000082                                               : edma.obj (.text.EDMA_disableTccInShadowRegRegion)
                  70084e52    0000000e     --HOLE-- [fill = 0]
                  70084e60    00000082                                               : edma.obj (.text.EDMA_enableTccInShadowRegRegion)
                  70084ee2    0000000e     --HOLE-- [fill = 0]
                  70084ef0    00000082     freertos.am263x.r5f.ti-arm-clang.debug.lib : SemaphoreP_freertos.obj (.text.SemaphoreP_pend)
                  70084f72    0000000e     --HOLE-- [fill = 0]
                  70084f80    00000080     board.am263x.r5f.ti-arm-clang.debug.lib : eeprom_cat24m.obj (.text.EEPROM_CAT24M_open)
                  70085000    00000080     icss_emac.am263x.r5f.ti-arm-clang.debug.lib : icss_emac.obj (.text.ICSS_EMAC_clearRxIrq)
                  70085080    00000080     drivers.am263x.r5f.ti-arm-clang.debug.lib : pruicss_m_v0.obj (.text.PRUICSS_setIcssCfgTxFifo)
                  70085100    00000080                                               : uart_v0_lld.obj (.text.UART_moduleReset)
                  70085180    0000007e     freertos.am263x.r5f.ti-arm-clang.debug.lib : ClockP_freertos.obj (.text.ClockP_getTimeUsec)
                  700851fe    00000002     --HOLE-- [fill = 0]
                  70085200    0000007e     drivers.am263x.r5f.ti-arm-clang.debug.lib : i2c_v1_lld.obj (.text.I2C_lld_transferInit)
                  7008527e    00000002     --HOLE-- [fill = 0]
                  70085280    0000007e                                               : pruicss_m_v0.obj (.text.PRUICSS_setGpMuxSelect)
                  700852fe    00000002     --HOLE-- [fill = 0]
                  70085300    0000007e                                               : pruicss_m_v0.obj (.text.PRUICSS_writeMemory)
                  7008537e    00000002     --HOLE-- [fill = 0]
                  70085380    0000007e                                               : uart_v0_lld.obj (.text.UART_readData)
                  700853fe    00000002     --HOLE-- [fill = 0]
                  70085400    0000007c     freertos.am263x.r5f.ti-arm-clang.debug.lib : DebugP_log.obj (.text._DebugP_assert)
                  7008547c    00000004     --HOLE-- [fill = 0]
                  70085480    0000007a     drivers.am263x.r5f.ti-arm-clang.debug.lib : i2c_v1.obj (.text.I2C_completeCurrTransfer)
                  700854fa    00000006     --HOLE-- [fill = 0]
                  70085500    0000007a                                               : pruicss_m_v0.obj (.text.PRUICSS_setGpiMode)
                  7008557a    00000006     --HOLE-- [fill = 0]
                  70085580    0000007a                                               : uart_v0.obj (.text.UART_Params_init)
                  700855fa    00000006     --HOLE-- [fill = 0]
                  70085600    0000007a     test_icss.o (.text.printHelpMenu)
                  7008567a    00000006     --HOLE-- [fill = 0]
                  70085680    00000078     drivers.am263x.r5f.ti-arm-clang.debug.lib : edma.obj (.text.EDMA_linkChannel)
                  700856f8    00000008     --HOLE-- [fill = 0]
                  70085700    00000078                                               : i2c_v1_lld.obj (.text.I2C_lld_completeCurrTransfer)
                  70085778    00000008     --HOLE-- [fill = 0]
                  70085780    00000078                                               : pruicss_m_v0.obj (.text.PRUICSS_setIcssCfgMiiMode)
                  700857f8    00000008     --HOLE-- [fill = 0]
                  70085800    00000078     freertos.am263x.r5f.ti-arm-clang.debug.lib : queue.obj (.text.xQueueTakeMutexRecursive)
                  70085878    00000008     --HOLE-- [fill = 0]
                  70085880    00000076     board.am263x.r5f.ti-arm-clang.debug.lib : ethphy_dp83826e.obj (.text.ETHPHY_DP83826E_getAutonegCompleteStatus)
                  700858f6    0000000a     --HOLE-- [fill = 0]
                  70085900    00000076                                             : ethphy_dp83869.obj (.text.ETHPHY_DP83869_getAutonegCompleteStatus)
                  70085976    0000000a     --HOLE-- [fill = 0]
                  70085980    00000076     drivers.am263x.r5f.ti-arm-clang.debug.lib : pruicss_m_v0.obj (.text.PRUICSS_disableCore)
                  700859f6    0000000a     --HOLE-- [fill = 0]
                  70085a00    00000076                                               : pruicss_m_v0.obj (.text.PRUICSS_enableCore)
                  70085a76    0000000a     --HOLE-- [fill = 0]
                  70085a80    00000076                                               : uart_v0_lld.obj (.text.UART_fifoRead)
                  70085af6    0000000a     --HOLE-- [fill = 0]
                  70085b00    00000076     freertos.am263x.r5f.ti-arm-clang.debug.lib : queue.obj (.text.xQueueGiveMutexRecursive)
                  70085b76    0000000a     --HOLE-- [fill = 0]
                  70085b80    00000074                                                : ClockP_freertos.obj (.text.ClockP_usleep)
                  70085bf4    0000000c     --HOLE-- [fill = 0]
                  70085c00    00000074     board.am263x.r5f.ti-arm-clang.debug.lib : ethphy_dp83826e.obj (.text.ETHPHY_DP83826E_getLinkPartnerAutonegAbility)
                  70085c74    0000000c     --HOLE-- [fill = 0]
                  70085c80    00000074                                             : ethphy_dp83869.obj (.text.ETHPHY_DP83869_getLinkPartnerAutonegAbility)
                  70085cf4    0000000c     --HOLE-- [fill = 0]
                  70085d00    00000074     icss_emac.am263x.r5f.ti-arm-clang.debug.lib : icss_emac_local.obj (.text.ICSS_EMAC_mdioIntrEnableSwitch)
                  70085d74    0000000c     --HOLE-- [fill = 0]
                  70085d80    00000074                                                 : icss_emac_local.obj (.text.ICSS_EMAC_promiscuousModeDeinit)
                  70085df4    0000000c     --HOLE-- [fill = 0]
                  70085e00    00000074                                                 : icss_emac_local.obj (.text.ICSS_EMAC_promiscuousModeInit)
                  70085e74    0000000c     --HOLE-- [fill = 0]
                  70085e80    00000074     drivers.am263x.r5f.ti-arm-clang.debug.lib : uart_v0_lld.obj (.text.UART_IsBaseAddrValid)
                  70085ef4    0000000c     --HOLE-- [fill = 0]
                  70085f00    00000072                                               : edma.obj (.text.EDMA_clrMissEvtRegion)
                  70085f72    0000000e     --HOLE-- [fill = 0]
                  70085f80    00000072     freertos.am263x.r5f.ti-arm-clang.debug.lib : TaskP_freertos.obj (.text.TaskP_loadResetAll)
                  70085ff2    0000000e     --HOLE-- [fill = 0]
                  70086000    00000070     icss_emac.am263x.r5f.ti-arm-clang.debug.lib : icss_emac_local.obj (.text.ICSS_EMAC_pruicssCfgInit)
                  70086070    0000006e                                                 : icss_emac_local.obj (.text.ICSS_EMAC_memInit)
                  700860de    00000002     --HOLE-- [fill = 0]
                  700860e0    0000006e     freertos.am263x.r5f.ti-arm-clang.debug.lib : SemaphoreP_freertos.obj (.text.SemaphoreP_constructMutex)
                  7008614e    00000002     --HOLE-- [fill = 0]
                  70086150    0000006e     drivers.am263x.r5f.ti-arm-clang.debug.lib : uart_v0_lld.obj (.text.UART_readInterrupt)
                  700861be    00000002     --HOLE-- [fill = 0]
                  700861c0    0000006e     freertos.am263x.r5f.ti-arm-clang.debug.lib : tasks.obj (.text.prvDeleteTCB)
                  7008622e    00000002     --HOLE-- [fill = 0]
                  70086230    0000006c     board.am263x.r5f.ti-arm-clang.debug.lib : ethphy.obj (.text.ETHPHY_open)
                  7008629c    00000004     --HOLE-- [fill = 0]
                  700862a0    0000006c     icss_emac.am263x.r5f.ti-arm-clang.debug.lib : icss_emac_local.obj (.text.ICSS_EMAC_clearStatistics)
                  7008630c    00000004     --HOLE-- [fill = 0]
                  70086310    0000006c     freertos.am263x.r5f.ti-arm-clang.debug.lib : TaskP_freertos.obj (.text.TaskP_removeFromRegistry)
                  7008637c    0000006c     libc.a : atoi.c.obj (.text.atoi)
                  700863e8    00000008     --HOLE-- [fill = 0]
                  700863f0    0000006a     drivers.am263x.r5f.ti-arm-clang.debug.lib : i2c_v1.obj (.text.I2C_LLD_targetTransferCompleteCallback)
                  7008645a    00000006     --HOLE-- [fill = 0]
                  70086460    0000006a     freertos.am263x.r5f.ti-arm-clang.debug.lib : list.obj (.text.vListInsert)
                  700864ca    00000006     --HOLE-- [fill = 0]
                  700864d0    0000006a                                                : tasks.obj (.text.vTaskDelay)
                  7008653a    00000006     --HOLE-- [fill = 0]
                  70086540    00000068     drivers.am263x.r5f.ti-arm-clang.debug.lib : edma.obj (.text.EDMA_getBaseAddr)
                  700865a8    00000008     --HOLE-- [fill = 0]
                  700865b0    00000068     board.am263x.r5f.ti-arm-clang.debug.lib : ethphy_dp83869.obj (.text.ETHPHY_DP83869_disable1000mAdvertisement)
                  70086618    00000008     --HOLE-- [fill = 0]
                  70086620    00000068     icss_emac.am263x.r5f.ti-arm-clang.debug.lib : icss_emac_stormControl.obj (.text.ICSS_EMAC_setCreditValue)
                  70086688    00000008     --HOLE-- [fill = 0]
                  70086690    00000068     freertos.am263x.r5f.ti-arm-clang.debug.lib : TaskP_freertos.obj (.text.TaskP_addToRegistry)
                  700866f8    00000008     --HOLE-- [fill = 0]
                  70086700    00000068     drivers.am263x.r5f.ti-arm-clang.debug.lib : uart_v0_lld.obj (.text.UART_divisorValCompute)
                  70086768    00000008     --HOLE-- [fill = 0]
                  70086770    00000066     board.am263x.r5f.ti-arm-clang.debug.lib : eeprom.obj (.text.EEPROM_open)
                  700867d6    0000000a     --HOLE-- [fill = 0]
                  700867e0    00000066     drivers.am263x.r5f.ti-arm-clang.debug.lib : i2c_v1.obj (.text.I2C_init)
                  70086846    0000000a     --HOLE-- [fill = 0]
                  70086850    00000066     icss_emac.am263x.r5f.ti-arm-clang.debug.lib : icss_emac.obj (.text.ICSS_EMAC_pend)
                  700868b6    0000000a     --HOLE-- [fill = 0]
                  700868c0    00000064                                                 : icss_emac.obj (.text.ICSS_EMAC_osLinkTaskFnc)
                  70086924    0000000c     --HOLE-- [fill = 0]
                  70086930    00000064     drivers.am263x.r5f.ti-arm-clang.debug.lib : soc_rcm.obj (.text.SOC_rcmGetR5Clock)
                  70086994    0000000c     --HOLE-- [fill = 0]
                  700869a0    00000064                                               : soc_rcm.obj (.text.SOC_rcmIsR5FInLockStepMode)
                  70086a04    0000000c     --HOLE-- [fill = 0]
                  70086a10    00000064                                               : uart_v0_lld.obj (.text.UART_fifoRegisterWrite)
                  70086a74    0000000c     --HOLE-- [fill = 0]
                  70086a80    00000064                                               : uart_v0_lld.obj (.text.UART_lld_deInitDma)
                  70086ae4    0000000c     --HOLE-- [fill = 0]
                  70086af0    00000064                                               : uart_v0_lld.obj (.text.UART_readByte)
                  70086b54    0000000c     --HOLE-- [fill = 0]
                  70086b60    00000064     freertos.am263x.r5f.ti-arm-clang.debug.lib : TaskP_freertos.obj (.text.vApplicationLoadHook)
                  70086bc4    0000000c     --HOLE-- [fill = 0]
                  70086bd0    00000064                                                : queue.obj (.text.vQueueWaitForMessageRestricted)
                  70086c34    0000000c     --HOLE-- [fill = 0]
                  70086c40    00000062     icss_emac.am263x.r5f.ti-arm-clang.debug.lib : icss_emac_local.obj (.text.ICSS_EMAC_calcTotalBufferPoolSize)
                  70086ca2    0000000e     --HOLE-- [fill = 0]
                  70086cb0    00000062     drivers.am263x.r5f.ti-arm-clang.debug.lib : soc_rcm.obj (.text.SOC_rcmInsert16)
                  70086d12    0000000e     --HOLE-- [fill = 0]
                  70086d20    00000062     freertos.am263x.r5f.ti-arm-clang.debug.lib : SemaphoreP_freertos.obj (.text.SemaphoreP_post)
                  70086d82    0000000e     --HOLE-- [fill = 0]
                  70086d90    00000060     board.am263x.r5f.ti-arm-clang.debug.lib : ethphy_dp83869.obj (.text.ETHPHY_DP83869_enableMii)
                  70086df0    00000060     icss_emac.am263x.r5f.ti-arm-clang.debug.lib : icss_emac_learning.obj (.text.ICSS_EMAC_purgeTable)
                  70086e50    00000060                                                 : icss_emac_statistics.obj (.text.ICSS_EMAC_updateTxStats)
                  70086eb0    00000060     drivers.am263x.r5f.ti-arm-clang.debug.lib : uart_v0_lld.obj (.text.UART_getChar)
                  70086f10    00000060                                               : uart_v0_lld.obj (.text.UART_writeData)
                  70086f70    0000005e                                               : pruicss_m_v0.obj (.text.PRUICSS_open)
                  70086fce    00000002     --HOLE-- [fill = 0]
                  70086fd0    0000005e     test_icss.o (.text.clearStatistics)
                  7008702e    00000002     --HOLE-- [fill = 0]
                  70087030    0000005c     board.am263x.r5f.ti-arm-clang.debug.lib : ethphy_dp83826e.obj (.text.ETHPHY_DP83826E_disableIeeePowerDownMode)
                  7008708c    00000004     --HOLE-- [fill = 0]
                  70087090    0000005c                                             : ethphy_dp83826e.obj (.text.ETHPHY_DP83826E_enableAutoMdix)
                  700870ec    00000004     --HOLE-- [fill = 0]
                  700870f0    0000005c                                             : ethphy_dp83826e.obj (.text.ETHPHY_DP83826E_enableEnhancedIpgDetection)
                  7008714c    00000004     --HOLE-- [fill = 0]
                  70087150    0000005c                                             : ethphy_dp83826e.obj (.text.ETHPHY_DP83826E_enableExtendedFdAbility)
                  700871ac    00000004     --HOLE-- [fill = 0]
                  700871b0    0000005c                                             : ethphy_dp83826e.obj (.text.ETHPHY_DP83826E_enableIeeePowerDownMode)
                  7008720c    00000004     --HOLE-- [fill = 0]
                  70087210    0000005c                                             : ethphy_dp83826e.obj (.text.ETHPHY_DP83826E_enableOddNibbleDetection)
                  7008726c    00000004     --HOLE-- [fill = 0]
                  70087270    0000005c                                             : ethphy_dp83826e.obj (.text.ETHPHY_DP83826E_softRestart)
                  700872cc    00000004     --HOLE-- [fill = 0]
                  700872d0    0000005c                                             : ethphy_dp83869.obj (.text.ETHPHY_DP83869_disableIeeePowerDownMode)
                  7008732c    00000004     --HOLE-- [fill = 0]
                  70087330    0000005c                                             : ethphy_dp83869.obj (.text.ETHPHY_DP83869_enableAutoMdix)
                  7008738c    00000004     --HOLE-- [fill = 0]
                  70087390    0000005c                                             : ethphy_dp83869.obj (.text.ETHPHY_DP83869_enableEnhancedIpgDetection)
                  700873ec    00000004     --HOLE-- [fill = 0]
                  700873f0    0000005c                                             : ethphy_dp83869.obj (.text.ETHPHY_DP83869_enableExtendedFdAbility)
                  7008744c    00000004     --HOLE-- [fill = 0]
                  70087450    0000005c                                             : ethphy_dp83869.obj (.text.ETHPHY_DP83869_enableIeeePowerDownMode)
                  700874ac    00000004     --HOLE-- [fill = 0]
                  700874b0    0000005c                                             : ethphy_dp83869.obj (.text.ETHPHY_DP83869_enableLowLatencyRgmii)
                  7008750c    00000004     --HOLE-- [fill = 0]
                  70087510    0000005c                                             : ethphy_dp83869.obj (.text.ETHPHY_DP83869_enableOddNibbleDetection)
                  7008756c    00000004     --HOLE-- [fill = 0]
                  70087570    0000005c                                             : ethphy_dp83869.obj (.text.ETHPHY_DP83869_softRestart)
                  700875cc    00000004     --HOLE-- [fill = 0]
                  700875d0    0000005c     ti_power_clock_config.o (.text.Module_clockSetFrequency)
                  7008762c    00000004     --HOLE-- [fill = 0]
                  70087630    0000005c     drivers.am263x.r5f.ti-arm-clang.debug.lib : uart_v0_lld.obj (.text.UART_lld_deInit)
                  7008768c    00000004     --HOLE-- [fill = 0]
                  70087690    0000005c                                               : uart_v0.obj (.text.UART_lld_writeCompleteCallback)
                  700876ec    00000004     --HOLE-- [fill = 0]
                  700876f0    0000005c     freertos.am263x.r5f.ti-arm-clang.debug.lib : tasks.obj (.text.vTaskPlaceOnEventListRestricted)
                  7008774c    00000004     --HOLE-- [fill = 0]
                  70087750    0000005a     icss_emac.am263x.r5f.ti-arm-clang.debug.lib : icss_emac_local.obj (.text.ICSS_EMAC_portMemInit)
                  700877aa    00000006     --HOLE-- [fill = 0]
                  700877b0    0000005a     drivers.am263x.r5f.ti-arm-clang.debug.lib : uart_dma_edma.obj (.text.UART_lld_dmaDisableChannel)
                  7008780a    00000006     --HOLE-- [fill = 0]
                  70087810    0000005a                                               : uart_v0.obj (.text.UART_lld_readCompleteCallback)
                  7008786a    00000006     --HOLE-- [fill = 0]
                  70087870    0000005a                                               : uart_v0_lld.obj (.text.UART_regConfigModeEnable)
                  700878ca    00000006     --HOLE-- [fill = 0]
                  700878d0    0000005a     freertos.am263x.r5f.ti-arm-clang.debug.lib : tasks.obj (.text.prvCheckTasksWaitingTermination)
                  7008792a    00000006     --HOLE-- [fill = 0]
                  70087930    0000005a     test_icss.o (.text.recieve_packet)
                  7008798a    00000006     --HOLE-- [fill = 0]
                  70087990    00000058     icss_emac.am263x.r5f.ti-arm-clang.debug.lib : icss_emac_local.obj (.text.ICSS_EMAC_vlanFilterConfig)
                  700879e8    00000058     libc.a : autoinit.c.obj (.text:__TI_auto_init_nobinit_nopinit)
                  70087a40    00000056     drivers.am263x.r5f.ti-arm-clang.debug.lib : i2c_v1.obj (.text.I2C_getHandle)
                  70087a96    0000000a     --HOLE-- [fill = 0]
                  70087aa0    00000056     icss_emac.am263x.r5f.ti-arm-clang.debug.lib : icss_emac.obj (.text.ICSS_EMAC_init)
                  70087af6    0000000a     --HOLE-- [fill = 0]
                  70087b00    00000056     test_icss.o (.text.Icss_socgetMACAddress)
                  70087b56    0000000a     --HOLE-- [fill = 0]
                  70087b60    00000054     drivers.am263x.r5f.ti-arm-clang.debug.lib : edma.obj (.text.EDMA_setPaRAM)
                  70087bb4    0000000c     --HOLE-- [fill = 0]
                  70087bc0    00000054                                               : soc_rcm.obj (.text.SOC_rcmGetModuleClkDivVal)
                  70087c14    0000000c     --HOLE-- [fill = 0]
                  70087c20    00000054                                               : uart_v0_lld.obj (.text.UART_OperModeValid)
                  70087c74    0000000c     --HOLE-- [fill = 0]
                  70087c80    00000054     freertos.am263x.r5f.ti-arm-clang.debug.lib : queue.obj (.text.vQueueUnregisterQueue)
                  70087cd4    0000000c     --HOLE-- [fill = 0]
                  70087ce0    00000052     ti_board_open_close.o (.text.Board_ethPhyClose)
                  70087d32    0000000e     --HOLE-- [fill = 0]
                  70087d40    00000052     board.am263x.r5f.ti-arm-clang.debug.lib : ethphy_dp83826e.obj (.text.ETHPHY_DP83826E_verifyIdentifierRegister)
                  70087d92    0000000e     --HOLE-- [fill = 0]
                  70087da0    00000052                                             : ethphy_dp83869.obj (.text.ETHPHY_DP83869_verifyIdentifierRegister)
                  70087df2    0000000e     --HOLE-- [fill = 0]
                  70087e00    00000052     drivers.am263x.r5f.ti-arm-clang.debug.lib : i2c_v1_lld.obj (.text.I2C_lld_deInit)
                  70087e52    0000000e     --HOLE-- [fill = 0]
                  70087e60    00000052     freertos.am263x.r5f.ti-arm-clang.debug.lib : queue.obj (.text.vQueueAddToRegistry)
                  70087eb2    0000000e     --HOLE-- [fill = 0]
                  70087ec0    00000050     ti_board_open_close.o (.text.Board_eepromClose)
                  70087f10    00000050     ti_drivers_open_close.o (.text.Drivers_i2cClose)
                  70087f60    00000050     ti_drivers_open_close.o (.text.Drivers_uartClose)
                  70087fb0    00000050     drivers.am263x.r5f.ti-arm-clang.debug.lib : i2c_v1_lld.obj (.text.I2C_lld_transferIntr)
                  70088000    00000050     icss_emac.am263x.r5f.ti-arm-clang.debug.lib : icss_emac_learning.obj (.text.ICSS_EMAC_initLearningTable)
                  70088050    00000050     drivers.am263x.r5f.ti-arm-clang.debug.lib : pinmux.obj (.text.Pinmux_config)
                  700880a0    00000050                                               : uart_v0_lld.obj (.text.UART_checkCharsAvailInFifo)
                  700880f0    0000004e                                               : edma.obj (.text.EDMA_clrEvtRegion)
                  7008813e    00000002     --HOLE-- [fill = 0]
                  70088140    0000004e                                               : edma.obj (.text.EDMA_disableDmaEvtRegion)
                  7008818e    00000002     --HOLE-- [fill = 0]
                  70088190    0000004e                                               : edma.obj (.text.EDMA_disableEvtIntrRegion)
                  700881de    00000002     --HOLE-- [fill = 0]
                  700881e0    0000004e                                               : edma.obj (.text.EDMA_enableDmaEvtRegion)
                  7008822e    00000002     --HOLE-- [fill = 0]
                  70088230    0000004e                                               : edma.obj (.text.EDMA_enableEvtIntrRegion)
                  7008827e    00000002     --HOLE-- [fill = 0]
                  70088280    0000004e                                               : edma.obj (.text.EDMA_setEvtRegion)
                  700882ce    00000002     --HOLE-- [fill = 0]
                  700882d0    0000004e     icss_emac.am263x.r5f.ti-arm-clang.debug.lib : icss_emac.obj (.text.ICSS_EMAC_clearIrq)
                  7008831e    00000002     --HOLE-- [fill = 0]
                  70088320    0000004e                                                 : icss_emac_local.obj (.text.ICSS_EMAC_hostInit)
                  7008836e    00000002     --HOLE-- [fill = 0]
                  70088370    0000004e     drivers.am263x.r5f.ti-arm-clang.debug.lib : pruicss_m_v0.obj (.text.PRUICSS_intcSetHmr)
                  700883be    00000002     --HOLE-- [fill = 0]
                  700883c0    0000004e                                               : uart_v0.obj (.text.UART_getHandle)
                  7008840e    00000002     --HOLE-- [fill = 0]
                  70088410    0000004e     freertos.am263x.r5f.ti-arm-clang.debug.lib : queue.obj (.text.vQueueDelete)
                  7008845e    00000002     --HOLE-- [fill = 0]
                  70088460    0000004c     drivers.am263x.r5f.ti-arm-clang.debug.lib : edma.obj (.text.EDMA_ccPaRAMEntry_init)
                  700884ac    00000004     --HOLE-- [fill = 0]
                  700884b0    0000004c                                               : edma.obj (.text.EDMA_mapQdmaChToPaRAM)
                  700884fc    00000004     --HOLE-- [fill = 0]
                  70088500    0000004c                                               : edma.obj (.text.EDMA_readEventStatusRegion)
                  7008854c    00000004     --HOLE-- [fill = 0]
                  70088550    0000004c     ti_power_clock_config.o (.text.Module_clockEnable)
                  7008859c    00000004     --HOLE-- [fill = 0]
                  700885a0    0000004c     freertos.am263x.r5f.ti-arm-clang.debug.lib : tasks.obj (.text.vTaskPlaceOnEventList)
                  700885ec    00000004     --HOLE-- [fill = 0]
                  700885f0    0000004a     icss_emac.am263x.r5f.ti-arm-clang.debug.lib : icss_emac.obj (.text.ICSS_EMAC_osRxTaskFnc)
                  7008863a    00000006     --HOLE-- [fill = 0]
                  70088640    0000004a     drivers.am263x.r5f.ti-arm-clang.debug.lib : uart_v0_lld.obj (.text.UART_getIntrIdentityStatus)
                  7008868a    00000006     --HOLE-- [fill = 0]
                  70088690    0000004a                                               : uart_v0_lld.obj (.text.UART_lineCharConfig)
                  700886da    00000006     --HOLE-- [fill = 0]
                  700886e0    0000004a                                               : uart_v0_lld.obj (.text.UART_statusIsDataReady)
                  7008872a    00000006     --HOLE-- [fill = 0]
                  70088730    00000048     board.am263x.r5f.ti-arm-clang.debug.lib : eeprom.obj (.text.EEPROM_read)
                  70088778    00000008     --HOLE-- [fill = 0]
                  70088780    00000048                                             : ethphy.obj (.text.ETHPHY_command)
                  700887c8    00000008     --HOLE-- [fill = 0]
                  700887d0    00000048     drivers.am263x.r5f.ti-arm-clang.debug.lib : i2c_v1.obj (.text.I2C_hwiFxn)
                  70088818    00000008     --HOLE-- [fill = 0]
                  70088820    00000048     icss_emac.am263x.r5f.ti-arm-clang.debug.lib : icss_emac_local.obj (.text.ICSS_EMAC_mdioIntrEnable)
                  70088868    00000008     --HOLE-- [fill = 0]
                  70088870    00000048     drivers.am263x.r5f.ti-arm-clang.debug.lib : soc_rcm.obj (.text.SOC_rcmGetCR5SysclkInFrequency)
                  700888b8    00000008     --HOLE-- [fill = 0]
                  700888c0    00000048                                               : uart_v0_lld.obj (.text.UART_resetModule)
                  70088908    00000008     --HOLE-- [fill = 0]
                  70088910    00000048     freertos.am263x.r5f.ti-arm-clang.debug.lib : queue.obj (.text.prvInitialiseNewQueue)
                  70088958    00000008     --HOLE-- [fill = 0]
                  70088960    00000048                                                : list.obj (.text.uxListRemove)
                  700889a8    00000008     --HOLE-- [fill = 0]
                  700889b0    00000046                                                : DebugP_uartLogWriter.obj (.text.DebugP_uartLogWriterPutChar)
                  700889f6    0000000a     --HOLE-- [fill = 0]
                  70088a00    00000046     icss_emac.am263x.r5f.ti-arm-clang.debug.lib : icss_emac_local.obj (.text.ICSS_EMAC_hostMemInit)
                  70088a46    0000000a     --HOLE-- [fill = 0]
                  70088a50    00000046     drivers.am263x.r5f.ti-arm-clang.debug.lib : uart_v0_lld.obj (.text.UART_readLineStatus)
                  70088a96    0000000a     --HOLE-- [fill = 0]
                  70088aa0    00000046     freertos.am263x.r5f.ti-arm-clang.debug.lib : tasks.obj (.text.vTaskExitCritical)
                  70088ae6    0000000a     --HOLE-- [fill = 0]
                  70088af0    00000044     ti_dpl_config.o (.text.Dpl_init)
                  70088b34    0000000c     --HOLE-- [fill = 0]
                  70088b40    00000044     drivers.am263x.r5f.ti-arm-clang.debug.lib : soc_rcm.obj (.text.SOC_rcmExtract8)
                  70088b84    0000000c     --HOLE-- [fill = 0]
                  70088b90    00000044                                               : soc_rcm.obj (.text.SOC_rcmMake16)
                  70088bd4    0000000c     --HOLE-- [fill = 0]
                  70088be0    00000044     freertos.am263x.r5f.ti-arm-clang.debug.lib : printf.obj (.text._strnlen_s)
                  70088c24    0000000c     --HOLE-- [fill = 0]
                  70088c30    00000044                                                : timers.obj (.text.prvSampleTimeNow)
                  70088c74    0000000c     --HOLE-- [fill = 0]
                  70088c80    00000042     drivers.am263x.r5f.ti-arm-clang.debug.lib : uart_v0.obj (.text.UART_checkOpenParams)
                  70088cc2    0000000e     --HOLE-- [fill = 0]
                  70088cd0    00000042     freertos.am263x.r5f.ti-arm-clang.debug.lib : queue.obj (.text.prvCopyDataFromQueue)
                  70088d12    0000000e     --HOLE-- [fill = 0]
                  70088d20    00000042                                                : tasks.obj (.text.xTaskGetIdleTaskHandle)
                  70088d62    0000000e     --HOLE-- [fill = 0]
                  70088d70    00000040     board.am263x.r5f.ti-arm-clang.debug.lib : ethphy_dp83826e.obj (.text.ETHPHY_DP83826E_open)
                  70088db0    00000040                                             : ethphy_dp83869.obj (.text.ETHPHY_DP83869_open)
                  70088df0    00000040     drivers.am263x.r5f.ti-arm-clang.debug.lib : i2c_v1_lld.obj (.text.I2C_lld_transferPoll)
                  70088e30    00000040                                               : pruicss_m_v0.obj (.text.PRUICSS_setIepClkSrc)
                  70088e70    00000040     freertos.am263x.r5f.ti-arm-clang.debug.lib : TaskP_freertos.obj (.text.TaskP_calcCpuLoad)
                  70088eb0    00000040                                                : TaskP_freertos.obj (.text.TaskP_destruct)
                  70088ef0    00000040     libc.a : memory.c.obj (.text.free_list_insert)
                  70088f30    00000040            : memcmp.c.obj (.text.memcmp)
                  70088f70    00000040     freertos.am263x.r5f.ti-arm-clang.debug.lib : timers.obj (.text.prvGetNextExpireTime)
                  70088fb0    0000003e     icss_emac.am263x.r5f.ti-arm-clang.debug.lib : icss_emac_learning.obj (.text.ICSS_EMAC_copyMAC)
                  70088fee    00000002     --HOLE-- [fill = 0]
                  70088ff0    0000003e     drivers.am263x.r5f.ti-arm-clang.debug.lib : pinmux.obj (.text.Pinmux_unlockMMR)
                  7008902e    00000002     --HOLE-- [fill = 0]
[...]
70081ec1  EDMA_disableChInShadowRegRegion      
70081f91  ICSS_EMAC_ConfigInit                 
70082061  ICSS_EMAC_updateRxStats              
70082131  EDMA_enableChInShadowRegRegion       
700822d1  UART_lld_readDma                     
700823a1  UART_lld_readIntr                    
70082471  UART_lld_writeDma                    
70082541  UART_lld_writeIntr                   
70082611  EDMA_mapChToEvtQ                     
700826e1  EEPROM_CAT24M_read                   
700827b1  UART_flushTxFifo                     
70082881  EDMA_configureChannelRegion          
70082ac1  MDIO_phyRegWrite                     
70082c41  Board_ethPhyOpen                     
70082d01  ICSS_EMAC_calcPort0BufferOffset      
70082dc1  xTimerGenericCommand                 
70082f41  print_cpu_load                       
70083001  ICSS_EMAC_disableStormPrevention     
700830b1  ICSS_EMAC_enableStormPrevention      
70083161  ICSS_EMAC_incrementCounter           
70083211  UART_init                            
700832c1  xQueueGenericReset                   
70083421  SemaphoreP_constructBinary           
700834d1  Drivers_i2cOpen                      
70083581  Board_eepromOpen                     
70083631  Drivers_uartOpen                     
700836e1  CycleCounterP_init                   
70083701  CycleCounterP_reset                  
70083751  CycleCounterP_nsToTicks              
70083791  ICSS_EMAC_purgeStats                 
70083ba1  xTimerCreateTimerTask                
70083e21  printFrame                           
70083f61  ICSS_EMAC_readStats                  
70084001  EDMA_unmapChToEvtQ                   
70084141  MDIO_phyExtRegWrite                  
700841e1  _DebugP_logZone                      
70084281  transmit_nPacket                     
700844d1  EDMA_disableTransferRegion           
70084561  EDMA_enableTransferRegion            
70084681  UART_readCancelNoCB                  
70084711  UART_writeCancelNoCB                 
700847a1  main                                 
70084831  ICSS_EMAC_txInterruptHandler         
700848c1  MDIO_phyExtRegRead                   
70084951  ICSS_EMAC_initStormPreventionTable   
700849e1  UART_lld_flushTxFifo                 
70084c21  EDMA_allocDmaChannel                 
70084cb1  EDMA_allocParam                      
70084d41  EDMA_allocTcc                        
70084ef1  SemaphoreP_pend                      
70084f81  EEPROM_CAT24M_open                   
70085081  PRUICSS_setIcssCfgTxFifo             
70085181  ClockP_getTimeUsec                   
70085281  PRUICSS_setGpMuxSelect               
70085301  PRUICSS_writeMemory                  
70085401  _DebugP_assert                       
70085501  PRUICSS_setGpiMode                   
70085581  UART_Params_init                     
70085601  printHelpMenu                        
70085681  EDMA_linkChannel                     
70085781  PRUICSS_setIcssCfgMiiMode            
70085801  xQueueTakeMutexRecursive             
70085981  PRUICSS_disableCore                  
70085a01  PRUICSS_enableCore                   
70085b01  xQueueGiveMutexRecursive             
70085b81  ClockP_usleep                        
70085d01  ICSS_EMAC_mdioIntrEnableSwitch       
70085d81  ICSS_EMAC_promiscuousModeDeinit      
70085e01  ICSS_EMAC_promiscuousModeInit        
70085f01  EDMA_clrMissEvtRegion                
70085f81  TaskP_loadResetAll                   
70086071  ICSS_EMAC_memInit                    
700860e1  SemaphoreP_constructMutex            
70086231  ETHPHY_open                          
700862a1  ICSS_EMAC_clearStatistics            
7008637c  atoi                                 
70086461  vListInsert                          
700864d1  vTaskDelay                           
70086541  EDMA_getBaseAddr                     
70086621  ICSS_EMAC_setCreditValue             
70086771  EEPROM_open                          
700867e1  I2C_init                             
700868c1  ICSS_EMAC_osLinkTaskFnc              
70086931  SOC_rcmGetR5Clock                    
700869a1  SOC_rcmIsR5FInLockStepMode           
70086a81  UART_lld_deInitDma                   
70086b61  vApplicationLoadHook                 
70086bd1  vQueueWaitForMessageRestricted       
70086c41  ICSS_EMAC_calcTotalBufferPoolSize    
70086d21  SemaphoreP_post                      
70086df1  ICSS_EMAC_purgeTable                 
70086e51  ICSS_EMAC_updateTxStats              
70086eb1  UART_getChar                         
70086f71  PRUICSS_open                         
70086fd1  clearStatistics                      
700875d1  Module_clockSetFrequency             
70087631  UART_lld_deInit                      
700876f1  vTaskPlaceOnEventListRestricted      
70087751  ICSS_EMAC_portMemInit                
700877b1  UART_lld_dmaDisableChannel           
70087931  recieve_packet                       
70087991  ICSS_EMAC_vlanFilterConfig           
700879e8  __TI_auto_init_nobinit_nopinit       
70087a41  I2C_getHandle                        
70087aa1  ICSS_EMAC_init                       
70087b01  Icss_socgetMACAddress                
70087b61  EDMA_setPaRAM                        
70087c81  vQueueUnregisterQueue                
70087ce1  Board_ethPhyClose                    
70087e01  I2C_lld_deInit                       
70087e61  vQueueAddToRegistry                  
70087ec1  Board_eepromClose                    
70087f11  Drivers_i2cClose                     
70087f61  Drivers_uartClose                    
70087fb1  I2C_lld_transferIntr                 
70088001  ICSS_EMAC_initLearningTable          
70088051  Pinmux_config                        
700880a1  UART_checkCharsAvailInFifo           
700880f1  EDMA_clrEvtRegion                    
70088141  EDMA_disableDmaEvtRegion             
70088191  EDMA_disableEvtIntrRegion            
700881e1  EDMA_enableDmaEvtRegion              
70088231  EDMA_enableEvtIntrRegion             
70088281  EDMA_setEvtRegion                    
70088321  ICSS_EMAC_hostInit                   
700883c1  UART_getHandle                       
70088411  vQueueDelete                         
70088461  EDMA_ccPaRAMEntry_init               
700884b1  EDMA_mapQdmaChToPaRAM                
70088501  EDMA_readEventStatusRegion           
70088551  Module_clockEnable                   
700885a1  vTaskPlaceOnEventList                
700885f1  ICSS_EMAC_osRxTaskFnc                
70088641  UART_getIntrIdentityStatus           
70088731  EEPROM_read                          
70088781  ETHPHY_command                       
70088821  ICSS_EMAC_mdioIntrEnable             
70088961  uxListRemove                         
700889b1  DebugP_uartLogWriterPutChar          
70088a01  ICSS_EMAC_hostMemInit                
70088a51  UART_readLineStatus                  
70088aa1  vTaskExitCritical                    
70088af1  Dpl_init                             
70088d21  xTaskGetIdleTaskHandle               
70088d71  ETHPHY_DP83826E_open                 
70088db1  ETHPHY_DP83869_open                  
70088df1  I2C_lld_transferPoll                 
70088e31  PRUICSS_setIepClkSrc                 
70088eb1  TaskP_destruct                       
70088f30  memcmp                               
70088fb1  ICSS_EMAC_copyMAC                    
70089131  UART_spaceAvail                      
70089171  EEPROM_CAT24M_close                  
700891b1  ICSS_EMAC_rxInterruptHandler         
700891f1  TaskP_loadGetTotalCpuLoad            
70089271  UART_IsTxRxFifoEmpty                 
70089331  DebugP_scanf                         
70089371  SOC_moduleSetClockFrequency          
700893f1  vListInsertEnd                       
70089471  ICSS_EMAC_memInitToZero              
700894b1  ICSS_EMAC_osTxTaskFnc                
70089571  xTaskGetSchedulerState               
700895b1  EDMA_getRegionId                     
700895f1  ICSS_EMAC_byteCopy                   
70089631  System_init                          
700896b1  TimerP_Params_init                   
700897e1  transmit_packet                      
70089821  vPortTimerTickHandler                
70089861  ClockP_sleep                         
700898a1  ClockP_timerTickIsr                  
700899a1  I2C_lld_Message_init                 
700899e1  TimerP_getCount                      
70089aa1  vApplicationStackOverflowHook        
70089ae1  vTaskEnterCritical                   
70089b21  xQueueCreateMutexStatic              
70089b61  EEPROM_close                         
70089b91  ETHPHY_close                         
70089c20  CycleCounterP_getCount32             
70089c28  PmuP_setup                           
70089c30  PmuP_enableCounters                  
70089c38  PmuP_disableCounters                 
70089c40  PmuP_getOverflowStatus               
70089c48  PmuP_clearOverflowStatus             
70089cb1  UART_lld_dmaInit                     
70089d71  vListInitialise                      
70089da1  DebugP_logZoneEnable                 
70089e31  TaskP_Params_init                    
70089ec1  pvTaskIncrementMutexHeldCount        
70089ef1  vApplicationGetIdleTaskMemory        
70089f21  vApplicationGetTimerTaskMemory       
70089f4c  vsscanf                              
70089f81  Board_driversOpen                    
70089fb1  I2C_lld_Transaction_init             
7008a041  MDIO_phyLinkStatus                   
7008a071  UART_Transaction_init                
7008a0a1  UART_intr2Disable                    
7008a0d1  UART_lld_Transaction_init            
7008a101  UART_operatingModeSelect             
7008a131  CSL_armR5GetCpuID                    
7008a1c1  vprintf_                             
7008a1f1  EDMA_disableQdmaEvtRegion            
7008a221  EDMA_enableQdmaEvtRegion             
7008a2e1  I2C_Transaction_init                 
7008a364  __aeabi_uldivmod                     
7008a3c1  _system_pre_init                     
7008a3f1  vTaskInternalSetTimeOutState         
7008a421  EDMA_channelToParamMap               
7008a451  ICSS_EMAC_Params_init                
7008a4b1  ClockP_usecToTicks                   
7008a511  vPortFree                            
7008a531  EDMA_getEventStatusHigh              
7008a591  MDIO_initClock                       
7008a5b1  SOC_getSelfCpuClk                    
7008a5d1  SOC_moduleClockEnable                
7008a611  UART_lld_Transaction_deInit          
7008a671  xPortStartScheduler                  
7008a691  xTaskGetTickCount                    
7008a6b1  EDMA_getEventStatus                  
7008a711  vPortYeildFromISR                    
7008a72c  TI_memcpy_small                      
7008a751  I2C_Params_init                      
7008a7b1  ClockP_ticksToUsec                   
7008a7d1  EDMA_isInterruptEnabled              
7008a871  ICSS_EMAC_disableRxInterrupt         
7008a891  ICSS_EMAC_enableRxInterrupt          
7008a8d1  TimerP_getReloadCount                
7008a931  UART_putChar                         
7008a951  freertos_main                        
7008a968  TI_memset_small                      
7008aa01  ICSS_EMAC_linkISR                    
7008aa21  SemaphoreP_destruct                  
7008aa41  TimerP_start                         
7008aa61  TimerP_stop                          
7008aac1  DebugP_uartSetDrvIndex               
7008ac41  TimerP_clearOverflowInt              
7008ac61  putchar_                             
7008ac81  xTaskGetCurrentTaskHandle            
7008acc1  ICSS_EMAC_changePortState            
7008ace1  PRUICSS_getVersion                   
7008ad01  Pinmux_init                          
7008ad21  uiPortGetRunTimeCounterValue         
7008ad41  AddrTranslateP_getLocalAddr          
7008ad91  ClockP_getTimerCount                 
7008adb1  ClockP_timerClearOverflowInt         
7008ae70  __aeabi_memset                       
7008ae70  __aeabi_memset4                      
7008ae70  __aeabi_memset8                      
7008aea1  vTaskSuspendAll                      
7008aeb1  ETHPHY_Params_init                   
7008aec1  vListInitialiseItem                  
7008aed1  vTaskMissedYield                     
7008af01  Drivers_open                         
7008af11  PowerClock_init                      
7008af61  vApplicationIdleHook                 
7008af71  ClockP_getTicks                      
7008af81  Drivers_uartInit                     
7008afc1  PRUICSS_init                         
7008afd1  TaskP_yield                          
7008afe0  __aeabi_idiv0                        
7008aff0  __aeabi_ldiv0                        
7008b001  Board_init                           
7008b011  vPortConfigTimerForRunTimeStats      
7008b021  vPortValidateInterruptPriority       
7008b030  PRU0_b00                             
7008c50c  PRU1_b00                             
7008dc70  __aeabi_ctype_table_                 
7008dc70  __aeabi_ctype_table_C                
7008de0c  gCacheConfig                         
7008de14  gMpuConfig                           
7008de20  gMpuRegionConfig                     
7008e0ec  ICSS_EMAC_defaultParams              
7008e3e6  gCR5ClkSrcInfoMap                    
7008e3e8  gPruIcssHwAttrs_ICSSM0               
7008e5bc  gADPLLJConfigTbl                     
7008e604  gCacheL1dCacheLineSize               
7008eb88  I2C_defaultTransaction               
7008f90c  I2C_lld_defaultMessage               
7008f924  gPeripheralClkSrcInfoMap             
7009012c  gXTALInfo                            
70090180  gCacheL1pCacheLineSize               
70090190  uxTopUsedPriority                    
700901a1  HwiP_enableInt                       
700901e1  HwiP_disableInt                      
70090241  HwiP_restoreInt                      
70090271  HwiP_clearInt                        
700902b1  HwiP_post                            
700902f1  HwiP_Params_init                     
70090321  HwiP_construct                       
70090521  HwiP_destruct                        
70090591  HwiP_init                            
70090741  HwiP_inISR                           
70090771  HwiP_irq_handler_c                   
700908b1  HwiP_fiq_handler                     
70090a21  HwiP_reserved_handler                
70090a61  HwiP_undefined_handler               
70090aa1  HwiP_prefetch_abort_handler          
70090ae1  HwiP_data_abort_handler_c            
70090b14  vPortRestoreTaskContext              
70090b4c  HwiP_svc_handler                     
70090bbc  HwiP_irq_handler                     
70090d00  HwiP_disable                         
70090d10  HwiP_disableFIQ                      
70090d20  HwiP_enable                          
70090d30  HwiP_enableFIQ                       
70090d40  HwiP_restore                         
70090d48  HwiP_enableVIC                       
70090d58  HwiP_disableVIC                      
70090d68  HwiP_getCPSR                         
70090d70  HwiP_data_abort_handler              
70090dc0  CacheP_disableL1d                    
70090de8  CacheP_disableL1p                    
70090e00  CacheP_enableL1d                     
70090e18  CacheP_enableL1p                     
70090e30  CacheP_invL1d                        
70090e68  CacheP_invL1p                        
70090ea4  CacheP_invL1dAll                     
70090eac  CacheP_invL1pAll                     
70090eb4  CacheP_wb                            
70090ef0  CacheP_wbInv                         
70090f2c  CacheP_wbAll                         
70090fd4  CacheP_wbInvAll                      
70090fec  CacheP_wbInvAllAsm                   
7009108c  CacheP_getEnabled                    
700910c4  CacheP_getCacheLevelInfo             
700910d0  CacheP_configForceWrThru             
700910f0  CacheP_setDLFO                       
70091101  CacheP_init                          
70091191  CacheP_disable                       
700911e1  CacheP_enable                        
70091221  CacheP_inv                           
70091261  MpuP_RegionAttrs_init                
70091291  MpuP_setRegion                       
70091381  MpuP_isEnable                        
70091391  MpuP_disable                         
700913d1  MpuP_enable                          
70091411  MpuP_init                            
700914a8  MpuP_disableAsm                      
700914c0  MpuP_disableBRAsm                    
700914d0  MpuP_enableAsm                       
700914e8  MpuP_enableBRAsm                     
700914f8  MpuP_isEnableAsm                     
7009150c  MpuP_setRegionAsm                    
70091520  _c_int00_sbl                         
70091544  _c_int00                             
70091621  _DebugP_assertNoLog                  
70091651  __mpu_init                           
70091660  C$$EXIT                              
70091660  abort                                
70091668  gEdmaConfig                          
70091668  gPruicssPinMuxCfg                    
70091668  gUartDmaHandle                       
70091790  icss_emacFwDynamicCfg                
70091848  icss_emacFwStaticCfg                 
70091a30  TestFrame                            
70091a94  protocol_impl                        
70091af8  gUartParams                          
70091b8c  icss_emacFwMulticastFilterCfg        
70091be4  gSocModulesClockFrequency            
70091c08  gClockConfig                         
70091c50  gEthPhyConfig                        
70091d70  icss_emacFwVlanFilterCfg             
70091d88  gEepromFxns_CAT24M                   
70091d98  gEthPhyAttrs                         
70091da8  gEepromAttrs_CAT24M                  
70091db4  gEepromConfig                        
70091dc0  gEthPhyFxns_DP83826E                 
70091dcc  gEthPhyFxns_DP83869                  
70091dd8  gI2cParams                           
70091de4  gSocModules                          
70091df0  gEepromParams                        
70091df8  gI2cConfig                           
70091e00  gIcssEmacConfig                      
70091e08  gPruIcssConfig                       
70091e18  gUartConfig                          
70091e36  numImplementedProtocols              
70091e38  FreeRTOS_errno                       
70091e3c  __aeabi_errno                        
70091e40  _lock                                
70091e44  _unlock                              
70091e4c  gDebugLogZone                        
70091e50  gDebugP_uartDrvIndex                 
70091e54  gEdmaConfigNum                       
70091e58  gEepromConfigNum                     
70091e5c  gEthPhyConfigNum                     
70091e60  gHwiConfig                           
70091e64  gI2cConfigNum                        
70091e68  gIcssEmacConfigNum                   
70091e6c  gPruIcssConfigNum                    
70091e70  gUartConfigNum                       
70091e74  gUartDmaChConfig                     
70091e80  pxCurrentTCB                         
70091e84  ulPortInterruptNesting               
70091e88  ulPortSchedularRunning               
70091e8c  ulPortTaskHasFPUContext              
70091e90  ulPortYieldRequired                  
70091ed4  isMapAvailable                       
70091ed8  __IRQ_STACK_START                    
70091fd8  __FIQ_STACK_START                    
70091fd8  __IRQ_STACK_END                      
700920d8  __FIQ_STACK_END                      
700920d8  __SVC_STACK_START                    
700930d8  __ABORT_STACK_START                  
700930d8  __SVC_STACK_END                      
700931d8  __ABORT_STACK_END                    
700931d8  __UNDEFINED_STACK_START              
700932d8  __UNDEFINED_STACK_END                
ffffffff  __TI_pprof_out_hndl                  
ffffffff  __TI_prof_data_size                  
ffffffff  __TI_prof_data_start                 
ffffffff  __binit__                            
ffffffff  binit                                
UNDEFED   __TI_CINIT_Base                      
UNDEFED   __TI_CINIT_Limit                     
UNDEFED   __TI_Handler_Table_Base              
UNDEFED   __TI_Handler_Table_Limit             
UNDEFED   _system_post_cinit                   

[585 symbols]
