<?xml version="1.0" encoding="ISO-8859-1" ?>
<link_info>
   <banner>TI ARM Clang Linker Unix v3.2.2.LTS</banner>
   <copyright>Copyright (c) 1996-2018 Texas Instruments Incorporated</copyright>
   <link_time>0x663b0ba2</link_time>
   <link_errors>0x0</link_errors>
   <output_file>/home/aakashk/workspace_v12/edma_dma_sw_lab_am263px-cc_r5fss0-0_nortos_ti-arm-clang/Debug/edma_dma_sw_lab_am263px-cc_r5fss0-0_nortos_ti-arm-clang.out</output_file>
   <entry_point>
      <name>_vectors</name>
      <address>0x0</address>
   </entry_point>
   <input_file_list>
      <input_file id="fl-1">
         <path>/home/aakashk/workspace_v12/edma_dma_sw_lab_am263px-cc_r5fss0-0_nortos_ti-arm-clang/Debug/./</path>
         <kind>object</kind>
         <file>am263px_dma_lab_main.o</file>
         <name>am263px_dma_lab_main.o</name>
      </input_file>
      <input_file id="fl-2">
         <path>/home/aakashk/workspace_v12/edma_dma_sw_lab_am263px-cc_r5fss0-0_nortos_ti-arm-clang/Debug/./syscfg/</path>
         <kind>object</kind>
         <file>ti_dpl_config.o</file>
         <name>ti_dpl_config.o</name>
      </input_file>
      <input_file id="fl-3">
         <path>/home/aakashk/workspace_v12/edma_dma_sw_lab_am263px-cc_r5fss0-0_nortos_ti-arm-clang/Debug/./syscfg/</path>
         <kind>object</kind>
         <file>ti_drivers_config.o</file>
         <name>ti_drivers_config.o</name>
      </input_file>
      <input_file id="fl-4">
         <path>/home/aakashk/workspace_v12/edma_dma_sw_lab_am263px-cc_r5fss0-0_nortos_ti-arm-clang/Debug/./syscfg/</path>
         <kind>object</kind>
         <file>ti_drivers_open_close.o</file>
         <name>ti_drivers_open_close.o</name>
      </input_file>
      <input_file id="fl-5">
         <path>/home/aakashk/workspace_v12/edma_dma_sw_lab_am263px-cc_r5fss0-0_nortos_ti-arm-clang/Debug/./syscfg/</path>
         <kind>object</kind>
         <file>ti_pinmux_config.o</file>
         <name>ti_pinmux_config.o</name>
      </input_file>
      <input_file id="fl-6">
         <path>/home/aakashk/workspace_v12/edma_dma_sw_lab_am263px-cc_r5fss0-0_nortos_ti-arm-clang/Debug/./syscfg/</path>
         <kind>object</kind>
         <file>ti_power_clock_config.o</file>
         <name>ti_power_clock_config.o</name>
      </input_file>
      <input_file id="fl-7">
         <path>/home/aakashk/workspace_v12/edma_dma_sw_lab_am263px-cc_r5fss0-0_nortos_ti-arm-clang/Debug/./syscfg/</path>
         <kind>object</kind>
         <file>ti_board_config.o</file>
         <name>ti_board_config.o</name>
      </input_file>
      <input_file id="fl-8">
         <path>/home/aakashk/workspace_v12/edma_dma_sw_lab_am263px-cc_r5fss0-0_nortos_ti-arm-clang/Debug/./syscfg/</path>
         <kind>object</kind>
         <file>ti_board_open_close.o</file>
         <name>ti_board_open_close.o</name>
      </input_file>
      <input_file id="fl-9">
         <path>/home/aakashk/workspace_v12/edma_dma_sw_lab_am263px-cc_r5fss0-0_nortos_ti-arm-clang/Debug/./syscfg/</path>
         <kind>object</kind>
         <file>ti_enet_config.o</file>
         <name>ti_enet_config.o</name>
      </input_file>
      <input_file id="fl-a">
         <path>/home/aakashk/workspace_v12/edma_dma_sw_lab_am263px-cc_r5fss0-0_nortos_ti-arm-clang/Debug/./syscfg/</path>
         <kind>object</kind>
         <file>ti_enet_open_close.o</file>
         <name>ti_enet_open_close.o</name>
      </input_file>
      <input_file id="fl-b">
         <path>/home/aakashk/workspace_v12/edma_dma_sw_lab_am263px-cc_r5fss0-0_nortos_ti-arm-clang/Debug/./syscfg/</path>
         <kind>object</kind>
         <file>ti_enet_soc.o</file>
         <name>ti_enet_soc.o</name>
      </input_file>
      <input_file id="fl-c">
         <path>/home/aakashk/workspace_v12/edma_dma_sw_lab_am263px-cc_r5fss0-0_nortos_ti-arm-clang/Debug/./syscfg/</path>
         <kind>object</kind>
         <file>ti_enet_lwipif.o</file>
         <name>ti_enet_lwipif.o</name>
      </input_file>
      <input_file id="fl-d">
         <path>/home/aakashk/workspace_v12/edma_dma_sw_lab_am263px-cc_r5fss0-0_nortos_ti-arm-clang/Debug/./</path>
         <kind>object</kind>
         <file>main.o</file>
         <name>main.o</name>
      </input_file>
      <input_file id="fl-1c">
         <path>/home/aakashk/workspace_v12/edma_dma_sw_lab_am263px-cc_r5fss0-0_nortos_ti-arm-clang/Debug/</path>
         <kind>object</kind>
         <file>&lt;internal&gt;</file>
         <name>&lt;internal&gt;</name>
      </input_file>
      <input_file id="fl-1d">
         <path>/home/aakashk/Git/sf_Git/workarea/mcu_plus_sdk_1/mcu_plus_sdk/source/kernel/nortos/lib/</path>
         <kind>archive</kind>
         <file>nortos.am263px.r5f.ti-arm-clang.debug.lib</file>
         <name>AddrTranslateP_32bit.obj</name>
      </input_file>
      <input_file id="fl-1e">
         <path>/home/aakashk/Git/sf_Git/workarea/mcu_plus_sdk_1/mcu_plus_sdk/source/kernel/nortos/lib/</path>
         <kind>archive</kind>
         <file>nortos.am263px.r5f.ti-arm-clang.debug.lib</file>
         <name>DebugP_uartLogWriter.obj</name>
      </input_file>
      <input_file id="fl-1f">
         <path>/home/aakashk/Git/sf_Git/workarea/mcu_plus_sdk_1/mcu_plus_sdk/source/kernel/nortos/lib/</path>
         <kind>archive</kind>
         <file>nortos.am263px.r5f.ti-arm-clang.debug.lib</file>
         <name>DebugP_log.obj</name>
      </input_file>
      <input_file id="fl-20">
         <path>/home/aakashk/Git/sf_Git/workarea/mcu_plus_sdk_1/mcu_plus_sdk/source/kernel/nortos/lib/</path>
         <kind>archive</kind>
         <file>nortos.am263px.r5f.ti-arm-clang.debug.lib</file>
         <name>DebugP_nortos.obj</name>
      </input_file>
      <input_file id="fl-21">
         <path>/home/aakashk/Git/sf_Git/workarea/mcu_plus_sdk_1/mcu_plus_sdk/source/kernel/nortos/lib/</path>
         <kind>archive</kind>
         <file>nortos.am263px.r5f.ti-arm-clang.debug.lib</file>
         <name>SemaphoreP_nortos.obj</name>
      </input_file>
      <input_file id="fl-22">
         <path>/home/aakashk/Git/sf_Git/workarea/mcu_plus_sdk_1/mcu_plus_sdk/source/kernel/nortos/lib/</path>
         <kind>archive</kind>
         <file>nortos.am263px.r5f.ti-arm-clang.debug.lib</file>
         <name>ClockP_nortos.obj</name>
      </input_file>
      <input_file id="fl-23">
         <path>/home/aakashk/Git/sf_Git/workarea/mcu_plus_sdk_1/mcu_plus_sdk/source/kernel/nortos/lib/</path>
         <kind>archive</kind>
         <file>nortos.am263px.r5f.ti-arm-clang.debug.lib</file>
         <name>ClockP_nortos_r5.obj</name>
      </input_file>
      <input_file id="fl-24">
         <path>/home/aakashk/Git/sf_Git/workarea/mcu_plus_sdk_1/mcu_plus_sdk/source/kernel/nortos/lib/</path>
         <kind>archive</kind>
         <file>nortos.am263px.r5f.ti-arm-clang.debug.lib</file>
         <name>TimerP_rti.obj</name>
      </input_file>
      <input_file id="fl-25">
         <path>/home/aakashk/Git/sf_Git/workarea/mcu_plus_sdk_1/mcu_plus_sdk/source/kernel/nortos/lib/</path>
         <kind>archive</kind>
         <file>nortos.am263px.r5f.ti-arm-clang.debug.lib</file>
         <name>HwiP_armv7r_vim.obj</name>
      </input_file>
      <input_file id="fl-26">
         <path>/home/aakashk/Git/sf_Git/workarea/mcu_plus_sdk_1/mcu_plus_sdk/source/kernel/nortos/lib/</path>
         <kind>archive</kind>
         <file>nortos.am263px.r5f.ti-arm-clang.debug.lib</file>
         <name>HwiP_armv7r_handlers_nortos.obj</name>
      </input_file>
      <input_file id="fl-27">
         <path>/home/aakashk/Git/sf_Git/workarea/mcu_plus_sdk_1/mcu_plus_sdk/source/kernel/nortos/lib/</path>
         <kind>archive</kind>
         <file>nortos.am263px.r5f.ti-arm-clang.debug.lib</file>
         <name>MpuP_armv7r.obj</name>
      </input_file>
      <input_file id="fl-28">
         <path>/home/aakashk/Git/sf_Git/workarea/mcu_plus_sdk_1/mcu_plus_sdk/source/kernel/nortos/lib/</path>
         <kind>archive</kind>
         <file>nortos.am263px.r5f.ti-arm-clang.debug.lib</file>
         <name>CacheP_armv7r.obj</name>
      </input_file>
      <input_file id="fl-29">
         <path>/home/aakashk/Git/sf_Git/workarea/mcu_plus_sdk_1/mcu_plus_sdk/source/kernel/nortos/lib/</path>
         <kind>archive</kind>
         <file>nortos.am263px.r5f.ti-arm-clang.debug.lib</file>
         <name>printf.obj</name>
      </input_file>
      <input_file id="fl-2a">
         <path>/home/aakashk/Git/sf_Git/workarea/mcu_plus_sdk_1/mcu_plus_sdk/source/kernel/nortos/lib/</path>
         <kind>archive</kind>
         <file>nortos.am263px.r5f.ti-arm-clang.debug.lib</file>
         <name>PmuP_armv7r.obj</name>
      </input_file>
      <input_file id="fl-2b">
         <path>/home/aakashk/Git/sf_Git/workarea/mcu_plus_sdk_1/mcu_plus_sdk/source/kernel/nortos/lib/</path>
         <kind>archive</kind>
         <file>nortos.am263px.r5f.ti-arm-clang.debug.lib</file>
         <name>HwiP_armv7r_handlers_nortos_asm.obj</name>
      </input_file>
      <input_file id="fl-2c">
         <path>/home/aakashk/Git/sf_Git/workarea/mcu_plus_sdk_1/mcu_plus_sdk/source/kernel/nortos/lib/</path>
         <kind>archive</kind>
         <file>nortos.am263px.r5f.ti-arm-clang.debug.lib</file>
         <name>HwiP_armv7r_vectors_nortos_asm.obj</name>
      </input_file>
      <input_file id="fl-2d">
         <path>/home/aakashk/Git/sf_Git/workarea/mcu_plus_sdk_1/mcu_plus_sdk/source/kernel/nortos/lib/</path>
         <kind>archive</kind>
         <file>nortos.am263px.r5f.ti-arm-clang.debug.lib</file>
         <name>boot_armv7r_asm.obj</name>
      </input_file>
      <input_file id="fl-2e">
         <path>/home/aakashk/Git/sf_Git/workarea/mcu_plus_sdk_1/mcu_plus_sdk/source/kernel/nortos/lib/</path>
         <kind>archive</kind>
         <file>nortos.am263px.r5f.ti-arm-clang.debug.lib</file>
         <name>HwiP_armv7r_asm.obj</name>
      </input_file>
      <input_file id="fl-2f">
         <path>/home/aakashk/Git/sf_Git/workarea/mcu_plus_sdk_1/mcu_plus_sdk/source/kernel/nortos/lib/</path>
         <kind>archive</kind>
         <file>nortos.am263px.r5f.ti-arm-clang.debug.lib</file>
         <name>MpuP_armv7r_asm.obj</name>
      </input_file>
      <input_file id="fl-30">
         <path>/home/aakashk/Git/sf_Git/workarea/mcu_plus_sdk_1/mcu_plus_sdk/source/kernel/nortos/lib/</path>
         <kind>archive</kind>
         <file>nortos.am263px.r5f.ti-arm-clang.debug.lib</file>
         <name>CacheP_armv7r_asm.obj</name>
      </input_file>
      <input_file id="fl-31">
         <path>/home/aakashk/Git/sf_Git/workarea/mcu_plus_sdk_1/mcu_plus_sdk/source/kernel/nortos/lib/</path>
         <kind>archive</kind>
         <file>nortos.am263px.r5f.ti-arm-clang.debug.lib</file>
         <name>PmuP_armv7r_asm.obj</name>
      </input_file>
      <input_file id="fl-32">
         <path>/home/aakashk/Git/sf_Git/workarea/mcu_plus_sdk_1/mcu_plus_sdk/source/kernel/nortos/lib/</path>
         <kind>archive</kind>
         <file>nortos.am263px.r5f.ti-arm-clang.debug.lib</file>
         <name>boot_armv7r.obj</name>
      </input_file>
      <input_file id="fl-33">
         <path>/home/aakashk/Git/sf_Git/workarea/mcu_plus_sdk_1/mcu_plus_sdk/source/drivers/lib/</path>
         <kind>archive</kind>
         <file>drivers.am263px.r5f.ti-arm-clang.debug.lib</file>
         <name>adc.obj</name>
      </input_file>
      <input_file id="fl-34">
         <path>/home/aakashk/Git/sf_Git/workarea/mcu_plus_sdk_1/mcu_plus_sdk/source/drivers/lib/</path>
         <kind>archive</kind>
         <file>drivers.am263px.r5f.ti-arm-clang.debug.lib</file>
         <name>edma.obj</name>
      </input_file>
      <input_file id="fl-35">
         <path>/home/aakashk/Git/sf_Git/workarea/mcu_plus_sdk_1/mcu_plus_sdk/source/drivers/lib/</path>
         <kind>archive</kind>
         <file>drivers.am263px.r5f.ti-arm-clang.debug.lib</file>
         <name>etpwm.obj</name>
      </input_file>
      <input_file id="fl-36">
         <path>/home/aakashk/Git/sf_Git/workarea/mcu_plus_sdk_1/mcu_plus_sdk/source/drivers/lib/</path>
         <kind>archive</kind>
         <file>drivers.am263px.r5f.ti-arm-clang.debug.lib</file>
         <name>gpio.obj</name>
      </input_file>
      <input_file id="fl-37">
         <path>/home/aakashk/Git/sf_Git/workarea/mcu_plus_sdk_1/mcu_plus_sdk/source/drivers/lib/</path>
         <kind>archive</kind>
         <file>drivers.am263px.r5f.ti-arm-clang.debug.lib</file>
         <name>pinmux.obj</name>
      </input_file>
      <input_file id="fl-38">
         <path>/home/aakashk/Git/sf_Git/workarea/mcu_plus_sdk_1/mcu_plus_sdk/source/drivers/lib/</path>
         <kind>archive</kind>
         <file>drivers.am263px.r5f.ti-arm-clang.debug.lib</file>
         <name>soc.obj</name>
      </input_file>
      <input_file id="fl-39">
         <path>/home/aakashk/Git/sf_Git/workarea/mcu_plus_sdk_1/mcu_plus_sdk/source/drivers/lib/</path>
         <kind>archive</kind>
         <file>drivers.am263px.r5f.ti-arm-clang.debug.lib</file>
         <name>soc_rcm.obj</name>
      </input_file>
      <input_file id="fl-3a">
         <path>/home/aakashk/Git/sf_Git/workarea/mcu_plus_sdk_1/mcu_plus_sdk/source/drivers/lib/</path>
         <kind>archive</kind>
         <file>drivers.am263px.r5f.ti-arm-clang.debug.lib</file>
         <name>uart_v0.obj</name>
      </input_file>
      <input_file id="fl-3b">
         <path>/home/aakashk/Git/sf_Git/workarea/mcu_plus_sdk_1/mcu_plus_sdk/source/drivers/lib/</path>
         <kind>archive</kind>
         <file>drivers.am263px.r5f.ti-arm-clang.debug.lib</file>
         <name>uart_v0_lld.obj</name>
      </input_file>
      <input_file id="fl-3c">
         <path>/home/aakashk/Git/sf_Git/workarea/mcu_plus_sdk_1/mcu_plus_sdk/source/drivers/lib/</path>
         <kind>archive</kind>
         <file>drivers.am263px.r5f.ti-arm-clang.debug.lib</file>
         <name>uart_dma_edma.obj</name>
      </input_file>
      <input_file id="fl-3d">
         <path>/home/aakashk/Git/sf_Git/workarea/mcu_plus_sdk_1/mcu_plus_sdk/source/board/lib/</path>
         <kind>archive</kind>
         <file>board.am263px.r5f.ti-arm-clang.debug.lib</file>
         <name>led.obj</name>
      </input_file>
      <input_file id="fl-3e">
         <path>/home/aakashk/Git/sf_Git/workarea/mcu_plus_sdk_1/mcu_plus_sdk/source/board/lib/</path>
         <kind>archive</kind>
         <file>board.am263px.r5f.ti-arm-clang.debug.lib</file>
         <name>led_gpio.obj</name>
      </input_file>
      <input_file id="fl-4d">
         <path>/home/aakashk/ti/ccs1270/ccs/tools/compiler/ti-cgt-armllvm_3.2.2.LTS/lib/armv7r-ti-none-eabihf/c/</path>
         <kind>archive</kind>
         <file>libc.a</file>
         <name>exit.c.obj</name>
      </input_file>
      <input_file id="fl-4e">
         <path>/home/aakashk/ti/ccs1270/ccs/tools/compiler/ti-cgt-armllvm_3.2.2.LTS/lib/armv7r-ti-none-eabihf/c/</path>
         <kind>archive</kind>
         <file>libc.a</file>
         <name>_lock.c.obj</name>
      </input_file>
      <input_file id="fl-4f">
         <path>/home/aakashk/ti/ccs1270/ccs/tools/compiler/ti-cgt-armllvm_3.2.2.LTS/lib/armv7r-ti-none-eabihf/c/</path>
         <kind>archive</kind>
         <file>libc.a</file>
         <name>autoinit.c.obj</name>
      </input_file>
      <input_file id="fl-50">
         <path>/home/aakashk/ti/ccs1270/ccs/tools/compiler/ti-cgt-armllvm_3.2.2.LTS/lib/armv7r-ti-none-eabihf/c/</path>
         <kind>archive</kind>
         <file>libc.a</file>
         <name>cpy_tbl.c.obj</name>
      </input_file>
      <input_file id="fl-b6">
         <path>/home/aakashk/ti/ccs1270/ccs/tools/compiler/ti-cgt-armllvm_3.2.2.LTS/lib/clang/15.0.7/lib/armv7r-ti-none-eabihf/</path>
         <kind>archive</kind>
         <file>libclang_rt.builtins.a</file>
         <name>floatundidf.S.obj</name>
      </input_file>
      <input_file id="fl-b7">
         <path>/home/aakashk/ti/ccs1270/ccs/tools/compiler/ti-cgt-armllvm_3.2.2.LTS/lib/clang/15.0.7/lib/armv7r-ti-none-eabihf/</path>
         <kind>archive</kind>
         <file>libclang_rt.builtins.a</file>
         <name>aeabi_memcpy.S.obj</name>
      </input_file>
      <input_file id="fl-b8">
         <path>/home/aakashk/ti/ccs1270/ccs/tools/compiler/ti-cgt-armllvm_3.2.2.LTS/lib/clang/15.0.7/lib/armv7r-ti-none-eabihf/</path>
         <kind>archive</kind>
         <file>libclang_rt.builtins.a</file>
         <name>aeabi_memset.S.obj</name>
      </input_file>
      <input_file id="fl-b9">
         <path>/home/aakashk/ti/ccs1270/ccs/tools/compiler/ti-cgt-armllvm_3.2.2.LTS/lib/clang/15.0.7/lib/armv7r-ti-none-eabihf/</path>
         <kind>archive</kind>
         <file>libclang_rt.builtins.a</file>
         <name>aeabi_uldivmod.S.obj</name>
      </input_file>
      <input_file id="fl-ba">
         <path>/home/aakashk/ti/ccs1270/ccs/tools/compiler/ti-cgt-armllvm_3.2.2.LTS/lib/clang/15.0.7/lib/armv7r-ti-none-eabihf/</path>
         <kind>archive</kind>
         <file>libclang_rt.builtins.a</file>
         <name>udivmoddi4.S.obj</name>
      </input_file>
      <input_file id="fl-bb">
         <path>/home/aakashk/ti/ccs1270/ccs/tools/compiler/ti-cgt-armllvm_3.2.2.LTS/lib/clang/15.0.7/lib/armv7r-ti-none-eabihf/</path>
         <kind>archive</kind>
         <file>libclang_rt.builtins.a</file>
         <name>aeabi_div0.c.obj</name>
      </input_file>
      <input_file id="fl-bc">
         <path>/home/aakashk/ti/ccs1270/ccs/tools/compiler/ti-cgt-armllvm_3.2.2.LTS/lib/armv7r-ti-none-eabihf/c/</path>
         <kind>archive</kind>
         <file>libc.a</file>
         <name>memcpy32.S.obj</name>
      </input_file>
      <input_file id="fl-bd">
         <path>/home/aakashk/ti/ccs1270/ccs/tools/compiler/ti-cgt-armllvm_3.2.2.LTS/lib/armv7r-ti-none-eabihf/c/</path>
         <kind>archive</kind>
         <file>libc.a</file>
         <name>memset32.S.obj</name>
      </input_file>
      <input_file id="fl-be">
         <path>/home/aakashk/Git/sf_Git/workarea/mcu_plus_sdk_1/mcu_plus_sdk/source/kernel/nortos/lib/</path>
         <kind>archive</kind>
         <file>nortos.am263px.r5f.ti-arm-clang.debug.lib</file>
         <name>CpuId_armv7r.obj</name>
      </input_file>
      <input_file id="fl-bf">
         <path>/home/aakashk/Git/sf_Git/workarea/mcu_plus_sdk_1/mcu_plus_sdk/source/kernel/nortos/lib/</path>
         <kind>archive</kind>
         <file>nortos.am263px.r5f.ti-arm-clang.debug.lib</file>
         <name>TaskP_nortos.obj</name>
      </input_file>
      <input_file id="fl-c0">
         <path>/home/aakashk/Git/sf_Git/workarea/mcu_plus_sdk_1/mcu_plus_sdk/source/kernel/nortos/lib/</path>
         <kind>archive</kind>
         <file>nortos.am263px.r5f.ti-arm-clang.debug.lib</file>
         <name>CpuId_armv7r_asm.obj</name>
      </input_file>
   </input_file_list>
   <object_component_list>
      <object_component id="oc-2c">
         <name>.vectors</name>
         <load_address>0x0</load_address>
         <readonly>true</readonly>
         <executable>true</executable>
         <run_address>0x0</run_address>
         <size>0x40</size>
         <alignment>0x4</alignment>
         <input_file_ref idref="fl-2c"/>
      </object_component>
      <object_component id="oc-68">
         <name>.text.hwi</name>
         <load_address>0x70056f70</load_address>
         <readonly>true</readonly>
         <executable>true</executable>
         <run_address>0x70056f70</run_address>
         <size>0x5c6</size>
         <alignment>0x10</alignment>
         <input_file_ref idref="fl-25"/>
      </object_component>
      <object_component id="oc-4f">
         <name>.text.hwi</name>
         <load_address>0x70057540</load_address>
         <readonly>true</readonly>
         <executable>true</executable>
         <run_address>0x70057540</run_address>
         <size>0x3d4</size>
         <alignment>0x10</alignment>
         <input_file_ref idref="fl-26"/>
      </object_component>
      <object_component id="oc-53">
         <name>.text.hwi</name>
         <load_address>0x70057914</load_address>
         <readonly>true</readonly>
         <executable>true</executable>
         <run_address>0x70057914</run_address>
         <size>0xc0</size>
         <alignment>0x4</alignment>
         <input_file_ref idref="fl-2b"/>
      </object_component>
      <object_component id="oc-6e">
         <name>.text.hwi</name>
         <load_address>0x700579d4</load_address>
         <readonly>true</readonly>
         <executable>true</executable>
         <run_address>0x700579d4</run_address>
         <size>0x70</size>
         <alignment>0x4</alignment>
         <input_file_ref idref="fl-2e"/>
      </object_component>
      <object_component id="oc-bc">
         <name>.text.cache</name>
         <load_address>0x70057a50</load_address>
         <readonly>true</readonly>
         <executable>true</executable>
         <run_address>0x70057a50</run_address>
         <size>0x340</size>
         <alignment>0x4</alignment>
         <input_file_ref idref="fl-30"/>
      </object_component>
      <object_component id="oc-7a">
         <name>.text.cache</name>
         <load_address>0x70057d90</load_address>
         <readonly>true</readonly>
         <executable>true</executable>
         <run_address>0x70057d90</run_address>
         <size>0x158</size>
         <alignment>0x10</alignment>
         <input_file_ref idref="fl-28"/>
      </object_component>
      <object_component id="oc-76">
         <name>.text.mpu</name>
         <load_address>0x70057ef0</load_address>
         <readonly>true</readonly>
         <executable>true</executable>
         <run_address>0x70057ef0</run_address>
         <size>0x246</size>
         <alignment>0x10</alignment>
         <input_file_ref idref="fl-27"/>
      </object_component>
      <object_component id="oc-b8">
         <name>.text.mpu</name>
         <load_address>0x70058138</load_address>
         <readonly>true</readonly>
         <executable>true</executable>
         <run_address>0x70058138</run_address>
         <size>0x78</size>
         <alignment>0x4</alignment>
         <input_file_ref idref="fl-2f"/>
      </object_component>
      <object_component id="oc-4b">
         <name>.text.boot</name>
         <load_address>0x700581b0</load_address>
         <readonly>true</readonly>
         <executable>true</executable>
         <run_address>0x700581b0</run_address>
         <size>0xfc</size>
         <alignment>0x4</alignment>
         <input_file_ref idref="fl-2d"/>
      </object_component>
      <object_component id="oc-af">
         <name>.text.boot</name>
         <load_address>0x700582b0</load_address>
         <readonly>true</readonly>
         <executable>true</executable>
         <run_address>0x700582b0</run_address>
         <size>0x24</size>
         <alignment>0x10</alignment>
         <input_file_ref idref="fl-1f"/>
      </object_component>
      <object_component id="oc-58">
         <name>.text.boot</name>
         <load_address>0x700582e0</load_address>
         <readonly>true</readonly>
         <executable>true</executable>
         <run_address>0x700582e0</run_address>
         <size>0xc</size>
         <alignment>0x10</alignment>
         <input_file_ref idref="fl-2"/>
      </object_component>
      <object_component id="oc-a7">
         <name>.text:abort</name>
         <load_address>0x700582f0</load_address>
         <readonly>true</readonly>
         <executable>true</executable>
         <run_address>0x700582f0</run_address>
         <size>0x8</size>
         <alignment>0x4</alignment>
         <input_file_ref idref="fl-4d"/>
      </object_component>
      <object_component id="oc-18a">
         <name>.text.Drivers_epwmOpen</name>
         <load_address>0x70040000</load_address>
         <readonly>true</readonly>
         <executable>true</executable>
         <run_address>0x70040000</run_address>
         <size>0x1aba</size>
         <alignment>0x10</alignment>
         <input_file_ref idref="fl-4"/>
      </object_component>
      <object_component id="oc-140">
         <name>.text.__aeabi_memcpy</name>
         <load_address>0x70041abc</load_address>
         <readonly>true</readonly>
         <executable>true</executable>
         <run_address>0x70041abc</run_address>
         <size>0x4</size>
         <alignment>0x4</alignment>
         <input_file_ref idref="fl-b7"/>
      </object_component>
      <object_component id="oc-2fb">
         <name>.text._vsnprintf</name>
         <load_address>0x70041ac0</load_address>
         <readonly>true</readonly>
         <executable>true</executable>
         <run_address>0x70041ac0</run_address>
         <size>0xa34</size>
         <alignment>0x10</alignment>
         <input_file_ref idref="fl-29"/>
      </object_component>
      <object_component id="oc-80">
         <name>.text.__aeabi_memclr</name>
         <load_address>0x700424f4</load_address>
         <readonly>true</readonly>
         <executable>true</executable>
         <run_address>0x700424f4</run_address>
         <size>0xc</size>
         <alignment>0x4</alignment>
         <input_file_ref idref="fl-b8"/>
      </object_component>
      <object_component id="oc-3ac">
         <name>.text.SOC_rcmGetClkSrcAndDivReg</name>
         <load_address>0x70042500</load_address>
         <readonly>true</readonly>
         <executable>true</executable>
         <run_address>0x70042500</run_address>
         <size>0x678</size>
         <alignment>0x10</alignment>
         <input_file_ref idref="fl-39"/>
      </object_component>
      <object_component id="oc-31c">
         <name>.text.SOC_rcmEnablePeripheralClock</name>
         <load_address>0x70042b80</load_address>
         <readonly>true</readonly>
         <executable>true</executable>
         <run_address>0x70042b80</run_address>
         <size>0x638</size>
         <alignment>0x10</alignment>
         <input_file_ref idref="fl-39"/>
      </object_component>
      <object_component id="oc-108">
         <name>.text.ConfigureEdma</name>
         <load_address>0x700431c0</load_address>
         <readonly>true</readonly>
         <executable>true</executable>
         <run_address>0x700431c0</run_address>
         <size>0x5d8</size>
         <alignment>0x10</alignment>
         <input_file_ref idref="fl-1"/>
      </object_component>
      <object_component id="oc-396">
         <name>.text._ftoa</name>
         <load_address>0x700437a0</load_address>
         <readonly>true</readonly>
         <executable>true</executable>
         <run_address>0x700437a0</run_address>
         <size>0x51e</size>
         <alignment>0x10</alignment>
         <input_file_ref idref="fl-29"/>
      </object_component>
      <object_component id="oc-189">
         <name>.text.Drivers_adcOpen</name>
         <load_address>0x70043cc0</load_address>
         <readonly>true</readonly>
         <executable>true</executable>
         <run_address>0x70043cc0</run_address>
         <size>0x49c</size>
         <alignment>0x10</alignment>
         <input_file_ref idref="fl-4"/>
      </object_component>
      <object_component id="oc-397">
         <name>.text._etoa</name>
         <load_address>0x70044160</load_address>
         <readonly>true</readonly>
         <executable>true</executable>
         <run_address>0x70044160</run_address>
         <size>0x478</size>
         <alignment>0x10</alignment>
         <input_file_ref idref="fl-29"/>
      </object_component>
      <object_component id="oc-2cd">
         <name>.text.UART_open</name>
         <load_address>0x700445e0</load_address>
         <readonly>true</readonly>
         <executable>true</executable>
         <run_address>0x700445e0</run_address>
         <size>0x42c</size>
         <alignment>0x10</alignment>
         <input_file_ref idref="fl-3a"/>
      </object_component>
      <object_component id="oc-17c">
         <name>.text.EDMA_initialize</name>
         <load_address>0x70044a10</load_address>
         <readonly>true</readonly>
         <executable>true</executable>
         <run_address>0x70044a10</run_address>
         <size>0x336</size>
         <alignment>0x10</alignment>
         <input_file_ref idref="fl-34"/>
      </object_component>
      <object_component id="oc-1a7">
         <name>.text.SOC_virtToPhy</name>
         <load_address>0x70044d50</load_address>
         <readonly>true</readonly>
         <executable>true</executable>
         <run_address>0x70044d50</run_address>
         <size>0x302</size>
         <alignment>0x10</alignment>
         <input_file_ref idref="fl-38"/>
      </object_component>
      <object_component id="oc-20e">
         <name>.text</name>
         <load_address>0x70045054</load_address>
         <readonly>true</readonly>
         <executable>true</executable>
         <run_address>0x70045054</run_address>
         <size>0xc</size>
         <alignment>0x4</alignment>
         <input_file_ref idref="fl-c0"/>
      </object_component>
      <object_component id="oc-406">
         <name>.text.UART_edmaChInit</name>
         <load_address>0x70045060</load_address>
         <readonly>true</readonly>
         <executable>true</executable>
         <run_address>0x70045060</run_address>
         <size>0x27e</size>
         <alignment>0x10</alignment>
         <input_file_ref idref="fl-3c"/>
      </object_component>
      <object_component id="oc-2dc">
         <name>.text.Alloc_resource</name>
         <load_address>0x700452e0</load_address>
         <readonly>true</readonly>
         <executable>true</executable>
         <run_address>0x700452e0</run_address>
         <size>0x250</size>
         <alignment>0x10</alignment>
         <input_file_ref idref="fl-34"/>
      </object_component>
      <object_component id="oc-3fc">
         <name>.text.UART_fifoConfig</name>
         <load_address>0x70045530</load_address>
         <readonly>true</readonly>
         <executable>true</executable>
         <run_address>0x70045530</run_address>
         <size>0x242</size>
         <alignment>0x10</alignment>
         <input_file_ref idref="fl-3b"/>
      </object_component>
      <object_component id="oc-3d2">
         <name>.text._ntoa_format</name>
         <load_address>0x70045780</load_address>
         <readonly>true</readonly>
         <executable>true</executable>
         <run_address>0x70045780</run_address>
         <size>0x23e</size>
         <alignment>0x10</alignment>
         <input_file_ref idref="fl-29"/>
      </object_component>
      <object_component id="oc-3e5">
         <name>.text.UART_lld_dmaDeInit</name>
         <load_address>0x700459c0</load_address>
         <readonly>true</readonly>
         <executable>true</executable>
         <run_address>0x700459c0</run_address>
         <size>0x226</size>
         <alignment>0x10</alignment>
         <input_file_ref idref="fl-3c"/>
      </object_component>
      <object_component id="oc-298">
         <name>.text.EPWM_setADCTriggerSource</name>
         <load_address>0x70045bf0</load_address>
         <readonly>true</readonly>
         <executable>true</executable>
         <run_address>0x70045bf0</run_address>
         <size>0x1ee</size>
         <alignment>0x10</alignment>
         <input_file_ref idref="fl-4"/>
      </object_component>
      <object_component id="oc-1e6">
         <name>.text.TimerP_setup</name>
         <load_address>0x70045de0</load_address>
         <readonly>true</readonly>
         <executable>true</executable>
         <run_address>0x70045de0</run_address>
         <size>0x1d6</size>
         <alignment>0x10</alignment>
         <input_file_ref idref="fl-24"/>
      </object_component>
      <object_component id="oc-1ca">
         <name>.text.EDMA_deinitialize</name>
         <load_address>0x70045fc0</load_address>
         <readonly>true</readonly>
         <executable>true</executable>
         <run_address>0x70045fc0</run_address>
         <size>0x1ca</size>
         <alignment>0x10</alignment>
         <input_file_ref idref="fl-34"/>
      </object_component>
      <object_component id="oc-2ff">
         <name>.text.UART_close</name>
         <load_address>0x70046190</load_address>
         <readonly>true</readonly>
         <executable>true</executable>
         <run_address>0x70046190</run_address>
         <size>0x1b2</size>
         <alignment>0x10</alignment>
         <input_file_ref idref="fl-3a"/>
      </object_component>
      <object_component id="oc-387">
         <name>.text.UART_lld_controllerIsr</name>
         <load_address>0x70046350</load_address>
         <readonly>true</readonly>
         <executable>true</executable>
         <run_address>0x70046350</run_address>
         <size>0x1a8</size>
         <alignment>0x10</alignment>
         <input_file_ref idref="fl-3b"/>
      </object_component>
      <object_component id="oc-417">
         <name>.text.UART_write</name>
         <load_address>0x70046500</load_address>
         <readonly>true</readonly>
         <executable>true</executable>
         <run_address>0x70046500</run_address>
         <size>0x1a2</size>
         <alignment>0x10</alignment>
         <input_file_ref idref="fl-3a"/>
      </object_component>
      <object_component id="oc-322">
         <name>.text.EDMA_transferCompletionMasterIsrFxn</name>
         <load_address>0x700466b0</load_address>
         <readonly>true</readonly>
         <executable>true</executable>
         <run_address>0x700466b0</run_address>
         <size>0x196</size>
         <alignment>0x10</alignment>
         <input_file_ref idref="fl-34"/>
      </object_component>
      <object_component id="oc-446">
         <name>.text.UART_lld_dmaWrite</name>
         <load_address>0x70046850</load_address>
         <readonly>true</readonly>
         <executable>true</executable>
         <run_address>0x70046850</run_address>
         <size>0x166</size>
         <alignment>0x10</alignment>
         <input_file_ref idref="fl-3c"/>
      </object_component>
      <object_component id="oc-293">
         <name>.text.EPWM_setInterruptSource</name>
         <load_address>0x700469c0</load_address>
         <readonly>true</readonly>
         <executable>true</executable>
         <run_address>0x700469c0</run_address>
         <size>0x162</size>
         <alignment>0x10</alignment>
         <input_file_ref idref="fl-4"/>
      </object_component>
      <object_component id="oc-41a">
         <name>.text.EDMA_unregisterIntr</name>
         <load_address>0x70046b30</load_address>
         <readonly>true</readonly>
         <executable>true</executable>
         <run_address>0x70046b30</run_address>
         <size>0x15a</size>
         <alignment>0x10</alignment>
         <input_file_ref idref="fl-34"/>
      </object_component>
      <object_component id="oc-14d">
         <name>.text.SOC_controlModuleUnlockMMR</name>
         <load_address>0x70046c90</load_address>
         <readonly>true</readonly>
         <executable>true</executable>
         <run_address>0x70046c90</run_address>
         <size>0x158</size>
         <alignment>0x10</alignment>
         <input_file_ref idref="fl-38"/>
      </object_component>
      <object_component id="oc-380">
         <name>.text.UART_lld_initDma</name>
         <load_address>0x70046df0</load_address>
         <readonly>true</readonly>
         <executable>true</executable>
         <run_address>0x70046df0</run_address>
         <size>0x152</size>
         <alignment>0x10</alignment>
         <input_file_ref idref="fl-3b"/>
      </object_component>
      <object_component id="oc-9e">
         <name>.text.edma_sw_lab_main</name>
         <load_address>0x70046f50</load_address>
         <readonly>true</readonly>
         <executable>true</executable>
         <run_address>0x70046f50</run_address>
         <size>0x142</size>
         <alignment>0x10</alignment>
         <input_file_ref idref="fl-1"/>
      </object_component>
      <object_component id="oc-3c5">
         <name>.text.UART_procLineStatusErr</name>
         <load_address>0x700470a0</load_address>
         <readonly>true</readonly>
         <executable>true</executable>
         <run_address>0x700470a0</run_address>
         <size>0x13e</size>
         <alignment>0x10</alignment>
         <input_file_ref idref="fl-3b"/>
      </object_component>
      <object_component id="oc-14f">
         <name>.text.ClockP_init</name>
         <load_address>0x700471e0</load_address>
         <readonly>true</readonly>
         <executable>true</executable>
         <run_address>0x700471e0</run_address>
         <size>0x13c</size>
         <alignment>0x10</alignment>
         <input_file_ref idref="fl-23"/>
      </object_component>
      <object_component id="oc-43a">
         <name>.text.EDMA_isDmaChannelAllocated</name>
         <load_address>0x70047320</load_address>
         <readonly>true</readonly>
         <executable>true</executable>
         <run_address>0x70047320</run_address>
         <size>0x13a</size>
         <alignment>0x10</alignment>
         <input_file_ref idref="fl-34"/>
      </object_component>
      <object_component id="oc-21b">
         <name>.text.EDMA_open</name>
         <load_address>0x70047460</load_address>
         <readonly>true</readonly>
         <executable>true</executable>
         <run_address>0x70047460</run_address>
         <size>0x13a</size>
         <alignment>0x10</alignment>
         <input_file_ref idref="fl-34"/>
      </object_component>
      <object_component id="oc-394">
         <name>.text._ntoa_long_long</name>
         <load_address>0x700475a0</load_address>
         <readonly>true</readonly>
         <executable>true</executable>
         <run_address>0x700475a0</run_address>
         <size>0x138</size>
         <alignment>0x10</alignment>
         <input_file_ref idref="fl-29"/>
      </object_component>
      <object_component id="oc-448">
         <name>.text.UART_writePolling</name>
         <load_address>0x700476e0</load_address>
         <readonly>true</readonly>
         <executable>true</executable>
         <run_address>0x700476e0</run_address>
         <size>0x134</size>
         <alignment>0x10</alignment>
         <input_file_ref idref="fl-3b"/>
      </object_component>
      <object_component id="oc-1b0">
         <name>.text.EDMA_registerIntr</name>
         <load_address>0x70047820</load_address>
         <readonly>true</readonly>
         <executable>true</executable>
         <run_address>0x70047820</run_address>
         <size>0x12e</size>
         <alignment>0x10</alignment>
         <input_file_ref idref="fl-34"/>
      </object_component>
      <object_component id="oc-2a5">
         <name>.text.EPWM_setXCMPActionQualifierAction</name>
         <load_address>0x70047950</load_address>
         <readonly>true</readonly>
         <executable>true</executable>
         <run_address>0x70047950</run_address>
         <size>0x12c</size>
         <alignment>0x10</alignment>
         <input_file_ref idref="fl-4"/>
      </object_component>
      <object_component id="oc-385">
         <name>.text.UART_lld_init</name>
         <load_address>0x70047a80</load_address>
         <readonly>true</readonly>
         <executable>true</executable>
         <run_address>0x70047a80</run_address>
         <size>0x12c</size>
         <alignment>0x10</alignment>
         <input_file_ref idref="fl-3b"/>
      </object_component>
      <object_component id="oc-14e">
         <name>.text.SOC_controlModuleLockMMR</name>
         <load_address>0x70047bb0</load_address>
         <readonly>true</readonly>
         <executable>true</executable>
         <run_address>0x70047bb0</run_address>
         <size>0x126</size>
         <alignment>0x10</alignment>
         <input_file_ref idref="fl-38"/>
      </object_component>
      <object_component id="oc-3aa">
         <name>.text.SOC_rcmGetPeripheralClockFrequency</name>
         <load_address>0x70047ce0</load_address>
         <readonly>true</readonly>
         <executable>true</executable>
         <run_address>0x70047ce0</run_address>
         <size>0x11c</size>
         <alignment>0x10</alignment>
         <input_file_ref idref="fl-39"/>
      </object_component>
      <object_component id="oc-2ca">
         <name>.text.SOC_xbarSelectDMAXBarInputSource_ext</name>
         <load_address>0x70047e00</load_address>
         <readonly>true</readonly>
         <executable>true</executable>
         <run_address>0x70047e00</run_address>
         <size>0x11a</size>
         <alignment>0x10</alignment>
         <input_file_ref idref="fl-4"/>
      </object_component>
      <object_component id="oc-1f2">
         <name>.text</name>
         <load_address>0x70047f1c</load_address>
         <readonly>true</readonly>
         <executable>true</executable>
         <run_address>0x70047f1c</run_address>
         <size>0x118</size>
         <alignment>0x4</alignment>
         <input_file_ref idref="fl-ba"/>
      </object_component>
      <object_component id="oc-438">
         <name>.text.EDMA_isTccAllocated</name>
         <load_address>0x70048040</load_address>
         <readonly>true</readonly>
         <executable>true</executable>
         <run_address>0x70048040</run_address>
         <size>0x116</size>
         <alignment>0x10</alignment>
         <input_file_ref idref="fl-34"/>
      </object_component>
      <object_component id="oc-3ff">
         <name>.text.UART_divisorLatchWrite</name>
         <load_address>0x70048160</load_address>
         <readonly>true</readonly>
         <executable>true</executable>
         <run_address>0x70048160</run_address>
         <size>0x116</size>
         <alignment>0x10</alignment>
         <input_file_ref idref="fl-3b"/>
      </object_component>
      <object_component id="oc-395">
         <name>.text._ntoa_long</name>
         <load_address>0x70048280</load_address>
         <readonly>true</readonly>
         <executable>true</executable>
         <run_address>0x70048280</run_address>
         <size>0x114</size>
         <alignment>0x10</alignment>
         <input_file_ref idref="fl-29"/>
      </object_component>
      <object_component id="oc-3e7">
         <name>.text.SOC_rcmADPLLJGetFOut</name>
         <load_address>0x700483a0</load_address>
         <readonly>true</readonly>
         <executable>true</executable>
         <run_address>0x700483a0</run_address>
         <size>0x10e</size>
         <alignment>0x10</alignment>
         <input_file_ref idref="fl-39"/>
      </object_component>
      <object_component id="oc-3bc">
         <name>.text.UART_configInstance</name>
         <load_address>0x700484b0</load_address>
         <readonly>true</readonly>
         <executable>true</executable>
         <run_address>0x700484b0</run_address>
         <size>0x104</size>
         <alignment>0x10</alignment>
         <input_file_ref idref="fl-3b"/>
      </object_component>
      <object_component id="oc-10b">
         <name>.text.SemaphoreP_pend</name>
         <load_address>0x700485c0</load_address>
         <readonly>true</readonly>
         <executable>true</executable>
         <run_address>0x700485c0</run_address>
         <size>0xf6</size>
         <alignment>0x10</alignment>
         <input_file_ref idref="fl-21"/>
      </object_component>
      <object_component id="oc-236">
         <name>.text.ADC_setPPBTripLimits</name>
         <load_address>0x700486c0</load_address>
         <readonly>true</readonly>
         <executable>true</executable>
         <run_address>0x700486c0</run_address>
         <size>0xea</size>
         <alignment>0x10</alignment>
         <input_file_ref idref="fl-33"/>
      </object_component>
      <object_component id="oc-fe">
         <name>.text.AddrTranslateP_getLocalAddr</name>
         <load_address>0x700487b0</load_address>
         <readonly>true</readonly>
         <executable>true</executable>
         <run_address>0x700487b0</run_address>
         <size>0xea</size>
         <alignment>0x10</alignment>
         <input_file_ref idref="fl-1d"/>
      </object_component>
      <object_component id="oc-3a3">
         <name>.text.SOC_rcmGetCoreFout</name>
         <load_address>0x700488a0</load_address>
         <readonly>true</readonly>
         <executable>true</executable>
         <run_address>0x700488a0</run_address>
         <size>0xe6</size>
         <alignment>0x10</alignment>
         <input_file_ref idref="fl-39"/>
      </object_component>
      <object_component id="oc-420">
         <name>.text.SOC_rcmGetPerFout</name>
         <load_address>0x70048990</load_address>
         <readonly>true</readonly>
         <executable>true</executable>
         <run_address>0x70048990</run_address>
         <size>0xe6</size>
         <alignment>0x10</alignment>
         <input_file_ref idref="fl-39"/>
      </object_component>
      <object_component id="oc-41b">
         <name>.text.EDMA_freeChannelRegion</name>
         <load_address>0x70048a80</load_address>
         <readonly>true</readonly>
         <executable>true</executable>
         <run_address>0x70048a80</run_address>
         <size>0xe4</size>
         <alignment>0x10</alignment>
         <input_file_ref idref="fl-34"/>
      </object_component>
      <object_component id="oc-41e">
         <name>.text.EDMA_freeParam</name>
         <load_address>0x70048b70</load_address>
         <readonly>true</readonly>
         <executable>true</executable>
         <run_address>0x70048b70</run_address>
         <size>0xe2</size>
         <alignment>0x10</alignment>
         <input_file_ref idref="fl-34"/>
      </object_component>
      <object_component id="oc-41c">
         <name>.text.EDMA_freeDmaChannel</name>
         <load_address>0x70048c60</load_address>
         <readonly>true</readonly>
         <executable>true</executable>
         <run_address>0x70048c60</run_address>
         <size>0xe0</size>
         <alignment>0x10</alignment>
         <input_file_ref idref="fl-34"/>
      </object_component>
      <object_component id="oc-41d">
         <name>.text.EDMA_freeTcc</name>
         <load_address>0x70048d40</load_address>
         <readonly>true</readonly>
         <executable>true</executable>
         <run_address>0x70048d40</run_address>
         <size>0xe0</size>
         <alignment>0x10</alignment>
         <input_file_ref idref="fl-34"/>
      </object_component>
      <object_component id="oc-3c8">
         <name>.text.UART_intrEnable</name>
         <load_address>0x70048e20</load_address>
         <readonly>true</readonly>
         <executable>true</executable>
         <run_address>0x70048e20</run_address>
         <size>0xde</size>
         <alignment>0x10</alignment>
         <input_file_ref idref="fl-3b"/>
      </object_component>
      <object_component id="oc-39c">
         <name>.text.UART_intrDisable</name>
         <load_address>0x70048f00</load_address>
         <readonly>true</readonly>
         <executable>true</executable>
         <run_address>0x70048f00</run_address>
         <size>0xda</size>
         <alignment>0x10</alignment>
         <input_file_ref idref="fl-3b"/>
      </object_component>
      <object_component id="oc-435">
         <name>.text.UART_lld_write</name>
         <load_address>0x70048fe0</load_address>
         <readonly>true</readonly>
         <executable>true</executable>
         <run_address>0x70048fe0</run_address>
         <size>0xd2</size>
         <alignment>0x10</alignment>
         <input_file_ref idref="fl-3b"/>
      </object_component>
      <object_component id="oc-439">
         <name>.text.EDMA_disableChInShadowRegRegion</name>
         <load_address>0x700490c0</load_address>
         <readonly>true</readonly>
         <executable>true</executable>
         <run_address>0x700490c0</run_address>
         <size>0xce</size>
         <alignment>0x10</alignment>
         <input_file_ref idref="fl-34"/>
      </object_component>
      <object_component id="oc-2df">
         <name>.text.EDMA_enableChInShadowRegRegion</name>
         <load_address>0x70049190</load_address>
         <readonly>true</readonly>
         <executable>true</executable>
         <run_address>0x70049190</run_address>
         <size>0xcc</size>
         <alignment>0x10</alignment>
         <input_file_ref idref="fl-34"/>
      </object_component>
      <object_component id="oc-433">
         <name>.text.UART_lld_writeDma</name>
         <load_address>0x70049260</load_address>
         <readonly>true</readonly>
         <executable>true</executable>
         <run_address>0x70049260</run_address>
         <size>0xc8</size>
         <alignment>0x10</alignment>
         <input_file_ref idref="fl-3b"/>
      </object_component>
      <object_component id="oc-432">
         <name>.text.UART_lld_writeIntr</name>
         <load_address>0x70049330</load_address>
         <readonly>true</readonly>
         <executable>true</executable>
         <run_address>0x70049330</run_address>
         <size>0xc6</size>
         <alignment>0x10</alignment>
         <input_file_ref idref="fl-3b"/>
      </object_component>
      <object_component id="oc-2e1">
         <name>.text.EDMA_mapChToEvtQ</name>
         <load_address>0x70049400</load_address>
         <readonly>true</readonly>
         <executable>true</executable>
         <run_address>0x70049400</run_address>
         <size>0xc4</size>
         <alignment>0x10</alignment>
         <input_file_ref idref="fl-34"/>
      </object_component>
      <object_component id="oc-39b">
         <name>.text.UART_flushTxFifo</name>
         <load_address>0x700494d0</load_address>
         <readonly>true</readonly>
         <executable>true</executable>
         <run_address>0x700494d0</run_address>
         <size>0xc4</size>
         <alignment>0x10</alignment>
         <input_file_ref idref="fl-3a"/>
      </object_component>
      <object_component id="oc-e9">
         <name>.text.Soc_enableEPWMHalt</name>
         <load_address>0x700495a0</load_address>
         <readonly>true</readonly>
         <executable>true</executable>
         <run_address>0x700495a0</run_address>
         <size>0xc2</size>
         <alignment>0x10</alignment>
         <input_file_ref idref="fl-38"/>
      </object_component>
      <object_component id="oc-1a5">
         <name>.text.EDMA_configureChannelRegion</name>
         <load_address>0x70049670</load_address>
         <readonly>true</readonly>
         <executable>true</executable>
         <run_address>0x70049670</run_address>
         <size>0xc0</size>
         <alignment>0x10</alignment>
         <input_file_ref idref="fl-34"/>
      </object_component>
      <object_component id="oc-3eb">
         <name>.text.SOC_rcmGetPerHSDivOut</name>
         <load_address>0x70049730</load_address>
         <readonly>true</readonly>
         <executable>true</executable>
         <run_address>0x70049730</run_address>
         <size>0xc0</size>
         <alignment>0x10</alignment>
         <input_file_ref idref="fl-39"/>
      </object_component>
      <object_component id="oc-3d4">
         <name>.text._out_rev</name>
         <load_address>0x700497f0</load_address>
         <readonly>true</readonly>
         <executable>true</executable>
         <run_address>0x700497f0</run_address>
         <size>0xc0</size>
         <alignment>0x10</alignment>
         <input_file_ref idref="fl-29"/>
      </object_component>
      <object_component id="oc-1e8">
         <name>.text.ClockP_timerTickIsr</name>
         <load_address>0x700498b0</load_address>
         <readonly>true</readonly>
         <executable>true</executable>
         <run_address>0x700498b0</run_address>
         <size>0xbe</size>
         <alignment>0x10</alignment>
         <input_file_ref idref="fl-22"/>
      </object_component>
      <object_component id="oc-283">
         <name>.text.EPWM_setFallingEdgeDeadBandDelayInput</name>
         <load_address>0x70049970</load_address>
         <readonly>true</readonly>
         <executable>true</executable>
         <run_address>0x70049970</run_address>
         <size>0xbc</size>
         <alignment>0x10</alignment>
         <input_file_ref idref="fl-4"/>
      </object_component>
      <object_component id="oc-2f8">
         <name>.text.ClockP_stop</name>
         <load_address>0x70049a30</load_address>
         <readonly>true</readonly>
         <executable>true</executable>
         <run_address>0x70049a30</run_address>
         <size>0xba</size>
         <alignment>0x10</alignment>
         <input_file_ref idref="fl-22"/>
      </object_component>
      <object_component id="oc-253">
         <name>.text.EPWM_setCounterCompareShadowLoadMode</name>
         <load_address>0x70049af0</load_address>
         <readonly>true</readonly>
         <executable>true</executable>
         <run_address>0x70049af0</run_address>
         <size>0xba</size>
         <alignment>0x10</alignment>
         <input_file_ref idref="fl-4"/>
      </object_component>
      <object_component id="oc-23d">
         <name>.text.ADC_setBurstModeConfig</name>
         <load_address>0x70049bb0</load_address>
         <readonly>true</readonly>
         <executable>true</executable>
         <run_address>0x70049bb0</run_address>
         <size>0xb8</size>
         <alignment>0x10</alignment>
         <input_file_ref idref="fl-4"/>
      </object_component>
      <object_component id="oc-452">
         <name>.text.UART_fifoWrite</name>
         <load_address>0x70049c70</load_address>
         <readonly>true</readonly>
         <executable>true</executable>
         <run_address>0x70049c70</run_address>
         <size>0xb6</size>
         <alignment>0x10</alignment>
         <input_file_ref idref="fl-3b"/>
      </object_component>
      <object_component id="oc-e1">
         <name>.text.SOC_enableAdcReference</name>
         <load_address>0x70049d30</load_address>
         <readonly>true</readonly>
         <executable>true</executable>
         <run_address>0x70049d30</run_address>
         <size>0xb0</size>
         <alignment>0x10</alignment>
         <input_file_ref idref="fl-38"/>
      </object_component>
      <object_component id="oc-31d">
         <name>.text.SOC_rcmSetPeripheralClock</name>
         <load_address>0x70049de0</load_address>
         <readonly>true</readonly>
         <executable>true</executable>
         <run_address>0x70049de0</run_address>
         <size>0xb0</size>
         <alignment>0x10</alignment>
         <input_file_ref idref="fl-39"/>
      </object_component>
      <object_component id="oc-187">
         <name>.text.UART_init</name>
         <load_address>0x70049e90</load_address>
         <readonly>true</readonly>
         <executable>true</executable>
         <run_address>0x70049e90</run_address>
         <size>0xb0</size>
         <alignment>0x10</alignment>
         <input_file_ref idref="fl-3a"/>
      </object_component>
      <object_component id="oc-190">
         <name>.text.Board_ledOpen</name>
         <load_address>0x70049f40</load_address>
         <readonly>true</readonly>
         <executable>true</executable>
         <run_address>0x70049f40</run_address>
         <size>0xac</size>
         <alignment>0x10</alignment>
         <input_file_ref idref="fl-8"/>
      </object_component>
      <object_component id="oc-18d">
         <name>.text.Drivers_uartOpen</name>
         <load_address>0x70049ff0</load_address>
         <readonly>true</readonly>
         <executable>true</executable>
         <run_address>0x70049ff0</run_address>
         <size>0xaa</size>
         <alignment>0x10</alignment>
         <input_file_ref idref="fl-4"/>
      </object_component>
      <object_component id="oc-300">
         <name>.text.EDMA_close</name>
         <load_address>0x7004a0a0</load_address>
         <readonly>true</readonly>
         <executable>true</executable>
         <run_address>0x7004a0a0</run_address>
         <size>0xaa</size>
         <alignment>0x10</alignment>
         <input_file_ref idref="fl-34"/>
      </object_component>
      <object_component id="oc-2f9">
         <name>.text.ClockP_addToList</name>
         <load_address>0x7004a150</load_address>
         <readonly>true</readonly>
         <executable>true</executable>
         <run_address>0x7004a150</run_address>
         <size>0xa8</size>
         <alignment>0x10</alignment>
         <input_file_ref idref="fl-22"/>
      </object_component>
      <object_component id="oc-1bb">
         <name>.text.ClockP_destruct</name>
         <load_address>0x7004a200</load_address>
         <readonly>true</readonly>
         <executable>true</executable>
         <run_address>0x7004a200</run_address>
         <size>0xa8</size>
         <alignment>0x10</alignment>
         <input_file_ref idref="fl-22"/>
      </object_component>
      <object_component id="oc-188">
         <name>.text.Drivers_edmaOpen</name>
         <load_address>0x7004a2b0</load_address>
         <readonly>true</readonly>
         <executable>true</executable>
         <run_address>0x7004a2b0</run_address>
         <size>0xa8</size>
         <alignment>0x10</alignment>
         <input_file_ref idref="fl-4"/>
      </object_component>
      <object_component id="oc-d3">
         <name>.text.pmu</name>
         <load_address>0x7004a360</load_address>
         <readonly>true</readonly>
         <executable>true</executable>
         <run_address>0x7004a360</run_address>
         <size>0xa8</size>
         <alignment>0x10</alignment>
         <input_file_ref idref="fl-2a"/>
      </object_component>
      <object_component id="oc-299">
         <name>.text.EPWM_setADCTriggerEventPrescale</name>
         <load_address>0x7004a410</load_address>
         <readonly>true</readonly>
         <executable>true</executable>
         <run_address>0x7004a410</run_address>
         <size>0xa6</size>
         <alignment>0x10</alignment>
         <input_file_ref idref="fl-4"/>
      </object_component>
      <object_component id="oc-314">
         <name>.text.SOC_rcmGetCoreHSDivOut</name>
         <load_address>0x7004a4c0</load_address>
         <readonly>true</readonly>
         <executable>true</executable>
         <run_address>0x7004a4c0</run_address>
         <size>0xa0</size>
         <alignment>0x10</alignment>
         <input_file_ref idref="fl-39"/>
      </object_component>
      <object_component id="oc-426">
         <name>.text.UART_subConfigTCRTLRModeEn</name>
         <load_address>0x7004a560</load_address>
         <readonly>true</readonly>
         <executable>true</executable>
         <run_address>0x7004a560</run_address>
         <size>0x96</size>
         <alignment>0x10</alignment>
         <input_file_ref idref="fl-3b"/>
      </object_component>
      <object_component id="oc-203">
         <name>.text.ClockP_getTimeUsec</name>
         <load_address>0x7004a600</load_address>
         <readonly>true</readonly>
         <executable>true</executable>
         <run_address>0x7004a600</run_address>
         <size>0x92</size>
         <alignment>0x10</alignment>
         <input_file_ref idref="fl-22"/>
      </object_component>
      <object_component id="oc-43c">
         <name>.text.EDMA_unmapChToEvtQ</name>
         <load_address>0x7004a6a0</load_address>
         <readonly>true</readonly>
         <executable>true</executable>
         <run_address>0x7004a6a0</run_address>
         <size>0x92</size>
         <alignment>0x10</alignment>
         <input_file_ref idref="fl-34"/>
      </object_component>
      <object_component id="oc-29b">
         <name>.text.EPWM_setADCTriggerEventCountInitValue</name>
         <load_address>0x7004a740</load_address>
         <readonly>true</readonly>
         <executable>true</executable>
         <run_address>0x7004a740</run_address>
         <size>0x92</size>
         <alignment>0x10</alignment>
         <input_file_ref idref="fl-4"/>
      </object_component>
      <object_component id="oc-437">
         <name>.text.EDMA_disableTransferRegion</name>
         <load_address>0x7004a7e0</load_address>
         <readonly>true</readonly>
         <executable>true</executable>
         <run_address>0x7004a7e0</run_address>
         <size>0x8c</size>
         <alignment>0x10</alignment>
         <input_file_ref idref="fl-34"/>
      </object_component>
      <object_component id="oc-1b1">
         <name>.text.EDMA_enableTransferRegion</name>
         <load_address>0x7004a870</load_address>
         <readonly>true</readonly>
         <executable>true</executable>
         <run_address>0x7004a870</run_address>
         <size>0x8c</size>
         <alignment>0x10</alignment>
         <input_file_ref idref="fl-34"/>
      </object_component>
      <object_component id="oc-e2">
         <name>.text.EDMA_init</name>
         <load_address>0x7004a900</load_address>
         <readonly>true</readonly>
         <executable>true</executable>
         <run_address>0x7004a900</run_address>
         <size>0x8c</size>
         <alignment>0x10</alignment>
         <input_file_ref idref="fl-34"/>
      </object_component>
      <object_component id="oc-434">
         <name>.text.UART_writeCancelNoCB</name>
         <load_address>0x7004a990</load_address>
         <readonly>true</readonly>
         <executable>true</executable>
         <run_address>0x7004a990</run_address>
         <size>0x8c</size>
         <alignment>0x10</alignment>
         <input_file_ref idref="fl-3b"/>
      </object_component>
      <object_component id="oc-225">
         <name>.text.ADC_setupSOC</name>
         <load_address>0x7004aa20</load_address>
         <readonly>true</readonly>
         <executable>true</executable>
         <run_address>0x7004aa20</run_address>
         <size>0x8a</size>
         <alignment>0x10</alignment>
         <input_file_ref idref="fl-4"/>
      </object_component>
      <object_component id="oc-25b">
         <name>.text.EPWM_setActionQualifierAction</name>
         <load_address>0x7004aab0</load_address>
         <readonly>true</readonly>
         <executable>true</executable>
         <run_address>0x7004aab0</run_address>
         <size>0x8a</size>
         <alignment>0x10</alignment>
         <input_file_ref idref="fl-4"/>
      </object_component>
      <object_component id="oc-26f">
         <name>.text.EPWM_setValleyTriggerEdgeCounts</name>
         <load_address>0x7004ab40</load_address>
         <readonly>true</readonly>
         <executable>true</executable>
         <run_address>0x7004ab40</run_address>
         <size>0x86</size>
         <alignment>0x10</alignment>
         <input_file_ref idref="fl-4"/>
      </object_component>
      <object_component id="oc-3e4">
         <name>.text.UART_lld_flushTxFifo</name>
         <load_address>0x7004abd0</load_address>
         <readonly>true</readonly>
         <executable>true</executable>
         <run_address>0x7004abd0</run_address>
         <size>0x86</size>
         <alignment>0x10</alignment>
         <input_file_ref idref="fl-3b"/>
      </object_component>
      <object_component id="oc-428">
         <name>.text.UART_tcrTlrBitValRestore</name>
         <load_address>0x7004ac60</load_address>
         <readonly>true</readonly>
         <executable>true</executable>
         <run_address>0x7004ac60</run_address>
         <size>0x86</size>
         <alignment>0x10</alignment>
         <input_file_ref idref="fl-3b"/>
      </object_component>
      <object_component id="oc-1a1">
         <name>.text.EDMA_allocDmaChannel</name>
         <load_address>0x7004acf0</load_address>
         <readonly>true</readonly>
         <executable>true</executable>
         <run_address>0x7004acf0</run_address>
         <size>0x82</size>
         <alignment>0x10</alignment>
         <input_file_ref idref="fl-34"/>
      </object_component>
      <object_component id="oc-1a4">
         <name>.text.EDMA_allocParam</name>
         <load_address>0x7004ad80</load_address>
         <readonly>true</readonly>
         <executable>true</executable>
         <run_address>0x7004ad80</run_address>
         <size>0x82</size>
         <alignment>0x10</alignment>
         <input_file_ref idref="fl-34"/>
      </object_component>
      <object_component id="oc-1a3">
         <name>.text.EDMA_allocTcc</name>
         <load_address>0x7004ae10</load_address>
         <readonly>true</readonly>
         <executable>true</executable>
         <run_address>0x7004ae10</run_address>
         <size>0x82</size>
         <alignment>0x10</alignment>
         <input_file_ref idref="fl-34"/>
      </object_component>
      <object_component id="oc-43b">
         <name>.text.EDMA_disableTccInShadowRegRegion</name>
         <load_address>0x7004aea0</load_address>
         <readonly>true</readonly>
         <executable>true</executable>
         <run_address>0x7004aea0</run_address>
         <size>0x82</size>
         <alignment>0x10</alignment>
         <input_file_ref idref="fl-34"/>
      </object_component>
      <object_component id="oc-2e0">
         <name>.text.EDMA_enableTccInShadowRegRegion</name>
         <load_address>0x7004af30</load_address>
         <readonly>true</readonly>
         <executable>true</executable>
         <run_address>0x7004af30</run_address>
         <size>0x82</size>
         <alignment>0x10</alignment>
         <input_file_ref idref="fl-34"/>
      </object_component>
      <object_component id="oc-425">
         <name>.text.UART_moduleReset</name>
         <load_address>0x7004afc0</load_address>
         <readonly>true</readonly>
         <executable>true</executable>
         <run_address>0x7004afc0</run_address>
         <size>0x80</size>
         <alignment>0x10</alignment>
         <input_file_ref idref="fl-3b"/>
      </object_component>
      <object_component id="oc-154">
         <name>.text.TimerP_init</name>
         <load_address>0x7004b040</load_address>
         <readonly>true</readonly>
         <executable>true</executable>
         <run_address>0x7004b040</run_address>
         <size>0x7e</size>
         <alignment>0x10</alignment>
         <input_file_ref idref="fl-2"/>
      </object_component>
      <object_component id="oc-3c6">
         <name>.text.UART_readData</name>
         <load_address>0x7004b0c0</load_address>
         <readonly>true</readonly>
         <executable>true</executable>
         <run_address>0x7004b0c0</run_address>
         <size>0x7e</size>
         <alignment>0x10</alignment>
         <input_file_ref idref="fl-3b"/>
      </object_component>
      <object_component id="oc-17b">
         <name>.text._DebugP_assert</name>
         <load_address>0x7004b140</load_address>
         <readonly>true</readonly>
         <executable>true</executable>
         <run_address>0x7004b140</run_address>
         <size>0x7c</size>
         <alignment>0x10</alignment>
         <input_file_ref idref="fl-1f"/>
      </object_component>
      <object_component id="oc-377">
         <name>.text.UART_Params_init</name>
         <load_address>0x7004b1c0</load_address>
         <readonly>true</readonly>
         <executable>true</executable>
         <run_address>0x7004b1c0</run_address>
         <size>0x7a</size>
         <alignment>0x10</alignment>
         <input_file_ref idref="fl-3a"/>
      </object_component>
      <object_component id="oc-1aa">
         <name>.text.EDMA_linkChannel</name>
         <load_address>0x7004b240</load_address>
         <readonly>true</readonly>
         <executable>true</executable>
         <run_address>0x7004b240</run_address>
         <size>0x78</size>
         <alignment>0x10</alignment>
         <input_file_ref idref="fl-34"/>
      </object_component>
      <object_component id="oc-2b5">
         <name>.text.HRPWM_setHiResCounterCompareValue</name>
         <load_address>0x7004b2c0</load_address>
         <readonly>true</readonly>
         <executable>true</executable>
         <run_address>0x7004b2c0</run_address>
         <size>0x78</size>
         <alignment>0x10</alignment>
         <input_file_ref idref="fl-4"/>
      </object_component>
      <object_component id="oc-256">
         <name>.text.EPWM_setActionQualifierShadowLoadMode</name>
         <load_address>0x7004b340</load_address>
         <readonly>true</readonly>
         <executable>true</executable>
         <run_address>0x7004b340</run_address>
         <size>0x76</size>
         <alignment>0x10</alignment>
         <input_file_ref idref="fl-4"/>
      </object_component>
      <object_component id="oc-23a">
         <name>.text.ADC_selectPPBCompareSource</name>
         <load_address>0x7004b3c0</load_address>
         <readonly>true</readonly>
         <executable>true</executable>
         <run_address>0x7004b3c0</run_address>
         <size>0x74</size>
         <alignment>0x10</alignment>
         <input_file_ref idref="fl-4"/>
      </object_component>
      <object_component id="oc-294">
         <name>.text.EPWM_setInterruptEventCount</name>
         <load_address>0x7004b440</load_address>
         <readonly>true</readonly>
         <executable>true</executable>
         <run_address>0x7004b440</run_address>
         <size>0x74</size>
         <alignment>0x10</alignment>
         <input_file_ref idref="fl-4"/>
      </object_component>
      <object_component id="oc-282">
         <name>.text.EPWM_setRisingEdgeDeadBandDelayInput</name>
         <load_address>0x7004b4c0</load_address>
         <readonly>true</readonly>
         <executable>true</executable>
         <run_address>0x7004b4c0</run_address>
         <size>0x74</size>
         <alignment>0x10</alignment>
         <input_file_ref idref="fl-4"/>
      </object_component>
      <object_component id="oc-3b3">
         <name>.text.UART_IsBaseAddrValid</name>
         <load_address>0x7004b540</load_address>
         <readonly>true</readonly>
         <executable>true</executable>
         <run_address>0x7004b540</run_address>
         <size>0x74</size>
         <alignment>0x10</alignment>
         <input_file_ref idref="fl-3b"/>
      </object_component>
      <object_component id="oc-238">
         <name>.text.ADC_setPPBCountLimit</name>
         <load_address>0x7004b5c0</load_address>
         <readonly>true</readonly>
         <executable>true</executable>
         <run_address>0x7004b5c0</run_address>
         <size>0x72</size>
         <alignment>0x10</alignment>
         <input_file_ref idref="fl-4"/>
      </object_component>
      <object_component id="oc-228">
         <name>.text.ClockP_usleep</name>
         <load_address>0x7004b640</load_address>
         <readonly>true</readonly>
         <executable>true</executable>
         <run_address>0x7004b640</run_address>
         <size>0x72</size>
         <alignment>0x10</alignment>
         <input_file_ref idref="fl-22"/>
      </object_component>
      <object_component id="oc-208">
         <name>.text.EDMA_clrMissEvtRegion</name>
         <load_address>0x7004b6c0</load_address>
         <readonly>true</readonly>
         <executable>true</executable>
         <run_address>0x7004b6c0</run_address>
         <size>0x72</size>
         <alignment>0x10</alignment>
         <input_file_ref idref="fl-34"/>
      </object_component>
      <object_component id="oc-27a">
         <name>.text.EPWM_selectDigitalCompareCBCLatchClearEvent</name>
         <load_address>0x7004b740</load_address>
         <readonly>true</readonly>
         <executable>true</executable>
         <run_address>0x7004b740</run_address>
         <size>0x72</size>
         <alignment>0x10</alignment>
         <input_file_ref idref="fl-4"/>
      </object_component>
      <object_component id="oc-279">
         <name>.text.EPWM_setDigitalCompareCBCLatchMode</name>
         <load_address>0x7004b7c0</load_address>
         <readonly>true</readonly>
         <executable>true</executable>
         <run_address>0x7004b7c0</run_address>
         <size>0x72</size>
         <alignment>0x10</alignment>
         <input_file_ref idref="fl-4"/>
      </object_component>
      <object_component id="oc-277">
         <name>.text.EPWM_setDigitalCompareEventSyncMode</name>
         <load_address>0x7004b840</load_address>
         <readonly>true</readonly>
         <executable>true</executable>
         <run_address>0x7004b840</run_address>
         <size>0x72</size>
         <alignment>0x10</alignment>
         <input_file_ref idref="fl-4"/>
      </object_component>
      <object_component id="oc-23b">
         <name>.text.ADC_setPPBShiftValue</name>
         <load_address>0x7004b8c0</load_address>
         <readonly>true</readonly>
         <executable>true</executable>
         <run_address>0x7004b8c0</run_address>
         <size>0x70</size>
         <alignment>0x10</alignment>
         <input_file_ref idref="fl-4"/>
      </object_component>
      <object_component id="oc-1b8">
         <name>.text.ClockP_construct</name>
         <load_address>0x7004b930</load_address>
         <readonly>true</readonly>
         <executable>true</executable>
         <run_address>0x7004b930</run_address>
         <size>0x70</size>
         <alignment>0x10</alignment>
         <input_file_ref idref="fl-22"/>
      </object_component>
      <object_component id="oc-278">
         <name>.text.EPWM_setDigitalCompareEventSource</name>
         <load_address>0x7004b9a0</load_address>
         <readonly>true</readonly>
         <executable>true</executable>
         <run_address>0x7004b9a0</run_address>
         <size>0x70</size>
         <alignment>0x10</alignment>
         <input_file_ref idref="fl-4"/>
      </object_component>
      <object_component id="oc-246">
         <name>.text.EPWM_disableGlobalLoadRegisters</name>
         <load_address>0x7004ba10</load_address>
         <readonly>true</readonly>
         <executable>true</executable>
         <run_address>0x7004ba10</run_address>
         <size>0x6e</size>
         <alignment>0x10</alignment>
         <input_file_ref idref="fl-4"/>
      </object_component>
      <object_component id="oc-126">
         <name>.text.EDMA_deinit</name>
         <load_address>0x7004ba80</load_address>
         <readonly>true</readonly>
         <executable>true</executable>
         <run_address>0x7004ba80</run_address>
         <size>0x6c</size>
         <alignment>0x10</alignment>
         <input_file_ref idref="fl-34"/>
      </object_component>
      <object_component id="oc-e7">
         <name>.text.SOC_setEpwmTbClk</name>
         <load_address>0x7004baf0</load_address>
         <readonly>true</readonly>
         <executable>true</executable>
         <run_address>0x7004baf0</run_address>
         <size>0x6a</size>
         <alignment>0x10</alignment>
         <input_file_ref idref="fl-38"/>
      </object_component>
      <object_component id="oc-1af">
         <name>.text.myEDMAISR</name>
         <load_address>0x7004bb60</load_address>
         <readonly>true</readonly>
         <executable>true</executable>
         <run_address>0x7004bb60</run_address>
         <size>0x6a</size>
         <alignment>0x10</alignment>
         <input_file_ref idref="fl-1"/>
      </object_component>
      <object_component id="oc-19b">
         <name>.text.EDMA_getBaseAddr</name>
         <load_address>0x7004bbd0</load_address>
         <readonly>true</readonly>
         <executable>true</executable>
         <run_address>0x7004bbd0</run_address>
         <size>0x68</size>
         <alignment>0x10</alignment>
         <input_file_ref idref="fl-34"/>
      </object_component>
      <object_component id="oc-2a2">
         <name>.text.EPWM_setXCMPShadowRepeatBufxCount</name>
         <load_address>0x7004bc40</load_address>
         <readonly>true</readonly>
         <executable>true</executable>
         <run_address>0x7004bc40</run_address>
         <size>0x68</size>
         <alignment>0x10</alignment>
         <input_file_ref idref="fl-4"/>
      </object_component>
      <object_component id="oc-e8">
         <name>.text.SOC_setEpwmGroup</name>
         <load_address>0x7004bcb0</load_address>
         <readonly>true</readonly>
         <executable>true</executable>
         <run_address>0x7004bcb0</run_address>
         <size>0x68</size>
         <alignment>0x10</alignment>
         <input_file_ref idref="fl-38"/>
      </object_component>
      <object_component id="oc-3fe">
         <name>.text.UART_divisorValCompute</name>
         <load_address>0x7004bd20</load_address>
         <readonly>true</readonly>
         <executable>true</executable>
         <run_address>0x7004bd20</run_address>
         <size>0x68</size>
         <alignment>0x10</alignment>
         <input_file_ref idref="fl-3b"/>
      </object_component>
      <object_component id="oc-2d2">
         <name>.text.LED_open</name>
         <load_address>0x7004bd90</load_address>
         <readonly>true</readonly>
         <executable>true</executable>
         <run_address>0x7004bd90</run_address>
         <size>0x66</size>
         <alignment>0x10</alignment>
         <input_file_ref idref="fl-3d"/>
      </object_component>
      <object_component id="oc-231">
         <name>.text.ADC_disablePPBEvent</name>
         <load_address>0x7004be00</load_address>
         <readonly>true</readonly>
         <executable>true</executable>
         <run_address>0x7004be00</run_address>
         <size>0x64</size>
         <alignment>0x10</alignment>
         <input_file_ref idref="fl-4"/>
      </object_component>
      <object_component id="oc-232">
         <name>.text.ADC_disablePPBEventInterrupt</name>
         <load_address>0x7004be70</load_address>
         <readonly>true</readonly>
         <executable>true</executable>
         <run_address>0x7004be70</run_address>
         <size>0x64</size>
         <alignment>0x10</alignment>
         <input_file_ref idref="fl-4"/>
      </object_component>
      <object_component id="oc-2a9">
         <name>.text.EPWM_configureDiodeEmulationTripSources</name>
         <load_address>0x7004bee0</load_address>
         <readonly>true</readonly>
         <executable>true</executable>
         <run_address>0x7004bee0</run_address>
         <size>0x64</size>
         <alignment>0x10</alignment>
         <input_file_ref idref="fl-4"/>
      </object_component>
      <object_component id="oc-2af">
         <name>.text.EPWM_setDiodeEmulationMonitorModeStep</name>
         <load_address>0x7004bf50</load_address>
         <readonly>true</readonly>
         <executable>true</executable>
         <run_address>0x7004bf50</run_address>
         <size>0x64</size>
         <alignment>0x10</alignment>
         <input_file_ref idref="fl-4"/>
      </object_component>
      <object_component id="oc-410">
         <name>.text.LED_gpioOpen</name>
         <load_address>0x7004bfc0</load_address>
         <readonly>true</readonly>
         <executable>true</executable>
         <run_address>0x7004bfc0</run_address>
         <size>0x64</size>
         <alignment>0x10</alignment>
         <input_file_ref idref="fl-3e"/>
      </object_component>
      <object_component id="oc-155">
         <name>.text.SOC_rcmGetR5Clock</name>
         <load_address>0x7004c030</load_address>
         <readonly>true</readonly>
         <executable>true</executable>
         <run_address>0x7004c030</run_address>
         <size>0x64</size>
         <alignment>0x10</alignment>
         <input_file_ref idref="fl-39"/>
      </object_component>
      <object_component id="oc-2e5">
         <name>.text.SOC_rcmIsR5FInLockStepMode</name>
         <load_address>0x7004c0a0</load_address>
         <readonly>true</readonly>
         <executable>true</executable>
         <run_address>0x7004c0a0</run_address>
         <size>0x64</size>
         <alignment>0x10</alignment>
         <input_file_ref idref="fl-39"/>
      </object_component>
      <object_component id="oc-427">
         <name>.text.UART_fifoRegisterWrite</name>
         <load_address>0x7004c110</load_address>
         <readonly>true</readonly>
         <executable>true</executable>
         <run_address>0x7004c110</run_address>
         <size>0x64</size>
         <alignment>0x10</alignment>
         <input_file_ref idref="fl-3b"/>
      </object_component>
      <object_component id="oc-39f">
[...]
      <symbol id="sm-692">
         <name>EDMA_getEventStatus</name>
         <value>0x70050141</value>
         <object_component_ref idref="oc-450"/>
      </symbol>
      <symbol id="sm-693">
         <name>EDMA_getEventStatusHigh</name>
         <value>0x70050021</value>
         <object_component_ref idref="oc-451"/>
      </symbol>
      <symbol id="sm-694">
         <name>EDMA_readEventStatusRegion</name>
         <value>0x7004d651</value>
         <object_component_ref idref="oc-44e"/>
      </symbol>
      <symbol id="sm-695">
         <name>EDMA_enableEvtIntrRegion</name>
         <value>0x7004d471</value>
         <object_component_ref idref="oc-2ef"/>
      </symbol>
      <symbol id="sm-696">
         <name>EDMA_disableEvtIntrRegion</name>
         <value>0x7004d3d1</value>
         <object_component_ref idref="oc-209"/>
      </symbol>
      <symbol id="sm-697">
         <name>EDMA_clrIntrRegion</name>
         <value>0x7004d331</value>
         <object_component_ref idref="oc-20a"/>
      </symbol>
      <symbol id="sm-698">
         <name>EDMA_setPaRAM</name>
         <value>0x7004ceb1</value>
         <object_component_ref idref="oc-1a9"/>
      </symbol>
      <symbol id="sm-699">
         <name>EDMA_configureChannelRegion</name>
         <value>0x70049671</value>
         <object_component_ref idref="oc-1a5"/>
      </symbol>
      <symbol id="sm-69a">
         <name>EDMA_freeChannelRegion</name>
         <value>0x70048a81</value>
         <object_component_ref idref="oc-41b"/>
      </symbol>
      <symbol id="sm-69b">
         <name>EDMA_disableTransferRegion</name>
         <value>0x7004a7e1</value>
         <object_component_ref idref="oc-437"/>
      </symbol>
      <symbol id="sm-69c">
         <name>EDMA_enableTransferRegion</name>
         <value>0x7004a871</value>
         <object_component_ref idref="oc-1b1"/>
      </symbol>
      <symbol id="sm-69d">
         <name>EDMA_chainChannel</name>
         <value>0x7004c261</value>
         <object_component_ref idref="oc-1ab"/>
      </symbol>
      <symbol id="sm-69e">
         <name>EDMA_linkChannel</name>
         <value>0x7004b241</value>
         <object_component_ref idref="oc-1aa"/>
      </symbol>
      <symbol id="sm-69f">
         <name>EDMA_init</name>
         <value>0x7004a901</value>
         <object_component_ref idref="oc-e2"/>
      </symbol>
      <symbol id="sm-6a0">
         <name>EDMA_deinit</name>
         <value>0x7004ba81</value>
         <object_component_ref idref="oc-126"/>
      </symbol>
      <symbol id="sm-6a1">
         <name>EDMA_open</name>
         <value>0x70047461</value>
         <object_component_ref idref="oc-21b"/>
      </symbol>
      <symbol id="sm-6a2">
         <name>EDMA_close</name>
         <value>0x7004a0a1</value>
         <object_component_ref idref="oc-300"/>
      </symbol>
      <symbol id="sm-6a3">
         <name>EDMA_isInterruptEnabled</name>
         <value>0x700502a1</value>
         <object_component_ref idref="oc-42b"/>
      </symbol>
      <symbol id="sm-6a4">
         <name>EDMA_registerIntr</name>
         <value>0x70047821</value>
         <object_component_ref idref="oc-1b0"/>
      </symbol>
      <symbol id="sm-6a5">
         <name>EDMA_unregisterIntr</name>
         <value>0x70046b31</value>
         <object_component_ref idref="oc-41a"/>
      </symbol>
      <symbol id="sm-6a6">
         <name>EDMA_getBaseAddr</name>
         <value>0x7004bbd1</value>
         <object_component_ref idref="oc-19b"/>
      </symbol>
      <symbol id="sm-6a7">
         <name>EDMA_getRegionId</name>
         <value>0x7004e7d1</value>
         <object_component_ref idref="oc-19f"/>
      </symbol>
      <symbol id="sm-6a8">
         <name>EDMA_allocDmaChannel</name>
         <value>0x7004acf1</value>
         <object_component_ref idref="oc-1a1"/>
      </symbol>
      <symbol id="sm-6a9">
         <name>EDMA_allocTcc</name>
         <value>0x7004ae11</value>
         <object_component_ref idref="oc-1a3"/>
      </symbol>
      <symbol id="sm-6aa">
         <name>EDMA_allocParam</name>
         <value>0x7004ad81</value>
         <object_component_ref idref="oc-1a4"/>
      </symbol>
      <symbol id="sm-6ab">
         <name>EDMA_freeDmaChannel</name>
         <value>0x70048c61</value>
         <object_component_ref idref="oc-41c"/>
      </symbol>
      <symbol id="sm-6ac">
         <name>EDMA_freeTcc</name>
         <value>0x70048d41</value>
         <object_component_ref idref="oc-41d"/>
      </symbol>
      <symbol id="sm-6ad">
         <name>EDMA_freeParam</name>
         <value>0x70048b71</value>
         <object_component_ref idref="oc-41e"/>
      </symbol>
      <symbol id="sm-6bc">
         <name>EPWM_setEmulationMode</name>
         <value>0x7004f311</value>
         <object_component_ref idref="oc-23f"/>
      </symbol>
      <symbol id="sm-6c7">
         <name>GPIO_setDirMode</name>
         <value>0x7004d511</value>
         <object_component_ref idref="oc-103"/>
      </symbol>
      <symbol id="sm-6c8">
         <name>GPIO_pinRead</name>
         <value>0x7004e811</value>
         <object_component_ref idref="oc-11e"/>
      </symbol>
      <symbol id="sm-6da">
         <name>Pinmux_config</name>
         <value>0x7004d241</value>
         <object_component_ref idref="oc-16c"/>
      </symbol>
      <symbol id="sm-701">
         <name>SOC_moduleClockEnable</name>
         <value>0x70050081</value>
         <object_component_ref idref="oc-1f8"/>
      </symbol>
      <symbol id="sm-702">
         <name>SOC_moduleSetClockFrequency</name>
         <value>0x7004e611</value>
         <object_component_ref idref="oc-1fa"/>
      </symbol>
      <symbol id="sm-703">
         <name>SOC_controlModuleUnlockMMR</name>
         <value>0x70046c91</value>
         <object_component_ref idref="oc-14d"/>
      </symbol>
      <symbol id="sm-704">
         <name>SOC_controlModuleLockMMR</name>
         <value>0x70047bb1</value>
         <object_component_ref idref="oc-14e"/>
      </symbol>
      <symbol id="sm-705">
         <name>SOC_getSelfCpuClk</name>
         <value>0x70050061</value>
         <object_component_ref idref="oc-ce"/>
      </symbol>
      <symbol id="sm-706">
         <name>SOC_setEpwmTbClk</name>
         <value>0x7004baf1</value>
         <object_component_ref idref="oc-e7"/>
      </symbol>
      <symbol id="sm-707">
         <name>SOC_enableAdcReference</name>
         <value>0x70049d31</value>
         <object_component_ref idref="oc-e1"/>
      </symbol>
      <symbol id="sm-708">
         <name>SOC_setEpwmGroup</name>
         <value>0x7004bcb1</value>
         <object_component_ref idref="oc-e8"/>
      </symbol>
      <symbol id="sm-709">
         <name>Soc_enableEPWMHalt</name>
         <value>0x700495a1</value>
         <object_component_ref idref="oc-e9"/>
      </symbol>
      <symbol id="sm-70a">
         <name>virtToPhymap</name>
         <value>0x70052f3c</value>
      </symbol>
      <symbol id="sm-70b">
         <name>SOC_virtToPhy</name>
         <value>0x70044d51</value>
         <object_component_ref idref="oc-1a7"/>
      </symbol>
      <symbol id="sm-70c">
         <name>isMapAvailable</name>
         <value>0x7005865e</value>
         <object_component_ref idref="oc-2e4"/>
      </symbol>
      <symbol id="sm-77c">
         <name>SOC_rcmIsR5FInLockStepMode</name>
         <value>0x7004c0a1</value>
         <object_component_ref idref="oc-2e5"/>
      </symbol>
      <symbol id="sm-77d">
         <name>SOC_rcmGetPeripheralClockFrequency</name>
         <value>0x70047ce1</value>
         <object_component_ref idref="oc-3aa"/>
      </symbol>
      <symbol id="sm-77e">
         <name>gPeripheralClkSrcInfoMap</name>
         <value>0x70051625</value>
         <object_component_ref idref="oc-3ea"/>
      </symbol>
      <symbol id="sm-77f">
         <name>gXTALInfo</name>
         <value>0x70051a3c</value>
         <object_component_ref idref="oc-313"/>
      </symbol>
      <symbol id="sm-780">
         <name>gADPLLJConfigTbl</name>
         <value>0x70050a98</value>
         <object_component_ref idref="oc-41f"/>
      </symbol>
      <symbol id="sm-781">
         <name>gCR5ClkSrcInfoMap</name>
         <value>0x70051a3a</value>
         <object_component_ref idref="oc-312"/>
      </symbol>
      <symbol id="sm-782">
         <name>SOC_rcmSetPeripheralClock</name>
         <value>0x70049de1</value>
         <object_component_ref idref="oc-31d"/>
      </symbol>
      <symbol id="sm-783">
         <name>SOC_rcmEnablePeripheralClock</name>
         <value>0x70042b81</value>
         <object_component_ref idref="oc-31c"/>
      </symbol>
      <symbol id="sm-784">
         <name>SOC_rcmGetR5Clock</name>
         <value>0x7004c031</value>
         <object_component_ref idref="oc-155"/>
      </symbol>
      <symbol id="sm-7c1">
         <name>UART_init</name>
         <value>0x70049e91</value>
         <object_component_ref idref="oc-187"/>
      </symbol>
      <symbol id="sm-7c2">
         <name>UART_deinit</name>
         <value>0x7004f131</value>
         <object_component_ref idref="oc-127"/>
      </symbol>
      <symbol id="sm-7c3">
         <name>UART_open</name>
         <value>0x700445e1</value>
         <object_component_ref idref="oc-2cd"/>
      </symbol>
      <symbol id="sm-7c4">
         <name>UART_Params_init</name>
         <value>0x7004b1c1</value>
         <object_component_ref idref="oc-377"/>
      </symbol>
      <symbol id="sm-7c5">
         <name>UART_close</name>
         <value>0x70046191</value>
         <object_component_ref idref="oc-2ff"/>
      </symbol>
      <symbol id="sm-7c6">
         <name>UART_flushTxFifo</name>
         <value>0x700494d1</value>
         <object_component_ref idref="oc-39b"/>
      </symbol>
      <symbol id="sm-7c7">
         <name>UART_getHandle</name>
         <value>0x7004d561</value>
         <object_component_ref idref="oc-415"/>
      </symbol>
      <symbol id="sm-7c8">
         <name>UART_write</name>
         <value>0x70046501</value>
         <object_component_ref idref="oc-417"/>
      </symbol>
      <symbol id="sm-7c9">
         <name>UART_Transaction_init</name>
         <value>0x7004f701</value>
         <object_component_ref idref="oc-416"/>
      </symbol>
      <symbol id="sm-883">
         <name>UART_operatingModeSelect</name>
         <value>0x7004f791</value>
         <object_component_ref idref="oc-39e"/>
      </symbol>
      <symbol id="sm-884">
         <name>UART_spaceAvail</name>
         <value>0x7004e391</value>
         <object_component_ref idref="oc-3da"/>
      </symbol>
      <symbol id="sm-885">
         <name>UART_IsTxRxFifoEmpty</name>
         <value>0x7004e511</value>
         <object_component_ref idref="oc-441"/>
      </symbol>
      <symbol id="sm-886">
         <name>UART_lld_init</name>
         <value>0x70047a81</value>
         <object_component_ref idref="oc-385"/>
      </symbol>
      <symbol id="sm-887">
         <name>UART_lld_deInit</name>
         <value>0x7004c861</value>
         <object_component_ref idref="oc-3a0"/>
      </symbol>
      <symbol id="sm-888">
         <name>UART_lld_flushTxFifo</name>
         <value>0x7004abd1</value>
         <object_component_ref idref="oc-3e4"/>
      </symbol>
      <symbol id="sm-889">
         <name>UART_intrDisable</name>
         <value>0x70048f01</value>
         <object_component_ref idref="oc-39c"/>
      </symbol>
      <symbol id="sm-88a">
         <name>UART_intr2Disable</name>
         <value>0x7004f731</value>
         <object_component_ref idref="oc-39d"/>
      </symbol>
      <symbol id="sm-88b">
         <name>UART_lld_initDma</name>
         <value>0x70046df1</value>
         <object_component_ref idref="oc-380"/>
      </symbol>
      <symbol id="sm-88c">
         <name>UART_lld_deInitDma</name>
         <value>0x7004c181</value>
         <object_component_ref idref="oc-39f"/>
      </symbol>
      <symbol id="sm-88d">
         <name>UART_writeCancelNoCB</name>
         <value>0x7004a991</value>
         <object_component_ref idref="oc-434"/>
      </symbol>
      <symbol id="sm-88e">
         <name>UART_lld_write</name>
         <value>0x70048fe1</value>
         <object_component_ref idref="oc-435"/>
      </symbol>
      <symbol id="sm-88f">
         <name>UART_lld_Transaction_init</name>
         <value>0x7004f761</value>
         <object_component_ref idref="oc-443"/>
      </symbol>
      <symbol id="sm-890">
         <name>UART_readLineStatus</name>
         <value>0x7004de21</value>
         <object_component_ref idref="oc-409"/>
      </symbol>
      <symbol id="sm-891">
         <name>UART_lld_Transaction_deInit</name>
         <value>0x700500c1</value>
         <object_component_ref idref="oc-3c7"/>
      </symbol>
      <symbol id="sm-892">
         <name>UART_lld_writeIntr</name>
         <value>0x70049331</value>
         <object_component_ref idref="oc-432"/>
      </symbol>
      <symbol id="sm-893">
         <name>UART_intrEnable</name>
         <value>0x70048e21</value>
         <object_component_ref idref="oc-3c8"/>
      </symbol>
      <symbol id="sm-894">
         <name>UART_lld_writeDma</name>
         <value>0x70049261</value>
         <object_component_ref idref="oc-433"/>
      </symbol>
      <symbol id="sm-895">
         <name>UART_lld_controllerIsr</name>
         <value>0x70046351</value>
         <object_component_ref idref="oc-387"/>
      </symbol>
      <symbol id="sm-896">
         <name>UART_getIntrIdentityStatus</name>
         <value>0x7004d971</value>
         <object_component_ref idref="oc-3c4"/>
      </symbol>
      <symbol id="sm-897">
         <name>UART_procLineStatusErr</name>
         <value>0x700470a1</value>
         <object_component_ref idref="oc-3c5"/>
      </symbol>
      <symbol id="sm-898">
         <name>UART_getChar</name>
         <value>0x7004c381</value>
         <object_component_ref idref="oc-3c9"/>
      </symbol>
      <symbol id="sm-899">
         <name>UART_checkCharsAvailInFifo</name>
         <value>0x7004d291</value>
         <object_component_ref idref="oc-3cb"/>
      </symbol>
      <symbol id="sm-89a">
         <name>UART_putChar</name>
         <value>0x70050341</value>
         <object_component_ref idref="oc-40b"/>
      </symbol>
      <symbol id="sm-8b5">
         <name>UART_lld_dmaInit</name>
         <value>0x7004f1c1</value>
         <object_component_ref idref="oc-3bd"/>
      </symbol>
      <symbol id="sm-8b6">
         <name>UART_lld_dmaWrite</name>
         <value>0x70046851</value>
         <object_component_ref idref="oc-446"/>
      </symbol>
      <symbol id="sm-8b7">
         <name>UART_lld_dmaDeInit</name>
         <value>0x700459c1</value>
         <object_component_ref idref="oc-3e5"/>
      </symbol>
      <symbol id="sm-8b8">
         <name>UART_lld_dmaDisableChannel</name>
         <value>0x7004c981</value>
         <object_component_ref idref="oc-447"/>
      </symbol>
      <symbol id="sm-8c3">
         <name>LED_open</name>
         <value>0x7004bd91</value>
         <object_component_ref idref="oc-2d2"/>
      </symbol>
      <symbol id="sm-8c4">
         <name>LED_close</name>
         <value>0x7004ef81</value>
         <object_component_ref idref="oc-2fe"/>
      </symbol>
      <symbol id="sm-8dc">
         <name>LED_gpioOpen</name>
         <value>0x7004bfc1</value>
         <object_component_ref idref="oc-410"/>
      </symbol>
      <symbol id="sm-8dd">
         <name>LED_gpioClose</name>
         <value>0x70050781</value>
         <object_component_ref idref="oc-412"/>
      </symbol>
      <symbol id="sm-8de">
         <name>LED_gpioOn</name>
         <value>0x7004d031</value>
         <object_component_ref idref="oc-413"/>
      </symbol>
      <symbol id="sm-8df">
         <name>LED_gpioOff</name>
         <value>0x7004cfd1</value>
         <object_component_ref idref="oc-414"/>
      </symbol>
      <symbol id="sm-8e0">
         <name>gLedAttrs_GPIO</name>
         <value>0x7005864c</value>
         <object_component_ref idref="oc-3cd"/>
      </symbol>
      <symbol id="sm-8e1">
         <name>gLedFxns_GPIO</name>
         <value>0x700585c8</value>
         <object_component_ref idref="oc-3cf"/>
      </symbol>
      <symbol id="sm-8eb">
         <name>abort</name>
         <value>0x700582f0</value>
         <object_component_ref idref="oc-a7"/>
      </symbol>
      <symbol id="sm-8ec">
         <name>C$$EXIT</name>
         <value>0x700582f0</value>
         <object_component_ref idref="oc-a7"/>
      </symbol>
      <symbol id="sm-8f8">
         <name>__TI_auto_init_nobinit_nopinit</name>
         <value>0x7004cd98</value>
         <object_component_ref idref="oc-87"/>
      </symbol>
      <symbol id="sm-8ff">
         <name>__aeabi_ul2d</name>
         <value>0x7004e1d0</value>
         <object_component_ref idref="oc-113"/>
      </symbol>
      <symbol id="sm-900">
         <name>__floatundidf</name>
         <value>0x7004e1d0</value>
         <object_component_ref idref="oc-113"/>
      </symbol>
      <symbol id="sm-906">
         <name>__aeabi_memcpy</name>
         <value>0x70041abc</value>
         <object_component_ref idref="oc-140"/>
      </symbol>
      <symbol id="sm-907">
         <name>__aeabi_memcpy4</name>
         <value>0x70041abc</value>
         <object_component_ref idref="oc-140"/>
      </symbol>
      <symbol id="sm-908">
         <name>__aeabi_memcpy8</name>
         <value>0x70041abc</value>
         <object_component_ref idref="oc-140"/>
      </symbol>
      <symbol id="sm-90f">
         <name>__aeabi_memclr</name>
         <value>0x700424f4</value>
         <object_component_ref idref="oc-80"/>
      </symbol>
      <symbol id="sm-910">
         <name>__aeabi_memclr4</name>
         <value>0x700424f4</value>
         <object_component_ref idref="oc-80"/>
      </symbol>
      <symbol id="sm-911">
         <name>__aeabi_memclr8</name>
         <value>0x700424f4</value>
         <object_component_ref idref="oc-80"/>
      </symbol>
      <symbol id="sm-917">
         <name>__aeabi_uldivmod</name>
         <value>0x7004fb74</value>
         <object_component_ref idref="oc-161"/>
      </symbol>
      <symbol id="sm-91d">
         <name>__udivmoddi4</name>
         <value>0x70047f1c</value>
         <object_component_ref idref="oc-1f2"/>
      </symbol>
      <symbol id="sm-927">
         <name>__aeabi_ldiv0</name>
         <value>0x700507e0</value>
         <object_component_ref idref="oc-315"/>
      </symbol>
      <symbol id="sm-92f">
         <name>TI_memcpy_small</name>
         <value>0x700501bc</value>
         <object_component_ref idref="oc-303"/>
      </symbol>
      <symbol id="sm-937">
         <name>TI_memset_small</name>
         <value>0x70050358</value>
         <object_component_ref idref="oc-13a"/>
      </symbol>
      <symbol id="sm-940">
         <name>CSL_armR5GetCpuID</name>
         <value>0x7004f7c1</value>
         <object_component_ref idref="oc-182"/>
      </symbol>
      <symbol id="sm-948">
         <name>TaskP_yield</name>
         <value>0x70050821</value>
         <object_component_ref idref="oc-3db"/>
      </symbol>
      <symbol id="sm-94e">
         <name>CSL_armR5ReadMpidrReg</name>
         <value>0x70045054</value>
         <object_component_ref idref="oc-20e"/>
      </symbol>
      <symbol id="sm-94f">
         <name>_system_post_cinit</name>
         <value>0x0</value>
      </symbol>
      <symbol id="sm-950">
         <name>__TI_Handler_Table_Limit</name>
         <value>0x0</value>
      </symbol>
      <symbol id="sm-951">
         <name>__TI_Handler_Table_Base</name>
         <value>0x0</value>
      </symbol>
      <symbol id="sm-952">
         <name>__TI_CINIT_Base</name>
         <value>0x0</value>
      </symbol>
      <symbol id="sm-953">
         <name>__TI_CINIT_Limit</name>
         <value>0x0</value>
      </symbol>
   </symbol_table>
   <title>Link successful</title>
</link_info>
