******************************************************************************
            TI ARM Clang Linker Unix v4.0.1                    
******************************************************************************
>> Linked Tue Dec 17 19:16:35 2024

OUTPUT FILE NAME:   <adc_lab.out>
ENTRY POINT SYMBOL: "_vectors"  address: 00000000


MEMORY CONFIGURATION

         name            origin    length      used     unused   attr    fill
----------------------  --------  ---------  --------  --------  ----  --------
  R5F_VECS              00000000   00000040  00000040  00000000  RWIX
  R5F_TCMA              00000040   00007fc0  00000000  00007fc0  RWIX
  R5F_TCMB              00080000   00008000  00000000  00008000  RWIX
  MAILBOX_HSM           44000000   000003ce  00000000  000003ce  RWIX
  MAILBOX_R5F           44000400   000003ce  00000000  000003ce  RWIX
  FLASH                 60100000   00080000  00000000  00080000  RWIX
  SBL                   70000000   00040000  00000000  00040000  RWIX
  OCRAM                 70040000   00040000  00024760  0001b8a0  RWIX
  USER_SHM_MEM          701d0000   00004000  00000000  00004000  RWIX
  LOG_SHM_MEM           701d4000   00004000  00000000  00004000  RWIX
  RTOS_NORTOS_IPC_SHM_M 72000000   00003e80  00000000  00003e80  RWIX


SEGMENT ALLOCATION MAP

run origin  load origin   length   init length attrs members
----------  ----------- ---------- ----------- ----- -------
00000000    00000000    00000040   00000040    r-x
  00000000    00000000    00000040   00000040    r-x .vectors
70040000    70040000    00012a08   00012a08    r-x
  70040000    70040000    000116e0   000116e0    r-x .text
  700516e0    700516e0    00001328   00001328    r-- .rodata
70052a08    70052a08    0000edb8   00000000    rw-
  70052a08    70052a08    00002db8   00000000    rw- .bss
  700557c0    700557c0    00008000   00000000    rw- .sysmem
  7005d7c0    7005d7c0    00004000   00000000    rw- .stack
700617c0    700617c0    00001708   00001708    r-x
  700617c0    700617c0    00000dd0   00000dd0    r-x .text.hwi
  70062590    70062590    000004a0   000004a0    r-x .text.cache
  70062a30    70062a30    000002d0   000002d0    r-x .text.mpu
  70062d00    70062d00    000001c0   000001c0    r-x .text.boot
  70062ec0    70062ec0    00000008   00000008    r-x .text:abort
70062ec8    70062ec8    00001898   00000498    rw-
  70062ec8    70062ec8    00000498   00000498    rw- .data
  70063360    70063360    00000100   00000000    rw- .irqstack
  70063460    70063460    00000100   00000000    rw- .fiqstack
  70063560    70063560    00001000   00000000    rw- .svcstack
  70064560    70064560    00000100   00000000    rw- .abortstack
  70064660    70064660    00000100   00000000    rw- .undefinedstack


SECTION ALLOCATION MAP

 output                                  attributes/
section   page    origin      length       input sections
--------  ----  ----------  ----------   ----------------
.vectors   0    00000000    00000040     
                  00000000    00000040     nortos.am263px.r5f.ti-arm-clang.debug.lib : HwiP_armv7r_vectors_nortos_asm.obj (.vectors)

.text      0    70040000    000116e0     
                  70040000    00000d60     ti_drivers_open_close.o (.text.Drivers_epwmOpen)
                  70040d60    00000a34     nortos.am263px.r5f.ti-arm-clang.debug.lib : printf.obj (.text._vsnprintf)
                  70041794    00000004     libclang_rt.builtins.a : aeabi_div0.c.obj (.text.__aeabi_idiv0)
                  70041798    00000740     libc.a : k_rem_pio2.c.obj (.text.__kernel_rem_pio2)
                  70041ed8    00000004     libclang_rt.builtins.a : aeabi_div0.c.obj (.text.__aeabi_ldiv0)
                  70041edc    00000004                            : aeabi_memcpy.S.obj (.text.__aeabi_memcpy)
                  70041ee0    00000678     drivers.am263px.r5f.ti-arm-clang.debug.lib : soc_rcm.obj (.text.SOC_rcmGetClkSrcAndDivReg)
                  70042558    00000004     libc.a : _lock.c.obj (.text._nop)
                  7004255c    00000004            : fseek.c.obj (.text.fseek)
                  70042560    00000638     drivers.am263px.r5f.ti-arm-clang.debug.lib : soc_rcm.obj (.text.SOC_rcmEnablePeripheralClock)
                  70042b98    00000004     libsysbm.a : remove.c.obj (.text.remove)
                  70042b9c    00000004     --HOLE-- [fill = 0]
                  70042ba0    000005e2     nortos.am263px.r5f.ti-arm-clang.debug.lib : printf.obj (.text._ftoa)
                  70043182    00000002     --HOLE-- [fill = 0]
                  70043184    0000000c     libc.a : aeabi_portable.c.obj (.text.__aeabi_errno_addr)
                  70043190    000004b0     nortos.am263px.r5f.ti-arm-clang.debug.lib : printf.obj (.text._etoa)
                  70043640    000004a4     ti_drivers_open_close.o (.text.Drivers_adcOpen)
                  70043ae4    0000000c     libclang_rt.builtins.a : aeabi_memset.S.obj (.text.__aeabi_memclr)
                  70043af0    0000042c     drivers.am263px.r5f.ti-arm-clang.debug.lib : uart_v0.obj (.text.UART_open)
                  70043f1c    00000004     --HOLE-- [fill = 0]
                  70043f20    00000418     libc.a : s_sin.c.obj (.text.sin)
                  70044338    00000008     --HOLE-- [fill = 0]
                  70044340    00000390            : strcmp32.S.obj (.text:strcmp)
                  700446d0    00000302     drivers.am263px.r5f.ti-arm-clang.debug.lib : soc.obj (.text.SOC_virtToPhy)
                  700449d2    00000002     --HOLE-- [fill = 0]
                  700449d4    0000000c     libc.a : memory.c.obj (.text.malloc)
                  700449e0    0000027e     drivers.am263px.r5f.ti-arm-clang.debug.lib : uart_dma_edma.obj (.text.UART_edmaChInit)
                  70044c5e    00000002     --HOLE-- [fill = 0]
                  70044c60    0000027c     libc.a : e_asin.c.obj (.text.asin)
                  70044edc    00000004     --HOLE-- [fill = 0]
                  70044ee0    00000250     drivers.am263px.r5f.ti-arm-clang.debug.lib : edma.obj (.text.Alloc_resource)
                  70045130    00000242                                                : uart_v0_lld.obj (.text.UART_fifoConfig)
                  70045372    00000002     --HOLE-- [fill = 0]
                  70045374    0000000c     nortos.am263px.r5f.ti-arm-clang.debug.lib : CpuId_armv7r_asm.obj (.text)
                  70045380    0000023e     drivers.am263px.r5f.ti-arm-clang.debug.lib : uart_v0_lld.obj (.text.UART_lld_controllerIsr)
                  700455be    00000002     --HOLE-- [fill = 0]
                  700455c0    0000023e     nortos.am263px.r5f.ti-arm-clang.debug.lib : printf.obj (.text._ntoa_format)
                  700457fe    00000002     --HOLE-- [fill = 0]
                  70045800    00000226     drivers.am263px.r5f.ti-arm-clang.debug.lib : uart_dma_edma.obj (.text.UART_lld_dmaDeInit)
                  70045a26    0000000a     --HOLE-- [fill = 0]
                  70045a30    000001ee     ti_drivers_open_close.o (.text.EPWM_setADCTriggerSource)
                  70045c1e    00000002     --HOLE-- [fill = 0]
                  70045c20    000001d6     nortos.am263px.r5f.ti-arm-clang.debug.lib : TimerP_rti.obj (.text.TimerP_setup)
                  70045df6    00000002     --HOLE-- [fill = 0]
                  70045df8    000001d0     libclang_rt.builtins.a : udivsi3.S.obj (.text.__udivsi3)
                  70045fc8    000001d0     libc.a : e_sqrt.c.obj (.text.sqrt)
                  70046198    00000008     --HOLE-- [fill = 0]
                  700461a0    000001b2     drivers.am263px.r5f.ti-arm-clang.debug.lib : uart_v0.obj (.text.UART_close)
                  70046352    0000000e     --HOLE-- [fill = 0]
                  70046360    000001aa                                                : uart_dma_edma.obj (.text.UART_lld_dmaWrite)
                  7004650a    00000006     --HOLE-- [fill = 0]
                  70046510    000001aa                                                : uart_v0.obj (.text.UART_write)
                  700466ba    00000002     --HOLE-- [fill = 0]
                  700466bc    000001a8     libc.a : memory.c.obj (.text.free)
                  70046864    000001a4            : memory.c.obj (.text.aligned_alloc)
                  70046a08    00000008     --HOLE-- [fill = 0]
                  70046a10    00000188     empty.o (.text.App_adcISR)
                  70046b98    00000008     --HOLE-- [fill = 0]
                  70046ba0    00000162     ti_drivers_open_close.o (.text.EPWM_setInterruptSource)
                  70046d02    0000000e     --HOLE-- [fill = 0]
                  70046d10    0000015a     drivers.am263px.r5f.ti-arm-clang.debug.lib : edma.obj (.text.EDMA_unregisterIntr)
                  70046e6a    00000006     --HOLE-- [fill = 0]
                  70046e70    00000158                                                : soc.obj (.text.SOC_controlModuleUnlockMMR)
                  70046fc8    00000154     libc.a : s_floor.c.obj (.text.floor)
                  7004711c    00000004     --HOLE-- [fill = 0]
                  70047120    00000152     drivers.am263px.r5f.ti-arm-clang.debug.lib : uart_v0_lld.obj (.text.UART_lld_initDma)
                  70047272    00000006     --HOLE-- [fill = 0]
                  70047278    00000150     libc.a : s_scalbn.c.obj (.text.scalbn)
                  700473c8    00000008     --HOLE-- [fill = 0]
                  700473d0    00000148     empty.o (.text.empty_main)
                  70047518    00000144     libc.a : setvbuf.c.obj (.text.setvbuf)
                  7004765c    00000004     --HOLE-- [fill = 0]
                  70047660    0000013e     drivers.am263px.r5f.ti-arm-clang.debug.lib : uart_v0_lld.obj (.text.UART_procLineStatusErr)
                  7004779e    00000002     --HOLE-- [fill = 0]
                  700477a0    0000013c     nortos.am263px.r5f.ti-arm-clang.debug.lib : ClockP_nortos_r5.obj (.text.ClockP_init)
                  700478dc    00000004     --HOLE-- [fill = 0]
                  700478e0    0000013a     drivers.am263px.r5f.ti-arm-clang.debug.lib : edma.obj (.text.EDMA_isDmaChannelAllocated)
                  70047a1a    00000006     --HOLE-- [fill = 0]
                  70047a20    00000138     nortos.am263px.r5f.ti-arm-clang.debug.lib : printf.obj (.text._ntoa_long_long)
                  70047b58    00000008     --HOLE-- [fill = 0]
                  70047b60    00000134     drivers.am263px.r5f.ti-arm-clang.debug.lib : uart_v0_lld.obj (.text.UART_writePolling)
                  70047c94    0000000c     --HOLE-- [fill = 0]
                  70047ca0    0000012e                                                : edma.obj (.text.EDMA_registerIntr)
                  70047dce    00000002     --HOLE-- [fill = 0]
                  70047dd0    0000012c     ti_drivers_open_close.o (.text.EPWM_setXCMPActionQualifierAction)
                  70047efc    00000004     --HOLE-- [fill = 0]
                  70047f00    0000012c     drivers.am263px.r5f.ti-arm-clang.debug.lib : uart_v0_lld.obj (.text.UART_lld_init)
                  7004802c    00000004     --HOLE-- [fill = 0]
                  70048030    00000126                                                : soc.obj (.text.SOC_controlModuleLockMMR)
                  70048156    0000000a     --HOLE-- [fill = 0]
                  70048160    0000011c                                                : soc_rcm.obj (.text.SOC_rcmGetPeripheralClockFrequency)
                  7004827c    00000004     --HOLE-- [fill = 0]
                  70048280    0000011c                                                : uart_dma_edma.obj (.text.UART_lld_dmaRead)
                  7004839c    00000118     libclang_rt.builtins.a : udivmoddi4.S.obj (.text)
                  700484b4    0000000c     --HOLE-- [fill = 0]
                  700484c0    00000116     drivers.am263px.r5f.ti-arm-clang.debug.lib : edma.obj (.text.EDMA_isTccAllocated)
                  700485d6    0000000a     --HOLE-- [fill = 0]
                  700485e0    00000116                                                : uart_v0_lld.obj (.text.UART_divisorLatchWrite)
                  700486f6    0000000a     --HOLE-- [fill = 0]
                  70048700    00000114                                                : uart_dma_edma.obj (.text.UART_edmaIsrTx)
                  70048814    0000000c     --HOLE-- [fill = 0]
                  70048820    00000114     nortos.am263px.r5f.ti-arm-clang.debug.lib : printf.obj (.text._ntoa_long)
                  70048934    0000000c     --HOLE-- [fill = 0]
                  70048940    00000112     ti_drivers_open_close.o (.text.SOC_xbarSelectInterruptXBarInputSource_ext)
                  70048a52    0000000e     --HOLE-- [fill = 0]
                  70048a60    0000010e     drivers.am263px.r5f.ti-arm-clang.debug.lib : soc_rcm.obj (.text.SOC_rcmADPLLJGetFOut)
                  70048b6e    00000002     --HOLE-- [fill = 0]
                  70048b70    00000104                                                : uart_v0_lld.obj (.text.UART_configInstance)
                  70048c74    0000000c     --HOLE-- [fill = 0]
                  70048c80    000000f6     nortos.am263px.r5f.ti-arm-clang.debug.lib : SemaphoreP_nortos.obj (.text.SemaphoreP_pend)
                  70048d76    00000002     --HOLE-- [fill = 0]
                  70048d78    000000f0     libc.a : fputc.c.obj (.text.fputc)
                  70048e68    00000008     --HOLE-- [fill = 0]
                  70048e70    000000ea     drivers.am263px.r5f.ti-arm-clang.debug.lib : adc.obj (.text.ADC_setPPBTripLimits)
                  70048f5a    00000006     --HOLE-- [fill = 0]
                  70048f60    000000e6                                                : soc_rcm.obj (.text.SOC_rcmGetCoreFout)
                  70049046    0000000a     --HOLE-- [fill = 0]
                  70049050    000000e6                                                : soc_rcm.obj (.text.SOC_rcmGetPerFout)
                  70049136    0000000a     --HOLE-- [fill = 0]
                  70049140    000000e4                                                : edma.obj (.text.EDMA_freeChannelRegion)
                  70049224    0000000c     --HOLE-- [fill = 0]
                  70049230    000000e2                                                : edma.obj (.text.EDMA_freeParam)
                  70049312    0000000e     --HOLE-- [fill = 0]
                  70049320    000000e0                                                : edma.obj (.text.EDMA_freeDmaChannel)
                  70049400    000000e0                                                : edma.obj (.text.EDMA_freeTcc)
                  700494e0    000000de                                                : uart_v0_lld.obj (.text.UART_intrEnable)
                  700495be    00000002     --HOLE-- [fill = 0]
                  700495c0    000000da                                                : uart_v0_lld.obj (.text.UART_intrDisable)
                  7004969a    00000006     --HOLE-- [fill = 0]
                  700496a0    000000d2                                                : uart_v0_lld.obj (.text.UART_lld_write)
                  70049772    0000000e     --HOLE-- [fill = 0]
                  70049780    000000d0     nortos.am263px.r5f.ti-arm-clang.debug.lib : AddrTranslateP_32bit.obj (.text.AddrTranslateP_getLocalAddr)
                  70049850    000000ce     drivers.am263px.r5f.ti-arm-clang.debug.lib : edma.obj (.text.EDMA_disableChInShadowRegRegion)
                  7004991e    00000002     --HOLE-- [fill = 0]
                  70049920    000000cc                                                : edma.obj (.text.EDMA_enableChInShadowRegRegion)
                  700499ec    00000004     --HOLE-- [fill = 0]
                  700499f0    000000c8                                                : uart_v0_lld.obj (.text.UART_lld_writeDma)
                  70049ab8    000000c8     libc.a : getdevice.c.obj (.text.getdevice)
                  70049b80    000000c6     drivers.am263px.r5f.ti-arm-clang.debug.lib : uart_v0_lld.obj (.text.UART_lld_writeIntr)
                  70049c46    0000000a     --HOLE-- [fill = 0]
                  70049c50    000000c4                                                : edma.obj (.text.EDMA_mapChToEvtQ)
                  70049d14    0000000c     --HOLE-- [fill = 0]
                  70049d20    000000c4                                                : uart_v0.obj (.text.UART_flushTxFifo)
                  70049de4    0000000c     --HOLE-- [fill = 0]
                  70049df0    000000c2                                                : soc.obj (.text.Soc_enableEPWMHalt)
                  70049eb2    0000000e     --HOLE-- [fill = 0]
                  70049ec0    000000c0                                                : edma.obj (.text.EDMA_configureChannelRegion)
                  70049f80    000000c0                                                : soc_rcm.obj (.text.SOC_rcmGetPerHSDivOut)
                  7004a040    000000c0     nortos.am263px.r5f.ti-arm-clang.debug.lib : printf.obj (.text._out_rev)
                  7004a100    000000be                                               : ClockP_nortos.obj (.text.ClockP_timerTickIsr)
                  7004a1be    00000002     --HOLE-- [fill = 0]
                  7004a1c0    000000bc     ti_drivers_open_close.o (.text.EPWM_setFallingEdgeDeadBandDelayInput)
                  7004a27c    00000004     --HOLE-- [fill = 0]
                  7004a280    000000ba     nortos.am263px.r5f.ti-arm-clang.debug.lib : ClockP_nortos.obj (.text.ClockP_stop)
                  7004a33a    00000006     --HOLE-- [fill = 0]
                  7004a340    000000ba     ti_drivers_open_close.o (.text.EPWM_setCounterCompareShadowLoadMode)
                  7004a3fa    00000006     --HOLE-- [fill = 0]
                  7004a400    000000b8     ti_drivers_open_close.o (.text.ADC_setBurstModeConfig)
                  7004a4b8    00000008     --HOLE-- [fill = 0]
                  7004a4c0    000000b8     drivers.am263px.r5f.ti-arm-clang.debug.lib : soc.obj (.text.SOC_enableAdcInternalReference)
                  7004a578    00000008     --HOLE-- [fill = 0]
                  7004a580    000000b6                                                : soc.obj (.text.SOC_enableAdcReferenceMonitor)
                  7004a636    0000000a     --HOLE-- [fill = 0]
                  7004a640    000000b6                                                : uart_v0_lld.obj (.text.UART_fifoWrite)
                  7004a6f6    00000002     --HOLE-- [fill = 0]
                  7004a6f8    000000b4     libc.a : fseek.c.obj (.text.fseeko)
                  7004a7ac    00000004     --HOLE-- [fill = 0]
                  7004a7b0    000000b0     drivers.am263px.r5f.ti-arm-clang.debug.lib : soc.obj (.text.SOC_getAdcReferenceStatus)
                  7004a860    000000b0                                                : soc_rcm.obj (.text.SOC_rcmSetPeripheralClock)
                  7004a910    000000b0                                                : uart_v0.obj (.text.UART_init)
                  7004a9c0    000000b0     libc.a : fclose.c.obj (.text.__TI_closefile)
                  7004aa70    000000aa     ti_drivers_open_close.o (.text.Drivers_uartOpen)
                  7004ab1a    00000006     --HOLE-- [fill = 0]
                  7004ab20    000000a8     nortos.am263px.r5f.ti-arm-clang.debug.lib : ClockP_nortos.obj (.text.ClockP_addToList)
                  7004abc8    00000008     --HOLE-- [fill = 0]
                  7004abd0    000000a8                                               : ClockP_nortos.obj (.text.ClockP_destruct)
                  7004ac78    00000008     --HOLE-- [fill = 0]
                  7004ac80    000000a8     ti_drivers_open_close.o (.text.Drivers_open)
                  7004ad28    00000008     --HOLE-- [fill = 0]
                  7004ad30    000000a8     nortos.am263px.r5f.ti-arm-clang.debug.lib : PmuP_armv7r.obj (.text.pmu)
                  7004add8    00000008     --HOLE-- [fill = 0]
                  7004ade0    000000a6     ti_drivers_open_close.o (.text.EPWM_setADCTriggerEventPrescale)
                  7004ae86    00000002     --HOLE-- [fill = 0]
                  7004ae88    000000a4     libc.a : memory.c.obj (.text.split)
                  7004af2c    000000a0     libsysbm.a : hostrename.c.obj (.text.HOSTrename)
                  7004afcc    00000004     --HOLE-- [fill = 0]
                  7004afd0    000000a0     drivers.am263px.r5f.ti-arm-clang.debug.lib : soc_rcm.obj (.text.SOC_rcmGetCoreHSDivOut)
                  7004b070    000000a0     libc.a : k_sin.c.obj (.text.__kernel_sin)
                  7004b110    0000009c            : _io_perm.c.obj (.text.__TI_wrt_ok)
                  7004b1ac    00000098     libsysbm.a : hostlseek.c.obj (.text.HOSTlseek)
                  7004b244    00000004     --HOLE-- [fill = 0]
                  7004b248    00000098     libc.a : k_cos.c.obj (.text.__kernel_cos)
                  7004b2e0    00000096     drivers.am263px.r5f.ti-arm-clang.debug.lib : uart_v0_lld.obj (.text.UART_subConfigTCRTLRModeEn)
                  7004b376    00000002     --HOLE-- [fill = 0]
                  7004b378    00000094     libsysbm.a : hostopen.c.obj (.text.HOSTopen)
                  7004b40c    00000004     --HOLE-- [fill = 0]
                  7004b410    00000092     nortos.am263px.r5f.ti-arm-clang.debug.lib : ClockP_nortos.obj (.text.ClockP_getTimeUsec)
                  7004b4a2    0000000e     --HOLE-- [fill = 0]
                  7004b4b0    00000092     drivers.am263px.r5f.ti-arm-clang.debug.lib : edma.obj (.text.EDMA_unmapChToEvtQ)
                  7004b542    0000000e     --HOLE-- [fill = 0]
                  7004b550    00000092     ti_drivers_open_close.o (.text.EPWM_setADCTriggerEventCountInitValue)
                  7004b5e2    0000000e     --HOLE-- [fill = 0]
                  7004b5f0    0000008c     drivers.am263px.r5f.ti-arm-clang.debug.lib : edma.obj (.text.EDMA_disableTransferRegion)
                  7004b67c    00000004     --HOLE-- [fill = 0]
                  7004b680    0000008c                                                : edma.obj (.text.EDMA_enableTransferRegion)
                  7004b70c    00000004     --HOLE-- [fill = 0]
                  7004b710    0000008c                                                : uart_v0_lld.obj (.text.UART_writeCancelNoCB)
                  7004b79c    0000008c     libsysbm.a : close.c.obj (.text.close)
                  7004b828    00000008     --HOLE-- [fill = 0]
                  7004b830    0000008a     ti_drivers_open_close.o (.text.ADC_setupSOC)
                  7004b8ba    00000006     --HOLE-- [fill = 0]
                  7004b8c0    0000008a     ti_drivers_open_close.o (.text.EPWM_setActionQualifierAction)
                  7004b94a    00000006     --HOLE-- [fill = 0]
                  7004b950    0000008a     ti_drivers_open_close.o (.text.HRPWM_setHiResCounterCompareValue)
                  7004b9da    00000006     --HOLE-- [fill = 0]
                  7004b9e0    00000088     drivers.am263px.r5f.ti-arm-clang.debug.lib : uart_dma_edma.obj (.text.UART_edmaIsrRx)
                  7004ba68    00000088     libc.a : fflush.c.obj (.text.__TI_doflush)
                  7004baf0    00000086     ti_drivers_open_close.o (.text.EPWM_setValleyTriggerEdgeCounts)
                  7004bb76    0000000a     --HOLE-- [fill = 0]
                  7004bb80    00000086     drivers.am263px.r5f.ti-arm-clang.debug.lib : uart_v0_lld.obj (.text.UART_lld_flushTxFifo)
                  7004bc06    0000000a     --HOLE-- [fill = 0]
                  7004bc10    00000086                                                : uart_v0_lld.obj (.text.UART_tcrTlrBitValRestore)
                  7004bc96    00000002     --HOLE-- [fill = 0]
                  7004bc98    00000084     libsysbm.a : hostread.c.obj (.text.HOSTread)
                  7004bd1c    00000084                : hostwrite.c.obj (.text.HOSTwrite)
                  7004bda0    00000082     drivers.am263px.r5f.ti-arm-clang.debug.lib : edma.obj (.text.EDMA_allocDmaChannel)
                  7004be22    0000000e     --HOLE-- [fill = 0]
                  7004be30    00000082                                                : edma.obj (.text.EDMA_allocParam)
                  7004beb2    0000000e     --HOLE-- [fill = 0]
                  7004bec0    00000082                                                : edma.obj (.text.EDMA_allocTcc)
                  7004bf42    0000000e     --HOLE-- [fill = 0]
                  7004bf50    00000082                                                : edma.obj (.text.EDMA_disableTccInShadowRegRegion)
                  7004bfd2    0000000e     --HOLE-- [fill = 0]
                  7004bfe0    00000082                                                : edma.obj (.text.EDMA_enableTccInShadowRegRegion)
                  7004c062    0000000e     --HOLE-- [fill = 0]
                  7004c070    00000080                                                : uart_v0_lld.obj (.text.UART_moduleReset)
                  7004c0f0    0000007e                                                : uart_v0_lld.obj (.text.UART_readData)
                  7004c16e    00000002     --HOLE-- [fill = 0]
                  7004c170    0000007c     nortos.am263px.r5f.ti-arm-clang.debug.lib : DebugP_log.obj (.text._DebugP_assert)
                  7004c1ec    00000004     --HOLE-- [fill = 0]
                  7004c1f0    0000007a     drivers.am263px.r5f.ti-arm-clang.debug.lib : uart_v0.obj (.text.UART_Params_init)
                  7004c26a    00000006     --HOLE-- [fill = 0]
                  7004c270    00000078                                                : edma.obj (.text.EDMA_linkChannel)
                  7004c2e8    00000008     --HOLE-- [fill = 0]
                  7004c2f0    00000074     ti_drivers_open_close.o (.text.ADC_selectPPBCompareSource)
                  7004c364    0000000c     --HOLE-- [fill = 0]
                  7004c370    00000074     ti_drivers_open_close.o (.text.EPWM_setActionQualifierShadowLoadMode)
                  7004c3e4    0000000c     --HOLE-- [fill = 0]
                  7004c3f0    00000074     ti_drivers_open_close.o (.text.EPWM_setInterruptEventCount)
                  7004c464    0000000c     --HOLE-- [fill = 0]
                  7004c470    00000074     ti_drivers_open_close.o (.text.EPWM_setRisingEdgeDeadBandDelayInput)
                  7004c4e4    0000000c     --HOLE-- [fill = 0]
                  7004c4f0    00000074     drivers.am263px.r5f.ti-arm-clang.debug.lib : uart_v0_lld.obj (.text.UART_IsBaseAddrValid)
                  7004c564    0000000c     --HOLE-- [fill = 0]
                  7004c570    00000072     ti_drivers_open_close.o (.text.ADC_setPPBCountLimit)
                  7004c5e2    0000000e     --HOLE-- [fill = 0]
                  7004c5f0    00000072     nortos.am263px.r5f.ti-arm-clang.debug.lib : ClockP_nortos.obj (.text.ClockP_usleep)
                  7004c662    0000000e     --HOLE-- [fill = 0]
                  7004c670    00000072     drivers.am263px.r5f.ti-arm-clang.debug.lib : edma.obj (.text.EDMA_clrMissEvtRegion)
                  7004c6e2    0000000e     --HOLE-- [fill = 0]
                  7004c6f0    00000072     ti_drivers_open_close.o (.text.EPWM_selectDigitalCompareCBCLatchClearEvent)
                  7004c762    0000000e     --HOLE-- [fill = 0]
                  7004c770    00000072     ti_drivers_open_close.o (.text.EPWM_setDigitalCompareCBCLatchMode)
                  7004c7e2    0000000e     --HOLE-- [fill = 0]
                  7004c7f0    00000072     ti_drivers_open_close.o (.text.EPWM_setDigitalCompareEventSyncMode)
                  7004c862    0000000e     --HOLE-- [fill = 0]
                  7004c870    00000070     ti_drivers_open_close.o (.text.ADC_setPPBShiftValue)
                  7004c8e0    00000070     nortos.am263px.r5f.ti-arm-clang.debug.lib : ClockP_nortos.obj (.text.ClockP_construct)
                  7004c950    0000006e     ti_drivers_open_close.o (.text.EPWM_disableGlobalLoadRegisters)
                  7004c9be    00000002     --HOLE-- [fill = 0]
                  7004c9c0    0000006e     ti_drivers_open_close.o (.text.EPWM_setDigitalCompareEventSource)
                  7004ca2e    00000002     --HOLE-- [fill = 0]
                  7004ca30    0000006c     libsysbm.a : hostunlink.c.obj (.text.HOSTunlink)
                  7004ca9c    00000004     --HOLE-- [fill = 0]
                  7004caa0    00000068     drivers.am263px.r5f.ti-arm-clang.debug.lib : edma.obj (.text.EDMA_getBaseAddr)
                  7004cb08    00000008     --HOLE-- [fill = 0]
                  7004cb10    00000068     ti_drivers_open_close.o (.text.EPWM_setXCMPShadowRepeatBufxCount)
                  7004cb78    00000008     --HOLE-- [fill = 0]
                  7004cb80    00000068     drivers.am263px.r5f.ti-arm-clang.debug.lib : soc.obj (.text.SOC_enableAdcGlobalForce)
                  7004cbe8    00000008     --HOLE-- [fill = 0]
                  7004cbf0    00000068                                                : soc.obj (.text.SOC_setEpwmGroup)
                  7004cc58    00000008     --HOLE-- [fill = 0]
                  7004cc60    00000068                                                : uart_v0_lld.obj (.text.UART_divisorValCompute)
                  7004ccc8    00000008     --HOLE-- [fill = 0]
                  7004ccd0    00000064     ti_drivers_open_close.o (.text.ADC_disablePPBEvent)
                  7004cd34    0000000c     --HOLE-- [fill = 0]
                  7004cd40    00000064     ti_drivers_open_close.o (.text.ADC_disablePPBEventInterrupt)
                  7004cda4    0000000c     --HOLE-- [fill = 0]
                  7004cdb0    00000064     ti_drivers_open_close.o (.text.EPWM_configureDiodeEmulationTripSources)
                  7004ce14    0000000c     --HOLE-- [fill = 0]
                  7004ce20    00000064     ti_drivers_open_close.o (.text.EPWM_setDiodeEmulationMonitorModeStep)
                  7004ce84    0000000c     --HOLE-- [fill = 0]
                  7004ce90    00000064     drivers.am263px.r5f.ti-arm-clang.debug.lib : soc_rcm.obj (.text.SOC_rcmGetR5Clock)
                  7004cef4    0000000c     --HOLE-- [fill = 0]
                  7004cf00    00000064                                                : soc_rcm.obj (.text.SOC_rcmIsR5FInLockStepMode)
                  7004cf64    0000000c     --HOLE-- [fill = 0]
                  7004cf70    00000064                                                : soc.obj (.text.SOC_setMultipleEpwmTbClk)
                  7004cfd4    0000000c     --HOLE-- [fill = 0]
                  7004cfe0    00000064                                                : uart_v0_lld.obj (.text.UART_fifoRegisterWrite)
                  7004d044    0000000c     --HOLE-- [fill = 0]
                  7004d050    00000064                                                : uart_v0_lld.obj (.text.UART_lld_deInitDma)
                  7004d0b4    0000000c     --HOLE-- [fill = 0]
                  7004d0c0    00000062                                                : soc_rcm.obj (.text.SOC_rcmInsert16)
                  7004d122    0000000e     --HOLE-- [fill = 0]
                  7004d130    00000060     empty.o (.text.DAC_setShadowValue)
                  7004d190    00000060     ti_drivers_open_close.o (.text.DAC_setShadowValue)
                  7004d1f0    00000060     ti_drivers_open_close.o (.text.EPWM_setDeadBandOutputSwapMode)
                  7004d250    00000060     libsysbm.a : hostclose.c.obj (.text.HOSTclose)
                  7004d2b0    00000060     drivers.am263px.r5f.ti-arm-clang.debug.lib : uart_v0_lld.obj (.text.UART_getChar)
                  7004d310    00000060                                                : uart_v0_lld.obj (.text.UART_writeData)
                  7004d370    0000005e     ti_drivers_open_close.o (.text.EPWM_selectCaptureTripInput)
                  7004d3ce    00000002     --HOLE-- [fill = 0]
                  7004d3d0    0000005e     ti_drivers_open_close.o (.text.EPWM_setChopperDutyCycle)
                  7004d42e    00000002     --HOLE-- [fill = 0]
                  7004d430    0000005e     ti_drivers_open_close.o (.text.EPWM_setChopperFirstPulseWidth)
                  7004d48e    00000002     --HOLE-- [fill = 0]
                  7004d490    0000005e     ti_drivers_open_close.o (.text.EPWM_setChopperFreq)
                  7004d4ee    00000002     --HOLE-- [fill = 0]
                  7004d4f0    0000005e     ti_drivers_open_close.o (.text.EPWM_setGlobalLoadEventPrescale)
                  7004d54e    00000002     --HOLE-- [fill = 0]
                  7004d550    0000005e     ti_drivers_open_close.o (.text.HRPWM_setHiResFallingEdgeDelayOnly)
                  7004d5ae    00000002     --HOLE-- [fill = 0]
                  7004d5b0    0000005e     ti_drivers_open_close.o (.text.HRPWM_setHiResRisingEdgeDelay)
                  7004d60e    00000002     --HOLE-- [fill = 0]
                  7004d610    0000005e     nortos.am263px.r5f.ti-arm-clang.debug.lib : SemaphoreP_nortos.obj (.text.SemaphoreP_post)
                  7004d66e    00000002     --HOLE-- [fill = 0]
                  7004d670    0000005c     ti_drivers_open_close.o (.text.EPWM_enableDigitalCompareTripCombinationInput)
                  7004d6cc    00000004     --HOLE-- [fill = 0]
                  7004d6d0    0000005c     ti_drivers_open_close.o (.text.EPWM_setDeadBandDelayMode)
                  7004d72c    00000004     --HOLE-- [fill = 0]
                  7004d730    0000005c     ti_power_clock_config.o (.text.Module_clockSetFrequency)
                  7004d78c    00000004     --HOLE-- [fill = 0]
                  7004d790    0000005c     drivers.am263px.r5f.ti-arm-clang.debug.lib : uart_v0_lld.obj (.text.UART_lld_deInit)
                  7004d7ec    00000004     --HOLE-- [fill = 0]
                  7004d7f0    0000005c                                                : uart_v0.obj (.text.UART_lld_writeCompleteCallback)
                  7004d84c    00000004     --HOLE-- [fill = 0]
                  7004d850    0000005a     ti_drivers_open_close.o (.text.EPWM_setInterruptEventCountInitValue)
                  7004d8aa    00000006     --HOLE-- [fill = 0]
                  7004d8b0    0000005a     drivers.am263px.r5f.ti-arm-clang.debug.lib : uart_dma_edma.obj (.text.UART_lld_dmaDisableChannel)
                  7004d90a    00000006     --HOLE-- [fill = 0]
                  7004d910    0000005a                                                : uart_v0.obj (.text.UART_lld_readCompleteCallback)
                  7004d96a    00000006     --HOLE-- [fill = 0]
                  7004d970    0000005a                                                : uart_v0_lld.obj (.text.UART_regConfigModeEnable)
                  7004d9ca    00000006     --HOLE-- [fill = 0]
                  7004d9d0    00000058     ti_drivers_open_close.o (.text.EPWM_enableTripZoneInterrupt)
                  7004da28    00000008     --HOLE-- [fill = 0]
                  7004da30    00000058     ti_drivers_open_close.o (.text.EPWM_selectDiodeEmulationPWMsignal)
                  7004da88    00000008     --HOLE-- [fill = 0]
                  7004da90    00000058     ti_drivers_open_close.o (.text.EPWM_setActionQualifierContSWForceAction)
                  7004dae8    00000008     --HOLE-- [fill = 0]
                  7004daf0    00000058     ti_drivers_open_close.o (.text.EPWM_setActionQualifierSWAction)
                  7004db48    00000008     --HOLE-- [fill = 0]
                  7004db50    00000058     ti_drivers_open_close.o (.text.EPWM_setDiodeEmulationMode)
                  7004dba8    00000008     --HOLE-- [fill = 0]
                  7004dbb0    00000058     ti_drivers_open_close.o (.text.EPWM_setXCMPLoadMode)
                  7004dc08    00000008     --HOLE-- [fill = 0]
                  7004dc10    00000058     ti_drivers_open_close.o (.text.HRPWM_setSyncPulseSource)
                  7004dc68    00000008     --HOLE-- [fill = 0]
                  7004dc70    00000058     drivers.am263px.r5f.ti-arm-clang.debug.lib : soc.obj (.text.SOC_enableAdcDacLoopback)
                  7004dcc8    00000008     --HOLE-- [fill = 0]
                  7004dcd0    00000058                                                : soc_rcm.obj (.text.SOC_rcmGetModuleClkDivVal)
                  7004dd28    00000058     libc.a : fopen.c.obj (.text.__TI_cleanup)
                  7004dd80    00000058     libsysbm.a : trgmsg.c.obj (.text.__TI_readmsg)
                  7004ddd8    00000058                : trgmsg.c.obj (.text.__TI_writemsg)
                  7004de30    00000056     ti_drivers_open_close.o (.text.ADC_setInterruptSource)
                  7004de86    0000000a     --HOLE-- [fill = 0]
                  7004de90    00000056     ti_drivers_open_close.o (.text.EPWM_enableSyncOutPulseSource)
                  7004dee6    0000000a     --HOLE-- [fill = 0]
                  7004def0    00000054     drivers.am263px.r5f.ti-arm-clang.debug.lib : edma.obj (.text.EDMA_setPaRAM)
                  7004df44    0000000c     --HOLE-- [fill = 0]
                  7004df50    00000054     ti_drivers_open_close.o (.text.EPWM_selectDiodeEmulationTripSignal)
                  7004dfa4    0000000c     --HOLE-- [fill = 0]
                  7004dfb0    00000054     ti_drivers_open_close.o (.text.HRPWM_setHiResPhaseShift)
                  7004e004    0000000c     --HOLE-- [fill = 0]
                  7004e010    00000054     drivers.am263px.r5f.ti-arm-clang.debug.lib : uart_v0_lld.obj (.text.UART_OperModeValid)
                  7004e064    00000054     libc.a : exit.c.obj (.text.exit)
                  7004e0b8    00000054            : getdevice.c.obj (.text.finddevice)
                  7004e10c    00000054            : autoinit.c.obj (.text:__TI_auto_init_nobinit_nopinit)
                  7004e160    00000052     nortos.am263px.r5f.ti-arm-clang.debug.lib : SemaphoreP_nortos.obj (.text.SemaphoreP_construct)
                  7004e1b2    0000000e     --HOLE-- [fill = 0]
                  7004e1c0    00000050     ti_drivers_open_close.o (.text.Drivers_uartClose)
                  7004e210    00000050     drivers.am263px.r5f.ti-arm-clang.debug.lib : pinmux.obj (.text.Pinmux_config)
                  7004e260    00000050                                                : uart_v0_lld.obj (.text.UART_checkCharsAvailInFifo)
                  7004e2b0    0000004e                                                : edma.obj (.text.EDMA_clrEvtRegion)
                  7004e2fe    00000002     --HOLE-- [fill = 0]
                  7004e300    0000004e                                                : edma.obj (.text.EDMA_disableDmaEvtRegion)
                  7004e34e    00000002     --HOLE-- [fill = 0]
                  7004e350    0000004e                                                : edma.obj (.text.EDMA_disableEvtIntrRegion)
                  7004e39e    00000002     --HOLE-- [fill = 0]
                  7004e3a0    0000004e                                                : edma.obj (.text.EDMA_enableDmaEvtRegion)
                  7004e3ee    00000002     --HOLE-- [fill = 0]
                  7004e3f0    0000004e                                                : edma.obj (.text.EDMA_enableEvtIntrRegion)
                  7004e43e    00000002     --HOLE-- [fill = 0]
                  7004e440    0000004e                                                : edma.obj (.text.EDMA_setEvtRegion)
                  7004e48e    00000002     --HOLE-- [fill = 0]
                  7004e490    0000004e                                                : gpio.obj (.text.GPIO_setDirMode)
                  7004e4de    00000002     --HOLE-- [fill = 0]
                  7004e4e0    0000004e                                                : uart_v0.obj (.text.UART_getHandle)
                  7004e52e    00000002     --HOLE-- [fill = 0]
                  7004e530    0000004c                                                : edma.obj (.text.EDMA_ccPaRAMEntry_init)
                  7004e57c    00000004     --HOLE-- [fill = 0]
                  7004e580    0000004c                                                : edma.obj (.text.EDMA_mapQdmaChToPaRAM)
                  7004e5cc    00000004     --HOLE-- [fill = 0]
                  7004e5d0    0000004c                                                : edma.obj (.text.EDMA_readEventStatusRegion)
                  7004e61c    00000004     --HOLE-- [fill = 0]
                  7004e620    0000004c     ti_drivers_open_close.o (.text.EPWM_setDigitalCompareBlankingEvent)
                  7004e66c    00000004     --HOLE-- [fill = 0]
                  7004e670    0000004c     ti_drivers_open_close.o (.text.EPWM_setDigitalCompareCounterShadowMode)
                  7004e6bc    00000004     --HOLE-- [fill = 0]
                  7004e6c0    0000004c     ti_drivers_open_close.o (.text.EPWM_setFallingEdgeDelayCount)
                  7004e70c    00000004     --HOLE-- [fill = 0]
                  7004e710    0000004c     ti_drivers_open_close.o (.text.EPWM_setRisingEdgeDelayCount)
                  7004e75c    00000004     --HOLE-- [fill = 0]
                  7004e760    0000004c     ti_power_clock_config.o (.text.Module_clockDisable)
                  7004e7ac    00000004     --HOLE-- [fill = 0]
                  7004e7b0    0000004c     ti_power_clock_config.o (.text.Module_clockEnable)
                  7004e7fc    00000004     --HOLE-- [fill = 0]
                  7004e800    0000004a     ti_drivers_open_close.o (.text.EPWM_disableADCTrigger)
                  7004e84a    00000006     --HOLE-- [fill = 0]
                  7004e850    0000004a     ti_drivers_open_close.o (.text.EPWM_enableADCTrigger)
                  7004e89a    00000006     --HOLE-- [fill = 0]
                  7004e8a0    0000004a     ti_drivers_open_close.o (.text.EPWM_setCounterCompareValue)
                  7004e8ea    00000006     --HOLE-- [fill = 0]
                  7004e8f0    0000004a     drivers.am263px.r5f.ti-arm-clang.debug.lib : uart_v0_lld.obj (.text.UART_getIntrIdentityStatus)
                  7004e93a    00000006     --HOLE-- [fill = 0]
                  7004e940    0000004a                                                : uart_v0_lld.obj (.text.UART_lineCharConfig)
                  7004e98a    00000006     --HOLE-- [fill = 0]
                  7004e990    00000048     ti_drivers_open_close.o (.text.ADC_enableInterrupt)
                  7004e9d8    00000008     --HOLE-- [fill = 0]
                  7004e9e0    00000048     ti_drivers_open_close.o (.text.EPWM_setDeadBandDelayPolarity)
                  7004ea28    00000008     --HOLE-- [fill = 0]
                  7004ea30    00000048     ti_drivers_open_close.o (.text.HRPWM_setOutputSwapMode)
                  7004ea78    00000008     --HOLE-- [fill = 0]
                  7004ea80    00000048     drivers.am263px.r5f.ti-arm-clang.debug.lib : soc_rcm.obj (.text.SOC_rcmGetCR5SysclkInFrequency)
                  7004eac8    00000008     --HOLE-- [fill = 0]
                  7004ead0    00000048                                                : uart_v0_lld.obj (.text.UART_resetModule)
                  7004eb18    00000048     libsysbm.a : unlink.c.obj (.text.unlink)
                  7004eb60    00000046     ti_drivers_open_close.o (.text.ADC_disableContinuousMode)
                  7004eba6    0000000a     --HOLE-- [fill = 0]
                  7004ebb0    00000046     ti_drivers_open_close.o (.text.ADC_disableInterrupt)
                  7004ebf6    0000000a     --HOLE-- [fill = 0]
                  7004ec00    00000046     nortos.am263px.r5f.ti-arm-clang.debug.lib : DebugP_uartLogWriter.obj (.text.DebugP_uartLogWriterPutChar)
                  7004ec46    0000000a     --HOLE-- [fill = 0]
                  7004ec50    00000046     ti_drivers_open_close.o (.text.EPWM_disableIllegalComboLogic)
                  7004ec96    0000000a     --HOLE-- [fill = 0]
                  7004eca0    00000046     ti_drivers_open_close.o (.text.EPWM_disableMinimumDeadBand)
                  7004ece6    0000000a     --HOLE-- [fill = 0]
                  7004ecf0    00000046     ti_drivers_open_close.o (.text.HRPWM_setHiResTimeBasePeriod)
                  7004ed36    0000000a     --HOLE-- [fill = 0]
                  7004ed40    00000046     drivers.am263px.r5f.ti-arm-clang.debug.lib : uart_v0_lld.obj (.text.UART_readLineStatus)
                  7004ed86    0000000a     --HOLE-- [fill = 0]
                  7004ed90    00000044     ti_drivers_open_close.o (.text.ADC_selectPPBSyncInput)
                  7004edd4    0000000c     --HOLE-- [fill = 0]
                  7004ede0    00000044     ti_drivers_open_close.o (.text.EPWM_setCountModeAfterSync)
                  7004ee24    0000000c     --HOLE-- [fill = 0]
                  7004ee30    00000044     drivers.am263px.r5f.ti-arm-clang.debug.lib : soc_rcm.obj (.text.SOC_rcmExtract8)
                  7004ee74    0000000c     --HOLE-- [fill = 0]
                  7004ee80    00000044                                                : soc_rcm.obj (.text.SOC_rcmMake16)
                  7004eec4    0000000c     --HOLE-- [fill = 0]
                  7004eed0    00000044     nortos.am263px.r5f.ti-arm-clang.debug.lib : DebugP_nortos.obj (.text._DebugP_logZone)
                  7004ef14    0000000c     --HOLE-- [fill = 0]
                  7004ef20    00000044                                               : printf.obj (.text._strnlen_s)
                  7004ef64    0000000c     --HOLE-- [fill = 0]
                  7004ef70    00000042     ti_drivers_open_close.o (.text.ADC_setInterruptSOCTrigger)
                  7004efb2    0000000e     --HOLE-- [fill = 0]
                  7004efc0    00000042     empty.o (.text.App_gpioPinToggle)
                  7004f002    0000000e     --HOLE-- [fill = 0]
                  7004f010    00000042     nortos.am263px.r5f.ti-arm-clang.debug.lib : ClockP_nortos.obj (.text.ClockP_start)
                  7004f052    0000000e     --HOLE-- [fill = 0]
                  7004f060    00000042     ti_drivers_open_close.o (.text.EPWM_setPeriodLoadMode)
                  7004f0a2    0000000e     --HOLE-- [fill = 0]
                  7004f0b0    00000042     drivers.am263px.r5f.ti-arm-clang.debug.lib : uart_v0.obj (.text.UART_checkOpenParams)
                  7004f0f2    0000000e     --HOLE-- [fill = 0]
                  7004f100    00000040     ti_drivers_open_close.o (.text.ADC_setPPBCalibrationOffset)
                  7004f140    00000040     libc.a : memory.c.obj (.text.free_list_insert)
                  7004f180    0000003e     ti_drivers_open_close.o (.text.EPWM_selectDigitalCompareTripInput)
                  7004f1be    00000002     --HOLE-- [fill = 0]
                  7004f1c0    0000003e     drivers.am263px.r5f.ti-arm-clang.debug.lib : pinmux.obj (.text.Pinmux_unlockMMR)
                  7004f1fe    00000002     --HOLE-- [fill = 0]
                  7004f200    0000003e                                                : uart_v0_lld.obj (.text.UART_IsHWFlowCtrlValid)
                  7004f23e    00000002     --HOLE-- [fill = 0]
                  7004f240    0000003e                                                : uart_v0_lld.obj (.text.UART_IsRxTrigLvlValid)
                  7004f27e    00000002     --HOLE-- [fill = 0]
                  7004f280    0000003e                                                : uart_v0_lld.obj (.text.UART_IsTxTrigLvlValid)
                  7004f2be    00000002     --HOLE-- [fill = 0]
                  7004f2c0    0000003e                                                : uart_v0_lld.obj (.text.UART_i2310WA)
                  7004f2fe    00000002     --HOLE-- [fill = 0]
                  7004f300    0000003e                                                : uart_v0_lld.obj (.text.UART_spaceAvail)
                  7004f33e    00000002     --HOLE-- [fill = 0]
                  7004f340    0000003c     ti_drivers_open_close.o (.text.EPWM_setTripZoneAction)
                  7004f37c    00000004     --HOLE-- [fill = 0]
                  7004f380    0000003c     ti_drivers_open_close.o (.text.EPWM_setTripZoneDigitalCompareEventCondition)
                  7004f3bc    00000004     --HOLE-- [fill = 0]
                  7004f3c0    0000003c     ti_drivers_open_close.o (.text.HRPWM_setCounterCompareShadowLoadEvent)
                  7004f3fc    00000004     --HOLE-- [fill = 0]
                  7004f400    0000003c     ti_drivers_open_close.o (.text.HRPWM_setMEPControlMode)
                  7004f43c    00000004     --HOLE-- [fill = 0]
                  7004f440    0000003c     drivers.am263px.r5f.ti-arm-clang.debug.lib : uart_v0_lld.obj (.text.UART_IsParityTypeValid)
                  7004f47c    00000004     --HOLE-- [fill = 0]
                  7004f480    0000003c                                                : uart_v0_lld.obj (.text.UART_IsTxRxFifoEmpty)
                  7004f4bc    00000004     --HOLE-- [fill = 0]
                  7004f4c0    0000003c                                                : uart_v0_lld.obj (.text.UART_enhanFuncEnable)
                  7004f4fc    00000004     --HOLE-- [fill = 0]
                  7004f500    0000003a     ti_drivers_open_close.o (.text.ADC_setupPPB)
                  7004f53a    00000006     --HOLE-- [fill = 0]
                  7004f540    0000003a     ti_drivers_open_close.o (.text.HRPWM_setMEPEdgeSelect)
                  7004f57a    00000006     --HOLE-- [fill = 0]
                  7004f580    0000003a     drivers.am263px.r5f.ti-arm-clang.debug.lib : soc.obj (.text.SOC_moduleSetClockFrequency)
                  7004f5ba    00000006     --HOLE-- [fill = 0]
                  7004f5c0    0000003a     nortos.am263px.r5f.ti-arm-clang.debug.lib : printf.obj (.text._atoi)
                  7004f5fa    00000006     --HOLE-- [fill = 0]
                  7004f600    00000038     drivers.am263px.r5f.ti-arm-clang.debug.lib : adc.obj (.text.ADC_setMode)
                  7004f638    00000008     --HOLE-- [fill = 0]
                  7004f640    00000038     ti_dpl_config.o (.text.Dpl_init)
                  7004f678    00000008     --HOLE-- [fill = 0]
                  7004f680    00000038     ti_drivers_open_close.o (.text.EPWM_allocAXCMP)
                  7004f6b8    00000008     --HOLE-- [fill = 0]
                  7004f6c0    00000038     ti_drivers_open_close.o (.text.EPWM_setClockPrescaler)
                  7004f6f8    00000008     --HOLE-- [fill = 0]
                  7004f700    00000038     drivers.am263px.r5f.ti-arm-clang.debug.lib : uart_v0_lld.obj (.text.UART_writeDataPolling)
                  7004f738    00000008     --HOLE-- [fill = 0]
                  7004f740    00000036                                                : edma.obj (.text.EDMA_getRegionId)
                  7004f776    0000000a     --HOLE-- [fill = 0]
                  7004f780    00000036     ti_drivers_config.o (.text.GPIO_pinWriteLow)
                  7004f7b6    0000000a     --HOLE-- [fill = 0]
                  7004f7c0    00000034     ti_drivers_open_close.o (.text.Drivers_dacOpen)
                  7004f7f4    0000000c     --HOLE-- [fill = 0]
                  7004f800    00000034     ti_drivers_open_close.o (.text.EPWM_disableActionQualifierShadowLoadMode)
                  7004f834    0000000c     --HOLE-- [fill = 0]
                  7004f840    00000034     ti_drivers_open_close.o (.text.EPWM_disableDigitalCompareADCTrigger)
                  7004f874    0000000c     --HOLE-- [fill = 0]
                  7004f880    00000034     drivers.am263px.r5f.ti-arm-clang.debug.lib : pinmux.obj (.text.Pinmux_lockMMR)
                  7004f8b4    0000000c     --HOLE-- [fill = 0]
                  7004f8c0    00000034     nortos.am263px.r5f.ti-arm-clang.debug.lib : TimerP_rti.obj (.text.TimerP_Params_init)
                  7004f8f4    0000000c     --HOLE-- [fill = 0]
                  7004f900    00000034     drivers.am263px.r5f.ti-arm-clang.debug.lib : uart_v0_lld.obj (.text.UART_IsDataLengthValid)
                  7004f934    0000000c     --HOLE-- [fill = 0]
                  7004f940    00000034                                                : uart_v0_lld.obj (.text.UART_checkTransaction)
                  7004f974    00000034     libc.a : memory.c.obj (.text.free_list_remove)
                  7004f9a8    00000034     libsysbm.a : lseek.c.obj (.text.lseek)
                  7004f9dc    00000034                : write.c.obj (.text.write)
                  7004fa10    00000032     ti_drivers_open_close.o (.text.ADC_disablePPBAbsoluteValue)
                  7004fa42    0000000e     --HOLE-- [fill = 0]
                  7004fa50    00000032     ti_drivers_open_close.o (.text.ADC_disablePPBEventCBCClear)
                  7004fa82    0000000e     --HOLE-- [fill = 0]
                  7004fa90    00000032     ti_drivers_open_close.o (.text.ADC_disablePPBTwosComplement)
                  7004fac2    0000000e     --HOLE-- [fill = 0]
                  7004fad0    00000032     ti_drivers_open_close.o (.text.EPWM_setDiodeEmulationMonitorCounterThreshold)
                  7004fb02    0000000e     --HOLE-- [fill = 0]
                  7004fb10    00000032     ti_drivers_open_close.o (.text.EPWM_setDiodeEmulationReentryDelay)
                  7004fb42    0000000e     --HOLE-- [fill = 0]
                  7004fb50    00000032     ti_drivers_open_close.o (.text.EPWM_setXCMPShadowBufPtrLoadOnce)
                  7004fb82    0000000e     --HOLE-- [fill = 0]
                  7004fb90    00000032     ti_drivers_open_close.o (.text.EPWM_setXCMPShadowLevel)
                  7004fbc2    0000000e     --HOLE-- [fill = 0]
                  7004fbd0    00000032     drivers.am263px.r5f.ti-arm-clang.debug.lib : uart_v0_lld.obj (.text.HW_WR_FIELD32_RAW)
                  7004fc02    0000000e     --HOLE-- [fill = 0]
                  7004fc10    00000032     nortos.am263px.r5f.ti-arm-clang.debug.lib : TimerP_rti.obj (.text.TimerP_getCount)
                  7004fc42    0000000e     --HOLE-- [fill = 0]
                  7004fc50    00000032     drivers.am263px.r5f.ti-arm-clang.debug.lib : uart_v0_lld.obj (.text.UART_enhanFuncBitValRestore)
                  7004fc82    0000000e     --HOLE-- [fill = 0]
                  7004fc90    00000032                                                : uart_v0_lld.obj (.text.UART_hardwareFlowCtrlOptSet)
                  7004fcc2    0000000e     --HOLE-- [fill = 0]
                  7004fcd0    00000030     ti_drivers_open_close.o (.text.EPWM_disableADCTriggerEventCountInit)
                  7004fd00    00000030     ti_drivers_open_close.o (.text.EPWM_disableSplitXCMP)
                  7004fd30    00000030     ti_drivers_open_close.o (.text.EPWM_selectCycleByCycleTripZoneClearEvent)
                  7004fd60    00000030     ti_drivers_open_close.o (.text.EPWM_setDigitalCompareEdgeFilterEdgeCount)
                  7004fd90    00000030     ti_drivers_open_close.o (.text.EPWM_setFallingEdgeDelayCountShadowLoadMode)
                  7004fdc0    00000030     ti_drivers_open_close.o (.text.EPWM_setRisingEdgeDelayCountShadowLoadMode)
                  7004fdf0    00000030     drivers.am263px.r5f.ti-arm-clang.debug.lib : uart_v0_lld.obj (.text.UART_flowCtrlTrigLvlConfig)
                  7004fe20    00000030     nortos.am263px.r5f.ti-arm-clang.debug.lib : PmuP_armv7r_asm.obj (.text.pmu)
                  7004fe50    0000002e     ti_drivers_open_close.o (.text.Drivers_intXbarOpen)
                  7004fe7e    00000002     --HOLE-- [fill = 0]
                  7004fe80    0000002e     ti_drivers_open_close.o (.text.EPWM_configCaptureGateInputPolarity)
                  7004feae    00000002     --HOLE-- [fill = 0]
                  7004feb0    0000002e     ti_drivers_open_close.o (.text.EPWM_invertCaptureInputPolarity)
                  7004fede    00000002     --HOLE-- [fill = 0]
                  7004fee0    0000002e     ti_drivers_open_close.o (.text.EPWM_selectPeriodLoadEvent)
                  7004ff0e    00000002     --HOLE-- [fill = 0]
                  7004ff10    0000002e     ti_drivers_open_close.o (.text.EPWM_setDeadBandCounterClock)
                  7004ff3e    00000002     --HOLE-- [fill = 0]
                  7004ff40    0000002e     ti_drivers_open_close.o (.text.EPWM_setDigitalCompareEdgeFilterMode)
                  7004ff6e    00000002     --HOLE-- [fill = 0]
                  7004ff70    0000002e     drivers.am263px.r5f.ti-arm-clang.debug.lib : uart_v0.obj (.text.UART_deinit)
                  7004ff9e    00000002     --HOLE-- [fill = 0]
                  7004ffa0    0000002e                                                : uart_dma_edma.obj (.text.UART_lld_dmaInit)
                  7004ffce    00000002     --HOLE-- [fill = 0]
                  7004ffd0    0000002e     nortos.am263px.r5f.ti-arm-clang.debug.lib : printf.obj (.text._is_digit)
                  7004fffe    00000002     --HOLE-- [fill = 0]
                  70050000    0000002c     ti_drivers_open_close.o (.text.ADC_setPPBReferenceOffset)
                  7005002c    00000004     --HOLE-- [fill = 0]
                  70050030    0000002c     ti_drivers_open_close.o (.text.EPWM_setActionQualifierContSWForceShadowMode)
                  7005005c    00000004     --HOLE-- [fill = 0]
                  70050060    0000002c     ti_drivers_open_close.o (.text.EPWM_setActionQualifierT2TriggerSource)
                  7005008c    00000004     --HOLE-- [fill = 0]
                  70050090    0000002c     ti_drivers_open_close.o (.text.EPWM_setDigitalCompareFilterInput)
                  700500bc    00000004     --HOLE-- [fill = 0]
                  700500c0    0000002c     drivers.am263px.r5f.ti-arm-clang.debug.lib : etpwm.obj (.text.EPWM_setEmulationMode)
                  700500ec    00000004     --HOLE-- [fill = 0]
                  700500f0    0000002c     ti_drivers_open_close.o (.text.EPWM_setGlobalLoadTrigger)
                  7005011c    00000004     --HOLE-- [fill = 0]
                  70050120    0000002c     ti_drivers_open_close.o (.text.EPWM_setValleyDelayDivider)
                  7005014c    00000004     --HOLE-- [fill = 0]
                  70050150    0000002c     ti_drivers_open_close.o (.text.EPWM_setValleyTriggerSource)
                  7005017c    00000004     --HOLE-- [fill = 0]
                  70050180    0000002c     ti_drivers_open_close.o (.text.EPWM_setXCMPRegValue)
                  700501ac    00000004     --HOLE-- [fill = 0]
                  700501b0    0000002c     ti_drivers_open_close.o (.text.HRPWM_setChannelBOutputPath)
                  700501dc    00000004     --HOLE-- [fill = 0]
                  700501e0    0000002c     ti_drivers_open_close.o (.text.HRPWM_setFallingEdgeDelayLoadMode)
                  7005020c    00000004     --HOLE-- [fill = 0]
                  70050210    0000002c     ti_drivers_open_close.o (.text.HRPWM_setRisingEdgeDelayLoadMode)
                  7005023c    00000004     --HOLE-- [fill = 0]
                  70050240    0000002c     nortos.am263px.r5f.ti-arm-clang.debug.lib : SemaphoreP_nortos.obj (.text.SemaphoreP_constructBinary)
                  7005026c    00000004     --HOLE-- [fill = 0]
                  70050270    0000002c     libclang_rt.builtins.a : divsi3.S.obj (.text.__divsi3)
                  7005029c    00000004     --HOLE-- [fill = 0]
                  700502a0    0000002a     ti_drivers_open_close.o (.text.ADC_setInterruptPulseMode)
                  700502ca    00000006     --HOLE-- [fill = 0]
                  700502d0    0000002a     ti_drivers_open_close.o (.text.ADC_setPrescaler)
                  700502fa    00000006     --HOLE-- [fill = 0]
                  70050300    0000002a     ti_drivers_open_close.o (.text.ADC_setSOCPriority)
                  7005032a    00000006     --HOLE-- [fill = 0]
                  70050330    0000002a     nortos.am263px.r5f.ti-arm-clang.debug.lib : ClockP_nortos.obj (.text.ClockP_sleepTicks)
                  7005035a    00000006     --HOLE-- [fill = 0]
                  70050360    0000002a     ti_drivers_open_close.o (.text.DAC_setLoadMode)
                  7005038a    00000006     --HOLE-- [fill = 0]
                  70050390    0000002a     ti_drivers_open_close.o (.text.DAC_setReferenceVoltage)
                  700503ba    00000006     --HOLE-- [fill = 0]
                  700503c0    0000002a     ti_drivers_open_close.o (.text.EPWM_setActionQualifierT1TriggerSource)
                  700503ea    00000006     --HOLE-- [fill = 0]
                  700503f0    0000002a     ti_drivers_open_close.o (.text.EPWM_setDeadBandControlShadowLoadMode)
                  7005041a    00000006     --HOLE-- [fill = 0]
                  70050420    0000002a     ti_drivers_open_close.o (.text.EPWM_setOneShotSyncOutTrigger)
                  7005044a    00000006     --HOLE-- [fill = 0]
                  70050450    0000002a     ti_drivers_open_close.o (.text.EPWM_setXMINMAXRegValue)
                  7005047a    00000006     --HOLE-- [fill = 0]
                  70050480    0000002a     ti_drivers_config.o (.text.GPIO_init)
                  700504aa    00000006     --HOLE-- [fill = 0]
                  700504b0    0000002a     ti_drivers_open_close.o (.text.HRPWM_setDeadbandMEPEdgeSelect)
                  700504da    00000006     --HOLE-- [fill = 0]
                  700504e0    0000002a     drivers.am263px.r5f.ti-arm-clang.debug.lib : uart_v0.obj (.text.UART_Transaction_init)
                  7005050a    00000006     --HOLE-- [fill = 0]
                  70050510    0000002a                                                : uart_v0_lld.obj (.text.UART_intr2Disable)
                  7005053a    00000006     --HOLE-- [fill = 0]
                  70050540    0000002a                                                : uart_v0_lld.obj (.text.UART_lld_Transaction_init)
                  7005056a    00000006     --HOLE-- [fill = 0]
                  70050570    0000002a                                                : uart_v0_lld.obj (.text.UART_operatingModeSelect)
                  7005059a    00000006     --HOLE-- [fill = 0]
                  700505a0    00000028     nortos.am263px.r5f.ti-arm-clang.debug.lib : CpuId_armv7r.obj (.text.CSL_armR5GetCpuID)
                  700505c8    00000008     --HOLE-- [fill = 0]
                  700505d0    00000028     ti_drivers_open_close.o (.text.EPWM_enableTripZone2Signals)
                  700505f8    00000008     --HOLE-- [fill = 0]
                  70050600    00000028     ti_drivers_open_close.o (.text.EPWM_setPhaseShift)
                  70050628    00000008     --HOLE-- [fill = 0]
                  70050630    00000028     ti_drivers_open_close.o (.text.EPWM_setSyncInPulseSource)
                  70050658    00000008     --HOLE-- [fill = 0]
                  70050660    00000028     empty.o (.text.EPWM_setTimeBaseCounterMode)
                  70050688    00000008     --HOLE-- [fill = 0]
                  70050690    00000028     ti_drivers_open_close.o (.text.EPWM_setTimeBaseCounterMode)
                  700506b8    00000008     --HOLE-- [fill = 0]
                  700506c0    00000028     ti_drivers_config.o (.text.System_init)
                  700506e8    00000008     --HOLE-- [fill = 0]
                  700506f0    00000028     nortos.am263px.r5f.ti-arm-clang.debug.lib : printf.obj (.text.vprintf_)
                  70050718    00000008     --HOLE-- [fill = 0]
                  70050720    00000026     drivers.am263px.r5f.ti-arm-clang.debug.lib : edma.obj (.text.EDMA_disableQdmaEvtRegion)
                  70050746    0000000a     --HOLE-- [fill = 0]
                  70050750    00000026                                                : edma.obj (.text.EDMA_enableQdmaEvtRegion)
                  70050776    0000000a     --HOLE-- [fill = 0]
                  70050780    00000026                                                : edma.obj (.text.EDMA_validateIntrObject)
                  700507a6    0000000a     --HOLE-- [fill = 0]
                  700507b0    00000026     ti_drivers_open_close.o (.text.EPWM_disableDiodeEmulationMode)
                  700507d6    0000000a     --HOLE-- [fill = 0]
                  700507e0    00000026     ti_drivers_open_close.o (.text.EPWM_disableDiodeEmulationMonitorModeControl)
                  70050806    0000000a     --HOLE-- [fill = 0]
                  70050810    00000026     ti_drivers_open_close.o (.text.EPWM_disableXCMPMode)
                  70050836    0000000a     --HOLE-- [fill = 0]
                  70050840    00000026     ti_drivers_open_close.o (.text.EPWM_nobypassDiodeEmulationLogic)
                  70050866    0000000a     --HOLE-- [fill = 0]
                  70050870    00000026     main.o (.text.main)
                  70050896    0000000a     --HOLE-- [fill = 0]
                  700508a0    00000024     ti_drivers_open_close.o (.text.EPWM_enableTripZoneSignals)
                  700508c4    0000000c     --HOLE-- [fill = 0]
                  700508d0    00000024     ti_drivers_open_close.o (.text.EPWM_lockRegisters)
                  700508f4    0000000c     --HOLE-- [fill = 0]
                  70050900    00000024     nortos.am263px.r5f.ti-arm-clang.debug.lib : SemaphoreP_nortos.obj (.text.SemaphoreP_constructMutex)
                  70050924    0000000c     --HOLE-- [fill = 0]
                  70050930    00000024     ti_drivers_config.o (.text.System_deinit)
                  70050954    0000000c     --HOLE-- [fill = 0]
                  70050960    00000024     drivers.am263px.r5f.ti-arm-clang.debug.lib : uart_v0_lld.obj (.text.UART_IsStopBitsValid)
                  70050984    00000024     libclang_rt.builtins.a : aeabi_uldivmod.S.obj (.text.__aeabi_uldivmod)
                  700509a8    00000008     --HOLE-- [fill = 0]
                  700509b0    00000024     nortos.am263px.r5f.ti-arm-clang.debug.lib : printf.obj (.text._out_char)
                  700509d4    0000000c     --HOLE-- [fill = 0]
                  700509e0    00000022     drivers.am263px.r5f.ti-arm-clang.debug.lib : edma.obj (.text.EDMA_channelToParamMap)
                  70050a02    0000000e     --HOLE-- [fill = 0]
                  70050a10    00000022     ti_drivers_open_close.o (.text.EPWM_disableCaptureInEvent)
                  70050a32    0000000e     --HOLE-- [fill = 0]
                  70050a40    00000022     ti_drivers_open_close.o (.text.EPWM_disableDigitalCompareBlankingWindow)
                  70050a62    0000000e     --HOLE-- [fill = 0]
                  70050a70    00000022     ti_drivers_open_close.o (.text.EPWM_disableDigitalCompareCounterCapture)
                  70050a92    0000000e     --HOLE-- [fill = 0]
                  70050aa0    00000022     ti_drivers_open_close.o (.text.EPWM_disableDigitalCompareEdgeFilter)
                  70050ac2    0000000e     --HOLE-- [fill = 0]
                  70050ad0    00000022     ti_drivers_open_close.o (.text.EPWM_disableDigitalCompareWindowInverseMode)
                  70050af2    0000000e     --HOLE-- [fill = 0]
                  70050b00    00000022     ti_drivers_open_close.o (.text.EPWM_disableIndependentPulseLogic)
                  70050b22    0000000e     --HOLE-- [fill = 0]
                  70050b30    00000022     ti_drivers_open_close.o (.text.EPWM_disableInterrupt)
                  70050b52    0000000e     --HOLE-- [fill = 0]
                  70050b60    00000022     ti_drivers_open_close.o (.text.EPWM_disableInterruptEventCountInit)
                  70050b82    0000000e     --HOLE-- [fill = 0]
                  70050b90    00000022     ti_drivers_open_close.o (.text.EPWM_disableTripZoneAdvAction)
                  70050bb2    0000000e     --HOLE-- [fill = 0]
                  70050bc0    00000020     empty.o (.text.ADC_clearInterruptOverflowStatus)
                  70050be0    00000020     empty.o (.text.ADC_clearInterruptStatus)
                  70050c00    00000020     ti_drivers_open_close.o (.text.ADC_disableBurstMode)
                  70050c20    00000020     empty.o (.text.ADC_getInterruptOverflowStatus)
                  70050c40    00000020     nortos.am263px.r5f.ti-arm-clang.debug.lib : ClockP_nortos.obj (.text.ClockP_isActive)
                  70050c60    00000020                                               : ClockP_nortos.obj (.text.ClockP_usecToTicks)
                  70050c80    00000020     ti_drivers_open_close.o (.text.DAC_enableOutput)
                  70050ca0    00000020     ti_drivers_open_close.o (.text.EPWM_disableChopper)
                  70050cc0    00000020     ti_drivers_open_close.o (.text.EPWM_disableDeadBandControlShadowLoadMode)
                  70050ce0    00000020     ti_drivers_open_close.o (.text.EPWM_disableFallingEdgeDelayCountShadowLoadMode)
                  70050d00    00000020     ti_drivers_open_close.o (.text.EPWM_disableGlobalLoad)
                  70050d20    00000020     ti_drivers_open_close.o (.text.EPWM_disableGlobalLoadOneShotMode)
                  70050d40    00000020     ti_drivers_open_close.o (.text.EPWM_disableRisingEdgeDelayCountShadowLoadMode)
                  70050d60    00000020     ti_drivers_open_close.o (.text.EPWM_disableValleyCapture)
                  70050d80    00000020     ti_drivers_open_close.o (.text.EPWM_disableValleyHWDelay)
                  70050da0    00000020     ti_drivers_open_close.o (.text.HRPWM_disableAutoConversion)
                  70050dc0    00000020     ti_drivers_open_close.o (.text.HRPWM_disablePeriodControl)
                  70050de0    00000020     ti_drivers_open_close.o (.text.HRPWM_disablePhaseShiftLoad)
                  70050e00    00000020     drivers.am263px.r5f.ti-arm-clang.debug.lib : uart_v0_lld.obj (.text.HW_RD_FIELD32_RAW)
                  70050e20    0000001e     ti_drivers_open_close.o (.text.ADC_enableAltDMATiming)
                  70050e3e    00000002     --HOLE-- [fill = 0]
                  70050e40    0000001e     ti_drivers_open_close.o (.text.ADC_enableConverter)
                  70050e5e    00000002     --HOLE-- [fill = 0]
                  70050e60    0000001e     nortos.am263px.r5f.ti-arm-clang.debug.lib : ClockP_nortos.obj (.text.ClockP_Params_init)
                  70050e7e    00000002     --HOLE-- [fill = 0]
                  70050e80    0000001e     drivers.am263px.r5f.ti-arm-clang.debug.lib : edma.obj (.text.EDMA_getEventStatusHigh)
                  70050e9e    00000002     --HOLE-- [fill = 0]
                  70050ea0    0000001e     ti_drivers_open_close.o (.text.EPWM_disablePhaseShiftLoad)
                  70050ebe    00000002     --HOLE-- [fill = 0]
                  70050ec0    0000001e     drivers.am263px.r5f.ti-arm-clang.debug.lib : soc.obj (.text.SOC_getSelfCpuClk)
                  70050ede    00000002     --HOLE-- [fill = 0]
                  70050ee0    0000001e                                                : soc.obj (.text.SOC_moduleClockEnable)
                  70050efe    00000002     --HOLE-- [fill = 0]
                  70050f00    0000001e                                                : uart_v0_lld.obj (.text.UART_breakCtl)
                  70050f1e    00000002     --HOLE-- [fill = 0]
                  70050f20    0000001e                                                : uart_v0_lld.obj (.text.UART_lld_Transaction_deInit)
                  70050f3e    00000002     --HOLE-- [fill = 0]
                  70050f40    0000001e                                                : uart_v0_lld.obj (.text.UART_writeInterrupt)
                  70050f5e    00000002     --HOLE-- [fill = 0]
                  70050f60    0000001c     empty.o (.text.ADC_readResult)
                  70050f7c    00000004     --HOLE-- [fill = 0]
                  70050f80    0000001c     drivers.am263px.r5f.ti-arm-clang.debug.lib : edma.obj (.text.EDMA_getEventStatus)
                  70050f9c    00000004     --HOLE-- [fill = 0]
                  70050fa0    0000001c     ti_drivers_open_close.o (.text.EPWM_setDigitalCompareWindowLength)
                  70050fbc    00000004     --HOLE-- [fill = 0]
                  70050fc0    0000001c     ti_drivers_open_close.o (.text.EPWM_setDigitalCompareWindowOffset)
                  70050fdc    00000004     --HOLE-- [fill = 0]
                  70050fe0    0000001c     drivers.am263px.r5f.ti-arm-clang.debug.lib : uart_v0_lld.obj (.text.UART_IsParameter)
                  70050ffc    00000004     --HOLE-- [fill = 0]
                  70051000    0000001c     ti_dpl_config.o (.text.putchar_)
                  7005101c    0000001c     libsysbm.a : hostrename.c.obj (.text.strcpy)
                  70051038    0000001c                : hostrename.c.obj (.text.strlen)
                  70051054    0000001c     libc.a : memcpy32.S.obj (.text:TI_memcpy_small)
                  70051070    0000001a     ti_drivers_open_close.o (.text.ADC_setInterruptCycleOffset)
                  7005108a    00000006     --HOLE-- [fill = 0]
                  70051090    0000001a     ti_drivers_open_close.o (.text.EPWM_setTimeBaseCounter)
                  700510aa    00000006     --HOLE-- [fill = 0]
                  700510b0    0000001a     ti_drivers_open_close.o (.text.EPWM_setTimeBasePeriod)
                  700510ca    00000006     --HOLE-- [fill = 0]
                  700510d0    0000001a     ti_drivers_open_close.o (.text.EPWM_setValleySWDelayValue)
                  700510ea    00000006     --HOLE-- [fill = 0]
                  700510f0    0000001a     drivers.am263px.r5f.ti-arm-clang.debug.lib : uart_v0_lld.obj (.text.UART_fifoCharGet)
                  7005110a    00000006     --HOLE-- [fill = 0]
                  70051110    0000001a                                                : uart_v0_lld.obj (.text.UART_timeGuardConfig)
                  7005112a    00000006     --HOLE-- [fill = 0]
                  70051130    00000018                                                : edma.obj (.text.EDMA_isInterruptEnabled)
                  70051148    00000008     --HOLE-- [fill = 0]
                  70051150    00000018     nortos.am263px.r5f.ti-arm-clang.debug.lib : SemaphoreP_nortos.obj (.text.SemaphoreP_Params_init)
                  70051168    00000008     --HOLE-- [fill = 0]
                  70051170    00000018                                               : TimerP_rti.obj (.text.TimerP_getReloadCount)
                  70051188    00000008     --HOLE-- [fill = 0]
                  70051190    00000018     drivers.am263px.r5f.ti-arm-clang.debug.lib : uart_v0_lld.obj (.text.UART_divisorLatchDisable)
                  700511a8    00000008     --HOLE-- [fill = 0]
                  700511b0    00000018                                                : uart_v0_lld.obj (.text.UART_modemControlReset)
                  700511c8    00000008     --HOLE-- [fill = 0]
                  700511d0    00000018                                                : uart_v0_lld.obj (.text.UART_putChar)
                  700511e8    00000018     libc.a : memset32.S.obj (.text:TI_memset_small)
                  70051200    00000016     empty.o (.text.DAC_getShadowValue)
                  70051216    0000000a     --HOLE-- [fill = 0]
                  70051220    00000016     nortos.am263px.r5f.ti-arm-clang.debug.lib : TimerP_rti.obj (.text.TimerP_start)
                  70051236    0000000a     --HOLE-- [fill = 0]
                  70051240    00000016                                               : TimerP_rti.obj (.text.TimerP_stop)
                  70051256    0000000a     --HOLE-- [fill = 0]
                  70051260    00000016     drivers.am263px.r5f.ti-arm-clang.debug.lib : uart_v0_lld.obj (.text.UART_divideRoundCloset)
                  70051276    0000000a     --HOLE-- [fill = 0]
                  70051280    00000016                                                : uart_v0_lld.obj (.text.UART_regConfModeRestore)
                  70051296    0000000a     --HOLE-- [fill = 0]
                  700512a0    00000014                                                : soc.obj (.text.CSL_REG16_WR_RAW)
                  700512b4    0000000c     --HOLE-- [fill = 0]
                  700512c0    00000014     nortos.am263px.r5f.ti-arm-clang.debug.lib : DebugP_uartLogWriter.obj (.text.DebugP_uartSetDrvIndex)
                  700512d4    0000000c     --HOLE-- [fill = 0]
                  700512e0    00000014     drivers.am263px.r5f.ti-arm-clang.debug.lib : adc.obj (.text.HW_RD_REG16_RAW)
                  700512f4    0000000c     --HOLE-- [fill = 0]
                  70051300    00000014                                                : etpwm.obj (.text.HW_RD_REG16_RAW)
                  70051314    0000000c     --HOLE-- [fill = 0]
                  70051320    00000014     empty.o (.text.HW_RD_REG16_RAW)
                  70051334    0000000c     --HOLE-- [fill = 0]
                  70051340    00000014     ti_drivers_open_close.o (.text.HW_RD_REG16_RAW)
                  70051354    0000000c     --HOLE-- [fill = 0]
                  70051360    00000014     drivers.am263px.r5f.ti-arm-clang.debug.lib : adc.obj (.text.HW_WR_REG16_RAW)
                  70051374    0000000c     --HOLE-- [fill = 0]
                  70051380    00000014                                                : edma.obj (.text.HW_WR_REG16_RAW)
                  70051394    0000000c     --HOLE-- [fill = 0]
                  700513a0    00000014                                                : etpwm.obj (.text.HW_WR_REG16_RAW)
                  700513b4    0000000c     --HOLE-- [fill = 0]
                  700513c0    00000014     empty.o (.text.HW_WR_REG16_RAW)
                  700513d4    0000000c     --HOLE-- [fill = 0]
                  700513e0    00000014     ti_drivers_open_close.o (.text.HW_WR_REG16_RAW)
                  700513f4    0000000c     --HOLE-- [fill = 0]
                  70051400    00000014     drivers.am263px.r5f.ti-arm-clang.debug.lib : soc_rcm.obj (.text.SOC_rcmGetModuleClkDivFromRegVal)
                  70051414    0000000c     --HOLE-- [fill = 0]
                  70051420    00000014     nortos.am263px.r5f.ti-arm-clang.debug.lib : TimerP_rti.obj (.text.TimerP_clearOverflowInt)
                  70051434    0000000c     --HOLE-- [fill = 0]
                  70051440    00000012     ti_pinmux_config.o (.text.Pinmux_init)
                  70051452    0000000e     --HOLE-- [fill = 0]
                  70051460    00000010     drivers.am263px.r5f.ti-arm-clang.debug.lib : pinmux.obj (.text.CSL_REG32_WR_RAW)
                  70051470    00000010                                                : soc.obj (.text.CSL_REG32_WR_RAW)
                  70051480    00000010     empty.o (.text.CSL_REG32_WR_RAW)
                  70051490    00000010     ti_drivers_config.o (.text.CSL_REG32_WR_RAW)
                  700514a0    00000010     nortos.am263px.r5f.ti-arm-clang.debug.lib : ClockP_nortos_r5.obj (.text.ClockP_getTimerCount)
                  700514b0    00000010                                               : ClockP_nortos_r5.obj (.text.ClockP_timerClearOverflowInt)
                  700514c0    00000010     drivers.am263px.r5f.ti-arm-clang.debug.lib : adc.obj (.text.HW_RD_REG32_RAW)
                  700514d0    00000010                                                : edma.obj (.text.HW_RD_REG32_RAW)
                  700514e0    00000010                                                : uart_v0_lld.obj (.text.HW_RD_REG32_RAW)
                  700514f0    00000010     ti_drivers_open_close.o (.text.HW_RD_REG32_RAW)
                  70051500    00000010     drivers.am263px.r5f.ti-arm-clang.debug.lib : adc.obj (.text.HW_WR_REG32_RAW)
[...]
70063350  gUartDmaChConfig                  
70062ec8  gUartDmaHandle                    
700557b8  gUartHandle                       
700630cc  gUartParams                       
700529dc  gXTALInfo                         
70049ab8  getdevice                         
70063358  isMapAvailable                    
70047278  ldexp                             
70047278  ldexpl                            
7004f9a8  lseek                             
70050871  main                              
700449d4  malloc                            
70046864  memalign                          
700557a0  parmbuf                           
70051550  putchar                           
70051001  putchar_                          
70042b98  remove                            
70047278  scalbn                            
70047278  scalbnl                           
70047518  setvbuf                           
70043f20  sin                               
70043f20  sinl                              
70045fc8  sqrt                              
70045fc8  sqrtl                             
70044340  strcmp                            
7004eb18  unlink                            
70055790  virtToPhymap                      
700506f1  vprintf_                          
7004f9dc  write                             


GLOBAL SYMBOLS: SORTED BY Symbol Address 

address   name                              
-------   ----                              
00000000  __TI_ATRegion0_region_sz          
00000000  __TI_ATRegion0_src_addr           
00000000  __TI_ATRegion0_trg_addr           
00000000  __TI_ATRegion1_region_sz          
00000000  __TI_ATRegion1_src_addr           
00000000  __TI_ATRegion1_trg_addr           
00000000  __TI_ATRegion2_region_sz          
00000000  __TI_ATRegion2_src_addr           
00000000  __TI_ATRegion2_trg_addr           
00000000  __TI_static_base__                
00000000  _vectors                          
00000100  __ABORT_STACK_SIZE                
00000100  __FIQ_STACK_SIZE                  
00000100  __IRQ_STACK_SIZE                  
00000100  __UNDEFINED_STACK_SIZE            
00001000  __SVC_STACK_SIZE                  
00004000  __STACK_SIZE                      
00008000  __SYSMEM_SIZE                     
70040001  Drivers_epwmOpen                  
70041794  __aeabi_idiv0                     
70041798  __kernel_rem_pio2                 
70041ed8  __aeabi_ldiv0                     
70041edc  __aeabi_memcpy                    
70041edc  __aeabi_memcpy4                   
70041edc  __aeabi_memcpy8                   
70042558  _nop                              
7004255c  fseek                             
70042561  SOC_rcmEnablePeripheralClock      
70042b98  remove                            
70043184  __aeabi_errno_addr                
70043641  Drivers_adcOpen                   
70043ae4  __aeabi_memclr                    
70043ae4  __aeabi_memclr4                   
70043ae4  __aeabi_memclr8                   
70043af1  UART_open                         
70043f20  sin                               
70043f20  sinl                              
70044340  strcmp                            
700446d1  SOC_virtToPhy                     
700449d4  malloc                            
70044c60  asin                              
70044c60  asinl                             
70045374  CSL_armR5ReadMpidrReg             
70045381  UART_lld_controllerIsr            
70045801  UART_lld_dmaDeInit                
70045c21  TimerP_setup                      
70045df8  __aeabi_uidiv                     
70045df8  __udivsi3                         
70045fc8  sqrt                              
70045fc8  sqrtl                             
700461a1  UART_close                        
70046361  UART_lld_dmaWrite                 
70046511  UART_write                        
700466bc  free                              
70046864  aligned_alloc                     
70046864  memalign                          
70046d11  EDMA_unregisterIntr               
70046e71  SOC_controlModuleUnlockMMR        
70046fc8  floor                             
70046fc8  floorl                            
70047121  UART_lld_initDma                  
70047278  ldexp                             
70047278  ldexpl                            
70047278  scalbn                            
70047278  scalbnl                           
700473d1  empty_main                        
70047518  setvbuf                           
70047661  UART_procLineStatusErr            
700477a1  ClockP_init                       
70047ca1  EDMA_registerIntr                 
70047f01  UART_lld_init                     
70048031  SOC_controlModuleLockMMR          
70048161  SOC_rcmGetPeripheralClockFrequency
70048281  UART_lld_dmaRead                  
7004839c  __udivmoddi4                      
70048c81  SemaphoreP_pend                   
70048d78  fputc                             
70048e71  ADC_setPPBTripLimits              
70049141  EDMA_freeChannelRegion            
70049231  EDMA_freeParam                    
70049321  EDMA_freeDmaChannel               
70049401  EDMA_freeTcc                      
700494e1  UART_intrEnable                   
700495c1  UART_intrDisable                  
700496a1  UART_lld_write                    
70049781  AddrTranslateP_getLocalAddr       
70049851  EDMA_disableChInShadowRegRegion   
70049921  EDMA_enableChInShadowRegRegion    
700499f1  UART_lld_writeDma                 
70049ab8  getdevice                         
70049b81  UART_lld_writeIntr                
70049c51  EDMA_mapChToEvtQ                  
70049d21  UART_flushTxFifo                  
70049df1  Soc_enableEPWMHalt                
70049ec1  EDMA_configureChannelRegion       
7004a101  ClockP_timerTickIsr               
7004a281  ClockP_stop                       
7004a4c1  SOC_enableAdcInternalReference    
7004a581  SOC_enableAdcReferenceMonitor     
7004a6f8  fseeko                            
7004a7b1  SOC_getAdcReferenceStatus         
7004a861  SOC_rcmSetPeripheralClock         
7004a911  UART_init                         
7004a9c0  __TI_closefile                    
7004aa71  Drivers_uartOpen                  
7004abd1  ClockP_destruct                   
7004ac81  Drivers_open                      
7004ad31  CycleCounterP_init                
7004ad51  CycleCounterP_reset               
7004ada1  CycleCounterP_nsToTicks           
7004af2c  HOSTrename                        
7004b070  __kernel_sin                      
7004b110  __TI_wrt_ok                       
7004b1ac  HOSTlseek                         
7004b248  __kernel_cos                      
7004b378  HOSTopen                          
7004b411  ClockP_getTimeUsec                
7004b4b1  EDMA_unmapChToEvtQ                
7004b5f1  EDMA_disableTransferRegion        
7004b681  EDMA_enableTransferRegion         
7004b711  UART_writeCancelNoCB              
7004b79c  close                             
7004ba68  __TI_doflush                      
7004bb81  UART_lld_flushTxFifo              
7004bc98  HOSTread                          
7004bd1c  HOSTwrite                         
7004bda1  EDMA_allocDmaChannel              
7004be31  EDMA_allocParam                   
7004bec1  EDMA_allocTcc                     
7004c171  _DebugP_assert                    
7004c1f1  UART_Params_init                  
7004c271  EDMA_linkChannel                  
7004c5f1  ClockP_usleep                     
7004c671  EDMA_clrMissEvtRegion             
7004c8e1  ClockP_construct                  
7004ca30  HOSTunlink                        
7004caa1  EDMA_getBaseAddr                  
7004cb81  SOC_enableAdcGlobalForce          
7004cbf1  SOC_setEpwmGroup                  
7004ce91  SOC_rcmGetR5Clock                 
7004cf01  SOC_rcmIsR5FInLockStepMode        
7004cf71  SOC_setMultipleEpwmTbClk          
7004d051  UART_lld_deInitDma                
7004d250  HOSTclose                         
7004d2b1  UART_getChar                      
7004d611  SemaphoreP_post                   
7004d731  Module_clockSetFrequency          
7004d791  UART_lld_deInit                   
7004d8b1  UART_lld_dmaDisableChannel        
7004dc71  SOC_enableAdcDacLoopback          
7004dd28  __TI_cleanup                      
7004dd80  __TI_readmsg                      
7004ddd8  __TI_writemsg                     
7004de24  C$$IO$$                           
7004def1  EDMA_setPaRAM                     
7004e064  exit                              
7004e0b8  finddevice                        
7004e10c  __TI_auto_init_nobinit_nopinit    
7004e161  SemaphoreP_construct              
7004e1c1  Drivers_uartClose                 
7004e211  Pinmux_config                     
7004e261  UART_checkCharsAvailInFifo        
7004e2b1  EDMA_clrEvtRegion                 
7004e301  EDMA_disableDmaEvtRegion          
7004e351  EDMA_disableEvtIntrRegion         
7004e3a1  EDMA_enableDmaEvtRegion           
7004e3f1  EDMA_enableEvtIntrRegion          
7004e441  EDMA_setEvtRegion                 
7004e491  GPIO_setDirMode                   
7004e4e1  UART_getHandle                    
7004e531  EDMA_ccPaRAMEntry_init            
7004e581  EDMA_mapQdmaChToPaRAM             
7004e5d1  EDMA_readEventStatusRegion        
7004e761  Module_clockDisable               
7004e7b1  Module_clockEnable                
7004e8f1  UART_getIntrIdentityStatus        
7004eb18  unlink                            
7004ec01  DebugP_uartLogWriterPutChar       
7004ed41  UART_readLineStatus               
7004eed1  _DebugP_logZone                   
7004f011  ClockP_start                      
7004f301  UART_spaceAvail                   
7004f481  UART_IsTxRxFifoEmpty              
7004f581  SOC_moduleSetClockFrequency       
7004f601  ADC_setMode                       
7004f641  Dpl_init                          
7004f741  EDMA_getRegionId                  
7004f7c1  Drivers_dacOpen                   
7004f8c1  TimerP_Params_init                
7004f9a8  lseek                             
7004f9dc  write                             
7004fc11  TimerP_getCount                   
7004fe20  CycleCounterP_getCount32          
7004fe28  PmuP_setup                        
7004fe30  PmuP_enableCounters               
7004fe38  PmuP_disableCounters              
7004fe40  PmuP_getOverflowStatus            
7004fe48  PmuP_clearOverflowStatus          
7004fe51  Drivers_intXbarOpen               
7004ff71  UART_deinit                       
7004ffa1  UART_lld_dmaInit                  
700500c1  EPWM_setEmulationMode             
70050241  SemaphoreP_constructBinary        
70050270  __aeabi_idiv                      
70050270  __divsi3                          
70050481  GPIO_init                         
700504e1  UART_Transaction_init             
70050511  UART_intr2Disable                 
70050541  UART_lld_Transaction_init         
70050571  UART_operatingModeSelect          
700505a1  CSL_armR5GetCpuID                 
700506c1  System_init                       
700506f1  vprintf_                          
70050721  EDMA_disableQdmaEvtRegion         
70050751  EDMA_enableQdmaEvtRegion          
70050871  main                              
70050901  SemaphoreP_constructMutex         
70050931  System_deinit                     
70050984  __aeabi_uldivmod                  
700509e1  EDMA_channelToParamMap            
70050c41  ClockP_isActive                   
70050c61  ClockP_usecToTicks                
70050e61  ClockP_Params_init                
70050e81  EDMA_getEventStatusHigh           
70050ec1  SOC_getSelfCpuClk                 
70050ee1  SOC_moduleClockEnable             
70050f21  UART_lld_Transaction_deInit       
70050f81  EDMA_getEventStatus               
70051001  putchar_                          
70051054  TI_memcpy_small                   
70051131  EDMA_isInterruptEnabled           
70051151  SemaphoreP_Params_init            
70051171  TimerP_getReloadCount             
700511d1  UART_putChar                      
700511e8  TI_memset_small                   
70051221  TimerP_start                      
70051241  TimerP_stop                       
700512c1  DebugP_uartSetDrvIndex            
70051421  TimerP_clearOverflowInt           
70051441  Pinmux_init                       
700514a1  ClockP_getTimerCount              
700514b1  ClockP_timerClearOverflowInt      
70051550  putchar                           
70051561  Board_driversOpen                 
700515a1  ClockP_getTicks                   
700515b1  PowerClock_init                   
70051601  Drivers_close                     
70051611  Drivers_uartInit                  
70051621  PowerClock_deinit                 
70051651  SemaphoreP_destruct               
70051671  Board_deinit                      
70051681  Board_driversClose                
70051691  Board_init                        
700516a1  Dpl_deinit                        
700516b1  GPIO_deinit                       
700516c1  TaskP_yield                       
70051870  gCacheConfig                      
70051878  gMpuConfig                        
70051884  gMpuRegionConfig                  
70051998  gADPLLJConfigTbl                  
700525c2  gPeripheralClkSrcInfoMap          
7005287a  gCR5ClkSrcInfoMap                 
700529dc  gXTALInfo                         
700529f4  gCacheL1dCacheLineSize            
700529f8  gCacheL1pCacheLineSize            
70052a08  __BSS_START                       
70052a08  gAdc1Result0                      
70054a08  gHwiCtrl                          
70055578  _CIOBUF_                          
70055578  __CIOBUF_                         
70055698  __TI_tmpnams                      
70055738  gClockCtrl                        
70055790  virtToPhymap                      
700557a0  parmbuf                           
700557b0  gEpwmTbClkSyncDisableMask         
700557b4  gEpwmTbClkSyncEnableMask          
700557b8  gUartHandle                       
700557c0  __BSS_END                         
700557c0  _sys_memory                       
7005d7c0  __stack                           
700617c0  __STACK_END                       
700617c1  HwiP_irq_handler_c                
70061901  HwiP_fiq_handler                  
70061a61  HwiP_reserved_handler             
70061aa1  HwiP_user_undefined_handler_c     
70061ae1  HwiP_undefined_handler_c          
70061b21  HwiP_svc_handler                  
70061b61  HwiP_user_prefetch_abort_handler_c
70061bc1  HwiP_prefetch_abort_handler_c     
70061c91  HwiP_user_data_abort_handler_c    
70061d01  HwiP_data_abort_handler_c         
70061de1  HwiP_enableInt                    
70061e21  HwiP_disableInt                   
70061e81  HwiP_restoreInt                   
70061eb1  HwiP_clearInt                     
70061ef1  HwiP_post                         
70061f31  HwiP_Params_init                  
70061f61  HwiP_construct                    
70062161  HwiP_destruct                     
700621d1  HwiP_init                         
70062381  HwiP_inISR                        
700623a8  HwiP_irq_handler                  
7006241c  HwiP_data_abort_handler           
70062460  HwiP_prefetch_abort_handler       
70062490  HwiP_undefined_handler            
700624d8  GET_DFSR                          
700624e0  GET_ADFSR                         
700624e8  GET_DFAR                          
700624f0  GET_IFSR                          
700624f8  GET_AIFSR                         
70062500  GET_IFAR                          
70062508  GET_SPSR                          
70062520  HwiP_disable                      
70062530  HwiP_disableFIQ                   
70062540  HwiP_enable                       
70062550  HwiP_enableFIQ                    
70062560  HwiP_restore                      
70062568  HwiP_enableVIC                    
70062578  HwiP_disableVIC                   
70062588  HwiP_getCPSR                      
70062590  CacheP_disableL1d                 
700625b8  CacheP_disableL1p                 
700625d0  CacheP_enableL1d                  
700625e8  CacheP_enableL1p                  
70062600  CacheP_invL1d                     
70062638  CacheP_invL1p                     
70062674  CacheP_invL1dAll                  
7006267c  CacheP_invL1pAll                  
70062684  CacheP_wb                         
700626c0  CacheP_wbInv                      
700626fc  CacheP_wbAll                      
700627a4  CacheP_wbInvAll                   
700627bc  CacheP_wbInvAllAsm                
7006285c  CacheP_getEnabled                 
70062894  CacheP_getCacheLevelInfo          
700628a0  CacheP_configForceWrThru          
700628c0  CacheP_setDLFO                    
700628d1  CacheP_init                       
70062961  CacheP_disable                    
700629b1  CacheP_enable                     
700629f1  CacheP_inv                        
70062a31  MpuP_RegionAttrs_init             
70062a61  MpuP_setRegion                    
70062b51  MpuP_isEnable                     
70062b61  MpuP_disable                      
70062ba1  MpuP_enable                       
70062bf1  MpuP_init                         
70062c88  MpuP_disableAsm                   
70062ca0  MpuP_disableBRAsm                 
70062cb0  MpuP_enableAsm                    
70062cc8  MpuP_enableBRAsm                  
70062cd8  MpuP_isEnableAsm                  
70062cec  MpuP_setRegionAsm                 
70062d00  _c_int00_sbl                      
70062d24  _c_int00                          
70062e51  _DebugP_assertNoLog               
70062e81  _system_pre_init                  
70062eb1  __mpu_init                        
70062ec0  C$$EXIT                           
70062ec0  abort                             
70062ec8  _ftable                           
70062ec8  gEdmaConfig                       
70062ec8  gUartDmaHandle                    
70063054  _device                           
700630cc  gUartParams                       
70063124  _stream                           
700631a4  gClockConfig                      
700632ac  gSocModulesClockFrequency         
700632dc  gAddrTranslateConfig              
700632e8  __TI_cleanup_ptr                  
700632ec  __TI_dtors_ptr                    
700632f0  gSocModules                       
70063300  gUartConfig                       
70063310  __TI_ft_end                       
70063314  __aeabi_errno                     
70063318  _lock                             
7006331c  _unlock                           
70063320  gAdc1baseAddr                     
70063324  gAdc1resultBaseAddr               
70063328  gAdcConversionCount               
7006332c  gAlpha                            
70063330  gDacBaseAddr                      
70063334  gDebugLogZone                     
70063338  gDebugP_uartDrvIndex              
7006333c  gEdmaConfigNum                    
70063340  gHwiConfig                        
70063344  gIndex                            
70063348  gStepValue                        
7006334c  gUartConfigNum                    
70063350  gUartDmaChConfig                  
70063356  gDacOutput                        
70063358  isMapAvailable                    
70063360  __IRQ_STACK_START                 
70063460  __FIQ_STACK_START                 
70063460  __IRQ_STACK_END                   
70063560  __FIQ_STACK_END                   
70063560  __SVC_STACK_START                 
70064560  __ABORT_STACK_START               
70064560  __SVC_STACK_END                   
70064660  __ABORT_STACK_END                 
70064660  __UNDEFINED_STACK_START           
70064760  __UNDEFINED_STACK_END             
ffffffff  __TI_pprof_out_hndl               
ffffffff  __TI_prof_data_size               
ffffffff  __TI_prof_data_start              
ffffffff  __binit__                         
ffffffff  binit                             
UNDEFED   __TI_CINIT_Base                   
UNDEFED   __TI_CINIT_Limit                  
UNDEFED   __TI_Handler_Table_Base           
UNDEFED   __TI_Handler_Table_Limit          
UNDEFED   _system_post_cinit                

[412 symbols]
