<?xml version="1.0" encoding="ISO-8859-1" ?>
<link_info>
   <banner>TI ARM Clang Linker PC v3.2.2.LTS</banner>
   <copyright>Copyright (c) 1996-2018 Texas Instruments Incorporated</copyright>
   <link_time>0x6763f8ff</link_time>
   <link_errors>0x0</link_errors>
   <output_file>C:\Users\A0503581\workspace_v12\edma_dma_sw_lab_am263px-cc_r5fss0-0_nortos_ti-arm-clang\Release\edma_dma_sw_lab_am263px-cc_r5fss0-0_nortos_ti-arm-clang.out</output_file>
   <entry_point>
      <name>_vectors</name>
      <address>0x0</address>
   </entry_point>
   <input_file_list>
      <input_file id="fl-1">
         <path>C:\Users\A0503581\workspace_v12\edma_dma_sw_lab_am263px-cc_r5fss0-0_nortos_ti-arm-clang\Release\.\</path>
         <kind>object</kind>
         <file>am263px_dma_lab_main.o</file>
         <name>am263px_dma_lab_main.o</name>
      </input_file>
      <input_file id="fl-2">
         <path>C:\Users\A0503581\workspace_v12\edma_dma_sw_lab_am263px-cc_r5fss0-0_nortos_ti-arm-clang\Release\.\syscfg\</path>
         <kind>object</kind>
         <file>ti_dpl_config.o</file>
         <name>ti_dpl_config.o</name>
      </input_file>
      <input_file id="fl-3">
         <path>C:\Users\A0503581\workspace_v12\edma_dma_sw_lab_am263px-cc_r5fss0-0_nortos_ti-arm-clang\Release\.\syscfg\</path>
         <kind>object</kind>
         <file>ti_drivers_config.o</file>
         <name>ti_drivers_config.o</name>
      </input_file>
      <input_file id="fl-4">
         <path>C:\Users\A0503581\workspace_v12\edma_dma_sw_lab_am263px-cc_r5fss0-0_nortos_ti-arm-clang\Release\.\syscfg\</path>
         <kind>object</kind>
         <file>ti_drivers_open_close.o</file>
         <name>ti_drivers_open_close.o</name>
      </input_file>
      <input_file id="fl-5">
         <path>C:\Users\A0503581\workspace_v12\edma_dma_sw_lab_am263px-cc_r5fss0-0_nortos_ti-arm-clang\Release\.\syscfg\</path>
         <kind>object</kind>
         <file>ti_pinmux_config.o</file>
         <name>ti_pinmux_config.o</name>
      </input_file>
      <input_file id="fl-6">
         <path>C:\Users\A0503581\workspace_v12\edma_dma_sw_lab_am263px-cc_r5fss0-0_nortos_ti-arm-clang\Release\.\syscfg\</path>
         <kind>object</kind>
         <file>ti_power_clock_config.o</file>
         <name>ti_power_clock_config.o</name>
      </input_file>
      <input_file id="fl-7">
         <path>C:\Users\A0503581\workspace_v12\edma_dma_sw_lab_am263px-cc_r5fss0-0_nortos_ti-arm-clang\Release\.\syscfg\</path>
         <kind>object</kind>
         <file>ti_board_config.o</file>
         <name>ti_board_config.o</name>
      </input_file>
      <input_file id="fl-8">
         <path>C:\Users\A0503581\workspace_v12\edma_dma_sw_lab_am263px-cc_r5fss0-0_nortos_ti-arm-clang\Release\.\syscfg\</path>
         <kind>object</kind>
         <file>ti_board_open_close.o</file>
         <name>ti_board_open_close.o</name>
      </input_file>
      <input_file id="fl-9">
         <path>C:\Users\A0503581\workspace_v12\edma_dma_sw_lab_am263px-cc_r5fss0-0_nortos_ti-arm-clang\Release\.\syscfg\</path>
         <kind>object</kind>
         <file>ti_enet_config.o</file>
         <name>ti_enet_config.o</name>
      </input_file>
      <input_file id="fl-a">
         <path>C:\Users\A0503581\workspace_v12\edma_dma_sw_lab_am263px-cc_r5fss0-0_nortos_ti-arm-clang\Release\.\syscfg\</path>
         <kind>object</kind>
         <file>ti_enet_open_close.o</file>
         <name>ti_enet_open_close.o</name>
      </input_file>
      <input_file id="fl-b">
         <path>C:\Users\A0503581\workspace_v12\edma_dma_sw_lab_am263px-cc_r5fss0-0_nortos_ti-arm-clang\Release\.\syscfg\</path>
         <kind>object</kind>
         <file>ti_enet_soc.o</file>
         <name>ti_enet_soc.o</name>
      </input_file>
      <input_file id="fl-c">
         <path>C:\Users\A0503581\workspace_v12\edma_dma_sw_lab_am263px-cc_r5fss0-0_nortos_ti-arm-clang\Release\.\syscfg\</path>
         <kind>object</kind>
         <file>ti_enet_lwipif.o</file>
         <name>ti_enet_lwipif.o</name>
      </input_file>
      <input_file id="fl-d">
         <path>C:\Users\A0503581\workspace_v12\edma_dma_sw_lab_am263px-cc_r5fss0-0_nortos_ti-arm-clang\Release\.\</path>
         <kind>object</kind>
         <file>main.o</file>
         <name>main.o</name>
      </input_file>
      <input_file id="fl-1c">
         <path>C:\Users\A0503581\workspace_v12\edma_dma_sw_lab_am263px-cc_r5fss0-0_nortos_ti-arm-clang\Release\</path>
         <kind>object</kind>
         <file>&lt;internal&gt;</file>
         <name>&lt;internal&gt;</name>
      </input_file>
      <input_file id="fl-1d">
         <path>C:\ti\mcu_plus_sdk_am263px_09_02_00_56\source\kernel\nortos\lib\</path>
         <kind>archive</kind>
         <file>nortos.am263px.r5f.ti-arm-clang.release.lib</file>
         <name>AddrTranslateP_32bit.obj</name>
      </input_file>
      <input_file id="fl-1e">
         <path>C:\ti\mcu_plus_sdk_am263px_09_02_00_56\source\kernel\nortos\lib\</path>
         <kind>archive</kind>
         <file>nortos.am263px.r5f.ti-arm-clang.release.lib</file>
         <name>DebugP_uartLogWriter.obj</name>
      </input_file>
      <input_file id="fl-1f">
         <path>C:\ti\mcu_plus_sdk_am263px_09_02_00_56\source\kernel\nortos\lib\</path>
         <kind>archive</kind>
         <file>nortos.am263px.r5f.ti-arm-clang.release.lib</file>
         <name>DebugP_log.obj</name>
      </input_file>
      <input_file id="fl-20">
         <path>C:\ti\mcu_plus_sdk_am263px_09_02_00_56\source\kernel\nortos\lib\</path>
         <kind>archive</kind>
         <file>nortos.am263px.r5f.ti-arm-clang.release.lib</file>
         <name>DebugP_nortos.obj</name>
      </input_file>
      <input_file id="fl-21">
         <path>C:\ti\mcu_plus_sdk_am263px_09_02_00_56\source\kernel\nortos\lib\</path>
         <kind>archive</kind>
         <file>nortos.am263px.r5f.ti-arm-clang.release.lib</file>
         <name>SemaphoreP_nortos.obj</name>
      </input_file>
      <input_file id="fl-22">
         <path>C:\ti\mcu_plus_sdk_am263px_09_02_00_56\source\kernel\nortos\lib\</path>
         <kind>archive</kind>
         <file>nortos.am263px.r5f.ti-arm-clang.release.lib</file>
         <name>ClockP_nortos.obj</name>
      </input_file>
      <input_file id="fl-23">
         <path>C:\ti\mcu_plus_sdk_am263px_09_02_00_56\source\kernel\nortos\lib\</path>
         <kind>archive</kind>
         <file>nortos.am263px.r5f.ti-arm-clang.release.lib</file>
         <name>ClockP_nortos_r5.obj</name>
      </input_file>
      <input_file id="fl-24">
         <path>C:\ti\mcu_plus_sdk_am263px_09_02_00_56\source\kernel\nortos\lib\</path>
         <kind>archive</kind>
         <file>nortos.am263px.r5f.ti-arm-clang.release.lib</file>
         <name>TimerP_rti.obj</name>
      </input_file>
      <input_file id="fl-25">
         <path>C:\ti\mcu_plus_sdk_am263px_09_02_00_56\source\kernel\nortos\lib\</path>
         <kind>archive</kind>
         <file>nortos.am263px.r5f.ti-arm-clang.release.lib</file>
         <name>HwiP_armv7r_vim.obj</name>
      </input_file>
      <input_file id="fl-26">
         <path>C:\ti\mcu_plus_sdk_am263px_09_02_00_56\source\kernel\nortos\lib\</path>
         <kind>archive</kind>
         <file>nortos.am263px.r5f.ti-arm-clang.release.lib</file>
         <name>HwiP_armv7r_handlers_nortos.obj</name>
      </input_file>
      <input_file id="fl-27">
         <path>C:\ti\mcu_plus_sdk_am263px_09_02_00_56\source\kernel\nortos\lib\</path>
         <kind>archive</kind>
         <file>nortos.am263px.r5f.ti-arm-clang.release.lib</file>
         <name>MpuP_armv7r.obj</name>
      </input_file>
      <input_file id="fl-28">
         <path>C:\ti\mcu_plus_sdk_am263px_09_02_00_56\source\kernel\nortos\lib\</path>
         <kind>archive</kind>
         <file>nortos.am263px.r5f.ti-arm-clang.release.lib</file>
         <name>CacheP_armv7r.obj</name>
      </input_file>
      <input_file id="fl-29">
         <path>C:\ti\mcu_plus_sdk_am263px_09_02_00_56\source\kernel\nortos\lib\</path>
         <kind>archive</kind>
         <file>nortos.am263px.r5f.ti-arm-clang.release.lib</file>
         <name>printf.obj</name>
      </input_file>
      <input_file id="fl-2a">
         <path>C:\ti\mcu_plus_sdk_am263px_09_02_00_56\source\kernel\nortos\lib\</path>
         <kind>archive</kind>
         <file>nortos.am263px.r5f.ti-arm-clang.release.lib</file>
         <name>PmuP_armv7r.obj</name>
      </input_file>
      <input_file id="fl-2b">
         <path>C:\ti\mcu_plus_sdk_am263px_09_02_00_56\source\kernel\nortos\lib\</path>
         <kind>archive</kind>
         <file>nortos.am263px.r5f.ti-arm-clang.release.lib</file>
         <name>HwiP_armv7r_handlers_nortos_asm.obj</name>
      </input_file>
      <input_file id="fl-2c">
         <path>C:\ti\mcu_plus_sdk_am263px_09_02_00_56\source\kernel\nortos\lib\</path>
         <kind>archive</kind>
         <file>nortos.am263px.r5f.ti-arm-clang.release.lib</file>
         <name>HwiP_armv7r_vectors_nortos_asm.obj</name>
      </input_file>
      <input_file id="fl-2d">
         <path>C:\ti\mcu_plus_sdk_am263px_09_02_00_56\source\kernel\nortos\lib\</path>
         <kind>archive</kind>
         <file>nortos.am263px.r5f.ti-arm-clang.release.lib</file>
         <name>boot_armv7r_asm.obj</name>
      </input_file>
      <input_file id="fl-2e">
         <path>C:\ti\mcu_plus_sdk_am263px_09_02_00_56\source\kernel\nortos\lib\</path>
         <kind>archive</kind>
         <file>nortos.am263px.r5f.ti-arm-clang.release.lib</file>
         <name>HwiP_armv7r_asm.obj</name>
      </input_file>
      <input_file id="fl-2f">
         <path>C:\ti\mcu_plus_sdk_am263px_09_02_00_56\source\kernel\nortos\lib\</path>
         <kind>archive</kind>
         <file>nortos.am263px.r5f.ti-arm-clang.release.lib</file>
         <name>MpuP_armv7r_asm.obj</name>
      </input_file>
      <input_file id="fl-30">
         <path>C:\ti\mcu_plus_sdk_am263px_09_02_00_56\source\kernel\nortos\lib\</path>
         <kind>archive</kind>
         <file>nortos.am263px.r5f.ti-arm-clang.release.lib</file>
         <name>CacheP_armv7r_asm.obj</name>
      </input_file>
      <input_file id="fl-31">
         <path>C:\ti\mcu_plus_sdk_am263px_09_02_00_56\source\kernel\nortos\lib\</path>
         <kind>archive</kind>
         <file>nortos.am263px.r5f.ti-arm-clang.release.lib</file>
         <name>PmuP_armv7r_asm.obj</name>
      </input_file>
      <input_file id="fl-32">
         <path>C:\ti\mcu_plus_sdk_am263px_09_02_00_56\source\kernel\nortos\lib\</path>
         <kind>archive</kind>
         <file>nortos.am263px.r5f.ti-arm-clang.release.lib</file>
         <name>boot_armv7r.obj</name>
      </input_file>
      <input_file id="fl-33">
         <path>C:\ti\mcu_plus_sdk_am263px_09_02_00_56\source\board\lib\</path>
         <kind>archive</kind>
         <file>board.am263px.r5f.ti-arm-clang.release.lib</file>
         <name>led.obj</name>
      </input_file>
      <input_file id="fl-34">
         <path>C:\ti\mcu_plus_sdk_am263px_09_02_00_56\source\board\lib\</path>
         <kind>archive</kind>
         <file>board.am263px.r5f.ti-arm-clang.release.lib</file>
         <name>led_gpio.obj</name>
      </input_file>
      <input_file id="fl-35">
         <path>C:\ti\mcu_plus_sdk_am263px_09_02_00_56\source\drivers\lib\</path>
         <kind>archive</kind>
         <file>drivers.am263px.r5f.ti-arm-clang.release.lib</file>
         <name>adc.obj</name>
      </input_file>
      <input_file id="fl-36">
         <path>C:\ti\mcu_plus_sdk_am263px_09_02_00_56\source\drivers\lib\</path>
         <kind>archive</kind>
         <file>drivers.am263px.r5f.ti-arm-clang.release.lib</file>
         <name>edma.obj</name>
      </input_file>
      <input_file id="fl-37">
         <path>C:\ti\mcu_plus_sdk_am263px_09_02_00_56\source\drivers\lib\</path>
         <kind>archive</kind>
         <file>drivers.am263px.r5f.ti-arm-clang.release.lib</file>
         <name>etpwm.obj</name>
      </input_file>
      <input_file id="fl-38">
         <path>C:\ti\mcu_plus_sdk_am263px_09_02_00_56\source\drivers\lib\</path>
         <kind>archive</kind>
         <file>drivers.am263px.r5f.ti-arm-clang.release.lib</file>
         <name>gpio.obj</name>
      </input_file>
      <input_file id="fl-39">
         <path>C:\ti\mcu_plus_sdk_am263px_09_02_00_56\source\drivers\lib\</path>
         <kind>archive</kind>
         <file>drivers.am263px.r5f.ti-arm-clang.release.lib</file>
         <name>pinmux.obj</name>
      </input_file>
      <input_file id="fl-3a">
         <path>C:\ti\mcu_plus_sdk_am263px_09_02_00_56\source\drivers\lib\</path>
         <kind>archive</kind>
         <file>drivers.am263px.r5f.ti-arm-clang.release.lib</file>
         <name>soc.obj</name>
      </input_file>
      <input_file id="fl-3b">
         <path>C:\ti\mcu_plus_sdk_am263px_09_02_00_56\source\drivers\lib\</path>
         <kind>archive</kind>
         <file>drivers.am263px.r5f.ti-arm-clang.release.lib</file>
         <name>soc_rcm.obj</name>
      </input_file>
      <input_file id="fl-3c">
         <path>C:\ti\mcu_plus_sdk_am263px_09_02_00_56\source\drivers\lib\</path>
         <kind>archive</kind>
         <file>drivers.am263px.r5f.ti-arm-clang.release.lib</file>
         <name>uart_v0.obj</name>
      </input_file>
      <input_file id="fl-3d">
         <path>C:\ti\mcu_plus_sdk_am263px_09_02_00_56\source\drivers\lib\</path>
         <kind>archive</kind>
         <file>drivers.am263px.r5f.ti-arm-clang.release.lib</file>
         <name>uart_v0_lld.obj</name>
      </input_file>
      <input_file id="fl-3e">
         <path>C:\ti\mcu_plus_sdk_am263px_09_02_00_56\source\drivers\lib\</path>
         <kind>archive</kind>
         <file>drivers.am263px.r5f.ti-arm-clang.release.lib</file>
         <name>uart_dma_edma.obj</name>
      </input_file>
      <input_file id="fl-4d">
         <path>C:\ti\ccs1280\ccs\tools\compiler\ti-cgt-armllvm_3.2.2.LTS\lib\armv7r-ti-none-eabihf\c\</path>
         <kind>archive</kind>
         <file>libc.a</file>
         <name>exit.c.obj</name>
      </input_file>
      <input_file id="fl-4e">
         <path>C:\ti\ccs1280\ccs\tools\compiler\ti-cgt-armllvm_3.2.2.LTS\lib\armv7r-ti-none-eabihf\c\</path>
         <kind>archive</kind>
         <file>libc.a</file>
         <name>_lock.c.obj</name>
      </input_file>
      <input_file id="fl-4f">
         <path>C:\ti\ccs1280\ccs\tools\compiler\ti-cgt-armllvm_3.2.2.LTS\lib\armv7r-ti-none-eabihf\c\</path>
         <kind>archive</kind>
         <file>libc.a</file>
         <name>autoinit.c.obj</name>
      </input_file>
      <input_file id="fl-50">
         <path>C:\ti\ccs1280\ccs\tools\compiler\ti-cgt-armllvm_3.2.2.LTS\lib\armv7r-ti-none-eabihf\c\</path>
         <kind>archive</kind>
         <file>libc.a</file>
         <name>cpy_tbl.c.obj</name>
      </input_file>
      <input_file id="fl-b6">
         <path>C:\ti\ccs1280\ccs\tools\compiler\ti-cgt-armllvm_3.2.2.LTS\lib\clang\15.0.7\lib\armv7r-ti-none-eabihf\</path>
         <kind>archive</kind>
         <file>libclang_rt.builtins.a</file>
         <name>floatundidf.S.obj</name>
      </input_file>
      <input_file id="fl-b7">
         <path>C:\ti\ccs1280\ccs\tools\compiler\ti-cgt-armllvm_3.2.2.LTS\lib\clang\15.0.7\lib\armv7r-ti-none-eabihf\</path>
         <kind>archive</kind>
         <file>libclang_rt.builtins.a</file>
         <name>aeabi_memcpy.S.obj</name>
      </input_file>
      <input_file id="fl-b8">
         <path>C:\ti\ccs1280\ccs\tools\compiler\ti-cgt-armllvm_3.2.2.LTS\lib\clang\15.0.7\lib\armv7r-ti-none-eabihf\</path>
         <kind>archive</kind>
         <file>libclang_rt.builtins.a</file>
         <name>aeabi_memset.S.obj</name>
      </input_file>
      <input_file id="fl-b9">
         <path>C:\ti\ccs1280\ccs\tools\compiler\ti-cgt-armllvm_3.2.2.LTS\lib\clang\15.0.7\lib\armv7r-ti-none-eabihf\</path>
         <kind>archive</kind>
         <file>libclang_rt.builtins.a</file>
         <name>aeabi_uldivmod.S.obj</name>
      </input_file>
      <input_file id="fl-ba">
         <path>C:\ti\ccs1280\ccs\tools\compiler\ti-cgt-armllvm_3.2.2.LTS\lib\clang\15.0.7\lib\armv7r-ti-none-eabihf\</path>
         <kind>archive</kind>
         <file>libclang_rt.builtins.a</file>
         <name>udivmoddi4.S.obj</name>
      </input_file>
      <input_file id="fl-bb">
         <path>C:\ti\ccs1280\ccs\tools\compiler\ti-cgt-armllvm_3.2.2.LTS\lib\clang\15.0.7\lib\armv7r-ti-none-eabihf\</path>
         <kind>archive</kind>
         <file>libclang_rt.builtins.a</file>
         <name>aeabi_div0.c.obj</name>
      </input_file>
      <input_file id="fl-bc">
         <path>C:\ti\ccs1280\ccs\tools\compiler\ti-cgt-armllvm_3.2.2.LTS\lib\armv7r-ti-none-eabihf\c\</path>
         <kind>archive</kind>
         <file>libc.a</file>
         <name>memcpy32.S.obj</name>
      </input_file>
      <input_file id="fl-bd">
         <path>C:\ti\ccs1280\ccs\tools\compiler\ti-cgt-armllvm_3.2.2.LTS\lib\armv7r-ti-none-eabihf\c\</path>
         <kind>archive</kind>
         <file>libc.a</file>
         <name>memset32.S.obj</name>
      </input_file>
      <input_file id="fl-be">
         <path>C:\ti\mcu_plus_sdk_am263px_09_02_00_56\source\kernel\nortos\lib\</path>
         <kind>archive</kind>
         <file>nortos.am263px.r5f.ti-arm-clang.release.lib</file>
         <name>CpuId_armv7r.obj</name>
      </input_file>
      <input_file id="fl-bf">
         <path>C:\ti\mcu_plus_sdk_am263px_09_02_00_56\source\kernel\nortos\lib\</path>
         <kind>archive</kind>
         <file>nortos.am263px.r5f.ti-arm-clang.release.lib</file>
         <name>TaskP_nortos.obj</name>
      </input_file>
      <input_file id="fl-c0">
         <path>C:\ti\mcu_plus_sdk_am263px_09_02_00_56\source\kernel\nortos\lib\</path>
         <kind>archive</kind>
         <file>nortos.am263px.r5f.ti-arm-clang.release.lib</file>
         <name>CpuId_armv7r_asm.obj</name>
      </input_file>
   </input_file_list>
   <object_component_list>
      <object_component id="oc-2c">
         <name>.vectors</name>
         <load_address>0x0</load_address>
         <readonly>true</readonly>
         <executable>true</executable>
         <run_address>0x0</run_address>
         <size>0x40</size>
         <alignment>0x4</alignment>
         <input_file_ref idref="fl-2c"/>
      </object_component>
      <object_component id="oc-6b">
         <name>.text.hwi</name>
         <load_address>0x7004e9a8</load_address>
         <readonly>true</readonly>
         <executable>true</executable>
         <run_address>0x7004e9a8</run_address>
         <size>0x408</size>
         <alignment>0x2</alignment>
         <input_file_ref idref="fl-25"/>
      </object_component>
      <object_component id="oc-4f">
         <name>.text.hwi</name>
         <load_address>0x7004edb0</load_address>
         <readonly>true</readonly>
         <executable>true</executable>
         <run_address>0x7004edb0</run_address>
         <size>0x220</size>
         <alignment>0x2</alignment>
         <input_file_ref idref="fl-26"/>
      </object_component>
      <object_component id="oc-53">
         <name>.text.hwi</name>
         <load_address>0x7004efd0</load_address>
         <readonly>true</readonly>
         <executable>true</executable>
         <run_address>0x7004efd0</run_address>
         <size>0xc0</size>
         <alignment>0x4</alignment>
         <input_file_ref idref="fl-2b"/>
      </object_component>
      <object_component id="oc-70">
         <name>.text.hwi</name>
         <load_address>0x7004f090</load_address>
         <readonly>true</readonly>
         <executable>true</executable>
         <run_address>0x7004f090</run_address>
         <size>0x70</size>
         <alignment>0x4</alignment>
         <input_file_ref idref="fl-2e"/>
      </object_component>
      <object_component id="oc-392">
         <name>.tramp.HwiP_enableFIQ.1</name>
         <load_address>0x7004f100</load_address>
         <readonly>true</readonly>
         <executable>true</executable>
         <run_address>0x7004f100</run_address>
         <size>0x8</size>
         <alignment>0x4</alignment>
         <input_file_ref idref="fl-2e"/>
      </object_component>
      <object_component id="oc-c2">
         <name>.text.cache</name>
         <load_address>0x7004f108</load_address>
         <readonly>true</readonly>
         <executable>true</executable>
         <run_address>0x7004f108</run_address>
         <size>0x340</size>
         <alignment>0x4</alignment>
         <input_file_ref idref="fl-30"/>
      </object_component>
      <object_component id="oc-7d">
         <name>.text.cache</name>
         <load_address>0x7004f448</load_address>
         <readonly>true</readonly>
         <executable>true</executable>
         <run_address>0x7004f448</run_address>
         <size>0xd8</size>
         <alignment>0x2</alignment>
         <input_file_ref idref="fl-28"/>
      </object_component>
      <object_component id="oc-395">
         <name>.tramp.CacheP_invL1d.1</name>
         <load_address>0x7004f520</load_address>
         <readonly>true</readonly>
         <executable>true</executable>
         <run_address>0x7004f520</run_address>
         <size>0x8</size>
         <alignment>0x4</alignment>
         <input_file_ref idref="fl-30"/>
      </object_component>
      <object_component id="oc-394">
         <name>.tramp.CacheP_enableL1p.1</name>
         <load_address>0x7004f528</load_address>
         <readonly>true</readonly>
         <executable>true</executable>
         <run_address>0x7004f528</run_address>
         <size>0x8</size>
         <alignment>0x4</alignment>
         <input_file_ref idref="fl-30"/>
      </object_component>
      <object_component id="oc-393">
         <name>.tramp.HwiP_restore.2</name>
         <load_address>0x7004f530</load_address>
         <readonly>true</readonly>
         <executable>true</executable>
         <run_address>0x7004f530</run_address>
         <size>0x8</size>
         <alignment>0x4</alignment>
         <input_file_ref idref="fl-2e"/>
      </object_component>
      <object_component id="oc-79">
         <name>.text.mpu</name>
         <load_address>0x7004f538</load_address>
         <readonly>true</readonly>
         <executable>true</executable>
         <run_address>0x7004f538</run_address>
         <size>0x18e</size>
         <alignment>0x2</alignment>
         <input_file_ref idref="fl-27"/>
      </object_component>
      <object_component id="oc-be">
         <name>.text.mpu</name>
         <load_address>0x7004f6c8</load_address>
         <readonly>true</readonly>
         <executable>true</executable>
         <run_address>0x7004f6c8</run_address>
         <size>0x78</size>
         <alignment>0x4</alignment>
         <input_file_ref idref="fl-2f"/>
      </object_component>
      <object_component id="oc-397">
         <name>.tramp.HwiP_restore.3</name>
         <load_address>0x7004f740</load_address>
         <readonly>true</readonly>
         <executable>true</executable>
         <run_address>0x7004f740</run_address>
         <size>0x8</size>
         <alignment>0x4</alignment>
         <input_file_ref idref="fl-2e"/>
      </object_component>
      <object_component id="oc-396">
         <name>.tramp.MpuP_isEnableAsm.1</name>
         <load_address>0x7004f748</load_address>
         <readonly>true</readonly>
         <executable>true</executable>
         <run_address>0x7004f748</run_address>
         <size>0x8</size>
         <alignment>0x4</alignment>
         <input_file_ref idref="fl-2f"/>
      </object_component>
      <object_component id="oc-4b">
         <name>.text.boot</name>
         <load_address>0x7004f750</load_address>
         <readonly>true</readonly>
         <executable>true</executable>
         <run_address>0x7004f750</run_address>
         <size>0xfc</size>
         <alignment>0x4</alignment>
         <input_file_ref idref="fl-2d"/>
      </object_component>
      <object_component id="oc-b6">
         <name>.text.boot</name>
         <load_address>0x7004f84c</load_address>
         <readonly>true</readonly>
         <executable>true</executable>
         <run_address>0x7004f84c</run_address>
         <size>0x1e</size>
         <alignment>0x2</alignment>
         <input_file_ref idref="fl-1f"/>
      </object_component>
      <object_component id="oc-58">
         <name>.text.boot</name>
         <load_address>0x7004f86a</load_address>
         <readonly>true</readonly>
         <executable>true</executable>
         <run_address>0x7004f86a</run_address>
         <size>0xe</size>
         <alignment>0x2</alignment>
         <input_file_ref idref="fl-2"/>
      </object_component>
      <object_component id="oc-ad">
         <name>.text:abort</name>
         <load_address>0x7004f878</load_address>
         <readonly>true</readonly>
         <executable>true</executable>
         <run_address>0x7004f878</run_address>
         <size>0x8</size>
         <alignment>0x4</alignment>
         <input_file_ref idref="fl-4d"/>
      </object_component>
      <object_component id="oc-1a4">
         <name>.text.Drivers_epwmOpen</name>
         <load_address>0x70040000</load_address>
         <readonly>true</readonly>
         <executable>true</executable>
         <run_address>0x70040000</run_address>
         <size>0x1e68</size>
         <alignment>0x2</alignment>
         <input_file_ref idref="fl-4"/>
      </object_component>
      <object_component id="oc-1a3">
         <name>.text.Drivers_adcOpen</name>
         <load_address>0x70041e68</load_address>
         <readonly>true</readonly>
         <executable>true</executable>
         <run_address>0x70041e68</run_address>
         <size>0x7d0</size>
         <alignment>0x2</alignment>
         <input_file_ref idref="fl-4"/>
      </object_component>
      <object_component id="oc-28b">
         <name>.text._vsnprintf</name>
         <load_address>0x70042638</load_address>
         <readonly>true</readonly>
         <executable>true</executable>
         <run_address>0x70042638</run_address>
         <size>0x598</size>
         <alignment>0x4</alignment>
         <input_file_ref idref="fl-29"/>
      </object_component>
      <object_component id="oc-119">
         <name>.text.ConfigureEdma</name>
         <load_address>0x70042bd0</load_address>
         <readonly>true</readonly>
         <executable>true</executable>
         <run_address>0x70042bd0</run_address>
         <size>0x4ec</size>
         <alignment>0x2</alignment>
         <input_file_ref idref="fl-1"/>
      </object_component>
      <object_component id="oc-2bc">
         <name>.text.SOC_rcmEnablePeripheralClock</name>
         <load_address>0x700430bc</load_address>
         <readonly>true</readonly>
         <executable>true</executable>
         <run_address>0x700430bc</run_address>
         <size>0x4b8</size>
         <alignment>0x4</alignment>
         <input_file_ref idref="fl-3b"/>
      </object_component>
      <object_component id="oc-10f">
         <name>.text.Board_driversOpen</name>
         <load_address>0x70043574</load_address>
         <readonly>true</readonly>
         <executable>true</executable>
         <run_address>0x70043574</run_address>
         <size>0x4</size>
         <alignment>0x2</alignment>
         <input_file_ref idref="fl-8"/>
      </object_component>
      <object_component id="oc-2dd">
         <name>.text._ftoa</name>
         <load_address>0x70043578</load_address>
         <readonly>true</readonly>
         <executable>true</executable>
         <run_address>0x70043578</run_address>
         <size>0x398</size>
         <alignment>0x8</alignment>
         <input_file_ref idref="fl-29"/>
      </object_component>
      <object_component id="oc-2de">
         <name>.text._etoa</name>
         <load_address>0x70043910</load_address>
         <readonly>true</readonly>
         <executable>true</executable>
         <run_address>0x70043910</run_address>
         <size>0x310</size>
         <alignment>0x8</alignment>
         <input_file_ref idref="fl-29"/>
      </object_component>
      <object_component id="oc-273">
         <name>.text.UART_open</name>
         <load_address>0x70043c20</load_address>
         <readonly>true</readonly>
         <executable>true</executable>
         <run_address>0x70043c20</run_address>
         <size>0x2fc</size>
         <alignment>0x4</alignment>
         <input_file_ref idref="fl-3c"/>
      </object_component>
      <object_component id="oc-f7">
         <name>.text.EDMA_init</name>
         <load_address>0x70043f1c</load_address>
         <readonly>true</readonly>
         <executable>true</executable>
         <run_address>0x70043f1c</run_address>
         <size>0x2a8</size>
         <alignment>0x4</alignment>
         <input_file_ref idref="fl-36"/>
      </object_component>
      <object_component id="oc-2bd">
         <name>.text.SOC_rcmSetPeripheralClock</name>
         <load_address>0x700441c4</load_address>
         <readonly>true</readonly>
         <executable>true</executable>
         <run_address>0x700441c4</run_address>
         <size>0x24c</size>
         <alignment>0x4</alignment>
         <input_file_ref idref="fl-3b"/>
      </object_component>
      <object_component id="oc-308">
         <name>.text.UART_configInstance</name>
         <load_address>0x70044410</load_address>
         <readonly>true</readonly>
         <executable>true</executable>
         <run_address>0x70044410</run_address>
         <size>0x23c</size>
         <alignment>0x2</alignment>
         <input_file_ref idref="fl-3d"/>
      </object_component>
      <object_component id="oc-320">
         <name>.text.EDMA_freeChannelRegion</name>
         <load_address>0x7004464c</load_address>
         <readonly>true</readonly>
         <executable>true</executable>
         <run_address>0x7004464c</run_address>
         <size>0x200</size>
         <alignment>0x4</alignment>
         <input_file_ref idref="fl-36"/>
      </object_component>
      <object_component id="oc-309">
         <name>.text.UART_lld_dmaInit</name>
         <load_address>0x7004484c</load_address>
         <readonly>true</readonly>
         <executable>true</executable>
         <run_address>0x7004484c</run_address>
         <size>0x198</size>
         <alignment>0x4</alignment>
         <input_file_ref idref="fl-3e"/>
      </object_component>
      <object_component id="oc-136">
         <name>.text.EDMA_deinit</name>
         <load_address>0x700449e4</load_address>
         <readonly>true</readonly>
         <executable>true</executable>
         <run_address>0x700449e4</run_address>
         <size>0x168</size>
         <alignment>0x4</alignment>
         <input_file_ref idref="fl-36"/>
      </object_component>
      <object_component id="oc-2d8">
         <name>.text.UART_lld_controllerIsr</name>
         <load_address>0x70044b4c</load_address>
         <readonly>true</readonly>
         <executable>true</executable>
         <run_address>0x70044b4c</run_address>
         <size>0x154</size>
         <alignment>0x2</alignment>
         <input_file_ref idref="fl-3d"/>
      </object_component>
      <object_component id="oc-31c">
         <name>.text._ntoa_format</name>
         <load_address>0x70044ca0</load_address>
         <readonly>true</readonly>
         <executable>true</executable>
         <run_address>0x70044ca0</run_address>
         <size>0x152</size>
         <alignment>0x2</alignment>
         <input_file_ref idref="fl-29"/>
      </object_component>
      <object_component id="oc-2eb">
         <name>.text.UART_lld_dmaDeInit</name>
         <load_address>0x70044df2</load_address>
         <readonly>true</readonly>
         <executable>true</executable>
         <run_address>0x70044df2</run_address>
         <size>0x14c</size>
         <alignment>0x2</alignment>
         <input_file_ref idref="fl-3e"/>
      </object_component>
      <object_component id="oc-a9">
         <name>.text.Board_deinit</name>
         <load_address>0x70044f3e</load_address>
         <readonly>true</readonly>
         <executable>true</executable>
         <run_address>0x70044f3e</run_address>
         <size>0x2</size>
         <alignment>0x2</alignment>
         <input_file_ref idref="fl-7"/>
      </object_component>
      <object_component id="oc-1bc">
         <name>.text.SOC_virtToPhy</name>
         <load_address>0x70044f40</load_address>
         <readonly>true</readonly>
         <executable>true</executable>
         <run_address>0x70044f40</run_address>
         <size>0x148</size>
         <alignment>0x4</alignment>
         <input_file_ref idref="fl-3a"/>
      </object_component>
      <object_component id="oc-1ff">
         <name>.text.TimerP_setup</name>
         <load_address>0x70045088</load_address>
         <readonly>true</readonly>
         <executable>true</executable>
         <run_address>0x70045088</run_address>
         <size>0x140</size>
         <alignment>0x2</alignment>
         <input_file_ref idref="fl-24"/>
      </object_component>
      <object_component id="oc-1d6">
         <name>.text.UART_close</name>
         <load_address>0x700451c8</load_address>
         <readonly>true</readonly>
         <executable>true</executable>
         <run_address>0x700451c8</run_address>
         <size>0x138</size>
         <alignment>0x4</alignment>
         <input_file_ref idref="fl-3c"/>
      </object_component>
      <object_component id="oc-353">
         <name>.text.UART_lld_write</name>
         <load_address>0x70045300</load_address>
         <readonly>true</readonly>
         <executable>true</executable>
         <run_address>0x70045300</run_address>
         <size>0x128</size>
         <alignment>0x2</alignment>
         <input_file_ref idref="fl-3d"/>
      </object_component>
      <object_component id="oc-27d">
         <name>.text.Alloc_resource</name>
         <load_address>0x70045428</load_address>
         <readonly>true</readonly>
         <executable>true</executable>
         <run_address>0x70045428</run_address>
         <size>0x124</size>
         <alignment>0x4</alignment>
         <input_file_ref idref="fl-36"/>
      </object_component>
      <object_component id="oc-208">
         <name>.text</name>
         <load_address>0x7004554c</load_address>
         <readonly>true</readonly>
         <executable>true</executable>
         <run_address>0x7004554c</run_address>
         <size>0x118</size>
         <alignment>0x4</alignment>
         <input_file_ref idref="fl-ba"/>
      </object_component>
      <object_component id="oc-2fb">
         <name>.text.SOC_rcmGetPeripheralClockFrequency</name>
         <load_address>0x70045664</load_address>
         <readonly>true</readonly>
         <executable>true</executable>
         <run_address>0x70045664</run_address>
         <size>0x114</size>
         <alignment>0x4</alignment>
         <input_file_ref idref="fl-3b"/>
      </object_component>
      <object_component id="oc-a3">
         <name>.text.edma_sw_lab_main</name>
         <load_address>0x70045778</load_address>
         <readonly>true</readonly>
         <executable>true</executable>
         <run_address>0x70045778</run_address>
         <size>0x110</size>
         <alignment>0x8</alignment>
         <input_file_ref idref="fl-1"/>
      </object_component>
      <object_component id="oc-2c0">
         <name>.text.EDMA_transferCompletionMasterIsrFxn</name>
         <load_address>0x70045888</load_address>
         <readonly>true</readonly>
         <executable>true</executable>
         <run_address>0x70045888</run_address>
         <size>0x108</size>
         <alignment>0x4</alignment>
         <input_file_ref idref="fl-36"/>
      </object_component>
      <object_component id="oc-15b">
         <name>.text.ClockP_init</name>
         <load_address>0x70045990</load_address>
         <readonly>true</readonly>
         <executable>true</executable>
         <run_address>0x70045990</run_address>
         <size>0x102</size>
         <alignment>0x2</alignment>
         <input_file_ref idref="fl-23"/>
      </object_component>
      <object_component id="oc-9e">
         <name>.text.Board_init</name>
         <load_address>0x70045a92</load_address>
         <readonly>true</readonly>
         <executable>true</executable>
         <run_address>0x70045a92</run_address>
         <size>0x2</size>
         <alignment>0x2</alignment>
         <input_file_ref idref="fl-7"/>
      </object_component>
      <object_component id="oc-356">
         <name>.text.UART_lld_dmaWrite</name>
         <load_address>0x70045a94</load_address>
         <readonly>true</readonly>
         <executable>true</executable>
         <run_address>0x70045a94</run_address>
         <size>0xec</size>
         <alignment>0x4</alignment>
         <input_file_ref idref="fl-3e"/>
      </object_component>
      <object_component id="oc-343">
         <name>.text.UART_write</name>
         <load_address>0x70045b80</load_address>
         <readonly>true</readonly>
         <executable>true</executable>
         <run_address>0x70045b80</run_address>
         <size>0xec</size>
         <alignment>0x4</alignment>
         <input_file_ref idref="fl-3c"/>
      </object_component>
      <object_component id="oc-2cd">
         <name>.text.UART_lld_initDma</name>
         <load_address>0x70045c6c</load_address>
         <readonly>true</readonly>
         <executable>true</executable>
         <run_address>0x70045c6c</run_address>
         <size>0xc8</size>
         <alignment>0x4</alignment>
         <input_file_ref idref="fl-3d"/>
      </object_component>
      <object_component id="oc-31f">
         <name>.text.EDMA_unregisterIntr</name>
         <load_address>0x70045d34</load_address>
         <readonly>true</readonly>
         <executable>true</executable>
         <run_address>0x70045d34</run_address>
         <size>0xc4</size>
         <alignment>0x4</alignment>
         <input_file_ref idref="fl-36"/>
      </object_component>
      <object_component id="oc-1c4">
         <name>.text.EDMA_registerIntr</name>
         <load_address>0x70045df8</load_address>
         <readonly>true</readonly>
         <executable>true</executable>
         <run_address>0x70045df8</run_address>
         <size>0xbc</size>
         <alignment>0x4</alignment>
         <input_file_ref idref="fl-36"/>
      </object_component>
      <object_component id="oc-2ce">
         <name>.text.UART_lld_init</name>
         <load_address>0x70045eb4</load_address>
         <readonly>true</readonly>
         <executable>true</executable>
         <run_address>0x70045eb4</run_address>
         <size>0xb8</size>
         <alignment>0x4</alignment>
         <input_file_ref idref="fl-3d"/>
      </object_component>
      <object_component id="oc-224">
         <name>.text.EDMA_open</name>
         <load_address>0x70045f6c</load_address>
         <readonly>true</readonly>
         <executable>true</executable>
         <run_address>0x70045f6c</run_address>
         <size>0xb4</size>
         <alignment>0x4</alignment>
         <input_file_ref idref="fl-36"/>
      </object_component>
      <object_component id="oc-2df">
         <name>.text._ntoa_long_long</name>
         <load_address>0x70046020</load_address>
         <readonly>true</readonly>
         <executable>true</executable>
         <run_address>0x70046020</run_address>
         <size>0xb0</size>
         <alignment>0x2</alignment>
         <input_file_ref idref="fl-29"/>
      </object_component>
      <object_component id="oc-2b4">
         <name>.text.SOC_rcmGetCoreHSDivOut</name>
         <load_address>0x700460d0</load_address>
         <readonly>true</readonly>
         <executable>true</executable>
         <run_address>0x700460d0</run_address>
         <size>0xac</size>
         <alignment>0x4</alignment>
         <input_file_ref idref="fl-3b"/>
      </object_component>
      <object_component id="oc-32e">
         <name>.text.UART_divisorLatchWrite</name>
         <load_address>0x7004617c</load_address>
         <readonly>true</readonly>
         <executable>true</executable>
         <run_address>0x7004617c</run_address>
         <size>0xac</size>
         <alignment>0x2</alignment>
         <input_file_ref idref="fl-3d"/>
      </object_component>
      <object_component id="oc-318">
         <name>.text._out_rev</name>
         <load_address>0x70046228</load_address>
         <readonly>true</readonly>
         <executable>true</executable>
         <run_address>0x70046228</run_address>
         <size>0xa6</size>
         <alignment>0x2</alignment>
         <input_file_ref idref="fl-29"/>
      </object_component>
      <object_component id="oc-33e">
         <name>.text.LED_gpioClose</name>
         <load_address>0x700462ce</load_address>
         <readonly>true</readonly>
         <executable>true</executable>
         <run_address>0x700462ce</run_address>
         <size>0x2</size>
         <alignment>0x2</alignment>
         <input_file_ref idref="fl-34"/>
      </object_component>
      <object_component id="oc-321">
         <name>.text.EDMA_freeDmaChannel</name>
         <load_address>0x700462d0</load_address>
         <readonly>true</readonly>
         <executable>true</executable>
         <run_address>0x700462d0</run_address>
         <size>0x98</size>
         <alignment>0x4</alignment>
         <input_file_ref idref="fl-36"/>
      </object_component>
      <object_component id="oc-323">
         <name>.text.EDMA_freeParam</name>
         <load_address>0x70046368</load_address>
         <readonly>true</readonly>
         <executable>true</executable>
         <run_address>0x70046368</run_address>
         <size>0x98</size>
         <alignment>0x4</alignment>
         <input_file_ref idref="fl-36"/>
      </object_component>
      <object_component id="oc-322">
         <name>.text.EDMA_freeTcc</name>
         <load_address>0x70046400</load_address>
         <readonly>true</readonly>
         <executable>true</executable>
         <run_address>0x70046400</run_address>
         <size>0x98</size>
         <alignment>0x4</alignment>
         <input_file_ref idref="fl-36"/>
      </object_component>
      <object_component id="oc-129">
         <name>.text.SemaphoreP_pend</name>
         <load_address>0x70046498</load_address>
         <readonly>true</readonly>
         <executable>true</executable>
         <run_address>0x70046498</run_address>
         <size>0x96</size>
         <alignment>0x2</alignment>
         <input_file_ref idref="fl-21"/>
      </object_component>
      <object_component id="oc-1ba">
         <name>.text.EDMA_configureChannelRegion</name>
         <load_address>0x7004652e</load_address>
         <readonly>true</readonly>
         <executable>true</executable>
         <run_address>0x7004652e</run_address>
         <size>0x94</size>
         <alignment>0x2</alignment>
         <input_file_ref idref="fl-36"/>
      </object_component>
      <object_component id="oc-2e0">
         <name>.text._ntoa_long</name>
         <load_address>0x700465c2</load_address>
         <readonly>true</readonly>
         <executable>true</executable>
         <run_address>0x700465c2</run_address>
         <size>0x8c</size>
         <alignment>0x2</alignment>
         <input_file_ref idref="fl-29"/>
      </object_component>
      <object_component id="oc-1e5">
         <name>.text.SemaphoreP_destruct</name>
         <load_address>0x7004664e</load_address>
         <readonly>true</readonly>
         <executable>true</executable>
         <run_address>0x7004664e</run_address>
         <size>0x2</size>
         <alignment>0x2</alignment>
         <input_file_ref idref="fl-21"/>
      </object_component>
      <object_component id="oc-235">
         <name>.text.ADC_setPPBTripLimits</name>
         <load_address>0x70046650</load_address>
         <readonly>true</readonly>
         <executable>true</executable>
         <run_address>0x70046650</run_address>
         <size>0x88</size>
         <alignment>0x4</alignment>
         <input_file_ref idref="fl-35"/>
      </object_component>
      <object_component id="oc-100">
         <name>.text.UART_init</name>
         <load_address>0x700466d8</load_address>
         <readonly>true</readonly>
         <executable>true</executable>
         <run_address>0x700466d8</run_address>
         <size>0x88</size>
         <alignment>0x4</alignment>
         <input_file_ref idref="fl-3c"/>
      </object_component>
      <object_component id="oc-30d">
         <name>.text.UART_procLineStatusErr</name>
         <load_address>0x70046760</load_address>
         <readonly>true</readonly>
         <executable>true</executable>
         <run_address>0x70046760</run_address>
         <size>0x88</size>
         <alignment>0x2</alignment>
         <input_file_ref idref="fl-3d"/>
      </object_component>
      <object_component id="oc-290">
         <name>.text.UART_flushTxFifo</name>
         <load_address>0x700467e8</load_address>
         <readonly>true</readonly>
         <executable>true</executable>
         <run_address>0x700467e8</run_address>
         <size>0x80</size>
         <alignment>0x4</alignment>
         <input_file_ref idref="fl-3c"/>
      </object_component>
      <object_component id="oc-160">
         <name>.text.TimerP_init</name>
         <load_address>0x70046868</load_address>
         <readonly>true</readonly>
         <executable>true</executable>
         <run_address>0x70046868</run_address>
         <size>0x74</size>
         <alignment>0x2</alignment>
         <input_file_ref idref="fl-2"/>
      </object_component>
      <object_component id="oc-345">
         <name>.text.EDMA_disableTransferRegion</name>
         <load_address>0x700468dc</load_address>
         <readonly>true</readonly>
         <executable>true</executable>
         <run_address>0x700468dc</run_address>
         <size>0x6e</size>
         <alignment>0x2</alignment>
         <input_file_ref idref="fl-36"/>
      </object_component>
      <object_component id="oc-1c5">
         <name>.text.EDMA_enableTransferRegion</name>
         <load_address>0x7004694a</load_address>
         <readonly>true</readonly>
         <executable>true</executable>
         <run_address>0x7004694a</run_address>
         <size>0x6e</size>
         <alignment>0x2</alignment>
         <input_file_ref idref="fl-36"/>
      </object_component>
      <object_component id="oc-351">
         <name>.text.UART_lld_writeIntr</name>
         <load_address>0x700469b8</load_address>
         <readonly>true</readonly>
         <executable>true</executable>
         <run_address>0x700469b8</run_address>
         <size>0x6e</size>
         <alignment>0x2</alignment>
         <input_file_ref idref="fl-3d"/>
      </object_component>
      <object_component id="oc-2e2">
         <name>.text.TaskP_yield</name>
         <load_address>0x70046a26</load_address>
         <readonly>true</readonly>
         <executable>true</executable>
         <run_address>0x70046a26</run_address>
         <size>0x2</size>
         <alignment>0x2</alignment>
         <input_file_ref idref="fl-bf"/>
      </object_component>
      <object_component id="oc-1d7">
         <name>.text.EDMA_close</name>
         <load_address>0x70046a28</load_address>
         <readonly>true</readonly>
         <executable>true</executable>
         <run_address>0x70046a28</run_address>
         <size>0x6c</size>
         <alignment>0x4</alignment>
         <input_file_ref idref="fl-36"/>
      </object_component>
      <object_component id="oc-352">
         <name>.text.UART_lld_writeDma</name>
         <load_address>0x70046a94</load_address>
         <readonly>true</readonly>
         <executable>true</executable>
         <run_address>0x70046a94</run_address>
         <size>0x6c</size>
         <alignment>0x2</alignment>
         <input_file_ref idref="fl-3d"/>
      </object_component>
      <object_component id="oc-98">
         <name>.text.System_init</name>
         <load_address>0x70046b00</load_address>
         <readonly>true</readonly>
         <executable>true</executable>
         <run_address>0x70046b00</run_address>
         <size>0x6a</size>
         <alignment>0x2</alignment>
         <input_file_ref idref="fl-3"/>
      </object_component>
      <object_component id="oc-ea">
         <name>.text.AddrTranslateP_getLocalAddr</name>
         <load_address>0x70046b6a</load_address>
         <readonly>true</readonly>
         <executable>true</executable>
         <run_address>0x70046b6a</run_address>
         <size>0x68</size>
         <alignment>0x2</alignment>
         <input_file_ref idref="fl-1d"/>
      </object_component>
      <object_component id="oc-1c3">
         <name>.text.myEDMAISR</name>
         <load_address>0x70046bd2</load_address>
         <readonly>true</readonly>
         <executable>true</executable>
         <run_address>0x70046bd2</run_address>
         <size>0x68</size>
         <alignment>0x2</alignment>
         <input_file_ref idref="fl-1"/>
      </object_component>
      <object_component id="oc-335">
         <name>.text.UART_edmaDoNothing</name>
         <load_address>0x70046c3a</load_address>
         <readonly>true</readonly>
         <executable>true</executable>
         <run_address>0x70046c3a</run_address>
         <size>0x2</size>
         <alignment>0x2</alignment>
         <input_file_ref idref="fl-3e"/>
      </object_component>
      <object_component id="oc-ff">
         <name>.text.Soc_enableEPWMHalt</name>
         <load_address>0x70046c3c</load_address>
         <readonly>true</readonly>
         <executable>true</executable>
         <run_address>0x70046c3c</run_address>
         <size>0x64</size>
         <alignment>0x4</alignment>
         <input_file_ref idref="fl-3a"/>
      </object_component>
      <object_component id="oc-dd">
         <name>.text.pmu</name>
         <load_address>0x70046ca0</load_address>
         <readonly>true</readonly>
         <executable>true</executable>
         <run_address>0x70046ca0</run_address>
         <size>0x60</size>
         <alignment>0x2</alignment>
         <input_file_ref idref="fl-2a"/>
      </object_component>
      <object_component id="oc-201">
         <name>.text.ClockP_timerTickIsr</name>
         <load_address>0x70046d00</load_address>
         <readonly>true</readonly>
         <executable>true</executable>
         <run_address>0x70046d00</run_address>
         <size>0x5e</size>
         <alignment>0x2</alignment>
         <input_file_ref idref="fl-22"/>
      </object_component>
      <object_component id="oc-2d4">
         <name>.text.UART_lld_errorCallback</name>
         <load_address>0x70046d5e</load_address>
         <readonly>true</readonly>
         <executable>true</executable>
         <run_address>0x70046d5e</run_address>
         <size>0x2</size>
         <alignment>0x2</alignment>
         <input_file_ref idref="fl-3c"/>
      </object_component>
      <object_component id="oc-15a">
         <name>.text.SOC_controlModuleLockMMR</name>
         <load_address>0x70046d60</load_address>
         <readonly>true</readonly>
         <executable>true</executable>
         <run_address>0x70046d60</run_address>
         <size>0x5c</size>
         <alignment>0x4</alignment>
         <input_file_ref idref="fl-3a"/>
      </object_component>
      <object_component id="oc-159">
         <name>.text.SOC_controlModuleUnlockMMR</name>
         <load_address>0x70046dbc</load_address>
         <readonly>true</readonly>
         <executable>true</executable>
         <run_address>0x70046dbc</run_address>
         <size>0x5c</size>
         <alignment>0x4</alignment>
         <input_file_ref idref="fl-3a"/>
      </object_component>
      <object_component id="oc-187">
         <name>.text._DebugP_assert</name>
         <load_address>0x70046e18</load_address>
         <readonly>true</readonly>
         <executable>true</executable>
         <run_address>0x70046e18</run_address>
         <size>0x5c</size>
         <alignment>0x2</alignment>
         <input_file_ref idref="fl-1f"/>
      </object_component>
      <object_component id="oc-1a8">
         <name>.text.Board_ledOpen</name>
         <load_address>0x70046e74</load_address>
         <readonly>true</readonly>
         <executable>true</executable>
         <run_address>0x70046e74</run_address>
         <size>0x58</size>
         <alignment>0x2</alignment>
         <input_file_ref idref="fl-8"/>
      </object_component>
      <object_component id="oc-8b">
         <name>.text:__TI_auto_init_nobinit_nopinit</name>
         <load_address>0x70046ecc</load_address>
         <readonly>true</readonly>
         <executable>true</executable>
         <run_address>0x70046ecc</run_address>
         <size>0x58</size>
         <alignment>0x4</alignment>
         <input_file_ref idref="fl-4f"/>
      </object_component>
      <object_component id="oc-214">
         <name>.text.ClockP_getTimeUsec</name>
         <load_address>0x70046f24</load_address>
         <readonly>true</readonly>
         <executable>true</executable>
         <run_address>0x70046f24</run_address>
         <size>0x56</size>
         <alignment>0x2</alignment>
         <input_file_ref idref="fl-22"/>
      </object_component>
      <object_component id="oc-354">
         <name>.text.UART_writeCancelNoCB</name>
         <load_address>0x70046f7a</load_address>
         <readonly>true</readonly>
         <executable>true</executable>
         <run_address>0x70046f7a</run_address>
         <size>0x56</size>
         <alignment>0x2</alignment>
         <input_file_ref idref="fl-3d"/>
      </object_component>
      <object_component id="oc-291">
         <name>.text.UART_intrDisable</name>
         <load_address>0x70046fd0</load_address>
         <readonly>true</readonly>
         <executable>true</executable>
         <run_address>0x70046fd0</run_address>
         <size>0x52</size>
         <alignment>0x2</alignment>
         <input_file_ref idref="fl-3d"/>
      </object_component>
      <object_component id="oc-2a5">
         <name>.text.ClockP_addToList</name>
         <load_address>0x70047022</load_address>
         <readonly>true</readonly>
         <executable>true</executable>
         <run_address>0x70047022</run_address>
         <size>0x50</size>
         <alignment>0x2</alignment>
         <input_file_ref idref="fl-22"/>
      </object_component>
      <object_component id="oc-1de">
         <name>.text.ClockP_construct</name>
         <load_address>0x70047072</load_address>
         <readonly>true</readonly>
         <executable>true</executable>
         <run_address>0x70047072</run_address>
         <size>0x50</size>
         <alignment>0x2</alignment>
         <input_file_ref idref="fl-22"/>
      </object_component>
      <object_component id="oc-2dc">
         <name>.text._out_null</name>
         <load_address>0x700470c2</load_address>
         <readonly>true</readonly>
         <executable>true</executable>
         <run_address>0x700470c2</run_address>
         <size>0x2</size>
         <alignment>0x2</alignment>
         <input_file_ref idref="fl-29"/>
      </object_component>
      <object_component id="oc-1b6">
         <name>.text.EDMA_allocDmaChannel</name>
         <load_address>0x700470c4</load_address>
         <readonly>true</readonly>
         <executable>true</executable>
         <run_address>0x700470c4</run_address>
         <size>0x50</size>
         <alignment>0x4</alignment>
         <input_file_ref idref="fl-36"/>
      </object_component>
      <object_component id="oc-1b9">
         <name>.text.EDMA_allocParam</name>
         <load_address>0x70047114</load_address>
         <readonly>true</readonly>
         <executable>true</executable>
         <run_address>0x70047114</run_address>
         <size>0x50</size>
         <alignment>0x4</alignment>
         <input_file_ref idref="fl-36"/>
      </object_component>
      <object_component id="oc-1b8">
         <name>.text.EDMA_allocTcc</name>
         <load_address>0x70047164</load_address>
         <readonly>true</readonly>
         <executable>true</executable>
         <run_address>0x70047164</run_address>
         <size>0x50</size>
         <alignment>0x4</alignment>
         <input_file_ref idref="fl-36"/>
      </object_component>
      <object_component id="oc-f6">
         <name>.text.SOC_enableAdcReference</name>
         <load_address>0x700471b4</load_address>
         <readonly>true</readonly>
         <executable>true</executable>
         <run_address>0x700471b4</run_address>
         <size>0x50</size>
         <alignment>0x4</alignment>
         <input_file_ref idref="fl-3a"/>
      </object_component>
      <object_component id="oc-1a1">
         <name>.text.Drivers_edmaOpen</name>
         <load_address>0x70047204</load_address>
         <readonly>true</readonly>
         <executable>true</executable>
         <run_address>0x70047204</run_address>
         <size>0x4e</size>
         <alignment>0x2</alignment>
         <input_file_ref idref="fl-4"/>
      </object_component>
      <object_component id="oc-1a5">
         <name>.text.Drivers_uartOpen</name>
         <load_address>0x70047252</load_address>
         <readonly>true</readonly>
         <executable>true</executable>
         <run_address>0x70047252</run_address>
         <size>0x4e</size>
         <alignment>0x2</alignment>
         <input_file_ref idref="fl-4"/>
      </object_component>
      <object_component id="oc-346">
         <name>.text.EDMA_disableChInShadowRegRegion</name>
         <load_address>0x700472a0</load_address>
         <readonly>true</readonly>
         <executable>true</executable>
         <run_address>0x700472a0</run_address>
         <size>0x4e</size>
         <alignment>0x2</alignment>
         <input_file_ref idref="fl-36"/>
      </object_component>
      <object_component id="oc-2ea">
         <name>.text.UART_lld_flushTxFifo</name>
         <load_address>0x700472ee</load_address>
         <readonly>true</readonly>
         <executable>true</executable>
         <run_address>0x700472ee</run_address>
         <size>0x4c</size>
         <alignment>0x2</alignment>
         <input_file_ref idref="fl-3d"/>
      </object_component>
      <object_component id="oc-fe">
         <name>.text.SOC_setEpwmGroup</name>
         <load_address>0x7004733c</load_address>
         <readonly>true</readonly>
         <executable>true</executable>
         <run_address>0x7004733c</run_address>
         <size>0x48</size>
         <alignment>0x4</alignment>
         <input_file_ref idref="fl-3a"/>
      </object_component>
      <object_component id="oc-d6">
         <name>.text.Dpl_init</name>
         <load_address>0x70047384</load_address>
         <readonly>true</readonly>
         <executable>true</executable>
         <run_address>0x70047384</run_address>
         <size>0x44</size>
         <alignment>0x2</alignment>
         <input_file_ref idref="fl-2"/>
      </object_component>
      <object_component id="oc-10a">
         <name>.text.Drivers_open</name>
         <load_address>0x700473c8</load_address>
         <readonly>true</readonly>
         <executable>true</executable>
         <run_address>0x700473c8</run_address>
         <size>0x44</size>
         <alignment>0x2</alignment>
         <input_file_ref idref="fl-4"/>
      </object_component>
      <object_component id="oc-fd">
         <name>.text.SOC_setEpwmTbClk</name>
         <load_address>0x7004740c</load_address>
         <readonly>true</readonly>
         <executable>true</executable>
         <run_address>0x7004740c</run_address>
         <size>0x44</size>
         <alignment>0x4</alignment>
         <input_file_ref idref="fl-3a"/>
      </object_component>
      <object_component id="oc-2cc">
         <name>.text.UART_Params_init</name>
         <load_address>0x70047450</load_address>
         <readonly>true</readonly>
         <executable>true</executable>
         <run_address>0x70047450</run_address>
         <size>0x44</size>
         <alignment>0x2</alignment>
         <input_file_ref idref="fl-3c"/>
      </object_component>
      <object_component id="oc-299">
         <name>.text.UART_lld_deInitDma</name>
         <load_address>0x70047494</load_address>
         <readonly>true</readonly>
         <executable>true</executable>
         <run_address>0x70047494</run_address>
         <size>0x44</size>
         <alignment>0x2</alignment>
         <input_file_ref idref="fl-3d"/>
      </object_component>
      <object_component id="oc-2a4">
         <name>.text.ClockP_stop</name>
         <load_address>0x700474d8</load_address>
         <readonly>true</readonly>
         <executable>true</executable>
         <run_address>0x700474d8</run_address>
         <size>0x40</size>
         <alignment>0x2</alignment>
         <input_file_ref idref="fl-22"/>
      </object_component>
      <object_component id="oc-282">
         <name>.text.EDMA_mapChToEvtQ</name>
         <load_address>0x70047518</load_address>
         <readonly>true</readonly>
         <executable>true</executable>
         <run_address>0x70047518</run_address>
         <size>0x40</size>
         <alignment>0x2</alignment>
         <input_file_ref idref="fl-36"/>
      </object_component>
      <object_component id="oc-17b">
         <name>.text.Pinmux_config</name>
         <load_address>0x70047558</load_address>
         <readonly>true</readonly>
         <executable>true</executable>
         <run_address>0x70047558</run_address>
         <size>0x40</size>
         <alignment>0x4</alignment>
         <input_file_ref idref="fl-39"/>
      </object_component>
      <object_component id="oc-1c0">
         <name>.text.SemaphoreP_constructBinary</name>
         <load_address>0x70047598</load_address>
         <readonly>true</readonly>
         <executable>true</executable>
         <run_address>0x70047598</run_address>
         <size>0x40</size>
         <alignment>0x2</alignment>
         <input_file_ref idref="fl-21"/>
      </object_component>
      <object_component id="oc-29a">
         <name>.text.UART_lld_deInit</name>
         <load_address>0x700475d8</load_address>
         <readonly>true</readonly>
         <executable>true</executable>
         <run_address>0x700475d8</run_address>
         <size>0x40</size>
         <alignment>0x2</alignment>
         <input_file_ref idref="fl-3d"/>
      </object_component>
      <object_component id="oc-12f">
         <name>.text.__floatundidf</name>
         <load_address>0x70047618</load_address>
         <readonly>true</readonly>
         <executable>true</executable>
         <run_address>0x70047618</run_address>
         <size>0x40</size>
         <alignment>0x4</alignment>
         <input_file_ref idref="fl-b6"/>
      </object_component>
      <object_component id="oc-33c">
         <name>.text.LED_gpioOpen</name>
         <load_address>0x70047658</load_address>
         <readonly>true</readonly>
         <executable>true</executable>
         <run_address>0x70047658</run_address>
         <size>0x3e</size>
         <alignment>0x2</alignment>
         <input_file_ref idref="fl-34"/>
      </object_component>
      <object_component id="oc-198">
         <name>.text.SemaphoreP_constructMutex</name>
         <load_address>0x70047696</load_address>
         <readonly>true</readonly>
         <executable>true</executable>
         <run_address>0x70047696</run_address>
         <size>0x3e</size>
         <alignment>0x2</alignment>
         <input_file_ref idref="fl-21"/>
      </object_component>
      <object_component id="oc-1b0">
         <name>.text.EDMA_getBaseAddr</name>
         <load_address>0x700476d4</load_address>
         <readonly>true</readonly>
         <executable>true</executable>
         <run_address>0x700476d4</run_address>
         <size>0x3c</size>
         <alignment>0x4</alignment>
         <input_file_ref idref="fl-36"/>
      </object_component>
      <object_component id="oc-2f3">
         <name>.text.SOC_rcmADPLLJGetFOut</name>
         <load_address>0x70047710</load_address>
         <readonly>true</readonly>
         <executable>true</executable>
         <run_address>0x70047710</run_address>
         <size>0x3c</size>
         <alignment>0x4</alignment>
         <input_file_ref idref="fl-3b"/>
      </object_component>
      <object_component id="oc-30e">
         <name>.text.UART_readData</name>
         <load_address>0x7004774c</load_address>
         <readonly>true</readonly>
         <executable>true</executable>
         <run_address>0x7004774c</run_address>
         <size>0x3c</size>
         <alignment>0x2</alignment>
         <input_file_ref idref="fl-3d"/>
      </object_component>
      <object_component id="oc-1e1">
         <name>.text.ClockP_destruct</name>
         <load_address>0x70047788</load_address>
         <readonly>true</readonly>
         <executable>true</executable>
         <run_address>0x70047788</run_address>
         <size>0x3a</size>
         <alignment>0x2</alignment>
         <input_file_ref idref="fl-22"/>
      </object_component>
      <object_component id="oc-314">
         <name>.text.DebugP_uartLogWriterPutChar</name>
         <load_address>0x700477c2</load_address>
         <readonly>true</readonly>
         <executable>true</executable>
         <run_address>0x700477c2</run_address>
         <size>0x3a</size>
         <alignment>0x2</alignment>
         <input_file_ref idref="fl-1e"/>
      </object_component>
      <object_component id="oc-277">
         <name>.text.LED_open</name>
         <load_address>0x700477fc</load_address>
         <readonly>true</readonly>
         <executable>true</executable>
         <run_address>0x700477fc</run_address>
         <size>0x3a</size>
         <alignment>0x2</alignment>
         <input_file_ref idref="fl-33"/>
      </object_component>
      <object_component id="oc-11b">
         <name>.text._DebugP_logZone</name>
         <load_address>0x70047836</load_address>
         <readonly>true</readonly>
         <executable>true</executable>
         <run_address>0x70047836</run_address>
         <size>0x38</size>
         <alignment>0x2</alignment>
         <input_file_ref idref="fl-20"/>
      </object_component>
      <object_component id="oc-188">
         <name>.text.EDMA_clrMissEvtRegion</name>
         <load_address>0x7004786e</load_address>
         <readonly>true</readonly>
         <executable>true</executable>
         <run_address>0x7004786e</run_address>
         <size>0x36</size>
         <alignment>0x2</alignment>
         <input_file_ref idref="fl-36"/>
      </object_component>
      <object_component id="oc-177">
         <name>.text.Module_clockSetFrequency</name>
         <load_address>0x700478a4</load_address>
         <readonly>true</readonly>
         <executable>true</executable>
         <run_address>0x700478a4</run_address>
         <size>0x36</size>
         <alignment>0x2</alignment>
         <input_file_ref idref="fl-6"/>
      </object_component>
      <object_component id="oc-1df">
         <name>.text.ClockP_start</name>
         <load_address>0x700478da</load_address>
         <readonly>true</readonly>
         <executable>true</executable>
         <run_address>0x700478da</run_address>
         <size>0x34</size>
         <alignment>0x2</alignment>
         <input_file_ref idref="fl-22"/>
      </object_component>
      <object_component id="oc-2fc">
         <name>.text.SOC_rcmGetModuleClkDivVal</name>
         <load_address>0x70047910</load_address>
         <readonly>true</readonly>
         <executable>true</executable>
         <run_address>0x70047910</run_address>
         <size>0x34</size>
         <alignment>0x4</alignment>
         <input_file_ref idref="fl-3b"/>
      </object_component>
      <object_component id="oc-230">
         <name>.text.ClockP_usleep</name>
         <load_address>0x70047944</load_address>
         <readonly>true</readonly>
         <executable>true</executable>
         <run_address>0x70047944</run_address>
         <size>0x32</size>
         <alignment>0x2</alignment>
         <input_file_ref idref="fl-22"/>
      </object_component>
      <object_component id="oc-347">
         <name>.text.EDMA_unmapChToEvtQ</name>
         <load_address>0x70047976</load_address>
         <readonly>true</readonly>
         <executable>true</executable>
         <run_address>0x70047976</run_address>
         <size>0x32</size>
         <alignment>0x2</alignment>
         <input_file_ref idref="fl-36"/>
      </object_component>
      <object_component id="oc-340">
         <name>.text.LED_gpioOff</name>
         <load_address>0x700479a8</load_address>
         <readonly>true</readonly>
         <executable>true</executable>
         <run_address>0x700479a8</run_address>
         <size>0x32</size>
         <alignment>0x2</alignment>
         <input_file_ref idref="fl-34"/>
      </object_component>
      <object_component id="oc-33f">
         <name>.text.LED_gpioOn</name>
         <load_address>0x700479da</load_address>
         <readonly>true</readonly>
         <executable>true</executable>
         <run_address>0x700479da</run_address>
         <size>0x32</size>
         <alignment>0x2</alignment>
         <input_file_ref idref="fl-34"/>
      </object_component>
      <object_component id="oc-288">
         <name>.text.SemaphoreP_post</name>
         <load_address>0x70047a0c</load_address>
         <readonly>true</readonly>
         <executable>true</executable>
         <run_address>0x70047a0c</run_address>
         <size>0x32</size>
         <alignment>0x2</alignment>
         <input_file_ref idref="fl-21"/>
      </object_component>
      <object_component id="oc-2d3">
         <name>.text.UART_lld_writeCompleteCallback</name>
         <load_address>0x70047a3e</load_address>
         <readonly>true</readonly>
         <executable>true</executable>
         <run_address>0x70047a3e</run_address>
         <size>0x30</size>
         <alignment>0x2</alignment>
         <input_file_ref idref="fl-3c"/>
      </object_component>
      <object_component id="oc-16a">
         <name>.text.pmu</name>
         <load_address>0x70047a70</load_address>
         <readonly>true</readonly>
         <executable>true</executable>
         <run_address>0x70047a70</run_address>
         <size>0x30</size>
         <alignment>0x4</alignment>
         <input_file_ref idref="fl-31"/>
      </object_component>
      <object_component id="oc-281">
         <name>.text.EDMA_enableChInShadowRegRegion</name>
         <load_address>0x70047aa0</load_address>
         <readonly>true</readonly>
         <executable>true</executable>
         <run_address>0x70047aa0</run_address>
         <size>0x2e</size>
         <alignment>0x2</alignment>
         <input_file_ref idref="fl-36"/>
      </object_component>
      <object_component id="oc-1e6">
         <name>.text.Module_clockDisable</name>
         <load_address>0x70047ace</load_address>
         <readonly>true</readonly>
         <executable>true</executable>
         <run_address>0x70047ace</run_address>
         <size>0x2e</size>
         <alignment>0x2</alignment>
         <input_file_ref idref="fl-6"/>
      </object_component>
      <object_component id="oc-175">
         <name>.text.Module_clockEnable</name>
         <load_address>0x70047afc</load_address>
         <readonly>true</readonly>
         <executable>true</executable>
         <run_address>0x70047afc</run_address>
         <size>0x2e</size>
         <alignment>0x2</alignment>
         <input_file_ref idref="fl-6"/>
      </object_component>
      <object_component id="oc-2d2">
         <name>.text.UART_lld_readCompleteCallback</name>
         <load_address>0x70047b2a</load_address>
         <readonly>true</readonly>
         <executable>true</executable>
         <run_address>0x70047b2a</run_address>
         <size>0x2e</size>
         <alignment>0x2</alignment>
         <input_file_ref idref="fl-3c"/>
      </object_component>
      <object_component id="oc-122">
         <name>.text.Drivers_close</name>
         <load_address>0x70047b58</load_address>
         <readonly>true</readonly>
         <executable>true</executable>
         <run_address>0x70047b58</run_address>
         <size>0x2c</size>
         <alignment>0x2</alignment>
         <input_file_ref idref="fl-4"/>
      </object_component>
      <object_component id="oc-161">
         <name>.text.SOC_rcmGetR5Clock</name>
         <load_address>0x70047b84</load_address>
         <readonly>true</readonly>
         <executable>true</executable>
         <run_address>0x70047b84</run_address>
         <size>0x2c</size>
         <alignment>0x4</alignment>
         <input_file_ref idref="fl-3b"/>
      </object_component>
      <object_component id="oc-341">
         <name>.text.UART_getHandle</name>
         <load_address>0x70047bb0</load_address>
         <readonly>true</readonly>
         <executable>true</executable>
         <run_address>0x70047bb0</run_address>
         <size>0x2c</size>
         <alignment>0x4</alignment>
         <input_file_ref idref="fl-3c"/>
      </object_component>
      <object_component id="oc-2c5">
         <name>.text.ClockP_sleepTicks</name>
         <load_address>0x70047bdc</load_address>
         <readonly>true</readonly>
         <executable>true</executable>
         <run_address>0x70047bdc</run_address>
         <size>0x28</size>
         <alignment>0x2</alignment>
         <input_file_ref idref="fl-22"/>
      </object_component>
      <object_component id="oc-f0">
         <name>.text.GPIO_setDirMode</name>
         <load_address>0x70047c04</load_address>
         <readonly>true</readonly>
         <executable>true</executable>
         <run_address>0x70047c04</run_address>
         <size>0x28</size>
         <alignment>0x2</alignment>
         <input_file_ref idref="fl-38"/>
      </object_component>
      <object_component id="oc-210">
         <name>.text.SOC_moduleSetClockFrequency</name>
         <load_address>0x70047c2c</load_address>
         <readonly>true</readonly>
         <executable>true</executable>
         <run_address>0x70047c2c</run_address>
         <size>0x28</size>
         <alignment>0x4</alignment>
         <input_file_ref idref="fl-3a"/>
      </object_component>
      <object_component id="oc-357">
         <name>.text.UART_lld_dmaDisableChannel</name>
         <load_address>0x70047c54</load_address>
         <readonly>true</readonly>
         <executable>true</executable>
         <run_address>0x70047c54</run_address>
         <size>0x28</size>
         <alignment>0x2</alignment>
         <input_file_ref idref="fl-3e"/>
      </object_component>
      <object_component id="oc-189">
         <name>.text.EDMA_setPaRAM</name>
         <load_address>0x70047c7c</load_address>
         <readonly>true</readonly>
         <executable>true</executable>
         <run_address>0x70047c7c</run_address>
         <size>0x26</size>
         <alignment>0x2</alignment>
         <input_file_ref idref="fl-36"/>
      </object_component>
      <object_component id="oc-aa">
         <name>.text.System_deinit</name>
         <load_address>0x70047ca2</load_address>
         <readonly>true</readonly>
         <executable>true</executable>
         <run_address>0x70047ca2</run_address>
         <size>0x26</size>
         <alignment>0x2</alignment>
         <input_file_ref idref="fl-3"/>
      </object_component>
      <object_component id="oc-305">
         <name>.text.UART_IsHWFlowCtrlValid</name>
         <load_address>0x70047cc8</load_address>
         <readonly>true</readonly>
         <executable>true</executable>
         <run_address>0x70047cc8</run_address>
         <size>0x24</size>
         <alignment>0x4</alignment>
         <input_file_ref idref="fl-3d"/>
      </object_component>
      <object_component id="oc-306">
         <name>.text.UART_IsRxTrigLvlValid</name>
         <load_address>0x70047cec</load_address>
         <readonly>true</readonly>
         <executable>true</executable>
         <run_address>0x70047cec</run_address>
         <size>0x24</size>
         <alignment>0x4</alignment>
         <input_file_ref idref="fl-3d"/>
      </object_component>
      <object_component id="oc-307">
         <name>.text.UART_IsTxTrigLvlValid</name>
         <load_address>0x70047d10</load_address>
         <readonly>true</readonly>
         <executable>true</executable>
         <run_address>0x70047d10</run_address>
         <size>0x24</size>
         <alignment>0x4</alignment>
         <input_file_ref idref="fl-3d"/>
      </object_component>
      <object_component id="oc-16e">
         <name>.text.__aeabi_uldivmod</name>
         <load_address>0x70047d34</load_address>
         <readonly>true</readonly>
         <executable>true</executable>
         <run_address>0x70047d34</run_address>
         <size>0x24</size>
         <alignment>0x4</alignment>
         <input_file_ref idref="fl-b9"/>
      </object_component>
      <object_component id="oc-1c7">
         <name>.text.vprintf_</name>
         <load_address>0x70047d58</load_address>
         <readonly>true</readonly>
         <executable>true</executable>
         <run_address>0x70047d58</run_address>
         <size>0x24</size>
         <alignment>0x2</alignment>
         <input_file_ref idref="fl-29"/>
      </object_component>
      <object_component id="oc-1be">
         <name>.text.EDMA_linkChannel</name>
         <load_address>0x70047d7c</load_address>
         <readonly>true</readonly>
         <executable>true</executable>
         <run_address>0x70047d7c</run_address>
         <size>0x22</size>
         <alignment>0x2</alignment>
         <input_file_ref idref="fl-36"/>
      </object_component>
      <object_component id="oc-153">
         <name>.text.DebugP_logZoneEnable</name>
         <load_address>0x70047d9e</load_address>
         <readonly>true</readonly>
         <executable>true</executable>
         <run_address>0x70047d9e</run_address>
         <size>0x20</size>
         <alignment>0x2</alignment>
         <input_file_ref idref="fl-1f"/>
      </object_component>
      <object_component id="oc-1bf">
         <name>.text.EDMA_chainChannel</name>
         <load_address>0x70047dc0</load_address>
         <readonly>true</readonly>
         <executable>true</executable>
         <run_address>0x70047dc0</run_address>
         <size>0x20</size>
         <alignment>0x4</alignment>
         <input_file_ref idref="fl-36"/>
      </object_component>
      <object_component id="oc-1fe">
         <name>.text.TimerP_Params_init</name>
         <load_address>0x70047de0</load_address>
         <readonly>true</readonly>
         <executable>true</executable>
         <run_address>0x70047de0</run_address>
         <size>0x20</size>
         <alignment>0x2</alignment>
         <input_file_ref idref="fl-24"/>
      </object_component>
      <object_component id="oc-333">
         <name>.text.UART_edmaIsrRx</name>
         <load_address>0x70047e00</load_address>
         <readonly>true</readonly>
         <executable>true</executable>
         <run_address>0x70047e00</run_address>
         <size>0x20</size>
         <alignment>0x2</alignment>
         <input_file_ref idref="fl-3e"/>
      </object_component>
      <object_component id="oc-334">
         <name>.text.UART_edmaIsrTx</name>
         <load_address>0x70047e20</load_address>
         <readonly>true</readonly>
         <executable>true</executable>
         <run_address>0x70047e20</run_address>
         <size>0x20</size>
         <alignment>0x2</alignment>
         <input_file_ref idref="fl-3e"/>
      </object_component>
      <object_component id="oc-30f">
         <name>.text.UART_getChar</name>
         <load_address>0x70047e40</load_address>
         <readonly>true</readonly>
         <executable>true</executable>
         <run_address>0x70047e40</run_address>
         <size>0x20</size>
         <alignment>0x2</alignment>
         <input_file_ref idref="fl-3d"/>
[...]
         <name>LED_close</name>
         <value>0x700480df</value>
         <object_component_ref idref="oc-1d0"/>
      </symbol>
      <symbol id="sm-3b6">
         <name>LED_gpioOpen</name>
         <value>0x70047659</value>
         <object_component_ref idref="oc-33c"/>
      </symbol>
      <symbol id="sm-3b7">
         <name>LED_gpioClose</name>
         <value>0x700462cf</value>
         <object_component_ref idref="oc-33e"/>
      </symbol>
      <symbol id="sm-3b8">
         <name>LED_gpioOn</name>
         <value>0x700479db</value>
         <object_component_ref idref="oc-33f"/>
      </symbol>
      <symbol id="sm-3b9">
         <name>LED_gpioOff</name>
         <value>0x700479a9</value>
         <object_component_ref idref="oc-340"/>
      </symbol>
      <symbol id="sm-3ba">
         <name>gLedAttrs_GPIO</name>
         <value>0x7004facc</value>
         <object_component_ref idref="oc-310"/>
      </symbol>
      <symbol id="sm-3bb">
         <name>gLedFxns_GPIO</name>
         <value>0x7004fa48</value>
         <object_component_ref idref="oc-312"/>
      </symbol>
      <symbol id="sm-3cc">
         <name>ADC_setMode</name>
         <value>0x7004804b</value>
         <object_component_ref idref="oc-227"/>
      </symbol>
      <symbol id="sm-3cd">
         <name>ADC_setPPBTripLimits</name>
         <value>0x70046651</value>
         <object_component_ref idref="oc-235"/>
      </symbol>
      <symbol id="sm-43e">
         <name>EDMA_ccPaRAMEntry_init</name>
         <value>0x700480c3</value>
         <object_component_ref idref="oc-1bb"/>
      </symbol>
      <symbol id="sm-43f">
         <name>EDMA_enableChInShadowRegRegion</name>
         <value>0x70047aa1</value>
         <object_component_ref idref="oc-281"/>
      </symbol>
      <symbol id="sm-440">
         <name>EDMA_disableChInShadowRegRegion</name>
         <value>0x700472a1</value>
         <object_component_ref idref="oc-346"/>
      </symbol>
      <symbol id="sm-441">
         <name>EDMA_mapChToEvtQ</name>
         <value>0x70047519</value>
         <object_component_ref idref="oc-282"/>
      </symbol>
      <symbol id="sm-442">
         <name>EDMA_unmapChToEvtQ</name>
         <value>0x70047977</value>
         <object_component_ref idref="oc-347"/>
      </symbol>
      <symbol id="sm-443">
         <name>EDMA_clrMissEvtRegion</name>
         <value>0x7004786f</value>
         <object_component_ref idref="oc-188"/>
      </symbol>
      <symbol id="sm-444">
         <name>EDMA_readEventStatusRegion</name>
         <value>0x70047f0b</value>
         <object_component_ref idref="oc-358"/>
      </symbol>
      <symbol id="sm-445">
         <name>EDMA_setPaRAM</name>
         <value>0x70047c7d</value>
         <object_component_ref idref="oc-189"/>
      </symbol>
      <symbol id="sm-446">
         <name>EDMA_configureChannelRegion</name>
         <value>0x7004652f</value>
         <object_component_ref idref="oc-1ba"/>
      </symbol>
      <symbol id="sm-447">
         <name>EDMA_freeChannelRegion</name>
         <value>0x7004464d</value>
         <object_component_ref idref="oc-320"/>
      </symbol>
      <symbol id="sm-448">
         <name>EDMA_disableTransferRegion</name>
         <value>0x700468dd</value>
         <object_component_ref idref="oc-345"/>
      </symbol>
      <symbol id="sm-449">
         <name>EDMA_enableTransferRegion</name>
         <value>0x7004694b</value>
         <object_component_ref idref="oc-1c5"/>
      </symbol>
      <symbol id="sm-44a">
         <name>EDMA_chainChannel</name>
         <value>0x70047dc1</value>
         <object_component_ref idref="oc-1bf"/>
      </symbol>
      <symbol id="sm-44b">
         <name>EDMA_linkChannel</name>
         <value>0x70047d7d</value>
         <object_component_ref idref="oc-1be"/>
      </symbol>
      <symbol id="sm-44c">
         <name>EDMA_init</name>
         <value>0x70043f1d</value>
         <object_component_ref idref="oc-f7"/>
      </symbol>
      <symbol id="sm-44d">
         <name>EDMA_deinit</name>
         <value>0x700449e5</value>
         <object_component_ref idref="oc-136"/>
      </symbol>
      <symbol id="sm-44e">
         <name>EDMA_open</name>
         <value>0x70045f6d</value>
         <object_component_ref idref="oc-224"/>
      </symbol>
      <symbol id="sm-44f">
         <name>EDMA_close</name>
         <value>0x70046a29</value>
         <object_component_ref idref="oc-1d7"/>
      </symbol>
      <symbol id="sm-450">
         <name>EDMA_isInterruptEnabled</name>
         <value>0x70048191</value>
         <object_component_ref idref="oc-332"/>
      </symbol>
      <symbol id="sm-451">
         <name>EDMA_registerIntr</name>
         <value>0x70045df9</value>
         <object_component_ref idref="oc-1c4"/>
      </symbol>
      <symbol id="sm-452">
         <name>EDMA_unregisterIntr</name>
         <value>0x70045d35</value>
         <object_component_ref idref="oc-31f"/>
      </symbol>
      <symbol id="sm-453">
         <name>EDMA_getBaseAddr</name>
         <value>0x700476d5</value>
         <object_component_ref idref="oc-1b0"/>
      </symbol>
      <symbol id="sm-454">
         <name>EDMA_getRegionId</name>
         <value>0x7004800f</value>
         <object_component_ref idref="oc-1b4"/>
      </symbol>
      <symbol id="sm-455">
         <name>EDMA_allocDmaChannel</name>
         <value>0x700470c5</value>
         <object_component_ref idref="oc-1b6"/>
      </symbol>
      <symbol id="sm-456">
         <name>EDMA_allocTcc</name>
         <value>0x70047165</value>
         <object_component_ref idref="oc-1b8"/>
      </symbol>
      <symbol id="sm-457">
         <name>EDMA_allocParam</name>
         <value>0x70047115</value>
         <object_component_ref idref="oc-1b9"/>
      </symbol>
      <symbol id="sm-458">
         <name>EDMA_freeDmaChannel</name>
         <value>0x700462d1</value>
         <object_component_ref idref="oc-321"/>
      </symbol>
      <symbol id="sm-459">
         <name>EDMA_freeTcc</name>
         <value>0x70046401</value>
         <object_component_ref idref="oc-322"/>
      </symbol>
      <symbol id="sm-45a">
         <name>EDMA_freeParam</name>
         <value>0x70046369</value>
         <object_component_ref idref="oc-323"/>
      </symbol>
      <symbol id="sm-464">
         <name>EPWM_setEmulationMode</name>
         <value>0x700480d1</value>
         <object_component_ref idref="oc-23f"/>
      </symbol>
      <symbol id="sm-470">
         <name>GPIO_setDirMode</name>
         <value>0x70047c05</value>
         <object_component_ref idref="oc-f0"/>
      </symbol>
      <symbol id="sm-471">
         <name>GPIO_pinRead</name>
         <value>0x70047f57</value>
         <object_component_ref idref="oc-133"/>
      </symbol>
      <symbol id="sm-47b">
         <name>Pinmux_config</name>
         <value>0x70047559</value>
         <object_component_ref idref="oc-17b"/>
      </symbol>
      <symbol id="sm-4a4">
         <name>SOC_moduleClockEnable</name>
         <value>0x70048197</value>
         <object_component_ref idref="oc-20e"/>
      </symbol>
      <symbol id="sm-4a5">
         <name>SOC_moduleSetClockFrequency</name>
         <value>0x70047c2d</value>
         <object_component_ref idref="oc-210"/>
      </symbol>
      <symbol id="sm-4a6">
         <name>SOC_controlModuleUnlockMMR</name>
         <value>0x70046dbd</value>
         <object_component_ref idref="oc-159"/>
      </symbol>
      <symbol id="sm-4a7">
         <name>SOC_controlModuleLockMMR</name>
         <value>0x70046d61</value>
         <object_component_ref idref="oc-15a"/>
      </symbol>
      <symbol id="sm-4a8">
         <name>SOC_getSelfCpuClk</name>
         <value>0x70048121</value>
         <object_component_ref idref="oc-d7"/>
      </symbol>
      <symbol id="sm-4a9">
         <name>SOC_setEpwmTbClk</name>
         <value>0x7004740d</value>
         <object_component_ref idref="oc-fd"/>
      </symbol>
      <symbol id="sm-4aa">
         <name>SOC_enableAdcReference</name>
         <value>0x700471b5</value>
         <object_component_ref idref="oc-f6"/>
      </symbol>
      <symbol id="sm-4ab">
         <name>SOC_setEpwmGroup</name>
         <value>0x7004733d</value>
         <object_component_ref idref="oc-fe"/>
      </symbol>
      <symbol id="sm-4ac">
         <name>Soc_enableEPWMHalt</name>
         <value>0x70046c3d</value>
         <object_component_ref idref="oc-ff"/>
      </symbol>
      <symbol id="sm-4ad">
         <name>virtToPhymap</name>
         <value>0x7004a974</value>
      </symbol>
      <symbol id="sm-4ae">
         <name>SOC_virtToPhy</name>
         <value>0x70044f41</value>
         <object_component_ref idref="oc-1bc"/>
      </symbol>
      <symbol id="sm-4af">
         <name>isMapAvailable</name>
         <value>0x7004fade</value>
         <object_component_ref idref="oc-284"/>
      </symbol>
      <symbol id="sm-4f5">
         <name>SOC_rcmIsR5FInLockStepMode</name>
         <value>0x70047e81</value>
         <object_component_ref idref="oc-283"/>
      </symbol>
      <symbol id="sm-4f6">
         <name>SOC_rcmGetPeripheralClockFrequency</name>
         <value>0x70045665</value>
         <object_component_ref idref="oc-2fb"/>
      </symbol>
      <symbol id="sm-4f7">
         <name>gPeripheralClkSrcInfoMap</name>
         <value>0x70049028</value>
         <object_component_ref idref="oc-327"/>
      </symbol>
      <symbol id="sm-4f8">
         <name>gADPLLJConfigTbl</name>
         <value>0x70048390</value>
         <object_component_ref idref="oc-326"/>
      </symbol>
      <symbol id="sm-4f9">
         <name>SOC_rcmSetPeripheralClock</name>
         <value>0x700441c5</value>
         <object_component_ref idref="oc-2bd"/>
      </symbol>
      <symbol id="sm-4fa">
         <name>SOC_rcmEnablePeripheralClock</name>
         <value>0x700430bd</value>
         <object_component_ref idref="oc-2bc"/>
      </symbol>
      <symbol id="sm-4fb">
         <name>SOC_rcmGetR5Clock</name>
         <value>0x70047b85</value>
         <object_component_ref idref="oc-161"/>
      </symbol>
      <symbol id="sm-532">
         <name>UART_init</name>
         <value>0x700466d9</value>
         <object_component_ref idref="oc-100"/>
      </symbol>
      <symbol id="sm-533">
         <name>UART_deinit</name>
         <value>0x70047f89</value>
         <object_component_ref idref="oc-137"/>
      </symbol>
      <symbol id="sm-534">
         <name>UART_open</name>
         <value>0x70043c21</value>
         <object_component_ref idref="oc-273"/>
      </symbol>
      <symbol id="sm-535">
         <name>UART_close</name>
         <value>0x700451c9</value>
         <object_component_ref idref="oc-1d6"/>
      </symbol>
      <symbol id="sm-536">
         <name>UART_Params_init</name>
         <value>0x70047451</value>
         <object_component_ref idref="oc-2cc"/>
      </symbol>
      <symbol id="sm-537">
         <name>UART_flushTxFifo</name>
         <value>0x700467e9</value>
         <object_component_ref idref="oc-290"/>
      </symbol>
      <symbol id="sm-538">
         <name>UART_getHandle</name>
         <value>0x70047bb1</value>
         <object_component_ref idref="oc-341"/>
      </symbol>
      <symbol id="sm-539">
         <name>UART_write</name>
         <value>0x70045b81</value>
         <object_component_ref idref="oc-343"/>
      </symbol>
      <symbol id="sm-53a">
         <name>UART_Transaction_init</name>
         <value>0x70048023</value>
         <object_component_ref idref="oc-342"/>
      </symbol>
      <symbol id="sm-58d">
         <name>UART_operatingModeSelect</name>
         <value>0x7004806f</value>
         <object_component_ref idref="oc-298"/>
      </symbol>
      <symbol id="sm-58e">
         <name>UART_spaceAvail</name>
         <value>0x70047e61</value>
         <object_component_ref idref="oc-2e1"/>
      </symbol>
      <symbol id="sm-58f">
         <name>UART_IsTxRxFifoEmpty</name>
         <value>0x70047fb9</value>
         <object_component_ref idref="oc-32f"/>
      </symbol>
      <symbol id="sm-590">
         <name>UART_lld_init</name>
         <value>0x70045eb5</value>
         <object_component_ref idref="oc-2ce"/>
      </symbol>
      <symbol id="sm-591">
         <name>UART_lld_deInit</name>
         <value>0x700475d9</value>
         <object_component_ref idref="oc-29a"/>
      </symbol>
      <symbol id="sm-592">
         <name>UART_intrDisable</name>
         <value>0x70046fd1</value>
         <object_component_ref idref="oc-291"/>
      </symbol>
      <symbol id="sm-593">
         <name>UART_lld_flushTxFifo</name>
         <value>0x700472ef</value>
         <object_component_ref idref="oc-2ea"/>
      </symbol>
      <symbol id="sm-594">
         <name>UART_lld_initDma</name>
         <value>0x70045c6d</value>
         <object_component_ref idref="oc-2cd"/>
      </symbol>
      <symbol id="sm-595">
         <name>UART_lld_deInitDma</name>
         <value>0x70047495</value>
         <object_component_ref idref="oc-299"/>
      </symbol>
      <symbol id="sm-596">
         <name>UART_intr2Disable</name>
         <value>0x70048093</value>
         <object_component_ref idref="oc-297"/>
      </symbol>
      <symbol id="sm-597">
         <name>UART_writeCancelNoCB</name>
         <value>0x70046f7b</value>
         <object_component_ref idref="oc-354"/>
      </symbol>
      <symbol id="sm-598">
         <name>UART_lld_write</name>
         <value>0x70045301</value>
         <object_component_ref idref="oc-353"/>
      </symbol>
      <symbol id="sm-599">
         <name>UART_readLineStatus</name>
         <value>0x70048081</value>
         <object_component_ref idref="oc-336"/>
      </symbol>
      <symbol id="sm-59a">
         <name>UART_lld_writeIntr</name>
         <value>0x700469b9</value>
         <object_component_ref idref="oc-351"/>
      </symbol>
      <symbol id="sm-59b">
         <name>UART_lld_writeDma</name>
         <value>0x70046a95</value>
         <object_component_ref idref="oc-352"/>
      </symbol>
      <symbol id="sm-59c">
         <name>UART_procLineStatusErr</name>
         <value>0x70046761</value>
         <object_component_ref idref="oc-30d"/>
      </symbol>
      <symbol id="sm-59d">
         <name>UART_lld_Transaction_deInit</name>
         <value>0x70048177</value>
         <object_component_ref idref="oc-350"/>
      </symbol>
      <symbol id="sm-59e">
         <name>UART_lld_controllerIsr</name>
         <value>0x70044b4d</value>
         <object_component_ref idref="oc-2d8"/>
      </symbol>
      <symbol id="sm-59f">
         <name>UART_getIntrIdentityStatus</name>
         <value>0x70047fe5</value>
         <object_component_ref idref="oc-30b"/>
      </symbol>
      <symbol id="sm-5a0">
         <name>UART_checkCharsAvailInFifo</name>
         <value>0x70047fcf</value>
         <object_component_ref idref="oc-30c"/>
      </symbol>
      <symbol id="sm-5a1">
         <name>UART_getChar</name>
         <value>0x70047e41</value>
         <object_component_ref idref="oc-30f"/>
      </symbol>
      <symbol id="sm-5bc">
         <name>UART_lld_dmaInit</name>
         <value>0x7004484d</value>
         <object_component_ref idref="oc-309"/>
      </symbol>
      <symbol id="sm-5bd">
         <name>UART_lld_dmaWrite</name>
         <value>0x70045a95</value>
         <object_component_ref idref="oc-356"/>
      </symbol>
      <symbol id="sm-5be">
         <name>UART_lld_dmaDeInit</name>
         <value>0x70044df3</value>
         <object_component_ref idref="oc-2eb"/>
      </symbol>
      <symbol id="sm-5bf">
         <name>UART_lld_dmaDisableChannel</name>
         <value>0x70047c55</value>
         <object_component_ref idref="oc-357"/>
      </symbol>
      <symbol id="sm-5c9">
         <name>abort</name>
         <value>0x7004f878</value>
         <object_component_ref idref="oc-ad"/>
      </symbol>
      <symbol id="sm-5ca">
         <name>C$$EXIT</name>
         <value>0x7004f878</value>
         <object_component_ref idref="oc-ad"/>
      </symbol>
      <symbol id="sm-5d6">
         <name>__TI_auto_init_nobinit_nopinit</name>
         <value>0x70046ecc</value>
         <object_component_ref idref="oc-8b"/>
      </symbol>
      <symbol id="sm-5dd">
         <name>__aeabi_ul2d</name>
         <value>0x70047618</value>
         <object_component_ref idref="oc-12f"/>
      </symbol>
      <symbol id="sm-5de">
         <name>__floatundidf</name>
         <value>0x70047618</value>
         <object_component_ref idref="oc-12f"/>
      </symbol>
      <symbol id="sm-5e4">
         <name>__aeabi_memcpy</name>
         <value>0x700481b4</value>
         <object_component_ref idref="oc-14c"/>
      </symbol>
      <symbol id="sm-5e5">
         <name>__aeabi_memcpy4</name>
         <value>0x700481b4</value>
         <object_component_ref idref="oc-14c"/>
      </symbol>
      <symbol id="sm-5e6">
         <name>__aeabi_memcpy8</name>
         <value>0x700481b4</value>
         <object_component_ref idref="oc-14c"/>
      </symbol>
      <symbol id="sm-5ef">
         <name>__aeabi_memset</name>
         <value>0x700480a4</value>
         <object_component_ref idref="oc-319"/>
      </symbol>
      <symbol id="sm-5f0">
         <name>__aeabi_memset4</name>
         <value>0x700480a4</value>
         <object_component_ref idref="oc-319"/>
      </symbol>
      <symbol id="sm-5f1">
         <name>__aeabi_memset8</name>
         <value>0x700480a4</value>
         <object_component_ref idref="oc-319"/>
      </symbol>
      <symbol id="sm-5f2">
         <name>__aeabi_memclr</name>
         <value>0x7004812c</value>
         <object_component_ref idref="oc-83"/>
      </symbol>
      <symbol id="sm-5f3">
         <name>__aeabi_memclr4</name>
         <value>0x7004812c</value>
         <object_component_ref idref="oc-83"/>
      </symbol>
      <symbol id="sm-5f4">
         <name>__aeabi_memclr8</name>
         <value>0x7004812c</value>
         <object_component_ref idref="oc-83"/>
      </symbol>
      <symbol id="sm-5fa">
         <name>__aeabi_uldivmod</name>
         <value>0x70047d34</value>
         <object_component_ref idref="oc-16e"/>
      </symbol>
      <symbol id="sm-600">
         <name>__udivmoddi4</name>
         <value>0x7004554c</value>
         <object_component_ref idref="oc-208"/>
      </symbol>
      <symbol id="sm-60a">
         <name>__aeabi_ldiv0</name>
         <value>0x700481b0</value>
         <object_component_ref idref="oc-2b5"/>
      </symbol>
      <symbol id="sm-612">
         <name>TI_memcpy_small</name>
         <value>0x70047ed4</value>
         <object_component_ref idref="oc-2a6"/>
      </symbol>
      <symbol id="sm-61a">
         <name>TI_memset_small</name>
         <value>0x70047fa0</value>
         <object_component_ref idref="oc-146"/>
      </symbol>
      <symbol id="sm-624">
         <name>CSL_armR5GetCpuID</name>
         <value>0x70047ef1</value>
         <object_component_ref idref="oc-191"/>
      </symbol>
      <symbol id="sm-62c">
         <name>TaskP_yield</name>
         <value>0x70046a27</value>
         <object_component_ref idref="oc-2e2"/>
      </symbol>
      <symbol id="sm-632">
         <name>CSL_armR5ReadMpidrReg</name>
         <value>0x70048138</value>
         <object_component_ref idref="oc-218"/>
      </symbol>
      <symbol id="sm-633">
         <name>_system_post_cinit</name>
         <value>0x0</value>
      </symbol>
      <symbol id="sm-634">
         <name>__TI_Handler_Table_Limit</name>
         <value>0x0</value>
      </symbol>
      <symbol id="sm-635">
         <name>__TI_Handler_Table_Base</name>
         <value>0x0</value>
      </symbol>
      <symbol id="sm-636">
         <name>__TI_CINIT_Base</name>
         <value>0x0</value>
      </symbol>
      <symbol id="sm-637">
         <name>__TI_CINIT_Limit</name>
         <value>0x0</value>
      </symbol>
   </symbol_table>
   <title>Link successful</title>
</link_info>
